<!doctype html public "-//w3c//dtd html 4.0 transitional//en">
<html><head>
<title>Static Call Graph - [.\Objects\test.axf]</title></head>
<body><HR>
<H1>Static Call Graph for image .\Objects\test.axf</H1><HR>
<BR><P>#&#060CALLGRAPH&#062# ARM Linker, 5060528: Last Updated: Thu May 15 11:04:36 2025
<BR><P>
<H3>Maximum Stack Usage =        192 bytes + Unknown(Functions without stacksize, Cycles, Untraceable Function Pointers)</H3><H3>
Call chain for Maximum Stack Depth:</H3>
Task_Display &rArr; GY86_Show &rArr; OLED_ShowSignedNum &rArr; OLED_ShowChar &rArr; OLED_SetCursor &rArr; OLED_WriteCommand &rArr; OLED_I2C_SendByte &rArr; OLED_W_SDA
<P>
<H3>
Functions with no stack information
</H3><UL>
 <LI><a href="#[f7]">OS_CPU_SR_Save</a>
 <LI><a href="#[f9]">OS_CPU_SR_Restore</a>
 <LI><a href="#[14a]">OSStartHighRdy</a>
 <LI><a href="#[175]">OSCtxSw</a>
 <LI><a href="#[11b]">OSIntCtxSw</a>
 <LI><a href="#[8]">PendSV_Handler</a>
 <LI><a href="#[5c]">mySystemInit</a>
</UL>
</UL>
<P>
<H3>
Mutually Recursive functions
</H3> <LI><a href="#[1]">NMI_Handler</a>&nbsp;&nbsp;&nbsp;&rArr;&nbsp;&nbsp;&nbsp;<a href="#[1]">NMI_Handler</a><BR>
 <LI><a href="#[2]">HardFault_Handler</a>&nbsp;&nbsp;&nbsp;&rArr;&nbsp;&nbsp;&nbsp;<a href="#[2]">HardFault_Handler</a><BR>
 <LI><a href="#[3]">MemManage_Handler</a>&nbsp;&nbsp;&nbsp;&rArr;&nbsp;&nbsp;&nbsp;<a href="#[3]">MemManage_Handler</a><BR>
 <LI><a href="#[4]">BusFault_Handler</a>&nbsp;&nbsp;&nbsp;&rArr;&nbsp;&nbsp;&nbsp;<a href="#[4]">BusFault_Handler</a><BR>
 <LI><a href="#[5]">UsageFault_Handler</a>&nbsp;&nbsp;&nbsp;&rArr;&nbsp;&nbsp;&nbsp;<a href="#[5]">UsageFault_Handler</a><BR>
 <LI><a href="#[6]">SVC_Handler</a>&nbsp;&nbsp;&nbsp;&rArr;&nbsp;&nbsp;&nbsp;<a href="#[6]">SVC_Handler</a><BR>
 <LI><a href="#[7]">DebugMon_Handler</a>&nbsp;&nbsp;&nbsp;&rArr;&nbsp;&nbsp;&nbsp;<a href="#[7]">DebugMon_Handler</a><BR>
 <LI><a href="#[1c]">ADC_IRQHandler</a>&nbsp;&nbsp;&nbsp;&rArr;&nbsp;&nbsp;&nbsp;<a href="#[1c]">ADC_IRQHandler</a><BR>
</UL>
<P>
<H3>
Function Pointers
</H3><UL>
 <LI><a href="#[1c]">ADC_IRQHandler</a> from startup.o(.text) referenced from startup.o(RESET)
 <LI><a href="#[4]">BusFault_Handler</a> from startup.o(.text) referenced from startup.o(RESET)
 <LI><a href="#[1e]">CAN1_RX0_IRQHandler</a> from startup.o(.text) referenced from startup.o(RESET)
 <LI><a href="#[1f]">CAN1_RX1_IRQHandler</a> from startup.o(.text) referenced from startup.o(RESET)
 <LI><a href="#[20]">CAN1_SCE_IRQHandler</a> from startup.o(.text) referenced from startup.o(RESET)
 <LI><a href="#[1d]">CAN1_TX_IRQHandler</a> from startup.o(.text) referenced from startup.o(RESET)
 <LI><a href="#[4a]">CAN2_RX0_IRQHandler</a> from startup.o(.text) referenced from startup.o(RESET)
 <LI><a href="#[4b]">CAN2_RX1_IRQHandler</a> from startup.o(.text) referenced from startup.o(RESET)
 <LI><a href="#[4c]">CAN2_SCE_IRQHandler</a> from startup.o(.text) referenced from startup.o(RESET)
 <LI><a href="#[49]">CAN2_TX_IRQHandler</a> from startup.o(.text) referenced from startup.o(RESET)
 <LI><a href="#[59]">CRYP_IRQHandler</a> from startup.o(.text) referenced from startup.o(RESET)
 <LI><a href="#[58]">DCMI_IRQHandler</a> from startup.o(.text) referenced from startup.o(RESET)
 <LI><a href="#[15]">DMA1_Stream0_IRQHandler</a> from startup.o(.text) referenced from startup.o(RESET)
 <LI><a href="#[16]">DMA1_Stream1_IRQHandler</a> from startup.o(.text) referenced from startup.o(RESET)
 <LI><a href="#[17]">DMA1_Stream2_IRQHandler</a> from startup.o(.text) referenced from startup.o(RESET)
 <LI><a href="#[18]">DMA1_Stream3_IRQHandler</a> from startup.o(.text) referenced from startup.o(RESET)
 <LI><a href="#[19]">DMA1_Stream4_IRQHandler</a> from startup.o(.text) referenced from startup.o(RESET)
 <LI><a href="#[1a]">DMA1_Stream5_IRQHandler</a> from startup.o(.text) referenced from startup.o(RESET)
 <LI><a href="#[1b]">DMA1_Stream6_IRQHandler</a> from startup.o(.text) referenced from startup.o(RESET)
 <LI><a href="#[39]">DMA1_Stream7_IRQHandler</a> from startup.o(.text) referenced from startup.o(RESET)
 <LI><a href="#[42]">DMA2_Stream0_IRQHandler</a> from startup.o(.text) referenced from startup.o(RESET)
 <LI><a href="#[43]">DMA2_Stream1_IRQHandler</a> from startup.o(.text) referenced from startup.o(RESET)
 <LI><a href="#[44]">DMA2_Stream2_IRQHandler</a> from startup.o(.text) referenced from startup.o(RESET)
 <LI><a href="#[45]">DMA2_Stream3_IRQHandler</a> from startup.o(.text) referenced from startup.o(RESET)
 <LI><a href="#[46]">DMA2_Stream4_IRQHandler</a> from startup.o(.text) referenced from startup.o(RESET)
 <LI><a href="#[4e]">DMA2_Stream5_IRQHandler</a> from startup.o(.text) referenced from startup.o(RESET)
 <LI><a href="#[4f]">DMA2_Stream6_IRQHandler</a> from startup.o(.text) referenced from startup.o(RESET)
 <LI><a href="#[50]">DMA2_Stream7_IRQHandler</a> from startup.o(.text) referenced from startup.o(RESET)
 <LI><a href="#[7]">DebugMon_Handler</a> from startup.o(.text) referenced from startup.o(RESET)
 <LI><a href="#[47]">ETH_IRQHandler</a> from startup.o(.text) referenced from startup.o(RESET)
 <LI><a href="#[48]">ETH_WKUP_IRQHandler</a> from startup.o(.text) referenced from startup.o(RESET)
 <LI><a href="#[10]">EXTI0_IRQHandler</a> from startup.o(.text) referenced from startup.o(RESET)
 <LI><a href="#[32]">EXTI15_10_IRQHandler</a> from startup.o(.text) referenced from startup.o(RESET)
 <LI><a href="#[11]">EXTI1_IRQHandler</a> from startup.o(.text) referenced from startup.o(RESET)
 <LI><a href="#[12]">EXTI2_IRQHandler</a> from startup.o(.text) referenced from startup.o(RESET)
 <LI><a href="#[13]">EXTI3_IRQHandler</a> from startup.o(.text) referenced from startup.o(RESET)
 <LI><a href="#[14]">EXTI4_IRQHandler</a> from startup.o(.text) referenced from startup.o(RESET)
 <LI><a href="#[21]">EXTI9_5_IRQHandler</a> from startup.o(.text) referenced from startup.o(RESET)
 <LI><a href="#[e]">FLASH_IRQHandler</a> from startup.o(.text) referenced from startup.o(RESET)
 <LI><a href="#[5b]">FPU_IRQHandler</a> from startup.o(.text) referenced from startup.o(RESET)
 <LI><a href="#[3a]">FSMC_IRQHandler</a> from startup.o(.text) referenced from startup.o(RESET)
 <LI><a href="#[5a]">HASH_RNG_IRQHandler</a> from startup.o(.text) referenced from startup.o(RESET)
 <LI><a href="#[2]">HardFault_Handler</a> from startup.o(.text) referenced from startup.o(RESET)
 <LI><a href="#[2a]">I2C1_ER_IRQHandler</a> from startup.o(.text) referenced from startup.o(RESET)
 <LI><a href="#[29]">I2C1_EV_IRQHandler</a> from startup.o(.text) referenced from startup.o(RESET)
 <LI><a href="#[2c]">I2C2_ER_IRQHandler</a> from startup.o(.text) referenced from startup.o(RESET)
 <LI><a href="#[2b]">I2C2_EV_IRQHandler</a> from startup.o(.text) referenced from startup.o(RESET)
 <LI><a href="#[53]">I2C3_ER_IRQHandler</a> from startup.o(.text) referenced from startup.o(RESET)
 <LI><a href="#[52]">I2C3_EV_IRQHandler</a> from startup.o(.text) referenced from startup.o(RESET)
 <LI><a href="#[3]">MemManage_Handler</a> from startup.o(.text) referenced from startup.o(RESET)
 <LI><a href="#[1]">NMI_Handler</a> from startup.o(.text) referenced from startup.o(RESET)
 <LI><a href="#[5f]">OSTmr_Task</a> from os_tmr.o(i.OSTmr_Task) referenced from os_tmr.o(i.OSTmr_InitTask)
 <LI><a href="#[60]">OS_TaskIdle</a> from os_core.o(i.OS_TaskIdle) referenced from os_core.o(i.OS_InitTaskIdle)
 <LI><a href="#[5e]">OS_TaskReturn</a> from os_task.o(i.OS_TaskReturn) referenced from os_cpu_c.o(i.OSTaskStkInit)
 <LI><a href="#[61]">OS_TaskStat</a> from os_core.o(i.OS_TaskStat) referenced from os_core.o(i.OS_InitTaskStat)
 <LI><a href="#[4d]">OTG_FS_IRQHandler</a> from startup.o(.text) referenced from startup.o(RESET)
 <LI><a href="#[34]">OTG_FS_WKUP_IRQHandler</a> from startup.o(.text) referenced from startup.o(RESET)
 <LI><a href="#[55]">OTG_HS_EP1_IN_IRQHandler</a> from startup.o(.text) referenced from startup.o(RESET)
 <LI><a href="#[54]">OTG_HS_EP1_OUT_IRQHandler</a> from startup.o(.text) referenced from startup.o(RESET)
 <LI><a href="#[57]">OTG_HS_IRQHandler</a> from startup.o(.text) referenced from startup.o(RESET)
 <LI><a href="#[56]">OTG_HS_WKUP_IRQHandler</a> from startup.o(.text) referenced from startup.o(RESET)
 <LI><a href="#[b]">PVD_IRQHandler</a> from startup.o(.text) referenced from startup.o(RESET)
 <LI><a href="#[8]">PendSV_Handler</a> from os_cpu_a.o(.text) referenced from startup.o(RESET)
 <LI><a href="#[f]">RCC_IRQHandler</a> from startup.o(.text) referenced from startup.o(RESET)
 <LI><a href="#[33]">RTC_Alarm_IRQHandler</a> from startup.o(.text) referenced from startup.o(RESET)
 <LI><a href="#[d]">RTC_WKUP_IRQHandler</a> from startup.o(.text) referenced from startup.o(RESET)
 <LI><a href="#[0]">Reset_Handler</a> from startup.o(.text) referenced from startup.o(RESET)
 <LI><a href="#[3b]">SDIO_IRQHandler</a> from startup.o(.text) referenced from startup.o(RESET)
 <LI><a href="#[2d]">SPI1_IRQHandler</a> from startup.o(.text) referenced from startup.o(RESET)
 <LI><a href="#[2e]">SPI2_IRQHandler</a> from startup.o(.text) referenced from startup.o(RESET)
 <LI><a href="#[3d]">SPI3_IRQHandler</a> from startup.o(.text) referenced from startup.o(RESET)
 <LI><a href="#[6]">SVC_Handler</a> from startup.o(.text) referenced from startup.o(RESET)
 <LI><a href="#[9]">SysTick_Handler</a> from os_cpu_c.o(i.SysTick_Handler) referenced from startup.o(RESET)
 <LI><a href="#[c]">TAMP_STAMP_IRQHandler</a> from startup.o(.text) referenced from startup.o(RESET)
 <LI><a href="#[22]">TIM1_BRK_TIM9_IRQHandler</a> from startup.o(.text) referenced from startup.o(RESET)
 <LI><a href="#[25]">TIM1_CC_IRQHandler</a> from startup.o(.text) referenced from startup.o(RESET)
 <LI><a href="#[24]">TIM1_TRG_COM_TIM11_IRQHandler</a> from startup.o(.text) referenced from startup.o(RESET)
 <LI><a href="#[23]">TIM1_UP_TIM10_IRQHandler</a> from startup.o(.text) referenced from startup.o(RESET)
 <LI><a href="#[26]">TIM2_IRQHandler</a> from startup.o(.text) referenced from startup.o(RESET)
 <LI><a href="#[27]">TIM3_IRQHandler</a> from ppm.o(i.TIM3_IRQHandler) referenced from startup.o(RESET)
 <LI><a href="#[28]">TIM4_IRQHandler</a> from startup.o(.text) referenced from startup.o(RESET)
 <LI><a href="#[3c]">TIM5_IRQHandler</a> from startup.o(.text) referenced from startup.o(RESET)
 <LI><a href="#[40]">TIM6_DAC_IRQHandler</a> from startup.o(.text) referenced from startup.o(RESET)
 <LI><a href="#[41]">TIM7_IRQHandler</a> from startup.o(.text) referenced from startup.o(RESET)
 <LI><a href="#[35]">TIM8_BRK_TIM12_IRQHandler</a> from startup.o(.text) referenced from startup.o(RESET)
 <LI><a href="#[38]">TIM8_CC_IRQHandler</a> from startup.o(.text) referenced from startup.o(RESET)
 <LI><a href="#[37]">TIM8_TRG_COM_TIM14_IRQHandler</a> from startup.o(.text) referenced from startup.o(RESET)
 <LI><a href="#[36]">TIM8_UP_TIM13_IRQHandler</a> from startup.o(.text) referenced from startup.o(RESET)
 <LI><a href="#[63]">Task1</a> from mytask.o(i.Task1) referenced from main.o(i.mymain)
 <LI><a href="#[64]">Task2</a> from mytask.o(i.Task2) referenced from main.o(i.mymain)
 <LI><a href="#[66]">Task_Display</a> from mytask.o(i.Task_Display) referenced from main.o(i.mymain)
 <LI><a href="#[65]">Task_RCControl</a> from mytask.o(i.Task_RCControl) referenced from main.o(i.mymain)
 <LI><a href="#[3e]">UART4_IRQHandler</a> from startup.o(.text) referenced from startup.o(RESET)
 <LI><a href="#[3f]">UART5_IRQHandler</a> from startup.o(.text) referenced from startup.o(RESET)
 <LI><a href="#[2f]">USART1_IRQHandler</a> from bluetooth.o(i.USART1_IRQHandler) referenced from startup.o(RESET)
 <LI><a href="#[30]">USART2_IRQHandler</a> from startup.o(.text) referenced from startup.o(RESET)
 <LI><a href="#[31]">USART3_IRQHandler</a> from startup.o(.text) referenced from startup.o(RESET)
 <LI><a href="#[51]">USART6_IRQHandler</a> from startup.o(.text) referenced from startup.o(RESET)
 <LI><a href="#[5]">UsageFault_Handler</a> from startup.o(.text) referenced from startup.o(RESET)
 <LI><a href="#[a]">WWDG_IRQHandler</a> from startup.o(.text) referenced from startup.o(RESET)
 <LI><a href="#[62]">_sputc</a> from printf1.o(i._sputc) referenced from printf1.o(i.__0sprintf$1)
 <LI><a href="#[5d]">myScaterload</a> from system.o(.text) referenced from startup.o(.text)
 <LI><a href="#[5c]">mySystemInit</a> from os_cpu_a.o(.text) referenced from startup.o(.text)
</UL>
<P>
<H3>
Global Symbols
</H3>
<P><STRONG><a name="[1c2]"></a>__asm___8_mytask_c_Task1____REV16</STRONG> (Thumb, 4 bytes, Stack size 0 bytes, mytask.o(.rev16_text), UNUSED)

<P><STRONG><a name="[1c3]"></a>__asm___7_Delay_c_4ff3a6fa____REV16</STRONG> (Thumb, 4 bytes, Stack size 0 bytes, delay.o(.rev16_text), UNUSED)

<P><STRONG><a name="[1c4]"></a>__asm___5_led_c_led_init____REV16</STRONG> (Thumb, 4 bytes, Stack size 0 bytes, led.o(.rev16_text), UNUSED)

<P><STRONG><a name="[1c5]"></a>__asm___11_Bluetooth_c_3c8d9191____REV16</STRONG> (Thumb, 4 bytes, Stack size 0 bytes, bluetooth.o(.rev16_text), UNUSED)

<P><STRONG><a name="[1c6]"></a>__asm___7_Final_c_ALL_Init____REV16</STRONG> (Thumb, 4 bytes, Stack size 0 bytes, final.o(.rev16_text), UNUSED)

<P><STRONG><a name="[1c7]"></a>__asm___6_GY86_c_SCL_W____REV16</STRONG> (Thumb, 4 bytes, Stack size 0 bytes, gy86.o(.rev16_text), UNUSED)

<P><STRONG><a name="[1c8]"></a>__asm___7_Motor_c_61e0de04____REV16</STRONG> (Thumb, 4 bytes, Stack size 0 bytes, motor.o(.rev16_text), UNUSED)

<P><STRONG><a name="[1c9]"></a>__asm___6_oled_c_295535ed____REV16</STRONG> (Thumb, 4 bytes, Stack size 0 bytes, oled.o(.rev16_text), UNUSED)

<P><STRONG><a name="[1ca]"></a>__asm___5_ppm_c_PPM_Time____REV16</STRONG> (Thumb, 4 bytes, Stack size 0 bytes, ppm.o(.rev16_text), UNUSED)

<P><STRONG><a name="[1cb]"></a>__asm___6_misc_c_d0fc1254____REV16</STRONG> (Thumb, 4 bytes, Stack size 0 bytes, misc.o(.rev16_text), UNUSED)

<P><STRONG><a name="[1cc]"></a>__asm___15_stm32f4xx_adc_c_e11a2ea2____REV16</STRONG> (Thumb, 4 bytes, Stack size 0 bytes, stm32f4xx_adc.o(.rev16_text), UNUSED)

<P><STRONG><a name="[1cd]"></a>__asm___15_stm32f4xx_can_c_347dae01____REV16</STRONG> (Thumb, 4 bytes, Stack size 0 bytes, stm32f4xx_can.o(.rev16_text), UNUSED)

<P><STRONG><a name="[1ce]"></a>__asm___15_stm32f4xx_cec_c____REV16</STRONG> (Thumb, 4 bytes, Stack size 0 bytes, stm32f4xx_cec.o(.rev16_text), UNUSED)

<P><STRONG><a name="[1cf]"></a>__asm___15_stm32f4xx_crc_c_eea4c7d3____REV16</STRONG> (Thumb, 4 bytes, Stack size 0 bytes, stm32f4xx_crc.o(.rev16_text), UNUSED)

<P><STRONG><a name="[1d0]"></a>__asm___16_stm32f4xx_cryp_c_459f21d3____REV16</STRONG> (Thumb, 4 bytes, Stack size 0 bytes, stm32f4xx_cryp.o(.rev16_text), UNUSED)

<P><STRONG><a name="[1d1]"></a>__asm___20_stm32f4xx_cryp_aes_c_c34cf6b8____REV16</STRONG> (Thumb, 4 bytes, Stack size 0 bytes, stm32f4xx_cryp_aes.o(.rev16_text), UNUSED)

<P><STRONG><a name="[1d2]"></a>__asm___20_stm32f4xx_cryp_des_c_9174d91f____REV16</STRONG> (Thumb, 4 bytes, Stack size 0 bytes, stm32f4xx_cryp_des.o(.rev16_text), UNUSED)

<P><STRONG><a name="[1d3]"></a>__asm___21_stm32f4xx_cryp_tdes_c_2fc87a0d____REV16</STRONG> (Thumb, 4 bytes, Stack size 0 bytes, stm32f4xx_cryp_tdes.o(.rev16_text), UNUSED)

<P><STRONG><a name="[1d4]"></a>__asm___15_stm32f4xx_dac_c_4da4a0a9____REV16</STRONG> (Thumb, 4 bytes, Stack size 0 bytes, stm32f4xx_dac.o(.rev16_text), UNUSED)

<P><STRONG><a name="[1d5]"></a>__asm___18_stm32f4xx_dbgmcu_c_588a430f____REV16</STRONG> (Thumb, 4 bytes, Stack size 0 bytes, stm32f4xx_dbgmcu.o(.rev16_text), UNUSED)

<P><STRONG><a name="[1d6]"></a>__asm___16_stm32f4xx_dcmi_c_3610e7fb____REV16</STRONG> (Thumb, 4 bytes, Stack size 0 bytes, stm32f4xx_dcmi.o(.rev16_text), UNUSED)

<P><STRONG><a name="[1d7]"></a>__asm___17_stm32f4xx_dfsdm_c____REV16</STRONG> (Thumb, 4 bytes, Stack size 0 bytes, stm32f4xx_dfsdm.o(.rev16_text), UNUSED)

<P><STRONG><a name="[1d8]"></a>__asm___15_stm32f4xx_dma_c_e9b554c0____REV16</STRONG> (Thumb, 4 bytes, Stack size 0 bytes, stm32f4xx_dma.o(.rev16_text), UNUSED)

<P><STRONG><a name="[1d9]"></a>__asm___17_stm32f4xx_dma2d_c_de80eb9a____REV16</STRONG> (Thumb, 4 bytes, Stack size 0 bytes, stm32f4xx_dma2d.o(.rev16_text), UNUSED)

<P><STRONG><a name="[1da]"></a>__asm___15_stm32f4xx_dsi_c____REV16</STRONG> (Thumb, 4 bytes, Stack size 0 bytes, stm32f4xx_dsi.o(.rev16_text), UNUSED)

<P><STRONG><a name="[1db]"></a>__asm___16_stm32f4xx_exti_c_28b3b60e____REV16</STRONG> (Thumb, 4 bytes, Stack size 0 bytes, stm32f4xx_exti.o(.rev16_text), UNUSED)

<P><STRONG><a name="[1dc]"></a>__asm___17_stm32f4xx_flash_c_a2a150d6____REV16</STRONG> (Thumb, 4 bytes, Stack size 0 bytes, stm32f4xx_flash.o(.rev16_text), UNUSED)

<P><STRONG><a name="[1dd]"></a>__asm___25_stm32f4xx_flash_ramfunc_c_66cdcef2____REV16</STRONG> (Thumb, 4 bytes, Stack size 0 bytes, stm32f4xx_flash_ramfunc.o(.rev16_text), UNUSED)

<P><STRONG><a name="[1de]"></a>__asm___18_stm32f4xx_fmpi2c_c____REV16</STRONG> (Thumb, 4 bytes, Stack size 0 bytes, stm32f4xx_fmpi2c.o(.rev16_text), UNUSED)

<P><STRONG><a name="[1df]"></a>__asm___16_stm32f4xx_gpio_c_f8e8e39a____REV16</STRONG> (Thumb, 4 bytes, Stack size 0 bytes, stm32f4xx_gpio.o(.rev16_text), UNUSED)

<P><STRONG><a name="[1e0]"></a>__asm___16_stm32f4xx_hash_c_90573c7c____REV16</STRONG> (Thumb, 4 bytes, Stack size 0 bytes, stm32f4xx_hash.o(.rev16_text), UNUSED)

<P><STRONG><a name="[1e1]"></a>__asm___20_stm32f4xx_hash_md5_c_HASH_MD5____REV16</STRONG> (Thumb, 4 bytes, Stack size 0 bytes, stm32f4xx_hash_md5.o(.rev16_text), UNUSED)

<P><STRONG><a name="[1e2]"></a>__asm___21_stm32f4xx_hash_sha1_c_328c56b9____REV16</STRONG> (Thumb, 4 bytes, Stack size 0 bytes, stm32f4xx_hash_sha1.o(.rev16_text), UNUSED)

<P><STRONG><a name="[1e3]"></a>__asm___15_stm32f4xx_i2c_c_7174d409____REV16</STRONG> (Thumb, 4 bytes, Stack size 0 bytes, stm32f4xx_i2c.o(.rev16_text), UNUSED)

<P><STRONG><a name="[1e4]"></a>__asm___16_stm32f4xx_iwdg_c_15798b01____REV16</STRONG> (Thumb, 4 bytes, Stack size 0 bytes, stm32f4xx_iwdg.o(.rev16_text), UNUSED)

<P><STRONG><a name="[1e5]"></a>__asm___17_stm32f4xx_lptim_c____REV16</STRONG> (Thumb, 4 bytes, Stack size 0 bytes, stm32f4xx_lptim.o(.rev16_text), UNUSED)

<P><STRONG><a name="[1e6]"></a>__asm___16_stm32f4xx_ltdc_c_74c236bc____REV16</STRONG> (Thumb, 4 bytes, Stack size 0 bytes, stm32f4xx_ltdc.o(.rev16_text), UNUSED)

<P><STRONG><a name="[1e7]"></a>__asm___15_stm32f4xx_pwr_c_0c2a8b75____REV16</STRONG> (Thumb, 4 bytes, Stack size 0 bytes, stm32f4xx_pwr.o(.rev16_text), UNUSED)

<P><STRONG><a name="[1e8]"></a>__asm___16_stm32f4xx_qspi_c____REV16</STRONG> (Thumb, 4 bytes, Stack size 0 bytes, stm32f4xx_qspi.o(.rev16_text), UNUSED)

<P><STRONG><a name="[1e9]"></a>__asm___15_stm32f4xx_rcc_c_49e27980____REV16</STRONG> (Thumb, 4 bytes, Stack size 0 bytes, stm32f4xx_rcc.o(.rev16_text), UNUSED)

<P><STRONG><a name="[1ea]"></a>__asm___15_stm32f4xx_rng_c____REV16</STRONG> (Thumb, 4 bytes, Stack size 0 bytes, stm32f4xx_rng.o(.rev16_text), UNUSED)

<P><STRONG><a name="[1eb]"></a>__asm___15_stm32f4xx_rtc_c_81435638____REV16</STRONG> (Thumb, 4 bytes, Stack size 0 bytes, stm32f4xx_rtc.o(.rev16_text), UNUSED)

<P><STRONG><a name="[1ec]"></a>__asm___15_stm32f4xx_sai_c_191626f0____REV16</STRONG> (Thumb, 4 bytes, Stack size 0 bytes, stm32f4xx_sai.o(.rev16_text), UNUSED)

<P><STRONG><a name="[1ed]"></a>__asm___16_stm32f4xx_sdio_c_c8827541____REV16</STRONG> (Thumb, 4 bytes, Stack size 0 bytes, stm32f4xx_sdio.o(.rev16_text), UNUSED)

<P><STRONG><a name="[1ee]"></a>__asm___19_stm32f4xx_spdifrx_c____REV16</STRONG> (Thumb, 4 bytes, Stack size 0 bytes, stm32f4xx_spdifrx.o(.rev16_text), UNUSED)

<P><STRONG><a name="[1ef]"></a>__asm___15_stm32f4xx_spi_c_2b928927____REV16</STRONG> (Thumb, 4 bytes, Stack size 0 bytes, stm32f4xx_spi.o(.rev16_text), UNUSED)

<P><STRONG><a name="[1f0]"></a>__asm___18_stm32f4xx_syscfg_c_57637610____REV16</STRONG> (Thumb, 4 bytes, Stack size 0 bytes, stm32f4xx_syscfg.o(.rev16_text), UNUSED)

<P><STRONG><a name="[1f1]"></a>__asm___15_stm32f4xx_tim_c_c458916b____REV16</STRONG> (Thumb, 4 bytes, Stack size 0 bytes, stm32f4xx_tim.o(.rev16_text), UNUSED)

<P><STRONG><a name="[1f2]"></a>__asm___17_stm32f4xx_usart_c_9565154b____REV16</STRONG> (Thumb, 4 bytes, Stack size 0 bytes, stm32f4xx_usart.o(.rev16_text), UNUSED)

<P><STRONG><a name="[1f3]"></a>__asm___16_stm32f4xx_wwdg_c_9668c0ca____REV16</STRONG> (Thumb, 4 bytes, Stack size 0 bytes, stm32f4xx_wwdg.o(.rev16_text), UNUSED)

<P><STRONG><a name="[1f4]"></a>__asm___8_mytask_c_Task1____REVSH</STRONG> (Thumb, 4 bytes, Stack size 0 bytes, mytask.o(.revsh_text), UNUSED)

<P><STRONG><a name="[1f5]"></a>__asm___7_Delay_c_4ff3a6fa____REVSH</STRONG> (Thumb, 4 bytes, Stack size 0 bytes, delay.o(.revsh_text), UNUSED)

<P><STRONG><a name="[1f6]"></a>__asm___5_led_c_led_init____REVSH</STRONG> (Thumb, 4 bytes, Stack size 0 bytes, led.o(.revsh_text), UNUSED)

<P><STRONG><a name="[1f7]"></a>__asm___11_Bluetooth_c_3c8d9191____REVSH</STRONG> (Thumb, 4 bytes, Stack size 0 bytes, bluetooth.o(.revsh_text), UNUSED)

<P><STRONG><a name="[1f8]"></a>__asm___7_Final_c_ALL_Init____REVSH</STRONG> (Thumb, 4 bytes, Stack size 0 bytes, final.o(.revsh_text), UNUSED)

<P><STRONG><a name="[1f9]"></a>__asm___6_GY86_c_SCL_W____REVSH</STRONG> (Thumb, 4 bytes, Stack size 0 bytes, gy86.o(.revsh_text), UNUSED)

<P><STRONG><a name="[1fa]"></a>__asm___7_Motor_c_61e0de04____REVSH</STRONG> (Thumb, 4 bytes, Stack size 0 bytes, motor.o(.revsh_text), UNUSED)

<P><STRONG><a name="[1fb]"></a>__asm___6_oled_c_295535ed____REVSH</STRONG> (Thumb, 4 bytes, Stack size 0 bytes, oled.o(.revsh_text), UNUSED)

<P><STRONG><a name="[1fc]"></a>__asm___5_ppm_c_PPM_Time____REVSH</STRONG> (Thumb, 4 bytes, Stack size 0 bytes, ppm.o(.revsh_text), UNUSED)

<P><STRONG><a name="[1fd]"></a>__asm___6_misc_c_d0fc1254____REVSH</STRONG> (Thumb, 4 bytes, Stack size 0 bytes, misc.o(.revsh_text), UNUSED)

<P><STRONG><a name="[1fe]"></a>__asm___15_stm32f4xx_adc_c_e11a2ea2____REVSH</STRONG> (Thumb, 4 bytes, Stack size 0 bytes, stm32f4xx_adc.o(.revsh_text), UNUSED)

<P><STRONG><a name="[1ff]"></a>__asm___15_stm32f4xx_can_c_347dae01____REVSH</STRONG> (Thumb, 4 bytes, Stack size 0 bytes, stm32f4xx_can.o(.revsh_text), UNUSED)

<P><STRONG><a name="[200]"></a>__asm___15_stm32f4xx_cec_c____REVSH</STRONG> (Thumb, 4 bytes, Stack size 0 bytes, stm32f4xx_cec.o(.revsh_text), UNUSED)

<P><STRONG><a name="[201]"></a>__asm___15_stm32f4xx_crc_c_eea4c7d3____REVSH</STRONG> (Thumb, 4 bytes, Stack size 0 bytes, stm32f4xx_crc.o(.revsh_text), UNUSED)

<P><STRONG><a name="[202]"></a>__asm___16_stm32f4xx_cryp_c_459f21d3____REVSH</STRONG> (Thumb, 4 bytes, Stack size 0 bytes, stm32f4xx_cryp.o(.revsh_text), UNUSED)

<P><STRONG><a name="[203]"></a>__asm___20_stm32f4xx_cryp_aes_c_c34cf6b8____REVSH</STRONG> (Thumb, 4 bytes, Stack size 0 bytes, stm32f4xx_cryp_aes.o(.revsh_text), UNUSED)

<P><STRONG><a name="[204]"></a>__asm___20_stm32f4xx_cryp_des_c_9174d91f____REVSH</STRONG> (Thumb, 4 bytes, Stack size 0 bytes, stm32f4xx_cryp_des.o(.revsh_text), UNUSED)

<P><STRONG><a name="[205]"></a>__asm___21_stm32f4xx_cryp_tdes_c_2fc87a0d____REVSH</STRONG> (Thumb, 4 bytes, Stack size 0 bytes, stm32f4xx_cryp_tdes.o(.revsh_text), UNUSED)

<P><STRONG><a name="[206]"></a>__asm___15_stm32f4xx_dac_c_4da4a0a9____REVSH</STRONG> (Thumb, 4 bytes, Stack size 0 bytes, stm32f4xx_dac.o(.revsh_text), UNUSED)

<P><STRONG><a name="[207]"></a>__asm___18_stm32f4xx_dbgmcu_c_588a430f____REVSH</STRONG> (Thumb, 4 bytes, Stack size 0 bytes, stm32f4xx_dbgmcu.o(.revsh_text), UNUSED)

<P><STRONG><a name="[208]"></a>__asm___16_stm32f4xx_dcmi_c_3610e7fb____REVSH</STRONG> (Thumb, 4 bytes, Stack size 0 bytes, stm32f4xx_dcmi.o(.revsh_text), UNUSED)

<P><STRONG><a name="[209]"></a>__asm___17_stm32f4xx_dfsdm_c____REVSH</STRONG> (Thumb, 4 bytes, Stack size 0 bytes, stm32f4xx_dfsdm.o(.revsh_text), UNUSED)

<P><STRONG><a name="[20a]"></a>__asm___15_stm32f4xx_dma_c_e9b554c0____REVSH</STRONG> (Thumb, 4 bytes, Stack size 0 bytes, stm32f4xx_dma.o(.revsh_text), UNUSED)

<P><STRONG><a name="[20b]"></a>__asm___17_stm32f4xx_dma2d_c_de80eb9a____REVSH</STRONG> (Thumb, 4 bytes, Stack size 0 bytes, stm32f4xx_dma2d.o(.revsh_text), UNUSED)

<P><STRONG><a name="[20c]"></a>__asm___15_stm32f4xx_dsi_c____REVSH</STRONG> (Thumb, 4 bytes, Stack size 0 bytes, stm32f4xx_dsi.o(.revsh_text), UNUSED)

<P><STRONG><a name="[20d]"></a>__asm___16_stm32f4xx_exti_c_28b3b60e____REVSH</STRONG> (Thumb, 4 bytes, Stack size 0 bytes, stm32f4xx_exti.o(.revsh_text), UNUSED)

<P><STRONG><a name="[20e]"></a>__asm___17_stm32f4xx_flash_c_a2a150d6____REVSH</STRONG> (Thumb, 4 bytes, Stack size 0 bytes, stm32f4xx_flash.o(.revsh_text), UNUSED)

<P><STRONG><a name="[20f]"></a>__asm___25_stm32f4xx_flash_ramfunc_c_66cdcef2____REVSH</STRONG> (Thumb, 4 bytes, Stack size 0 bytes, stm32f4xx_flash_ramfunc.o(.revsh_text), UNUSED)

<P><STRONG><a name="[210]"></a>__asm___18_stm32f4xx_fmpi2c_c____REVSH</STRONG> (Thumb, 4 bytes, Stack size 0 bytes, stm32f4xx_fmpi2c.o(.revsh_text), UNUSED)

<P><STRONG><a name="[211]"></a>__asm___16_stm32f4xx_gpio_c_f8e8e39a____REVSH</STRONG> (Thumb, 4 bytes, Stack size 0 bytes, stm32f4xx_gpio.o(.revsh_text), UNUSED)

<P><STRONG><a name="[212]"></a>__asm___16_stm32f4xx_hash_c_90573c7c____REVSH</STRONG> (Thumb, 4 bytes, Stack size 0 bytes, stm32f4xx_hash.o(.revsh_text), UNUSED)

<P><STRONG><a name="[213]"></a>__asm___20_stm32f4xx_hash_md5_c_HASH_MD5____REVSH</STRONG> (Thumb, 4 bytes, Stack size 0 bytes, stm32f4xx_hash_md5.o(.revsh_text), UNUSED)

<P><STRONG><a name="[214]"></a>__asm___21_stm32f4xx_hash_sha1_c_328c56b9____REVSH</STRONG> (Thumb, 4 bytes, Stack size 0 bytes, stm32f4xx_hash_sha1.o(.revsh_text), UNUSED)

<P><STRONG><a name="[215]"></a>__asm___15_stm32f4xx_i2c_c_7174d409____REVSH</STRONG> (Thumb, 4 bytes, Stack size 0 bytes, stm32f4xx_i2c.o(.revsh_text), UNUSED)

<P><STRONG><a name="[216]"></a>__asm___16_stm32f4xx_iwdg_c_15798b01____REVSH</STRONG> (Thumb, 4 bytes, Stack size 0 bytes, stm32f4xx_iwdg.o(.revsh_text), UNUSED)

<P><STRONG><a name="[217]"></a>__asm___17_stm32f4xx_lptim_c____REVSH</STRONG> (Thumb, 4 bytes, Stack size 0 bytes, stm32f4xx_lptim.o(.revsh_text), UNUSED)

<P><STRONG><a name="[218]"></a>__asm___16_stm32f4xx_ltdc_c_74c236bc____REVSH</STRONG> (Thumb, 4 bytes, Stack size 0 bytes, stm32f4xx_ltdc.o(.revsh_text), UNUSED)

<P><STRONG><a name="[219]"></a>__asm___15_stm32f4xx_pwr_c_0c2a8b75____REVSH</STRONG> (Thumb, 4 bytes, Stack size 0 bytes, stm32f4xx_pwr.o(.revsh_text), UNUSED)

<P><STRONG><a name="[21a]"></a>__asm___16_stm32f4xx_qspi_c____REVSH</STRONG> (Thumb, 4 bytes, Stack size 0 bytes, stm32f4xx_qspi.o(.revsh_text), UNUSED)

<P><STRONG><a name="[21b]"></a>__asm___15_stm32f4xx_rcc_c_49e27980____REVSH</STRONG> (Thumb, 4 bytes, Stack size 0 bytes, stm32f4xx_rcc.o(.revsh_text), UNUSED)

<P><STRONG><a name="[21c]"></a>__asm___15_stm32f4xx_rng_c____REVSH</STRONG> (Thumb, 4 bytes, Stack size 0 bytes, stm32f4xx_rng.o(.revsh_text), UNUSED)

<P><STRONG><a name="[21d]"></a>__asm___15_stm32f4xx_rtc_c_81435638____REVSH</STRONG> (Thumb, 4 bytes, Stack size 0 bytes, stm32f4xx_rtc.o(.revsh_text), UNUSED)

<P><STRONG><a name="[21e]"></a>__asm___15_stm32f4xx_sai_c_191626f0____REVSH</STRONG> (Thumb, 4 bytes, Stack size 0 bytes, stm32f4xx_sai.o(.revsh_text), UNUSED)

<P><STRONG><a name="[21f]"></a>__asm___16_stm32f4xx_sdio_c_c8827541____REVSH</STRONG> (Thumb, 4 bytes, Stack size 0 bytes, stm32f4xx_sdio.o(.revsh_text), UNUSED)

<P><STRONG><a name="[220]"></a>__asm___19_stm32f4xx_spdifrx_c____REVSH</STRONG> (Thumb, 4 bytes, Stack size 0 bytes, stm32f4xx_spdifrx.o(.revsh_text), UNUSED)

<P><STRONG><a name="[221]"></a>__asm___15_stm32f4xx_spi_c_2b928927____REVSH</STRONG> (Thumb, 4 bytes, Stack size 0 bytes, stm32f4xx_spi.o(.revsh_text), UNUSED)

<P><STRONG><a name="[222]"></a>__asm___18_stm32f4xx_syscfg_c_57637610____REVSH</STRONG> (Thumb, 4 bytes, Stack size 0 bytes, stm32f4xx_syscfg.o(.revsh_text), UNUSED)

<P><STRONG><a name="[223]"></a>__asm___15_stm32f4xx_tim_c_c458916b____REVSH</STRONG> (Thumb, 4 bytes, Stack size 0 bytes, stm32f4xx_tim.o(.revsh_text), UNUSED)

<P><STRONG><a name="[224]"></a>__asm___17_stm32f4xx_usart_c_9565154b____REVSH</STRONG> (Thumb, 4 bytes, Stack size 0 bytes, stm32f4xx_usart.o(.revsh_text), UNUSED)

<P><STRONG><a name="[225]"></a>__asm___16_stm32f4xx_wwdg_c_9668c0ca____REVSH</STRONG> (Thumb, 4 bytes, Stack size 0 bytes, stm32f4xx_wwdg.o(.revsh_text), UNUSED)

<P><STRONG><a name="[226]"></a>__asm___8_mytask_c_Task1____RRX</STRONG> (Thumb, 6 bytes, Stack size 0 bytes, mytask.o(.rrx_text), UNUSED)

<P><STRONG><a name="[227]"></a>__asm___7_Delay_c_4ff3a6fa____RRX</STRONG> (Thumb, 6 bytes, Stack size 0 bytes, delay.o(.rrx_text), UNUSED)

<P><STRONG><a name="[228]"></a>__asm___5_led_c_led_init____RRX</STRONG> (Thumb, 6 bytes, Stack size 0 bytes, led.o(.rrx_text), UNUSED)

<P><STRONG><a name="[229]"></a>__asm___11_Bluetooth_c_3c8d9191____RRX</STRONG> (Thumb, 6 bytes, Stack size 0 bytes, bluetooth.o(.rrx_text), UNUSED)

<P><STRONG><a name="[22a]"></a>__asm___7_Final_c_ALL_Init____RRX</STRONG> (Thumb, 6 bytes, Stack size 0 bytes, final.o(.rrx_text), UNUSED)

<P><STRONG><a name="[22b]"></a>__asm___6_GY86_c_SCL_W____RRX</STRONG> (Thumb, 6 bytes, Stack size 0 bytes, gy86.o(.rrx_text), UNUSED)

<P><STRONG><a name="[22c]"></a>__asm___7_Motor_c_61e0de04____RRX</STRONG> (Thumb, 6 bytes, Stack size 0 bytes, motor.o(.rrx_text), UNUSED)

<P><STRONG><a name="[22d]"></a>__asm___6_oled_c_295535ed____RRX</STRONG> (Thumb, 6 bytes, Stack size 0 bytes, oled.o(.rrx_text), UNUSED)

<P><STRONG><a name="[22e]"></a>__asm___5_ppm_c_PPM_Time____RRX</STRONG> (Thumb, 6 bytes, Stack size 0 bytes, ppm.o(.rrx_text), UNUSED)

<P><STRONG><a name="[22f]"></a>__asm___6_misc_c_d0fc1254____RRX</STRONG> (Thumb, 6 bytes, Stack size 0 bytes, misc.o(.rrx_text), UNUSED)

<P><STRONG><a name="[230]"></a>__asm___15_stm32f4xx_adc_c_e11a2ea2____RRX</STRONG> (Thumb, 6 bytes, Stack size 0 bytes, stm32f4xx_adc.o(.rrx_text), UNUSED)

<P><STRONG><a name="[231]"></a>__asm___15_stm32f4xx_can_c_347dae01____RRX</STRONG> (Thumb, 6 bytes, Stack size 0 bytes, stm32f4xx_can.o(.rrx_text), UNUSED)

<P><STRONG><a name="[232]"></a>__asm___15_stm32f4xx_cec_c____RRX</STRONG> (Thumb, 6 bytes, Stack size 0 bytes, stm32f4xx_cec.o(.rrx_text), UNUSED)

<P><STRONG><a name="[233]"></a>__asm___15_stm32f4xx_crc_c_eea4c7d3____RRX</STRONG> (Thumb, 6 bytes, Stack size 0 bytes, stm32f4xx_crc.o(.rrx_text), UNUSED)

<P><STRONG><a name="[234]"></a>__asm___16_stm32f4xx_cryp_c_459f21d3____RRX</STRONG> (Thumb, 6 bytes, Stack size 0 bytes, stm32f4xx_cryp.o(.rrx_text), UNUSED)

<P><STRONG><a name="[235]"></a>__asm___20_stm32f4xx_cryp_aes_c_c34cf6b8____RRX</STRONG> (Thumb, 6 bytes, Stack size 0 bytes, stm32f4xx_cryp_aes.o(.rrx_text), UNUSED)

<P><STRONG><a name="[236]"></a>__asm___20_stm32f4xx_cryp_des_c_9174d91f____RRX</STRONG> (Thumb, 6 bytes, Stack size 0 bytes, stm32f4xx_cryp_des.o(.rrx_text), UNUSED)

<P><STRONG><a name="[237]"></a>__asm___21_stm32f4xx_cryp_tdes_c_2fc87a0d____RRX</STRONG> (Thumb, 6 bytes, Stack size 0 bytes, stm32f4xx_cryp_tdes.o(.rrx_text), UNUSED)

<P><STRONG><a name="[238]"></a>__asm___15_stm32f4xx_dac_c_4da4a0a9____RRX</STRONG> (Thumb, 6 bytes, Stack size 0 bytes, stm32f4xx_dac.o(.rrx_text), UNUSED)

<P><STRONG><a name="[239]"></a>__asm___18_stm32f4xx_dbgmcu_c_588a430f____RRX</STRONG> (Thumb, 6 bytes, Stack size 0 bytes, stm32f4xx_dbgmcu.o(.rrx_text), UNUSED)

<P><STRONG><a name="[23a]"></a>__asm___16_stm32f4xx_dcmi_c_3610e7fb____RRX</STRONG> (Thumb, 6 bytes, Stack size 0 bytes, stm32f4xx_dcmi.o(.rrx_text), UNUSED)

<P><STRONG><a name="[23b]"></a>__asm___17_stm32f4xx_dfsdm_c____RRX</STRONG> (Thumb, 6 bytes, Stack size 0 bytes, stm32f4xx_dfsdm.o(.rrx_text), UNUSED)

<P><STRONG><a name="[23c]"></a>__asm___15_stm32f4xx_dma_c_e9b554c0____RRX</STRONG> (Thumb, 6 bytes, Stack size 0 bytes, stm32f4xx_dma.o(.rrx_text), UNUSED)

<P><STRONG><a name="[23d]"></a>__asm___17_stm32f4xx_dma2d_c_de80eb9a____RRX</STRONG> (Thumb, 6 bytes, Stack size 0 bytes, stm32f4xx_dma2d.o(.rrx_text), UNUSED)

<P><STRONG><a name="[23e]"></a>__asm___15_stm32f4xx_dsi_c____RRX</STRONG> (Thumb, 6 bytes, Stack size 0 bytes, stm32f4xx_dsi.o(.rrx_text), UNUSED)

<P><STRONG><a name="[23f]"></a>__asm___16_stm32f4xx_exti_c_28b3b60e____RRX</STRONG> (Thumb, 6 bytes, Stack size 0 bytes, stm32f4xx_exti.o(.rrx_text), UNUSED)

<P><STRONG><a name="[240]"></a>__asm___17_stm32f4xx_flash_c_a2a150d6____RRX</STRONG> (Thumb, 6 bytes, Stack size 0 bytes, stm32f4xx_flash.o(.rrx_text), UNUSED)

<P><STRONG><a name="[241]"></a>__asm___25_stm32f4xx_flash_ramfunc_c_66cdcef2____RRX</STRONG> (Thumb, 6 bytes, Stack size 0 bytes, stm32f4xx_flash_ramfunc.o(.rrx_text), UNUSED)

<P><STRONG><a name="[242]"></a>__asm___18_stm32f4xx_fmpi2c_c____RRX</STRONG> (Thumb, 6 bytes, Stack size 0 bytes, stm32f4xx_fmpi2c.o(.rrx_text), UNUSED)

<P><STRONG><a name="[243]"></a>__asm___16_stm32f4xx_gpio_c_f8e8e39a____RRX</STRONG> (Thumb, 6 bytes, Stack size 0 bytes, stm32f4xx_gpio.o(.rrx_text), UNUSED)

<P><STRONG><a name="[244]"></a>__asm___16_stm32f4xx_hash_c_90573c7c____RRX</STRONG> (Thumb, 6 bytes, Stack size 0 bytes, stm32f4xx_hash.o(.rrx_text), UNUSED)

<P><STRONG><a name="[245]"></a>__asm___20_stm32f4xx_hash_md5_c_HASH_MD5____RRX</STRONG> (Thumb, 6 bytes, Stack size 0 bytes, stm32f4xx_hash_md5.o(.rrx_text), UNUSED)

<P><STRONG><a name="[246]"></a>__asm___21_stm32f4xx_hash_sha1_c_328c56b9____RRX</STRONG> (Thumb, 6 bytes, Stack size 0 bytes, stm32f4xx_hash_sha1.o(.rrx_text), UNUSED)

<P><STRONG><a name="[247]"></a>__asm___15_stm32f4xx_i2c_c_7174d409____RRX</STRONG> (Thumb, 6 bytes, Stack size 0 bytes, stm32f4xx_i2c.o(.rrx_text), UNUSED)

<P><STRONG><a name="[248]"></a>__asm___16_stm32f4xx_iwdg_c_15798b01____RRX</STRONG> (Thumb, 6 bytes, Stack size 0 bytes, stm32f4xx_iwdg.o(.rrx_text), UNUSED)

<P><STRONG><a name="[249]"></a>__asm___17_stm32f4xx_lptim_c____RRX</STRONG> (Thumb, 6 bytes, Stack size 0 bytes, stm32f4xx_lptim.o(.rrx_text), UNUSED)

<P><STRONG><a name="[24a]"></a>__asm___16_stm32f4xx_ltdc_c_74c236bc____RRX</STRONG> (Thumb, 6 bytes, Stack size 0 bytes, stm32f4xx_ltdc.o(.rrx_text), UNUSED)

<P><STRONG><a name="[24b]"></a>__asm___15_stm32f4xx_pwr_c_0c2a8b75____RRX</STRONG> (Thumb, 6 bytes, Stack size 0 bytes, stm32f4xx_pwr.o(.rrx_text), UNUSED)

<P><STRONG><a name="[24c]"></a>__asm___16_stm32f4xx_qspi_c____RRX</STRONG> (Thumb, 6 bytes, Stack size 0 bytes, stm32f4xx_qspi.o(.rrx_text), UNUSED)

<P><STRONG><a name="[24d]"></a>__asm___15_stm32f4xx_rcc_c_49e27980____RRX</STRONG> (Thumb, 6 bytes, Stack size 0 bytes, stm32f4xx_rcc.o(.rrx_text), UNUSED)

<P><STRONG><a name="[24e]"></a>__asm___15_stm32f4xx_rng_c____RRX</STRONG> (Thumb, 6 bytes, Stack size 0 bytes, stm32f4xx_rng.o(.rrx_text), UNUSED)

<P><STRONG><a name="[24f]"></a>__asm___15_stm32f4xx_rtc_c_81435638____RRX</STRONG> (Thumb, 6 bytes, Stack size 0 bytes, stm32f4xx_rtc.o(.rrx_text), UNUSED)

<P><STRONG><a name="[250]"></a>__asm___15_stm32f4xx_sai_c_191626f0____RRX</STRONG> (Thumb, 6 bytes, Stack size 0 bytes, stm32f4xx_sai.o(.rrx_text), UNUSED)

<P><STRONG><a name="[251]"></a>__asm___16_stm32f4xx_sdio_c_c8827541____RRX</STRONG> (Thumb, 6 bytes, Stack size 0 bytes, stm32f4xx_sdio.o(.rrx_text), UNUSED)

<P><STRONG><a name="[252]"></a>__asm___19_stm32f4xx_spdifrx_c____RRX</STRONG> (Thumb, 6 bytes, Stack size 0 bytes, stm32f4xx_spdifrx.o(.rrx_text), UNUSED)

<P><STRONG><a name="[253]"></a>__asm___15_stm32f4xx_spi_c_2b928927____RRX</STRONG> (Thumb, 6 bytes, Stack size 0 bytes, stm32f4xx_spi.o(.rrx_text), UNUSED)

<P><STRONG><a name="[254]"></a>__asm___18_stm32f4xx_syscfg_c_57637610____RRX</STRONG> (Thumb, 6 bytes, Stack size 0 bytes, stm32f4xx_syscfg.o(.rrx_text), UNUSED)

<P><STRONG><a name="[255]"></a>__asm___15_stm32f4xx_tim_c_c458916b____RRX</STRONG> (Thumb, 6 bytes, Stack size 0 bytes, stm32f4xx_tim.o(.rrx_text), UNUSED)

<P><STRONG><a name="[256]"></a>__asm___17_stm32f4xx_usart_c_9565154b____RRX</STRONG> (Thumb, 6 bytes, Stack size 0 bytes, stm32f4xx_usart.o(.rrx_text), UNUSED)

<P><STRONG><a name="[257]"></a>__asm___16_stm32f4xx_wwdg_c_9668c0ca____RRX</STRONG> (Thumb, 6 bytes, Stack size 0 bytes, stm32f4xx_wwdg.o(.rrx_text), UNUSED)

<P><STRONG><a name="[0]"></a>Reset_Handler</STRONG> (Thumb, 14 bytes, Stack size 0 bytes, startup.o(.text))
<BR><BR>[Stack]<UL><LI>Max Depth = 168 + Unknown Stack Size
<LI>Call Chain = Reset_Handler &rArr; mymain &rArr; OSInit &rArr; OSTmr_Init &rArr; OSTmr_InitTask &rArr; OSTaskCreateExt &rArr; OS_TCBInit
</UL>
<BR>[Calls]<UL><LI><a href="#[67]">&gt;&gt;</a>&nbsp;&nbsp;&nbsp;mymain
</UL>
<BR>[Address Reference Count : 1]<UL><LI> startup.o(RESET)
</UL>
<P><STRONG><a name="[1]"></a>NMI_Handler</STRONG> (Thumb, 2 bytes, Stack size 0 bytes, startup.o(.text))
<BR><BR>[Calls]<UL><LI><a href="#[1]">&gt;&gt;</a>&nbsp;&nbsp;&nbsp;NMI_Handler
</UL>
<BR>[Called By]<UL><LI><a href="#[1]">&gt;&gt;</a>&nbsp;&nbsp;&nbsp;NMI_Handler
</UL>
<BR>[Address Reference Count : 1]<UL><LI> startup.o(RESET)
</UL>
<P><STRONG><a name="[2]"></a>HardFault_Handler</STRONG> (Thumb, 2 bytes, Stack size 0 bytes, startup.o(.text))
<BR><BR>[Calls]<UL><LI><a href="#[2]">&gt;&gt;</a>&nbsp;&nbsp;&nbsp;HardFault_Handler
</UL>
<BR>[Called By]<UL><LI><a href="#[2]">&gt;&gt;</a>&nbsp;&nbsp;&nbsp;HardFault_Handler
</UL>
<BR>[Address Reference Count : 1]<UL><LI> startup.o(RESET)
</UL>
<P><STRONG><a name="[3]"></a>MemManage_Handler</STRONG> (Thumb, 2 bytes, Stack size 0 bytes, startup.o(.text))
<BR><BR>[Calls]<UL><LI><a href="#[3]">&gt;&gt;</a>&nbsp;&nbsp;&nbsp;MemManage_Handler
</UL>
<BR>[Called By]<UL><LI><a href="#[3]">&gt;&gt;</a>&nbsp;&nbsp;&nbsp;MemManage_Handler
</UL>
<BR>[Address Reference Count : 1]<UL><LI> startup.o(RESET)
</UL>
<P><STRONG><a name="[4]"></a>BusFault_Handler</STRONG> (Thumb, 2 bytes, Stack size 0 bytes, startup.o(.text))
<BR><BR>[Calls]<UL><LI><a href="#[4]">&gt;&gt;</a>&nbsp;&nbsp;&nbsp;BusFault_Handler
</UL>
<BR>[Called By]<UL><LI><a href="#[4]">&gt;&gt;</a>&nbsp;&nbsp;&nbsp;BusFault_Handler
</UL>
<BR>[Address Reference Count : 1]<UL><LI> startup.o(RESET)
</UL>
<P><STRONG><a name="[5]"></a>UsageFault_Handler</STRONG> (Thumb, 2 bytes, Stack size 0 bytes, startup.o(.text))
<BR><BR>[Calls]<UL><LI><a href="#[5]">&gt;&gt;</a>&nbsp;&nbsp;&nbsp;UsageFault_Handler
</UL>
<BR>[Called By]<UL><LI><a href="#[5]">&gt;&gt;</a>&nbsp;&nbsp;&nbsp;UsageFault_Handler
</UL>
<BR>[Address Reference Count : 1]<UL><LI> startup.o(RESET)
</UL>
<P><STRONG><a name="[6]"></a>SVC_Handler</STRONG> (Thumb, 2 bytes, Stack size 0 bytes, startup.o(.text))
<BR><BR>[Calls]<UL><LI><a href="#[6]">&gt;&gt;</a>&nbsp;&nbsp;&nbsp;SVC_Handler
</UL>
<BR>[Called By]<UL><LI><a href="#[6]">&gt;&gt;</a>&nbsp;&nbsp;&nbsp;SVC_Handler
</UL>
<BR>[Address Reference Count : 1]<UL><LI> startup.o(RESET)
</UL>
<P><STRONG><a name="[7]"></a>DebugMon_Handler</STRONG> (Thumb, 2 bytes, Stack size 0 bytes, startup.o(.text))
<BR><BR>[Calls]<UL><LI><a href="#[7]">&gt;&gt;</a>&nbsp;&nbsp;&nbsp;DebugMon_Handler
</UL>
<BR>[Called By]<UL><LI><a href="#[7]">&gt;&gt;</a>&nbsp;&nbsp;&nbsp;DebugMon_Handler
</UL>
<BR>[Address Reference Count : 1]<UL><LI> startup.o(RESET)
</UL>
<P><STRONG><a name="[1c]"></a>ADC_IRQHandler</STRONG> (Thumb, 0 bytes, Stack size 0 bytes, startup.o(.text))
<BR><BR>[Calls]<UL><LI><a href="#[1c]">&gt;&gt;</a>&nbsp;&nbsp;&nbsp;ADC_IRQHandler
</UL>
<BR>[Called By]<UL><LI><a href="#[1c]">&gt;&gt;</a>&nbsp;&nbsp;&nbsp;ADC_IRQHandler
</UL>
<BR>[Address Reference Count : 1]<UL><LI> startup.o(RESET)
</UL>
<P><STRONG><a name="[1e]"></a>CAN1_RX0_IRQHandler</STRONG> (Thumb, 0 bytes, Stack size 0 bytes, startup.o(.text))
<BR>[Address Reference Count : 1]<UL><LI> startup.o(RESET)
</UL>
<P><STRONG><a name="[1f]"></a>CAN1_RX1_IRQHandler</STRONG> (Thumb, 0 bytes, Stack size 0 bytes, startup.o(.text))
<BR>[Address Reference Count : 1]<UL><LI> startup.o(RESET)
</UL>
<P><STRONG><a name="[20]"></a>CAN1_SCE_IRQHandler</STRONG> (Thumb, 0 bytes, Stack size 0 bytes, startup.o(.text))
<BR>[Address Reference Count : 1]<UL><LI> startup.o(RESET)
</UL>
<P><STRONG><a name="[1d]"></a>CAN1_TX_IRQHandler</STRONG> (Thumb, 0 bytes, Stack size 0 bytes, startup.o(.text))
<BR>[Address Reference Count : 1]<UL><LI> startup.o(RESET)
</UL>
<P><STRONG><a name="[4a]"></a>CAN2_RX0_IRQHandler</STRONG> (Thumb, 0 bytes, Stack size 0 bytes, startup.o(.text))
<BR>[Address Reference Count : 1]<UL><LI> startup.o(RESET)
</UL>
<P><STRONG><a name="[4b]"></a>CAN2_RX1_IRQHandler</STRONG> (Thumb, 0 bytes, Stack size 0 bytes, startup.o(.text))
<BR>[Address Reference Count : 1]<UL><LI> startup.o(RESET)
</UL>
<P><STRONG><a name="[4c]"></a>CAN2_SCE_IRQHandler</STRONG> (Thumb, 0 bytes, Stack size 0 bytes, startup.o(.text))
<BR>[Address Reference Count : 1]<UL><LI> startup.o(RESET)
</UL>
<P><STRONG><a name="[49]"></a>CAN2_TX_IRQHandler</STRONG> (Thumb, 0 bytes, Stack size 0 bytes, startup.o(.text))
<BR>[Address Reference Count : 1]<UL><LI> startup.o(RESET)
</UL>
<P><STRONG><a name="[59]"></a>CRYP_IRQHandler</STRONG> (Thumb, 0 bytes, Stack size 0 bytes, startup.o(.text))
<BR>[Address Reference Count : 1]<UL><LI> startup.o(RESET)
</UL>
<P><STRONG><a name="[58]"></a>DCMI_IRQHandler</STRONG> (Thumb, 0 bytes, Stack size 0 bytes, startup.o(.text))
<BR>[Address Reference Count : 1]<UL><LI> startup.o(RESET)
</UL>
<P><STRONG><a name="[15]"></a>DMA1_Stream0_IRQHandler</STRONG> (Thumb, 0 bytes, Stack size 0 bytes, startup.o(.text))
<BR>[Address Reference Count : 1]<UL><LI> startup.o(RESET)
</UL>
<P><STRONG><a name="[16]"></a>DMA1_Stream1_IRQHandler</STRONG> (Thumb, 0 bytes, Stack size 0 bytes, startup.o(.text))
<BR>[Address Reference Count : 1]<UL><LI> startup.o(RESET)
</UL>
<P><STRONG><a name="[17]"></a>DMA1_Stream2_IRQHandler</STRONG> (Thumb, 0 bytes, Stack size 0 bytes, startup.o(.text))
<BR>[Address Reference Count : 1]<UL><LI> startup.o(RESET)
</UL>
<P><STRONG><a name="[18]"></a>DMA1_Stream3_IRQHandler</STRONG> (Thumb, 0 bytes, Stack size 0 bytes, startup.o(.text))
<BR>[Address Reference Count : 1]<UL><LI> startup.o(RESET)
</UL>
<P><STRONG><a name="[19]"></a>DMA1_Stream4_IRQHandler</STRONG> (Thumb, 0 bytes, Stack size 0 bytes, startup.o(.text))
<BR>[Address Reference Count : 1]<UL><LI> startup.o(RESET)
</UL>
<P><STRONG><a name="[1a]"></a>DMA1_Stream5_IRQHandler</STRONG> (Thumb, 0 bytes, Stack size 0 bytes, startup.o(.text))
<BR>[Address Reference Count : 1]<UL><LI> startup.o(RESET)
</UL>
<P><STRONG><a name="[1b]"></a>DMA1_Stream6_IRQHandler</STRONG> (Thumb, 0 bytes, Stack size 0 bytes, startup.o(.text))
<BR>[Address Reference Count : 1]<UL><LI> startup.o(RESET)
</UL>
<P><STRONG><a name="[39]"></a>DMA1_Stream7_IRQHandler</STRONG> (Thumb, 0 bytes, Stack size 0 bytes, startup.o(.text))
<BR>[Address Reference Count : 1]<UL><LI> startup.o(RESET)
</UL>
<P><STRONG><a name="[42]"></a>DMA2_Stream0_IRQHandler</STRONG> (Thumb, 0 bytes, Stack size 0 bytes, startup.o(.text))
<BR>[Address Reference Count : 1]<UL><LI> startup.o(RESET)
</UL>
<P><STRONG><a name="[43]"></a>DMA2_Stream1_IRQHandler</STRONG> (Thumb, 0 bytes, Stack size 0 bytes, startup.o(.text))
<BR>[Address Reference Count : 1]<UL><LI> startup.o(RESET)
</UL>
<P><STRONG><a name="[44]"></a>DMA2_Stream2_IRQHandler</STRONG> (Thumb, 0 bytes, Stack size 0 bytes, startup.o(.text))
<BR>[Address Reference Count : 1]<UL><LI> startup.o(RESET)
</UL>
<P><STRONG><a name="[45]"></a>DMA2_Stream3_IRQHandler</STRONG> (Thumb, 0 bytes, Stack size 0 bytes, startup.o(.text))
<BR>[Address Reference Count : 1]<UL><LI> startup.o(RESET)
</UL>
<P><STRONG><a name="[46]"></a>DMA2_Stream4_IRQHandler</STRONG> (Thumb, 0 bytes, Stack size 0 bytes, startup.o(.text))
<BR>[Address Reference Count : 1]<UL><LI> startup.o(RESET)
</UL>
<P><STRONG><a name="[4e]"></a>DMA2_Stream5_IRQHandler</STRONG> (Thumb, 0 bytes, Stack size 0 bytes, startup.o(.text))
<BR>[Address Reference Count : 1]<UL><LI> startup.o(RESET)
</UL>
<P><STRONG><a name="[4f]"></a>DMA2_Stream6_IRQHandler</STRONG> (Thumb, 0 bytes, Stack size 0 bytes, startup.o(.text))
<BR>[Address Reference Count : 1]<UL><LI> startup.o(RESET)
</UL>
<P><STRONG><a name="[50]"></a>DMA2_Stream7_IRQHandler</STRONG> (Thumb, 0 bytes, Stack size 0 bytes, startup.o(.text))
<BR>[Address Reference Count : 1]<UL><LI> startup.o(RESET)
</UL>
<P><STRONG><a name="[47]"></a>ETH_IRQHandler</STRONG> (Thumb, 0 bytes, Stack size 0 bytes, startup.o(.text))
<BR>[Address Reference Count : 1]<UL><LI> startup.o(RESET)
</UL>
<P><STRONG><a name="[48]"></a>ETH_WKUP_IRQHandler</STRONG> (Thumb, 0 bytes, Stack size 0 bytes, startup.o(.text))
<BR>[Address Reference Count : 1]<UL><LI> startup.o(RESET)
</UL>
<P><STRONG><a name="[10]"></a>EXTI0_IRQHandler</STRONG> (Thumb, 0 bytes, Stack size 0 bytes, startup.o(.text))
<BR>[Address Reference Count : 1]<UL><LI> startup.o(RESET)
</UL>
<P><STRONG><a name="[32]"></a>EXTI15_10_IRQHandler</STRONG> (Thumb, 0 bytes, Stack size 0 bytes, startup.o(.text))
<BR>[Address Reference Count : 1]<UL><LI> startup.o(RESET)
</UL>
<P><STRONG><a name="[11]"></a>EXTI1_IRQHandler</STRONG> (Thumb, 0 bytes, Stack size 0 bytes, startup.o(.text))
<BR>[Address Reference Count : 1]<UL><LI> startup.o(RESET)
</UL>
<P><STRONG><a name="[12]"></a>EXTI2_IRQHandler</STRONG> (Thumb, 0 bytes, Stack size 0 bytes, startup.o(.text))
<BR>[Address Reference Count : 1]<UL><LI> startup.o(RESET)
</UL>
<P><STRONG><a name="[13]"></a>EXTI3_IRQHandler</STRONG> (Thumb, 0 bytes, Stack size 0 bytes, startup.o(.text))
<BR>[Address Reference Count : 1]<UL><LI> startup.o(RESET)
</UL>
<P><STRONG><a name="[14]"></a>EXTI4_IRQHandler</STRONG> (Thumb, 0 bytes, Stack size 0 bytes, startup.o(.text))
<BR>[Address Reference Count : 1]<UL><LI> startup.o(RESET)
</UL>
<P><STRONG><a name="[21]"></a>EXTI9_5_IRQHandler</STRONG> (Thumb, 0 bytes, Stack size 0 bytes, startup.o(.text))
<BR>[Address Reference Count : 1]<UL><LI> startup.o(RESET)
</UL>
<P><STRONG><a name="[e]"></a>FLASH_IRQHandler</STRONG> (Thumb, 0 bytes, Stack size 0 bytes, startup.o(.text))
<BR>[Address Reference Count : 1]<UL><LI> startup.o(RESET)
</UL>
<P><STRONG><a name="[5b]"></a>FPU_IRQHandler</STRONG> (Thumb, 0 bytes, Stack size 0 bytes, startup.o(.text))
<BR>[Address Reference Count : 1]<UL><LI> startup.o(RESET)
</UL>
<P><STRONG><a name="[3a]"></a>FSMC_IRQHandler</STRONG> (Thumb, 0 bytes, Stack size 0 bytes, startup.o(.text))
<BR>[Address Reference Count : 1]<UL><LI> startup.o(RESET)
</UL>
<P><STRONG><a name="[5a]"></a>HASH_RNG_IRQHandler</STRONG> (Thumb, 0 bytes, Stack size 0 bytes, startup.o(.text))
<BR>[Address Reference Count : 1]<UL><LI> startup.o(RESET)
</UL>
<P><STRONG><a name="[2a]"></a>I2C1_ER_IRQHandler</STRONG> (Thumb, 0 bytes, Stack size 0 bytes, startup.o(.text))
<BR>[Address Reference Count : 1]<UL><LI> startup.o(RESET)
</UL>
<P><STRONG><a name="[29]"></a>I2C1_EV_IRQHandler</STRONG> (Thumb, 0 bytes, Stack size 0 bytes, startup.o(.text))
<BR>[Address Reference Count : 1]<UL><LI> startup.o(RESET)
</UL>
<P><STRONG><a name="[2c]"></a>I2C2_ER_IRQHandler</STRONG> (Thumb, 0 bytes, Stack size 0 bytes, startup.o(.text))
<BR>[Address Reference Count : 1]<UL><LI> startup.o(RESET)
</UL>
<P><STRONG><a name="[2b]"></a>I2C2_EV_IRQHandler</STRONG> (Thumb, 0 bytes, Stack size 0 bytes, startup.o(.text))
<BR>[Address Reference Count : 1]<UL><LI> startup.o(RESET)
</UL>
<P><STRONG><a name="[53]"></a>I2C3_ER_IRQHandler</STRONG> (Thumb, 0 bytes, Stack size 0 bytes, startup.o(.text))
<BR>[Address Reference Count : 1]<UL><LI> startup.o(RESET)
</UL>
<P><STRONG><a name="[52]"></a>I2C3_EV_IRQHandler</STRONG> (Thumb, 0 bytes, Stack size 0 bytes, startup.o(.text))
<BR>[Address Reference Count : 1]<UL><LI> startup.o(RESET)
</UL>
<P><STRONG><a name="[4d]"></a>OTG_FS_IRQHandler</STRONG> (Thumb, 0 bytes, Stack size 0 bytes, startup.o(.text))
<BR>[Address Reference Count : 1]<UL><LI> startup.o(RESET)
</UL>
<P><STRONG><a name="[34]"></a>OTG_FS_WKUP_IRQHandler</STRONG> (Thumb, 0 bytes, Stack size 0 bytes, startup.o(.text))
<BR>[Address Reference Count : 1]<UL><LI> startup.o(RESET)
</UL>
<P><STRONG><a name="[55]"></a>OTG_HS_EP1_IN_IRQHandler</STRONG> (Thumb, 0 bytes, Stack size 0 bytes, startup.o(.text))
<BR>[Address Reference Count : 1]<UL><LI> startup.o(RESET)
</UL>
<P><STRONG><a name="[54]"></a>OTG_HS_EP1_OUT_IRQHandler</STRONG> (Thumb, 0 bytes, Stack size 0 bytes, startup.o(.text))
<BR>[Address Reference Count : 1]<UL><LI> startup.o(RESET)
</UL>
<P><STRONG><a name="[57]"></a>OTG_HS_IRQHandler</STRONG> (Thumb, 0 bytes, Stack size 0 bytes, startup.o(.text))
<BR>[Address Reference Count : 1]<UL><LI> startup.o(RESET)
</UL>
<P><STRONG><a name="[56]"></a>OTG_HS_WKUP_IRQHandler</STRONG> (Thumb, 0 bytes, Stack size 0 bytes, startup.o(.text))
<BR>[Address Reference Count : 1]<UL><LI> startup.o(RESET)
</UL>
<P><STRONG><a name="[b]"></a>PVD_IRQHandler</STRONG> (Thumb, 0 bytes, Stack size 0 bytes, startup.o(.text))
<BR>[Address Reference Count : 1]<UL><LI> startup.o(RESET)
</UL>
<P><STRONG><a name="[f]"></a>RCC_IRQHandler</STRONG> (Thumb, 0 bytes, Stack size 0 bytes, startup.o(.text))
<BR>[Address Reference Count : 1]<UL><LI> startup.o(RESET)
</UL>
<P><STRONG><a name="[33]"></a>RTC_Alarm_IRQHandler</STRONG> (Thumb, 0 bytes, Stack size 0 bytes, startup.o(.text))
<BR>[Address Reference Count : 1]<UL><LI> startup.o(RESET)
</UL>
<P><STRONG><a name="[d]"></a>RTC_WKUP_IRQHandler</STRONG> (Thumb, 0 bytes, Stack size 0 bytes, startup.o(.text))
<BR>[Address Reference Count : 1]<UL><LI> startup.o(RESET)
</UL>
<P><STRONG><a name="[3b]"></a>SDIO_IRQHandler</STRONG> (Thumb, 0 bytes, Stack size 0 bytes, startup.o(.text))
<BR>[Address Reference Count : 1]<UL><LI> startup.o(RESET)
</UL>
<P><STRONG><a name="[2d]"></a>SPI1_IRQHandler</STRONG> (Thumb, 0 bytes, Stack size 0 bytes, startup.o(.text))
<BR>[Address Reference Count : 1]<UL><LI> startup.o(RESET)
</UL>
<P><STRONG><a name="[2e]"></a>SPI2_IRQHandler</STRONG> (Thumb, 0 bytes, Stack size 0 bytes, startup.o(.text))
<BR>[Address Reference Count : 1]<UL><LI> startup.o(RESET)
</UL>
<P><STRONG><a name="[3d]"></a>SPI3_IRQHandler</STRONG> (Thumb, 0 bytes, Stack size 0 bytes, startup.o(.text))
<BR>[Address Reference Count : 1]<UL><LI> startup.o(RESET)
</UL>
<P><STRONG><a name="[c]"></a>TAMP_STAMP_IRQHandler</STRONG> (Thumb, 0 bytes, Stack size 0 bytes, startup.o(.text))
<BR>[Address Reference Count : 1]<UL><LI> startup.o(RESET)
</UL>
<P><STRONG><a name="[22]"></a>TIM1_BRK_TIM9_IRQHandler</STRONG> (Thumb, 0 bytes, Stack size 0 bytes, startup.o(.text))
<BR>[Address Reference Count : 1]<UL><LI> startup.o(RESET)
</UL>
<P><STRONG><a name="[25]"></a>TIM1_CC_IRQHandler</STRONG> (Thumb, 0 bytes, Stack size 0 bytes, startup.o(.text))
<BR>[Address Reference Count : 1]<UL><LI> startup.o(RESET)
</UL>
<P><STRONG><a name="[24]"></a>TIM1_TRG_COM_TIM11_IRQHandler</STRONG> (Thumb, 0 bytes, Stack size 0 bytes, startup.o(.text))
<BR>[Address Reference Count : 1]<UL><LI> startup.o(RESET)
</UL>
<P><STRONG><a name="[23]"></a>TIM1_UP_TIM10_IRQHandler</STRONG> (Thumb, 0 bytes, Stack size 0 bytes, startup.o(.text))
<BR>[Address Reference Count : 1]<UL><LI> startup.o(RESET)
</UL>
<P><STRONG><a name="[26]"></a>TIM2_IRQHandler</STRONG> (Thumb, 0 bytes, Stack size 0 bytes, startup.o(.text))
<BR>[Address Reference Count : 1]<UL><LI> startup.o(RESET)
</UL>
<P><STRONG><a name="[28]"></a>TIM4_IRQHandler</STRONG> (Thumb, 0 bytes, Stack size 0 bytes, startup.o(.text))
<BR>[Address Reference Count : 1]<UL><LI> startup.o(RESET)
</UL>
<P><STRONG><a name="[3c]"></a>TIM5_IRQHandler</STRONG> (Thumb, 0 bytes, Stack size 0 bytes, startup.o(.text))
<BR>[Address Reference Count : 1]<UL><LI> startup.o(RESET)
</UL>
<P><STRONG><a name="[40]"></a>TIM6_DAC_IRQHandler</STRONG> (Thumb, 0 bytes, Stack size 0 bytes, startup.o(.text))
<BR>[Address Reference Count : 1]<UL><LI> startup.o(RESET)
</UL>
<P><STRONG><a name="[41]"></a>TIM7_IRQHandler</STRONG> (Thumb, 0 bytes, Stack size 0 bytes, startup.o(.text))
<BR>[Address Reference Count : 1]<UL><LI> startup.o(RESET)
</UL>
<P><STRONG><a name="[35]"></a>TIM8_BRK_TIM12_IRQHandler</STRONG> (Thumb, 0 bytes, Stack size 0 bytes, startup.o(.text))
<BR>[Address Reference Count : 1]<UL><LI> startup.o(RESET)
</UL>
<P><STRONG><a name="[38]"></a>TIM8_CC_IRQHandler</STRONG> (Thumb, 0 bytes, Stack size 0 bytes, startup.o(.text))
<BR>[Address Reference Count : 1]<UL><LI> startup.o(RESET)
</UL>
<P><STRONG><a name="[37]"></a>TIM8_TRG_COM_TIM14_IRQHandler</STRONG> (Thumb, 0 bytes, Stack size 0 bytes, startup.o(.text))
<BR>[Address Reference Count : 1]<UL><LI> startup.o(RESET)
</UL>
<P><STRONG><a name="[36]"></a>TIM8_UP_TIM13_IRQHandler</STRONG> (Thumb, 0 bytes, Stack size 0 bytes, startup.o(.text))
<BR>[Address Reference Count : 1]<UL><LI> startup.o(RESET)
</UL>
<P><STRONG><a name="[3e]"></a>UART4_IRQHandler</STRONG> (Thumb, 0 bytes, Stack size 0 bytes, startup.o(.text))
<BR>[Address Reference Count : 1]<UL><LI> startup.o(RESET)
</UL>
<P><STRONG><a name="[3f]"></a>UART5_IRQHandler</STRONG> (Thumb, 0 bytes, Stack size 0 bytes, startup.o(.text))
<BR>[Address Reference Count : 1]<UL><LI> startup.o(RESET)
</UL>
<P><STRONG><a name="[30]"></a>USART2_IRQHandler</STRONG> (Thumb, 0 bytes, Stack size 0 bytes, startup.o(.text))
<BR>[Address Reference Count : 1]<UL><LI> startup.o(RESET)
</UL>
<P><STRONG><a name="[31]"></a>USART3_IRQHandler</STRONG> (Thumb, 0 bytes, Stack size 0 bytes, startup.o(.text))
<BR>[Address Reference Count : 1]<UL><LI> startup.o(RESET)
</UL>
<P><STRONG><a name="[51]"></a>USART6_IRQHandler</STRONG> (Thumb, 0 bytes, Stack size 0 bytes, startup.o(.text))
<BR>[Address Reference Count : 1]<UL><LI> startup.o(RESET)
</UL>
<P><STRONG><a name="[a]"></a>WWDG_IRQHandler</STRONG> (Thumb, 0 bytes, Stack size 0 bytes, startup.o(.text))
<BR>[Address Reference Count : 1]<UL><LI> startup.o(RESET)
</UL>
<P><STRONG><a name="[5d]"></a>myScaterload</STRONG> (Thumb, 40 bytes, Stack size 0 bytes, system.o(.text))
<BR>[Address Reference Count : 1]<UL><LI> startup.o(.text)
</UL>
<P><STRONG><a name="[f7]"></a>OS_CPU_SR_Save</STRONG> (Thumb, 0 bytes, Stack size unknown bytes, os_cpu_a.o(.text))
<BR><BR>[Called By]<UL><LI><a href="#[10a]">&gt;&gt;</a>&nbsp;&nbsp;&nbsp;OSFlagQuery
<LI><a href="#[109]">&gt;&gt;</a>&nbsp;&nbsp;&nbsp;OSFlagPost
<LI><a href="#[108]">&gt;&gt;</a>&nbsp;&nbsp;&nbsp;OSFlagPendGetFlagsRdy
<LI><a href="#[105]">&gt;&gt;</a>&nbsp;&nbsp;&nbsp;OSFlagPend
<LI><a href="#[104]">&gt;&gt;</a>&nbsp;&nbsp;&nbsp;OSFlagNameSet
<LI><a href="#[103]">&gt;&gt;</a>&nbsp;&nbsp;&nbsp;OSFlagNameGet
<LI><a href="#[101]">&gt;&gt;</a>&nbsp;&nbsp;&nbsp;OSFlagDel
<LI><a href="#[100]">&gt;&gt;</a>&nbsp;&nbsp;&nbsp;OSFlagCreate
<LI><a href="#[ff]">&gt;&gt;</a>&nbsp;&nbsp;&nbsp;OSFlagAccept
<LI><a href="#[160]">&gt;&gt;</a>&nbsp;&nbsp;&nbsp;OSTaskSuspend
<LI><a href="#[15f]">&gt;&gt;</a>&nbsp;&nbsp;&nbsp;OSTaskStkChk
<LI><a href="#[158]">&gt;&gt;</a>&nbsp;&nbsp;&nbsp;OSTaskNameSet
<LI><a href="#[151]">&gt;&gt;</a>&nbsp;&nbsp;&nbsp;OSTaskCreateExt
<LI><a href="#[61]">&gt;&gt;</a>&nbsp;&nbsp;&nbsp;OS_TaskStat
<LI><a href="#[60]">&gt;&gt;</a>&nbsp;&nbsp;&nbsp;OS_TaskIdle
<LI><a href="#[150]">&gt;&gt;</a>&nbsp;&nbsp;&nbsp;OS_TCBInit
<LI><a href="#[fd]">&gt;&gt;</a>&nbsp;&nbsp;&nbsp;OS_Sched
<LI><a href="#[14b]">&gt;&gt;</a>&nbsp;&nbsp;&nbsp;OSStatInit
<LI><a href="#[140]">&gt;&gt;</a>&nbsp;&nbsp;&nbsp;OSSchedUnlock
<LI><a href="#[13f]">&gt;&gt;</a>&nbsp;&nbsp;&nbsp;OSSchedLock
<LI><a href="#[fb]">&gt;&gt;</a>&nbsp;&nbsp;&nbsp;OSEventPendMulti
<LI><a href="#[fa]">&gt;&gt;</a>&nbsp;&nbsp;&nbsp;OSEventNameSet
<LI><a href="#[f6]">&gt;&gt;</a>&nbsp;&nbsp;&nbsp;OSEventNameGet
<LI><a href="#[165]">&gt;&gt;</a>&nbsp;&nbsp;&nbsp;OSTimeTick
<LI><a href="#[119]">&gt;&gt;</a>&nbsp;&nbsp;&nbsp;OSIntExit
<LI><a href="#[9]">&gt;&gt;</a>&nbsp;&nbsp;&nbsp;SysTick_Handler
<LI><a href="#[14c]">&gt;&gt;</a>&nbsp;&nbsp;&nbsp;OSTimeDly
<LI><a href="#[14e]">&gt;&gt;</a>&nbsp;&nbsp;&nbsp;OSTaskCreate
<LI><a href="#[164]">&gt;&gt;</a>&nbsp;&nbsp;&nbsp;OSTimeSet
<LI><a href="#[163]">&gt;&gt;</a>&nbsp;&nbsp;&nbsp;OSTimeGet
<LI><a href="#[162]">&gt;&gt;</a>&nbsp;&nbsp;&nbsp;OSTimeDlyResume
<LI><a href="#[15e]">&gt;&gt;</a>&nbsp;&nbsp;&nbsp;OSTaskResume
<LI><a href="#[15d]">&gt;&gt;</a>&nbsp;&nbsp;&nbsp;OSTaskRegSet
<LI><a href="#[15c]">&gt;&gt;</a>&nbsp;&nbsp;&nbsp;OSTaskRegGetID
<LI><a href="#[15b]">&gt;&gt;</a>&nbsp;&nbsp;&nbsp;OSTaskRegGet
<LI><a href="#[159]">&gt;&gt;</a>&nbsp;&nbsp;&nbsp;OSTaskQuery
<LI><a href="#[157]">&gt;&gt;</a>&nbsp;&nbsp;&nbsp;OSTaskNameGet
<LI><a href="#[156]">&gt;&gt;</a>&nbsp;&nbsp;&nbsp;OSTaskDelReq
<LI><a href="#[153]">&gt;&gt;</a>&nbsp;&nbsp;&nbsp;OSTaskDel
<LI><a href="#[14d]">&gt;&gt;</a>&nbsp;&nbsp;&nbsp;OSTaskChangePrio
<LI><a href="#[148]">&gt;&gt;</a>&nbsp;&nbsp;&nbsp;OSSemSet
<LI><a href="#[147]">&gt;&gt;</a>&nbsp;&nbsp;&nbsp;OSSemQuery
<LI><a href="#[146]">&gt;&gt;</a>&nbsp;&nbsp;&nbsp;OSSemPost
<LI><a href="#[145]">&gt;&gt;</a>&nbsp;&nbsp;&nbsp;OSSemPendAbort
<LI><a href="#[144]">&gt;&gt;</a>&nbsp;&nbsp;&nbsp;OSSemPend
<LI><a href="#[143]">&gt;&gt;</a>&nbsp;&nbsp;&nbsp;OSSemDel
<LI><a href="#[142]">&gt;&gt;</a>&nbsp;&nbsp;&nbsp;OSSemCreate
<LI><a href="#[141]">&gt;&gt;</a>&nbsp;&nbsp;&nbsp;OSSemAccept
<LI><a href="#[13e]">&gt;&gt;</a>&nbsp;&nbsp;&nbsp;OSQQuery
<LI><a href="#[13d]">&gt;&gt;</a>&nbsp;&nbsp;&nbsp;OSQPostOpt
<LI><a href="#[13c]">&gt;&gt;</a>&nbsp;&nbsp;&nbsp;OSQPostFront
<LI><a href="#[13b]">&gt;&gt;</a>&nbsp;&nbsp;&nbsp;OSQPost
<LI><a href="#[13a]">&gt;&gt;</a>&nbsp;&nbsp;&nbsp;OSQPendAbort
<LI><a href="#[139]">&gt;&gt;</a>&nbsp;&nbsp;&nbsp;OSQPend
<LI><a href="#[138]">&gt;&gt;</a>&nbsp;&nbsp;&nbsp;OSQFlush
<LI><a href="#[137]">&gt;&gt;</a>&nbsp;&nbsp;&nbsp;OSQDel
<LI><a href="#[136]">&gt;&gt;</a>&nbsp;&nbsp;&nbsp;OSQCreate
<LI><a href="#[135]">&gt;&gt;</a>&nbsp;&nbsp;&nbsp;OSQAccept
<LI><a href="#[134]">&gt;&gt;</a>&nbsp;&nbsp;&nbsp;OSMutexQuery
<LI><a href="#[133]">&gt;&gt;</a>&nbsp;&nbsp;&nbsp;OSMutexPost
<LI><a href="#[132]">&gt;&gt;</a>&nbsp;&nbsp;&nbsp;OSMutexPend
<LI><a href="#[130]">&gt;&gt;</a>&nbsp;&nbsp;&nbsp;OSMutexDel
<LI><a href="#[12f]">&gt;&gt;</a>&nbsp;&nbsp;&nbsp;OSMutexCreate
<LI><a href="#[12e]">&gt;&gt;</a>&nbsp;&nbsp;&nbsp;OSMutexAccept
<LI><a href="#[12d]">&gt;&gt;</a>&nbsp;&nbsp;&nbsp;OSMemQuery
<LI><a href="#[12c]">&gt;&gt;</a>&nbsp;&nbsp;&nbsp;OSMemPut
<LI><a href="#[12b]">&gt;&gt;</a>&nbsp;&nbsp;&nbsp;OSMemNameSet
<LI><a href="#[12a]">&gt;&gt;</a>&nbsp;&nbsp;&nbsp;OSMemNameGet
<LI><a href="#[129]">&gt;&gt;</a>&nbsp;&nbsp;&nbsp;OSMemGet
<LI><a href="#[128]">&gt;&gt;</a>&nbsp;&nbsp;&nbsp;OSMemCreate
<LI><a href="#[127]">&gt;&gt;</a>&nbsp;&nbsp;&nbsp;OSMboxQuery
<LI><a href="#[126]">&gt;&gt;</a>&nbsp;&nbsp;&nbsp;OSMboxPostOpt
<LI><a href="#[125]">&gt;&gt;</a>&nbsp;&nbsp;&nbsp;OSMboxPost
<LI><a href="#[124]">&gt;&gt;</a>&nbsp;&nbsp;&nbsp;OSMboxPendAbort
<LI><a href="#[121]">&gt;&gt;</a>&nbsp;&nbsp;&nbsp;OSMboxPend
<LI><a href="#[11f]">&gt;&gt;</a>&nbsp;&nbsp;&nbsp;OSMboxDel
<LI><a href="#[11d]">&gt;&gt;</a>&nbsp;&nbsp;&nbsp;OSMboxCreate
<LI><a href="#[11c]">&gt;&gt;</a>&nbsp;&nbsp;&nbsp;OSMboxAccept
</UL>

<P><STRONG><a name="[f9]"></a>OS_CPU_SR_Restore</STRONG> (Thumb, 0 bytes, Stack size unknown bytes, os_cpu_a.o(.text))
<BR><BR>[Called By]<UL><LI><a href="#[10a]">&gt;&gt;</a>&nbsp;&nbsp;&nbsp;OSFlagQuery
<LI><a href="#[109]">&gt;&gt;</a>&nbsp;&nbsp;&nbsp;OSFlagPost
<LI><a href="#[108]">&gt;&gt;</a>&nbsp;&nbsp;&nbsp;OSFlagPendGetFlagsRdy
<LI><a href="#[105]">&gt;&gt;</a>&nbsp;&nbsp;&nbsp;OSFlagPend
<LI><a href="#[104]">&gt;&gt;</a>&nbsp;&nbsp;&nbsp;OSFlagNameSet
<LI><a href="#[103]">&gt;&gt;</a>&nbsp;&nbsp;&nbsp;OSFlagNameGet
<LI><a href="#[101]">&gt;&gt;</a>&nbsp;&nbsp;&nbsp;OSFlagDel
<LI><a href="#[100]">&gt;&gt;</a>&nbsp;&nbsp;&nbsp;OSFlagCreate
<LI><a href="#[ff]">&gt;&gt;</a>&nbsp;&nbsp;&nbsp;OSFlagAccept
<LI><a href="#[160]">&gt;&gt;</a>&nbsp;&nbsp;&nbsp;OSTaskSuspend
<LI><a href="#[15f]">&gt;&gt;</a>&nbsp;&nbsp;&nbsp;OSTaskStkChk
<LI><a href="#[158]">&gt;&gt;</a>&nbsp;&nbsp;&nbsp;OSTaskNameSet
<LI><a href="#[151]">&gt;&gt;</a>&nbsp;&nbsp;&nbsp;OSTaskCreateExt
<LI><a href="#[61]">&gt;&gt;</a>&nbsp;&nbsp;&nbsp;OS_TaskStat
<LI><a href="#[60]">&gt;&gt;</a>&nbsp;&nbsp;&nbsp;OS_TaskIdle
<LI><a href="#[150]">&gt;&gt;</a>&nbsp;&nbsp;&nbsp;OS_TCBInit
<LI><a href="#[fd]">&gt;&gt;</a>&nbsp;&nbsp;&nbsp;OS_Sched
<LI><a href="#[14b]">&gt;&gt;</a>&nbsp;&nbsp;&nbsp;OSStatInit
<LI><a href="#[140]">&gt;&gt;</a>&nbsp;&nbsp;&nbsp;OSSchedUnlock
<LI><a href="#[13f]">&gt;&gt;</a>&nbsp;&nbsp;&nbsp;OSSchedLock
<LI><a href="#[fb]">&gt;&gt;</a>&nbsp;&nbsp;&nbsp;OSEventPendMulti
<LI><a href="#[fa]">&gt;&gt;</a>&nbsp;&nbsp;&nbsp;OSEventNameSet
<LI><a href="#[f6]">&gt;&gt;</a>&nbsp;&nbsp;&nbsp;OSEventNameGet
<LI><a href="#[165]">&gt;&gt;</a>&nbsp;&nbsp;&nbsp;OSTimeTick
<LI><a href="#[119]">&gt;&gt;</a>&nbsp;&nbsp;&nbsp;OSIntExit
<LI><a href="#[9]">&gt;&gt;</a>&nbsp;&nbsp;&nbsp;SysTick_Handler
<LI><a href="#[14c]">&gt;&gt;</a>&nbsp;&nbsp;&nbsp;OSTimeDly
<LI><a href="#[14e]">&gt;&gt;</a>&nbsp;&nbsp;&nbsp;OSTaskCreate
<LI><a href="#[164]">&gt;&gt;</a>&nbsp;&nbsp;&nbsp;OSTimeSet
<LI><a href="#[163]">&gt;&gt;</a>&nbsp;&nbsp;&nbsp;OSTimeGet
<LI><a href="#[162]">&gt;&gt;</a>&nbsp;&nbsp;&nbsp;OSTimeDlyResume
<LI><a href="#[15e]">&gt;&gt;</a>&nbsp;&nbsp;&nbsp;OSTaskResume
<LI><a href="#[15d]">&gt;&gt;</a>&nbsp;&nbsp;&nbsp;OSTaskRegSet
<LI><a href="#[15c]">&gt;&gt;</a>&nbsp;&nbsp;&nbsp;OSTaskRegGetID
<LI><a href="#[15b]">&gt;&gt;</a>&nbsp;&nbsp;&nbsp;OSTaskRegGet
<LI><a href="#[159]">&gt;&gt;</a>&nbsp;&nbsp;&nbsp;OSTaskQuery
<LI><a href="#[157]">&gt;&gt;</a>&nbsp;&nbsp;&nbsp;OSTaskNameGet
<LI><a href="#[156]">&gt;&gt;</a>&nbsp;&nbsp;&nbsp;OSTaskDelReq
<LI><a href="#[153]">&gt;&gt;</a>&nbsp;&nbsp;&nbsp;OSTaskDel
<LI><a href="#[14d]">&gt;&gt;</a>&nbsp;&nbsp;&nbsp;OSTaskChangePrio
<LI><a href="#[148]">&gt;&gt;</a>&nbsp;&nbsp;&nbsp;OSSemSet
<LI><a href="#[147]">&gt;&gt;</a>&nbsp;&nbsp;&nbsp;OSSemQuery
<LI><a href="#[146]">&gt;&gt;</a>&nbsp;&nbsp;&nbsp;OSSemPost
<LI><a href="#[145]">&gt;&gt;</a>&nbsp;&nbsp;&nbsp;OSSemPendAbort
<LI><a href="#[144]">&gt;&gt;</a>&nbsp;&nbsp;&nbsp;OSSemPend
<LI><a href="#[143]">&gt;&gt;</a>&nbsp;&nbsp;&nbsp;OSSemDel
<LI><a href="#[142]">&gt;&gt;</a>&nbsp;&nbsp;&nbsp;OSSemCreate
<LI><a href="#[141]">&gt;&gt;</a>&nbsp;&nbsp;&nbsp;OSSemAccept
<LI><a href="#[13e]">&gt;&gt;</a>&nbsp;&nbsp;&nbsp;OSQQuery
<LI><a href="#[13d]">&gt;&gt;</a>&nbsp;&nbsp;&nbsp;OSQPostOpt
<LI><a href="#[13c]">&gt;&gt;</a>&nbsp;&nbsp;&nbsp;OSQPostFront
<LI><a href="#[13b]">&gt;&gt;</a>&nbsp;&nbsp;&nbsp;OSQPost
<LI><a href="#[13a]">&gt;&gt;</a>&nbsp;&nbsp;&nbsp;OSQPendAbort
<LI><a href="#[139]">&gt;&gt;</a>&nbsp;&nbsp;&nbsp;OSQPend
<LI><a href="#[138]">&gt;&gt;</a>&nbsp;&nbsp;&nbsp;OSQFlush
<LI><a href="#[137]">&gt;&gt;</a>&nbsp;&nbsp;&nbsp;OSQDel
<LI><a href="#[136]">&gt;&gt;</a>&nbsp;&nbsp;&nbsp;OSQCreate
<LI><a href="#[135]">&gt;&gt;</a>&nbsp;&nbsp;&nbsp;OSQAccept
<LI><a href="#[134]">&gt;&gt;</a>&nbsp;&nbsp;&nbsp;OSMutexQuery
<LI><a href="#[133]">&gt;&gt;</a>&nbsp;&nbsp;&nbsp;OSMutexPost
<LI><a href="#[132]">&gt;&gt;</a>&nbsp;&nbsp;&nbsp;OSMutexPend
<LI><a href="#[130]">&gt;&gt;</a>&nbsp;&nbsp;&nbsp;OSMutexDel
<LI><a href="#[12f]">&gt;&gt;</a>&nbsp;&nbsp;&nbsp;OSMutexCreate
<LI><a href="#[12e]">&gt;&gt;</a>&nbsp;&nbsp;&nbsp;OSMutexAccept
<LI><a href="#[12d]">&gt;&gt;</a>&nbsp;&nbsp;&nbsp;OSMemQuery
<LI><a href="#[12c]">&gt;&gt;</a>&nbsp;&nbsp;&nbsp;OSMemPut
<LI><a href="#[12b]">&gt;&gt;</a>&nbsp;&nbsp;&nbsp;OSMemNameSet
<LI><a href="#[12a]">&gt;&gt;</a>&nbsp;&nbsp;&nbsp;OSMemNameGet
<LI><a href="#[129]">&gt;&gt;</a>&nbsp;&nbsp;&nbsp;OSMemGet
<LI><a href="#[128]">&gt;&gt;</a>&nbsp;&nbsp;&nbsp;OSMemCreate
<LI><a href="#[127]">&gt;&gt;</a>&nbsp;&nbsp;&nbsp;OSMboxQuery
<LI><a href="#[126]">&gt;&gt;</a>&nbsp;&nbsp;&nbsp;OSMboxPostOpt
<LI><a href="#[125]">&gt;&gt;</a>&nbsp;&nbsp;&nbsp;OSMboxPost
<LI><a href="#[124]">&gt;&gt;</a>&nbsp;&nbsp;&nbsp;OSMboxPendAbort
<LI><a href="#[121]">&gt;&gt;</a>&nbsp;&nbsp;&nbsp;OSMboxPend
<LI><a href="#[11f]">&gt;&gt;</a>&nbsp;&nbsp;&nbsp;OSMboxDel
<LI><a href="#[11d]">&gt;&gt;</a>&nbsp;&nbsp;&nbsp;OSMboxCreate
<LI><a href="#[11c]">&gt;&gt;</a>&nbsp;&nbsp;&nbsp;OSMboxAccept
</UL>

<P><STRONG><a name="[14a]"></a>OSStartHighRdy</STRONG> (Thumb, 0 bytes, Stack size unknown bytes, os_cpu_a.o(.text))
<BR><BR>[Called By]<UL><LI><a href="#[149]">&gt;&gt;</a>&nbsp;&nbsp;&nbsp;OSStart
</UL>

<P><STRONG><a name="[175]"></a>OSCtxSw</STRONG> (Thumb, 0 bytes, Stack size unknown bytes, os_cpu_a.o(.text))
<BR><BR>[Called By]<UL><LI><a href="#[fd]">&gt;&gt;</a>&nbsp;&nbsp;&nbsp;OS_Sched
</UL>

<P><STRONG><a name="[11b]"></a>OSIntCtxSw</STRONG> (Thumb, 0 bytes, Stack size unknown bytes, os_cpu_a.o(.text))
<BR><BR>[Called By]<UL><LI><a href="#[119]">&gt;&gt;</a>&nbsp;&nbsp;&nbsp;OSIntExit
</UL>

<P><STRONG><a name="[8]"></a>PendSV_Handler</STRONG> (Thumb, 0 bytes, Stack size unknown bytes, os_cpu_a.o(.text))
<BR>[Address Reference Count : 1]<UL><LI> startup.o(RESET)
</UL>
<P><STRONG><a name="[5c]"></a>mySystemInit</STRONG> (Thumb, 0 bytes, Stack size unknown bytes, os_cpu_a.o(.text))
<BR>[Address Reference Count : 1]<UL><LI> startup.o(.text)
</UL>
<P><STRONG><a name="[68]"></a>__aeabi_fadd</STRONG> (Thumb, 164 bytes, Stack size 16 bytes, fadd.o(.text))
<BR><BR>[Stack]<UL><LI>Max Depth = 20<LI>Call Chain = __aeabi_fadd &rArr; _float_epilogue
</UL>
<BR>[Calls]<UL><LI><a href="#[6a]">&gt;&gt;</a>&nbsp;&nbsp;&nbsp;_float_round
<LI><a href="#[69]">&gt;&gt;</a>&nbsp;&nbsp;&nbsp;_float_epilogue
</UL>
<BR>[Called By]<UL><LI><a href="#[6c]">&gt;&gt;</a>&nbsp;&nbsp;&nbsp;__aeabi_frsub
<LI><a href="#[1b5]">&gt;&gt;</a>&nbsp;&nbsp;&nbsp;USART_Config
<LI><a href="#[6b]">&gt;&gt;</a>&nbsp;&nbsp;&nbsp;__aeabi_fsub
</UL>

<P><STRONG><a name="[6b]"></a>__aeabi_fsub</STRONG> (Thumb, 6 bytes, Stack size 0 bytes, fadd.o(.text), UNUSED)
<BR><BR>[Calls]<UL><LI><a href="#[68]">&gt;&gt;</a>&nbsp;&nbsp;&nbsp;__aeabi_fadd
</UL>

<P><STRONG><a name="[6c]"></a>__aeabi_frsub</STRONG> (Thumb, 6 bytes, Stack size 0 bytes, fadd.o(.text))
<BR><BR>[Stack]<UL><LI>Max Depth = 20<LI>Call Chain = __aeabi_frsub &rArr; __aeabi_fadd &rArr; _float_epilogue
</UL>
<BR>[Calls]<UL><LI><a href="#[68]">&gt;&gt;</a>&nbsp;&nbsp;&nbsp;__aeabi_fadd
</UL>
<BR>[Called By]<UL><LI><a href="#[1b5]">&gt;&gt;</a>&nbsp;&nbsp;&nbsp;USART_Config
</UL>

<P><STRONG><a name="[1b7]"></a>__aeabi_fmul</STRONG> (Thumb, 100 bytes, Stack size 8 bytes, fmul.o(.text))
<BR><BR>[Stack]<UL><LI>Max Depth = 8<LI>Call Chain = __aeabi_fmul
</UL>
<BR>[Called By]<UL><LI><a href="#[1b5]">&gt;&gt;</a>&nbsp;&nbsp;&nbsp;USART_Config
</UL>

<P><STRONG><a name="[6d]"></a>__aeabi_ddiv</STRONG> (Thumb, 222 bytes, Stack size 32 bytes, ddiv.o(.text))
<BR><BR>[Stack]<UL><LI>Max Depth = 40<LI>Call Chain = __aeabi_ddiv &rArr; _double_round
</UL>
<BR>[Calls]<UL><LI><a href="#[6e]">&gt;&gt;</a>&nbsp;&nbsp;&nbsp;_double_round
</UL>
<BR>[Called By]<UL><LI><a href="#[1b5]">&gt;&gt;</a>&nbsp;&nbsp;&nbsp;USART_Config
</UL>

<P><STRONG><a name="[6f]"></a>__aeabi_ui2f</STRONG> (Thumb, 10 bytes, Stack size 0 bytes, ffltui.o(.text))
<BR><BR>[Stack]<UL><LI>Max Depth = 4<LI>Call Chain = __aeabi_ui2f &rArr; _float_epilogue
</UL>
<BR>[Calls]<UL><LI><a href="#[69]">&gt;&gt;</a>&nbsp;&nbsp;&nbsp;_float_epilogue
</UL>
<BR>[Called By]<UL><LI><a href="#[1b5]">&gt;&gt;</a>&nbsp;&nbsp;&nbsp;USART_Config
</UL>

<P><STRONG><a name="[70]"></a>__aeabi_ui2d</STRONG> (Thumb, 26 bytes, Stack size 16 bytes, dfltui.o(.text))
<BR><BR>[Stack]<UL><LI>Max Depth = 56<LI>Call Chain = __aeabi_ui2d &rArr; _double_epilogue &rArr; _double_round
</UL>
<BR>[Calls]<UL><LI><a href="#[71]">&gt;&gt;</a>&nbsp;&nbsp;&nbsp;_double_epilogue
</UL>
<BR>[Called By]<UL><LI><a href="#[1b5]">&gt;&gt;</a>&nbsp;&nbsp;&nbsp;USART_Config
</UL>

<P><STRONG><a name="[1b6]"></a>__aeabi_f2uiz</STRONG> (Thumb, 40 bytes, Stack size 0 bytes, ffixui.o(.text))
<BR><BR>[Called By]<UL><LI><a href="#[1b5]">&gt;&gt;</a>&nbsp;&nbsp;&nbsp;USART_Config
</UL>

<P><STRONG><a name="[72]"></a>__aeabi_d2f</STRONG> (Thumb, 56 bytes, Stack size 8 bytes, d2f.o(.text))
<BR><BR>[Stack]<UL><LI>Max Depth = 8<LI>Call Chain = __aeabi_d2f
</UL>
<BR>[Calls]<UL><LI><a href="#[6a]">&gt;&gt;</a>&nbsp;&nbsp;&nbsp;_float_round
</UL>
<BR>[Called By]<UL><LI><a href="#[1b5]">&gt;&gt;</a>&nbsp;&nbsp;&nbsp;USART_Config
</UL>

<P><STRONG><a name="[258]"></a>__aeabi_uidiv</STRONG> (Thumb, 0 bytes, Stack size 12 bytes, uidiv.o(.text), UNUSED)

<P><STRONG><a name="[1be]"></a>__aeabi_uidivmod</STRONG> (Thumb, 44 bytes, Stack size 12 bytes, uidiv.o(.text), UNUSED)
<BR><BR>[Called By]<UL><LI><a href="#[1bd]">&gt;&gt;</a>&nbsp;&nbsp;&nbsp;_printf_core
</UL>

<P><STRONG><a name="[259]"></a>__I$use$fp</STRONG> (Thumb, 0 bytes, Stack size 0 bytes, iusefp.o(.text), UNUSED)

<P><STRONG><a name="[6a]"></a>_float_round</STRONG> (Thumb, 18 bytes, Stack size 0 bytes, fepilogue.o(.text))
<BR><BR>[Called By]<UL><LI><a href="#[68]">&gt;&gt;</a>&nbsp;&nbsp;&nbsp;__aeabi_fadd
<LI><a href="#[72]">&gt;&gt;</a>&nbsp;&nbsp;&nbsp;__aeabi_d2f
</UL>

<P><STRONG><a name="[69]"></a>_float_epilogue</STRONG> (Thumb, 92 bytes, Stack size 4 bytes, fepilogue.o(.text))
<BR><BR>[Stack]<UL><LI>Max Depth = 4<LI>Call Chain = _float_epilogue
</UL>
<BR>[Called By]<UL><LI><a href="#[6f]">&gt;&gt;</a>&nbsp;&nbsp;&nbsp;__aeabi_ui2f
<LI><a href="#[68]">&gt;&gt;</a>&nbsp;&nbsp;&nbsp;__aeabi_fadd
</UL>

<P><STRONG><a name="[6e]"></a>_double_round</STRONG> (Thumb, 30 bytes, Stack size 8 bytes, depilogue.o(.text))
<BR><BR>[Stack]<UL><LI>Max Depth = 8<LI>Call Chain = _double_round
</UL>
<BR>[Called By]<UL><LI><a href="#[6d]">&gt;&gt;</a>&nbsp;&nbsp;&nbsp;__aeabi_ddiv
<LI><a href="#[71]">&gt;&gt;</a>&nbsp;&nbsp;&nbsp;_double_epilogue
<LI><a href="#[75]">&gt;&gt;</a>&nbsp;&nbsp;&nbsp;__aeabi_dadd
</UL>

<P><STRONG><a name="[71]"></a>_double_epilogue</STRONG> (Thumb, 156 bytes, Stack size 32 bytes, depilogue.o(.text))
<BR><BR>[Stack]<UL><LI>Max Depth = 40<LI>Call Chain = _double_epilogue &rArr; _double_round
</UL>
<BR>[Calls]<UL><LI><a href="#[74]">&gt;&gt;</a>&nbsp;&nbsp;&nbsp;__aeabi_llsr
<LI><a href="#[73]">&gt;&gt;</a>&nbsp;&nbsp;&nbsp;__aeabi_llsl
<LI><a href="#[6e]">&gt;&gt;</a>&nbsp;&nbsp;&nbsp;_double_round
</UL>
<BR>[Called By]<UL><LI><a href="#[70]">&gt;&gt;</a>&nbsp;&nbsp;&nbsp;__aeabi_ui2d
<LI><a href="#[79]">&gt;&gt;</a>&nbsp;&nbsp;&nbsp;__aeabi_dmul
<LI><a href="#[75]">&gt;&gt;</a>&nbsp;&nbsp;&nbsp;__aeabi_dadd
</UL>

<P><STRONG><a name="[75]"></a>__aeabi_dadd</STRONG> (Thumb, 322 bytes, Stack size 48 bytes, dadd.o(.text), UNUSED)
<BR><BR>[Calls]<UL><LI><a href="#[76]">&gt;&gt;</a>&nbsp;&nbsp;&nbsp;__aeabi_lasr
<LI><a href="#[73]">&gt;&gt;</a>&nbsp;&nbsp;&nbsp;__aeabi_llsl
<LI><a href="#[71]">&gt;&gt;</a>&nbsp;&nbsp;&nbsp;_double_epilogue
<LI><a href="#[6e]">&gt;&gt;</a>&nbsp;&nbsp;&nbsp;_double_round
</UL>
<BR>[Called By]<UL><LI><a href="#[78]">&gt;&gt;</a>&nbsp;&nbsp;&nbsp;__aeabi_drsub
<LI><a href="#[77]">&gt;&gt;</a>&nbsp;&nbsp;&nbsp;__aeabi_dsub
</UL>

<P><STRONG><a name="[77]"></a>__aeabi_dsub</STRONG> (Thumb, 6 bytes, Stack size 0 bytes, dadd.o(.text), UNUSED)
<BR><BR>[Calls]<UL><LI><a href="#[75]">&gt;&gt;</a>&nbsp;&nbsp;&nbsp;__aeabi_dadd
</UL>

<P><STRONG><a name="[78]"></a>__aeabi_drsub</STRONG> (Thumb, 6 bytes, Stack size 0 bytes, dadd.o(.text), UNUSED)
<BR><BR>[Calls]<UL><LI><a href="#[75]">&gt;&gt;</a>&nbsp;&nbsp;&nbsp;__aeabi_dadd
</UL>

<P><STRONG><a name="[79]"></a>__aeabi_dmul</STRONG> (Thumb, 228 bytes, Stack size 48 bytes, dmul.o(.text), UNUSED)
<BR><BR>[Calls]<UL><LI><a href="#[71]">&gt;&gt;</a>&nbsp;&nbsp;&nbsp;_double_epilogue
</UL>

<P><STRONG><a name="[7a]"></a>__aeabi_d2ulz</STRONG> (Thumb, 48 bytes, Stack size 0 bytes, dfixul.o(.text), UNUSED)
<BR><BR>[Calls]<UL><LI><a href="#[74]">&gt;&gt;</a>&nbsp;&nbsp;&nbsp;__aeabi_llsr
<LI><a href="#[73]">&gt;&gt;</a>&nbsp;&nbsp;&nbsp;__aeabi_llsl
</UL>

<P><STRONG><a name="[25a]"></a>__aeabi_cdrcmple</STRONG> (Thumb, 48 bytes, Stack size 0 bytes, cdrcmple.o(.text), UNUSED)

<P><STRONG><a name="[73]"></a>__aeabi_llsl</STRONG> (Thumb, 30 bytes, Stack size 0 bytes, llshl.o(.text))
<BR><BR>[Called By]<UL><LI><a href="#[71]">&gt;&gt;</a>&nbsp;&nbsp;&nbsp;_double_epilogue
<LI><a href="#[75]">&gt;&gt;</a>&nbsp;&nbsp;&nbsp;__aeabi_dadd
<LI><a href="#[7a]">&gt;&gt;</a>&nbsp;&nbsp;&nbsp;__aeabi_d2ulz
</UL>

<P><STRONG><a name="[25b]"></a>_ll_shift_l</STRONG> (Thumb, 0 bytes, Stack size 0 bytes, llshl.o(.text), UNUSED)

<P><STRONG><a name="[74]"></a>__aeabi_llsr</STRONG> (Thumb, 32 bytes, Stack size 0 bytes, llushr.o(.text))
<BR><BR>[Called By]<UL><LI><a href="#[71]">&gt;&gt;</a>&nbsp;&nbsp;&nbsp;_double_epilogue
<LI><a href="#[7a]">&gt;&gt;</a>&nbsp;&nbsp;&nbsp;__aeabi_d2ulz
</UL>

<P><STRONG><a name="[25c]"></a>_ll_ushift_r</STRONG> (Thumb, 0 bytes, Stack size 0 bytes, llushr.o(.text), UNUSED)

<P><STRONG><a name="[76]"></a>__aeabi_lasr</STRONG> (Thumb, 36 bytes, Stack size 0 bytes, llsshr.o(.text), UNUSED)
<BR><BR>[Called By]<UL><LI><a href="#[75]">&gt;&gt;</a>&nbsp;&nbsp;&nbsp;__aeabi_dadd
</UL>

<P><STRONG><a name="[25d]"></a>_ll_sshift_r</STRONG> (Thumb, 0 bytes, Stack size 0 bytes, llsshr.o(.text), UNUSED)

<P><STRONG><a name="[25e]"></a>ADC_AnalogWatchdogCmd</STRONG> (Thumb, 16 bytes, Stack size 0 bytes, stm32f4xx_adc.o(i.ADC_AnalogWatchdogCmd), UNUSED)

<P><STRONG><a name="[25f]"></a>ADC_AnalogWatchdogSingleChannelConfig</STRONG> (Thumb, 16 bytes, Stack size 0 bytes, stm32f4xx_adc.o(i.ADC_AnalogWatchdogSingleChannelConfig), UNUSED)

<P><STRONG><a name="[260]"></a>ADC_AnalogWatchdogThresholdsConfig</STRONG> (Thumb, 6 bytes, Stack size 0 bytes, stm32f4xx_adc.o(i.ADC_AnalogWatchdogThresholdsConfig), UNUSED)

<P><STRONG><a name="[261]"></a>ADC_AutoInjectedConvCmd</STRONG> (Thumb, 22 bytes, Stack size 0 bytes, stm32f4xx_adc.o(i.ADC_AutoInjectedConvCmd), UNUSED)

<P><STRONG><a name="[262]"></a>ADC_ClearFlag</STRONG> (Thumb, 6 bytes, Stack size 0 bytes, stm32f4xx_adc.o(i.ADC_ClearFlag), UNUSED)

<P><STRONG><a name="[263]"></a>ADC_ClearITPendingBit</STRONG> (Thumb, 10 bytes, Stack size 0 bytes, stm32f4xx_adc.o(i.ADC_ClearITPendingBit), UNUSED)

<P><STRONG><a name="[264]"></a>ADC_Cmd</STRONG> (Thumb, 22 bytes, Stack size 0 bytes, stm32f4xx_adc.o(i.ADC_Cmd), UNUSED)

<P><STRONG><a name="[265]"></a>ADC_CommonInit</STRONG> (Thumb, 34 bytes, Stack size 0 bytes, stm32f4xx_adc.o(i.ADC_CommonInit), UNUSED)

<P><STRONG><a name="[266]"></a>ADC_CommonStructInit</STRONG> (Thumb, 12 bytes, Stack size 0 bytes, stm32f4xx_adc.o(i.ADC_CommonStructInit), UNUSED)

<P><STRONG><a name="[267]"></a>ADC_ContinuousModeCmd</STRONG> (Thumb, 22 bytes, Stack size 0 bytes, stm32f4xx_adc.o(i.ADC_ContinuousModeCmd), UNUSED)

<P><STRONG><a name="[268]"></a>ADC_DMACmd</STRONG> (Thumb, 22 bytes, Stack size 0 bytes, stm32f4xx_adc.o(i.ADC_DMACmd), UNUSED)

<P><STRONG><a name="[269]"></a>ADC_DMARequestAfterLastTransferCmd</STRONG> (Thumb, 22 bytes, Stack size 0 bytes, stm32f4xx_adc.o(i.ADC_DMARequestAfterLastTransferCmd), UNUSED)

<P><STRONG><a name="[7b]"></a>ADC_DeInit</STRONG> (Thumb, 22 bytes, Stack size 8 bytes, stm32f4xx_adc.o(i.ADC_DeInit), UNUSED)
<BR><BR>[Calls]<UL><LI><a href="#[7c]">&gt;&gt;</a>&nbsp;&nbsp;&nbsp;RCC_APB2PeriphResetCmd
</UL>

<P><STRONG><a name="[26a]"></a>ADC_DiscModeChannelCountConfig</STRONG> (Thumb, 24 bytes, Stack size 8 bytes, stm32f4xx_adc.o(i.ADC_DiscModeChannelCountConfig), UNUSED)

<P><STRONG><a name="[26b]"></a>ADC_DiscModeCmd</STRONG> (Thumb, 22 bytes, Stack size 0 bytes, stm32f4xx_adc.o(i.ADC_DiscModeCmd), UNUSED)

<P><STRONG><a name="[26c]"></a>ADC_EOCOnEachRegularChannelCmd</STRONG> (Thumb, 22 bytes, Stack size 0 bytes, stm32f4xx_adc.o(i.ADC_EOCOnEachRegularChannelCmd), UNUSED)

<P><STRONG><a name="[26d]"></a>ADC_ExternalTrigInjectedConvConfig</STRONG> (Thumb, 16 bytes, Stack size 0 bytes, stm32f4xx_adc.o(i.ADC_ExternalTrigInjectedConvConfig), UNUSED)

<P><STRONG><a name="[26e]"></a>ADC_ExternalTrigInjectedConvEdgeConfig</STRONG> (Thumb, 16 bytes, Stack size 0 bytes, stm32f4xx_adc.o(i.ADC_ExternalTrigInjectedConvEdgeConfig), UNUSED)

<P><STRONG><a name="[26f]"></a>ADC_GetConversionValue</STRONG> (Thumb, 8 bytes, Stack size 0 bytes, stm32f4xx_adc.o(i.ADC_GetConversionValue), UNUSED)

<P><STRONG><a name="[270]"></a>ADC_GetFlagStatus</STRONG> (Thumb, 18 bytes, Stack size 0 bytes, stm32f4xx_adc.o(i.ADC_GetFlagStatus), UNUSED)

<P><STRONG><a name="[271]"></a>ADC_GetITStatus</STRONG> (Thumb, 38 bytes, Stack size 16 bytes, stm32f4xx_adc.o(i.ADC_GetITStatus), UNUSED)

<P><STRONG><a name="[272]"></a>ADC_GetInjectedConversionValue</STRONG> (Thumb, 28 bytes, Stack size 8 bytes, stm32f4xx_adc.o(i.ADC_GetInjectedConversionValue), UNUSED)

<P><STRONG><a name="[273]"></a>ADC_GetMultiModeConversionValue</STRONG> (Thumb, 6 bytes, Stack size 0 bytes, stm32f4xx_adc.o(i.ADC_GetMultiModeConversionValue), UNUSED)

<P><STRONG><a name="[274]"></a>ADC_GetSoftwareStartConvStatus</STRONG> (Thumb, 20 bytes, Stack size 0 bytes, stm32f4xx_adc.o(i.ADC_GetSoftwareStartConvStatus), UNUSED)

<P><STRONG><a name="[275]"></a>ADC_GetSoftwareStartInjectedConvCmdStatus</STRONG> (Thumb, 20 bytes, Stack size 0 bytes, stm32f4xx_adc.o(i.ADC_GetSoftwareStartInjectedConvCmdStatus), UNUSED)

<P><STRONG><a name="[276]"></a>ADC_ITConfig</STRONG> (Thumb, 32 bytes, Stack size 8 bytes, stm32f4xx_adc.o(i.ADC_ITConfig), UNUSED)

<P><STRONG><a name="[277]"></a>ADC_Init</STRONG> (Thumb, 74 bytes, Stack size 12 bytes, stm32f4xx_adc.o(i.ADC_Init), UNUSED)

<P><STRONG><a name="[278]"></a>ADC_InjectedChannelConfig</STRONG> (Thumb, 130 bytes, Stack size 20 bytes, stm32f4xx_adc.o(i.ADC_InjectedChannelConfig), UNUSED)

<P><STRONG><a name="[279]"></a>ADC_InjectedDiscModeCmd</STRONG> (Thumb, 22 bytes, Stack size 0 bytes, stm32f4xx_adc.o(i.ADC_InjectedDiscModeCmd), UNUSED)

<P><STRONG><a name="[27a]"></a>ADC_InjectedSequencerLengthConfig</STRONG> (Thumb, 24 bytes, Stack size 8 bytes, stm32f4xx_adc.o(i.ADC_InjectedSequencerLengthConfig), UNUSED)

<P><STRONG><a name="[27b]"></a>ADC_MultiModeDMARequestAfterLastTransferCmd</STRONG> (Thumb, 34 bytes, Stack size 0 bytes, stm32f4xx_adc.o(i.ADC_MultiModeDMARequestAfterLastTransferCmd), UNUSED)

<P><STRONG><a name="[27c]"></a>ADC_RegularChannelConfig</STRONG> (Thumb, 184 bytes, Stack size 20 bytes, stm32f4xx_adc.o(i.ADC_RegularChannelConfig), UNUSED)

<P><STRONG><a name="[27d]"></a>ADC_SetInjectedOffset</STRONG> (Thumb, 20 bytes, Stack size 8 bytes, stm32f4xx_adc.o(i.ADC_SetInjectedOffset), UNUSED)

<P><STRONG><a name="[27e]"></a>ADC_SoftwareStartConv</STRONG> (Thumb, 10 bytes, Stack size 0 bytes, stm32f4xx_adc.o(i.ADC_SoftwareStartConv), UNUSED)

<P><STRONG><a name="[27f]"></a>ADC_SoftwareStartInjectedConv</STRONG> (Thumb, 10 bytes, Stack size 0 bytes, stm32f4xx_adc.o(i.ADC_SoftwareStartInjectedConv), UNUSED)

<P><STRONG><a name="[280]"></a>ADC_StructInit</STRONG> (Thumb, 20 bytes, Stack size 0 bytes, stm32f4xx_adc.o(i.ADC_StructInit), UNUSED)

<P><STRONG><a name="[281]"></a>ADC_TempSensorVrefintCmd</STRONG> (Thumb, 34 bytes, Stack size 0 bytes, stm32f4xx_adc.o(i.ADC_TempSensorVrefintCmd), UNUSED)

<P><STRONG><a name="[282]"></a>ADC_VBATCmd</STRONG> (Thumb, 34 bytes, Stack size 0 bytes, stm32f4xx_adc.o(i.ADC_VBATCmd), UNUSED)

<P><STRONG><a name="[7d]"></a>ALL_Init</STRONG> (Thumb, 36 bytes, Stack size 8 bytes, final.o(i.ALL_Init))
<BR><BR>[Stack]<UL><LI>Max Depth = 104<LI>Call Chain = ALL_Init &rArr; bluetooth_Init &rArr; USART_Config &rArr; __aeabi_ui2d &rArr; _double_epilogue &rArr; _double_round
</UL>
<BR>[Calls]<UL><LI><a href="#[7f]">&gt;&gt;</a>&nbsp;&nbsp;&nbsp;TIM_DELAY_INIT
<LI><a href="#[80]">&gt;&gt;</a>&nbsp;&nbsp;&nbsp;Unlock_ALL_ESC
<LI><a href="#[83]">&gt;&gt;</a>&nbsp;&nbsp;&nbsp;PPM_Init
<LI><a href="#[82]">&gt;&gt;</a>&nbsp;&nbsp;&nbsp;OLED_Init
<LI><a href="#[7e]">&gt;&gt;</a>&nbsp;&nbsp;&nbsp;MOTOR_Init
<LI><a href="#[81]">&gt;&gt;</a>&nbsp;&nbsp;&nbsp;GY86_Init
<LI><a href="#[84]">&gt;&gt;</a>&nbsp;&nbsp;&nbsp;bluetooth_Init
</UL>
<BR>[Called By]<UL><LI><a href="#[67]">&gt;&gt;</a>&nbsp;&nbsp;&nbsp;mymain
</UL>

<P><STRONG><a name="[283]"></a>CAN_CancelTransmit</STRONG> (Thumb, 48 bytes, Stack size 0 bytes, stm32f4xx_can.o(i.CAN_CancelTransmit), UNUSED)

<P><STRONG><a name="[284]"></a>CAN_ClearFlag</STRONG> (Thumb, 52 bytes, Stack size 0 bytes, stm32f4xx_can.o(i.CAN_ClearFlag), UNUSED)

<P><STRONG><a name="[285]"></a>CAN_ClearITPendingBit</STRONG> (Thumb, 162 bytes, Stack size 0 bytes, stm32f4xx_can.o(i.CAN_ClearITPendingBit), UNUSED)

[...]

<P><STRONG><a name="[2f]"></a>USART1_IRQHandler</STRONG> (Thumb, 42 bytes, Stack size 8 bytes, bluetooth.o(i.USART1_IRQHandler))
<BR><BR>[Stack]<UL><LI>Max Depth = 16 + Unknown Stack Size
<LI>Call Chain = USART1_IRQHandler &rArr; OSIntExit
</UL>
<BR>[Calls]<UL><LI><a href="#[119]">&gt;&gt;</a>&nbsp;&nbsp;&nbsp;OSIntExit
<LI><a href="#[1a1]">&gt;&gt;</a>&nbsp;&nbsp;&nbsp;OSIntEnter
</UL>
<BR>[Address Reference Count : 1]<UL><LI> startup.o(RESET)
</UL>
<P><STRONG><a name="[465]"></a>USART_ClearFlag</STRONG> (Thumb, 18 bytes, Stack size 0 bytes, stm32f4xx_usart.o(i.USART_ClearFlag), UNUSED)

<P><STRONG><a name="[466]"></a>USART_ClearITPendingBit</STRONG> (Thumb, 30 bytes, Stack size 8 bytes, stm32f4xx_usart.o(i.USART_ClearITPendingBit), UNUSED)

<P><STRONG><a name="[467]"></a>USART_ClockInit</STRONG> (Thumb, 32 bytes, Stack size 8 bytes, stm32f4xx_usart.o(i.USART_ClockInit), UNUSED)

<P><STRONG><a name="[468]"></a>USART_ClockStructInit</STRONG> (Thumb, 12 bytes, Stack size 0 bytes, stm32f4xx_usart.o(i.USART_ClockStructInit), UNUSED)

<P><STRONG><a name="[469]"></a>USART_Cmd</STRONG> (Thumb, 24 bytes, Stack size 0 bytes, stm32f4xx_usart.o(i.USART_Cmd), UNUSED)

<P><STRONG><a name="[1b5]"></a>USART_Config</STRONG> (Thumb, 322 bytes, Stack size 32 bytes, bluetooth.o(i.USART_Config))
<BR><BR>[Stack]<UL><LI>Max Depth = 88<LI>Call Chain = USART_Config &rArr; __aeabi_ui2d &rArr; _double_epilogue &rArr; _double_round
</UL>
<BR>[Calls]<UL><LI><a href="#[6f]">&gt;&gt;</a>&nbsp;&nbsp;&nbsp;__aeabi_ui2f
<LI><a href="#[70]">&gt;&gt;</a>&nbsp;&nbsp;&nbsp;__aeabi_ui2d
<LI><a href="#[6c]">&gt;&gt;</a>&nbsp;&nbsp;&nbsp;__aeabi_frsub
<LI><a href="#[1b7]">&gt;&gt;</a>&nbsp;&nbsp;&nbsp;__aeabi_fmul
<LI><a href="#[68]">&gt;&gt;</a>&nbsp;&nbsp;&nbsp;__aeabi_fadd
<LI><a href="#[1b6]">&gt;&gt;</a>&nbsp;&nbsp;&nbsp;__aeabi_f2uiz
<LI><a href="#[6d]">&gt;&gt;</a>&nbsp;&nbsp;&nbsp;__aeabi_ddiv
<LI><a href="#[72]">&gt;&gt;</a>&nbsp;&nbsp;&nbsp;__aeabi_d2f
</UL>
<BR>[Called By]<UL><LI><a href="#[84]">&gt;&gt;</a>&nbsp;&nbsp;&nbsp;bluetooth_Init
</UL>

<P><STRONG><a name="[46a]"></a>USART_DMACmd</STRONG> (Thumb, 18 bytes, Stack size 0 bytes, stm32f4xx_usart.o(i.USART_DMACmd), UNUSED)

<P><STRONG><a name="[1b8]"></a>USART_DeInit</STRONG> (Thumb, 206 bytes, Stack size 8 bytes, stm32f4xx_usart.o(i.USART_DeInit), UNUSED)
<BR><BR>[Calls]<UL><LI><a href="#[86]">&gt;&gt;</a>&nbsp;&nbsp;&nbsp;RCC_APB1PeriphResetCmd
<LI><a href="#[7c]">&gt;&gt;</a>&nbsp;&nbsp;&nbsp;RCC_APB2PeriphResetCmd
</UL>

<P><STRONG><a name="[1bf]"></a>USART_GPIO_Init</STRONG> (Thumb, 92 bytes, Stack size 0 bytes, bluetooth.o(i.USART_GPIO_Init))
<BR><BR>[Called By]<UL><LI><a href="#[84]">&gt;&gt;</a>&nbsp;&nbsp;&nbsp;bluetooth_Init
</UL>

<P><STRONG><a name="[46b]"></a>USART_GetFlagStatus</STRONG> (Thumb, 26 bytes, Stack size 0 bytes, stm32f4xx_usart.o(i.USART_GetFlagStatus), UNUSED)

<P><STRONG><a name="[46c]"></a>USART_GetITStatus</STRONG> (Thumb, 84 bytes, Stack size 16 bytes, stm32f4xx_usart.o(i.USART_GetITStatus), UNUSED)

<P><STRONG><a name="[46d]"></a>USART_HalfDuplexCmd</STRONG> (Thumb, 24 bytes, Stack size 0 bytes, stm32f4xx_usart.o(i.USART_HalfDuplexCmd), UNUSED)

<P><STRONG><a name="[46e]"></a>USART_ITConfig</STRONG> (Thumb, 74 bytes, Stack size 20 bytes, stm32f4xx_usart.o(i.USART_ITConfig), UNUSED)

<P><STRONG><a name="[1b9]"></a>USART_Init</STRONG> (Thumb, 204 bytes, Stack size 48 bytes, stm32f4xx_usart.o(i.USART_Init), UNUSED)
<BR><BR>[Calls]<UL><LI><a href="#[da]">&gt;&gt;</a>&nbsp;&nbsp;&nbsp;RCC_GetClocksFreq
</UL>

<P><STRONG><a name="[46f]"></a>USART_IrDACmd</STRONG> (Thumb, 24 bytes, Stack size 0 bytes, stm32f4xx_usart.o(i.USART_IrDACmd), UNUSED)

<P><STRONG><a name="[470]"></a>USART_IrDAConfig</STRONG> (Thumb, 18 bytes, Stack size 0 bytes, stm32f4xx_usart.o(i.USART_IrDAConfig), UNUSED)

<P><STRONG><a name="[471]"></a>USART_LINBreakDetectLengthConfig</STRONG> (Thumb, 18 bytes, Stack size 0 bytes, stm32f4xx_usart.o(i.USART_LINBreakDetectLengthConfig), UNUSED)

<P><STRONG><a name="[472]"></a>USART_LINCmd</STRONG> (Thumb, 24 bytes, Stack size 0 bytes, stm32f4xx_usart.o(i.USART_LINCmd), UNUSED)

<P><STRONG><a name="[473]"></a>USART_OneBitMethodCmd</STRONG> (Thumb, 24 bytes, Stack size 0 bytes, stm32f4xx_usart.o(i.USART_OneBitMethodCmd), UNUSED)

<P><STRONG><a name="[474]"></a>USART_OverSampling8Cmd</STRONG> (Thumb, 22 bytes, Stack size 0 bytes, stm32f4xx_usart.o(i.USART_OverSampling8Cmd), UNUSED)

<P><STRONG><a name="[475]"></a>USART_ReceiveData</STRONG> (Thumb, 10 bytes, Stack size 0 bytes, stm32f4xx_usart.o(i.USART_ReceiveData), UNUSED)

<P><STRONG><a name="[476]"></a>USART_ReceiverWakeUpCmd</STRONG> (Thumb, 24 bytes, Stack size 0 bytes, stm32f4xx_usart.o(i.USART_ReceiverWakeUpCmd), UNUSED)

<P><STRONG><a name="[477]"></a>USART_SendBreak</STRONG> (Thumb, 10 bytes, Stack size 0 bytes, stm32f4xx_usart.o(i.USART_SendBreak), UNUSED)

<P><STRONG><a name="[cb]"></a>USART_SendByte</STRONG> (Thumb, 20 bytes, Stack size 0 bytes, bluetooth.o(i.USART_SendByte))
<BR><BR>[Called By]<UL><LI><a href="#[c5]">&gt;&gt;</a>&nbsp;&nbsp;&nbsp;GY86_Show
</UL>

<P><STRONG><a name="[478]"></a>USART_SendData</STRONG> (Thumb, 8 bytes, Stack size 0 bytes, stm32f4xx_usart.o(i.USART_SendData), UNUSED)

<P><STRONG><a name="[479]"></a>USART_SetAddress</STRONG> (Thumb, 18 bytes, Stack size 0 bytes, stm32f4xx_usart.o(i.USART_SetAddress), UNUSED)

<P><STRONG><a name="[47a]"></a>USART_SetGuardTime</STRONG> (Thumb, 16 bytes, Stack size 0 bytes, stm32f4xx_usart.o(i.USART_SetGuardTime), UNUSED)

<P><STRONG><a name="[47b]"></a>USART_SetPrescaler</STRONG> (Thumb, 16 bytes, Stack size 0 bytes, stm32f4xx_usart.o(i.USART_SetPrescaler), UNUSED)

<P><STRONG><a name="[47c]"></a>USART_SmartCardCmd</STRONG> (Thumb, 24 bytes, Stack size 0 bytes, stm32f4xx_usart.o(i.USART_SmartCardCmd), UNUSED)

<P><STRONG><a name="[47d]"></a>USART_SmartCardNACKCmd</STRONG> (Thumb, 24 bytes, Stack size 0 bytes, stm32f4xx_usart.o(i.USART_SmartCardNACKCmd), UNUSED)

<P><STRONG><a name="[47e]"></a>USART_StructInit</STRONG> (Thumb, 24 bytes, Stack size 0 bytes, stm32f4xx_usart.o(i.USART_StructInit), UNUSED)

<P><STRONG><a name="[47f]"></a>USART_WakeUpConfig</STRONG> (Thumb, 18 bytes, Stack size 0 bytes, stm32f4xx_usart.o(i.USART_WakeUpConfig), UNUSED)

<P><STRONG><a name="[80]"></a>Unlock_ALL_ESC</STRONG> (Thumb, 96 bytes, Stack size 8 bytes, motor.o(i.Unlock_ALL_ESC))
<BR><BR>[Stack]<UL><LI>Max Depth = 20<LI>Call Chain = Unlock_ALL_ESC &rArr; Delay_s &rArr; Delay_ms
</UL>
<BR>[Calls]<UL><LI><a href="#[a4]">&gt;&gt;</a>&nbsp;&nbsp;&nbsp;Delay_s
<LI><a href="#[df]">&gt;&gt;</a>&nbsp;&nbsp;&nbsp;PWM_SetCompare
</UL>
<BR>[Called By]<UL><LI><a href="#[7d]">&gt;&gt;</a>&nbsp;&nbsp;&nbsp;ALL_Init
</UL>

<P><STRONG><a name="[1ba]"></a>Unlock_ESC</STRONG> (Thumb, 38 bytes, Stack size 8 bytes, motor.o(i.Unlock_ESC), UNUSED)
<BR><BR>[Calls]<UL><LI><a href="#[a4]">&gt;&gt;</a>&nbsp;&nbsp;&nbsp;Delay_s
<LI><a href="#[df]">&gt;&gt;</a>&nbsp;&nbsp;&nbsp;PWM_SetCompare
</UL>

<P><STRONG><a name="[480]"></a>WWDG_ClearFlag</STRONG> (Thumb, 8 bytes, Stack size 0 bytes, stm32f4xx_wwdg.o(i.WWDG_ClearFlag), UNUSED)

<P><STRONG><a name="[1bb]"></a>WWDG_DeInit</STRONG> (Thumb, 22 bytes, Stack size 8 bytes, stm32f4xx_wwdg.o(i.WWDG_DeInit), UNUSED)
<BR><BR>[Calls]<UL><LI><a href="#[86]">&gt;&gt;</a>&nbsp;&nbsp;&nbsp;RCC_APB1PeriphResetCmd
</UL>

<P><STRONG><a name="[481]"></a>WWDG_Enable</STRONG> (Thumb, 10 bytes, Stack size 0 bytes, stm32f4xx_wwdg.o(i.WWDG_Enable), UNUSED)

<P><STRONG><a name="[482]"></a>WWDG_EnableIT</STRONG> (Thumb, 8 bytes, Stack size 0 bytes, stm32f4xx_wwdg.o(i.WWDG_EnableIT), UNUSED)

<P><STRONG><a name="[483]"></a>WWDG_GetFlagStatus</STRONG> (Thumb, 16 bytes, Stack size 0 bytes, stm32f4xx_wwdg.o(i.WWDG_GetFlagStatus), UNUSED)

<P><STRONG><a name="[484]"></a>WWDG_SetCounter</STRONG> (Thumb, 10 bytes, Stack size 0 bytes, stm32f4xx_wwdg.o(i.WWDG_SetCounter), UNUSED)

<P><STRONG><a name="[485]"></a>WWDG_SetPrescaler</STRONG> (Thumb, 18 bytes, Stack size 0 bytes, stm32f4xx_wwdg.o(i.WWDG_SetPrescaler), UNUSED)

<P><STRONG><a name="[486]"></a>WWDG_SetWindowValue</STRONG> (Thumb, 34 bytes, Stack size 8 bytes, stm32f4xx_wwdg.o(i.WWDG_SetWindowValue), UNUSED)

<P><STRONG><a name="[1bc]"></a>__0sprintf$1</STRONG> (Thumb, 34 bytes, Stack size 24 bytes, printf1.o(i.__0sprintf$1), UNUSED)
<BR><BR>[Calls]<UL><LI><a href="#[62]">&gt;&gt;</a>&nbsp;&nbsp;&nbsp;_sputc
<LI><a href="#[1bd]">&gt;&gt;</a>&nbsp;&nbsp;&nbsp;_printf_core
</UL>

<P><STRONG><a name="[487]"></a>__1sprintf$1</STRONG> (Thumb, 0 bytes, Stack size 24 bytes, printf1.o(i.__0sprintf$1), UNUSED)

<P><STRONG><a name="[ca]"></a>__2sprintf</STRONG> (Thumb, 0 bytes, Stack size 24 bytes, printf1.o(i.__0sprintf$1))
<BR><BR>[Stack]<UL><LI>Max Depth = 24<LI>Call Chain = __2sprintf
</UL>
<BR>[Called By]<UL><LI><a href="#[c5]">&gt;&gt;</a>&nbsp;&nbsp;&nbsp;GY86_Show
</UL>

<P><STRONG><a name="[84]"></a>bluetooth_Init</STRONG> (Thumb, 16 bytes, Stack size 8 bytes, bluetooth.o(i.bluetooth_Init))
<BR><BR>[Stack]<UL><LI>Max Depth = 96<LI>Call Chain = bluetooth_Init &rArr; USART_Config &rArr; __aeabi_ui2d &rArr; _double_epilogue &rArr; _double_round
</UL>
<BR>[Calls]<UL><LI><a href="#[1bf]">&gt;&gt;</a>&nbsp;&nbsp;&nbsp;USART_GPIO_Init
<LI><a href="#[1b5]">&gt;&gt;</a>&nbsp;&nbsp;&nbsp;USART_Config
</UL>
<BR>[Called By]<UL><LI><a href="#[7d]">&gt;&gt;</a>&nbsp;&nbsp;&nbsp;ALL_Init
</UL>

<P><STRONG><a name="[1c0]"></a>led_init</STRONG> (Thumb, 46 bytes, Stack size 0 bytes, led.o(i.led_init))
<BR><BR>[Called By]<UL><LI><a href="#[67]">&gt;&gt;</a>&nbsp;&nbsp;&nbsp;mymain
</UL>

<P><STRONG><a name="[1b4]"></a>led_off</STRONG> (Thumb, 14 bytes, Stack size 0 bytes, led.o(i.led_off))
<BR><BR>[Called By]<UL><LI><a href="#[64]">&gt;&gt;</a>&nbsp;&nbsp;&nbsp;Task2
</UL>

<P><STRONG><a name="[1b3]"></a>led_on</STRONG> (Thumb, 14 bytes, Stack size 0 bytes, led.o(i.led_on))
<BR><BR>[Called By]<UL><LI><a href="#[63]">&gt;&gt;</a>&nbsp;&nbsp;&nbsp;Task1
</UL>

<P><STRONG><a name="[67]"></a>mymain</STRONG> (Thumb, 68 bytes, Stack size 8 bytes, main.o(i.mymain))
<BR><BR>[Stack]<UL><LI>Max Depth = 168 + Unknown Stack Size
<LI>Call Chain = mymain &rArr; OSInit &rArr; OSTmr_Init &rArr; OSTmr_InitTask &rArr; OSTaskCreateExt &rArr; OS_TCBInit
</UL>
<BR>[Calls]<UL><LI><a href="#[1c0]">&gt;&gt;</a>&nbsp;&nbsp;&nbsp;led_init
<LI><a href="#[14e]">&gt;&gt;</a>&nbsp;&nbsp;&nbsp;OSTaskCreate
<LI><a href="#[149]">&gt;&gt;</a>&nbsp;&nbsp;&nbsp;OSStart
<LI><a href="#[10b]">&gt;&gt;</a>&nbsp;&nbsp;&nbsp;OSInit
<LI><a href="#[7d]">&gt;&gt;</a>&nbsp;&nbsp;&nbsp;ALL_Init
</UL>
<BR>[Called By]<UL><LI><a href="#[0]">&gt;&gt;</a>&nbsp;&nbsp;&nbsp;Reset_Handler
</UL>

<P><STRONG><a name="[1c1]"></a>test</STRONG> (Thumb, 48 bytes, Stack size 8 bytes, final.o(i.test), UNUSED)
<BR><BR>[Calls]<UL><LI><a href="#[c5]">&gt;&gt;</a>&nbsp;&nbsp;&nbsp;GY86_Show
<LI><a href="#[df]">&gt;&gt;</a>&nbsp;&nbsp;&nbsp;PWM_SetCompare
</UL>
<P>
<H3>
Local Symbols
</H3>
<P><STRONG><a name="[110]"></a>OS_InitEventList</STRONG> (Thumb, 82 bytes, Stack size 16 bytes, os_core.o(i.OS_InitEventList))
<BR><BR>[Stack]<UL><LI>Max Depth = 16<LI>Call Chain = OS_InitEventList
</UL>
<BR>[Calls]<UL><LI><a href="#[173]">&gt;&gt;</a>&nbsp;&nbsp;&nbsp;OS_MemClr
</UL>
<BR>[Called By]<UL><LI><a href="#[10b]">&gt;&gt;</a>&nbsp;&nbsp;&nbsp;OSInit
</UL>

<P><STRONG><a name="[10d]"></a>OS_InitMisc</STRONG> (Thumb, 48 bytes, Stack size 0 bytes, os_core.o(i.OS_InitMisc))
<BR><BR>[Called By]<UL><LI><a href="#[10b]">&gt;&gt;</a>&nbsp;&nbsp;&nbsp;OSInit
</UL>

<P><STRONG><a name="[10e]"></a>OS_InitRdyList</STRONG> (Thumb, 44 bytes, Stack size 0 bytes, os_core.o(i.OS_InitRdyList))
<BR><BR>[Called By]<UL><LI><a href="#[10b]">&gt;&gt;</a>&nbsp;&nbsp;&nbsp;OSInit
</UL>

<P><STRONG><a name="[10f]"></a>OS_InitTCBList</STRONG> (Thumb, 106 bytes, Stack size 16 bytes, os_core.o(i.OS_InitTCBList))
<BR><BR>[Stack]<UL><LI>Max Depth = 16<LI>Call Chain = OS_InitTCBList
</UL>
<BR>[Calls]<UL><LI><a href="#[173]">&gt;&gt;</a>&nbsp;&nbsp;&nbsp;OS_MemClr
</UL>
<BR>[Called By]<UL><LI><a href="#[10b]">&gt;&gt;</a>&nbsp;&nbsp;&nbsp;OSInit
</UL>

<P><STRONG><a name="[114]"></a>OS_InitTaskIdle</STRONG> (Thumb, 50 bytes, Stack size 32 bytes, os_core.o(i.OS_InitTaskIdle))
<BR><BR>[Stack]<UL><LI>Max Depth = 128 + Unknown Stack Size
<LI>Call Chain = OS_InitTaskIdle &rArr; OSTaskCreateExt &rArr; OS_TCBInit
</UL>
<BR>[Calls]<UL><LI><a href="#[158]">&gt;&gt;</a>&nbsp;&nbsp;&nbsp;OSTaskNameSet
<LI><a href="#[151]">&gt;&gt;</a>&nbsp;&nbsp;&nbsp;OSTaskCreateExt
</UL>
<BR>[Called By]<UL><LI><a href="#[10b]">&gt;&gt;</a>&nbsp;&nbsp;&nbsp;OSInit
</UL>

<P><STRONG><a name="[115]"></a>OS_InitTaskStat</STRONG> (Thumb, 50 bytes, Stack size 32 bytes, os_core.o(i.OS_InitTaskStat))
<BR><BR>[Stack]<UL><LI>Max Depth = 128 + Unknown Stack Size
<LI>Call Chain = OS_InitTaskStat &rArr; OSTaskCreateExt &rArr; OS_TCBInit
</UL>
<BR>[Calls]<UL><LI><a href="#[158]">&gt;&gt;</a>&nbsp;&nbsp;&nbsp;OSTaskNameSet
<LI><a href="#[151]">&gt;&gt;</a>&nbsp;&nbsp;&nbsp;OSTaskCreateExt
</UL>
<BR>[Called By]<UL><LI><a href="#[10b]">&gt;&gt;</a>&nbsp;&nbsp;&nbsp;OSInit
</UL>

<P><STRONG><a name="[11a]"></a>OS_SchedNew</STRONG> (Thumb, 26 bytes, Stack size 0 bytes, os_core.o(i.OS_SchedNew))
<BR><BR>[Called By]<UL><LI><a href="#[fd]">&gt;&gt;</a>&nbsp;&nbsp;&nbsp;OS_Sched
<LI><a href="#[119]">&gt;&gt;</a>&nbsp;&nbsp;&nbsp;OSIntExit
<LI><a href="#[149]">&gt;&gt;</a>&nbsp;&nbsp;&nbsp;OSStart
</UL>

<P><STRONG><a name="[106]"></a>OS_FlagBlock</STRONG> (Thumb, 152 bytes, Stack size 20 bytes, os_flag.o(i.OS_FlagBlock), UNUSED)
<BR><BR>[Called By]<UL><LI><a href="#[105]">&gt;&gt;</a>&nbsp;&nbsp;&nbsp;OSFlagPend
</UL>

<P><STRONG><a name="[102]"></a>OS_FlagTaskRdy</STRONG> (Thumb, 88 bytes, Stack size 24 bytes, os_flag.o(i.OS_FlagTaskRdy), UNUSED)
<BR><BR>[Calls]<UL><LI><a href="#[107]">&gt;&gt;</a>&nbsp;&nbsp;&nbsp;OS_FlagUnlink
</UL>
<BR>[Called By]<UL><LI><a href="#[109]">&gt;&gt;</a>&nbsp;&nbsp;&nbsp;OSFlagPost
<LI><a href="#[101]">&gt;&gt;</a>&nbsp;&nbsp;&nbsp;OSFlagDel
</UL>

<P><STRONG><a name="[131]"></a>OSMutex_RdyAtPrio</STRONG> (Thumb, 114 bytes, Stack size 12 bytes, os_mutex.o(i.OSMutex_RdyAtPrio), UNUSED)
<BR><BR>[Called By]<UL><LI><a href="#[133]">&gt;&gt;</a>&nbsp;&nbsp;&nbsp;OSMutexPost
<LI><a href="#[130]">&gt;&gt;</a>&nbsp;&nbsp;&nbsp;OSMutexDel
</UL>

<P><STRONG><a name="[168]"></a>OSTmr_Alloc</STRONG> (Thumb, 50 bytes, Stack size 0 bytes, os_tmr.o(i.OSTmr_Alloc), UNUSED)
<BR><BR>[Called By]<UL><LI><a href="#[167]">&gt;&gt;</a>&nbsp;&nbsp;&nbsp;OSTmrCreate
</UL>

<P><STRONG><a name="[16b]"></a>OSTmr_Free</STRONG> (Thumb, 58 bytes, Stack size 0 bytes, os_tmr.o(i.OSTmr_Free), UNUSED)
<BR><BR>[Called By]<UL><LI><a href="#[169]">&gt;&gt;</a>&nbsp;&nbsp;&nbsp;OSTmrDel
</UL>

<P><STRONG><a name="[174]"></a>OSTmr_InitTask</STRONG> (Thumb, 50 bytes, Stack size 32 bytes, os_tmr.o(i.OSTmr_InitTask))
<BR><BR>[Stack]<UL><LI>Max Depth = 128 + Unknown Stack Size
<LI>Call Chain = OSTmr_InitTask &rArr; OSTaskCreateExt &rArr; OS_TCBInit
</UL>
<BR>[Calls]<UL><LI><a href="#[158]">&gt;&gt;</a>&nbsp;&nbsp;&nbsp;OSTaskNameSet
<LI><a href="#[151]">&gt;&gt;</a>&nbsp;&nbsp;&nbsp;OSTaskCreateExt
</UL>
<BR>[Called By]<UL><LI><a href="#[116]">&gt;&gt;</a>&nbsp;&nbsp;&nbsp;OSTmr_Init
</UL>

<P><STRONG><a name="[170]"></a>OSTmr_Link</STRONG> (Thumb, 106 bytes, Stack size 20 bytes, os_tmr.o(i.OSTmr_Link))
<BR><BR>[Stack]<UL><LI>Max Depth = 20<LI>Call Chain = OSTmr_Link
</UL>
<BR>[Called By]<UL><LI><a href="#[16f]">&gt;&gt;</a>&nbsp;&nbsp;&nbsp;OSTmrStart
<LI><a href="#[5f]">&gt;&gt;</a>&nbsp;&nbsp;&nbsp;OSTmr_Task
</UL>

<P><STRONG><a name="[5f]"></a>OSTmr_Task</STRONG> (Thumb, 120 bytes, Stack size 8 bytes, os_tmr.o(i.OSTmr_Task))
<BR><BR>[Stack]<UL><LI>Max Depth = 40 + Unknown Stack Size
<LI>Call Chain = OSTmr_Task &rArr; OSSemPend &rArr; OS_Sched
</UL>
<BR>[Calls]<UL><LI><a href="#[140]">&gt;&gt;</a>&nbsp;&nbsp;&nbsp;OSSchedUnlock
<LI><a href="#[13f]">&gt;&gt;</a>&nbsp;&nbsp;&nbsp;OSSchedLock
<LI><a href="#[16a]">&gt;&gt;</a>&nbsp;&nbsp;&nbsp;OSTmr_Unlink
<LI><a href="#[170]">&gt;&gt;</a>&nbsp;&nbsp;&nbsp;OSTmr_Link
<LI><a href="#[144]">&gt;&gt;</a>&nbsp;&nbsp;&nbsp;OSSemPend
</UL>
<BR>[Address Reference Count : 1]<UL><LI> os_tmr.o(i.OSTmr_InitTask)
</UL>
<P><STRONG><a name="[16a]"></a>OSTmr_Unlink</STRONG> (Thumb, 68 bytes, Stack size 20 bytes, os_tmr.o(i.OSTmr_Unlink))
<BR><BR>[Stack]<UL><LI>Max Depth = 20<LI>Call Chain = OSTmr_Unlink
</UL>
<BR>[Called By]<UL><LI><a href="#[172]">&gt;&gt;</a>&nbsp;&nbsp;&nbsp;OSTmrStop
<LI><a href="#[16f]">&gt;&gt;</a>&nbsp;&nbsp;&nbsp;OSTmrStart
<LI><a href="#[169]">&gt;&gt;</a>&nbsp;&nbsp;&nbsp;OSTmrDel
<LI><a href="#[5f]">&gt;&gt;</a>&nbsp;&nbsp;&nbsp;OSTmr_Task
</UL>

<P><STRONG><a name="[88]"></a>CheckITStatus</STRONG> (Thumb, 18 bytes, Stack size 0 bytes, stm32f4xx_can.o(i.CheckITStatus), UNUSED)
<BR><BR>[Called By]<UL><LI><a href="#[87]">&gt;&gt;</a>&nbsp;&nbsp;&nbsp;CAN_GetITStatus
</UL>

<P><STRONG><a name="[191]"></a>RTC_Bcd2ToByte</STRONG> (Thumb, 22 bytes, Stack size 0 bytes, stm32f4xx_rtc.o(i.RTC_Bcd2ToByte), UNUSED)
<BR><BR>[Called By]<UL><LI><a href="#[19a]">&gt;&gt;</a>&nbsp;&nbsp;&nbsp;RTC_SetTime
<LI><a href="#[199]">&gt;&gt;</a>&nbsp;&nbsp;&nbsp;RTC_SetDate
<LI><a href="#[197]">&gt;&gt;</a>&nbsp;&nbsp;&nbsp;RTC_SetAlarm
<LI><a href="#[194]">&gt;&gt;</a>&nbsp;&nbsp;&nbsp;RTC_GetTimeStamp
<LI><a href="#[193]">&gt;&gt;</a>&nbsp;&nbsp;&nbsp;RTC_GetTime
<LI><a href="#[192]">&gt;&gt;</a>&nbsp;&nbsp;&nbsp;RTC_GetDate
<LI><a href="#[190]">&gt;&gt;</a>&nbsp;&nbsp;&nbsp;RTC_GetAlarm
</UL>

<P><STRONG><a name="[198]"></a>RTC_ByteToBcd2</STRONG> (Thumb, 28 bytes, Stack size 0 bytes, stm32f4xx_rtc.o(i.RTC_ByteToBcd2), UNUSED)
<BR><BR>[Called By]<UL><LI><a href="#[19a]">&gt;&gt;</a>&nbsp;&nbsp;&nbsp;RTC_SetTime
<LI><a href="#[199]">&gt;&gt;</a>&nbsp;&nbsp;&nbsp;RTC_SetDate
<LI><a href="#[197]">&gt;&gt;</a>&nbsp;&nbsp;&nbsp;RTC_SetAlarm
</UL>

<P><STRONG><a name="[1a8]"></a>TI1_Config</STRONG> (Thumb, 58 bytes, Stack size 20 bytes, stm32f4xx_tim.o(i.TI1_Config))
<BR><BR>[Stack]<UL><LI>Max Depth = 20<LI>Call Chain = TI1_Config
</UL>
<BR>[Called By]<UL><LI><a href="#[17f]">&gt;&gt;</a>&nbsp;&nbsp;&nbsp;TIM_ICInit
<LI><a href="#[1b2]">&gt;&gt;</a>&nbsp;&nbsp;&nbsp;TIM_TIxExternalClockConfig
<LI><a href="#[1b1]">&gt;&gt;</a>&nbsp;&nbsp;&nbsp;TIM_PWMIConfig
</UL>

<P><STRONG><a name="[1aa]"></a>TI2_Config</STRONG> (Thumb, 80 bytes, Stack size 20 bytes, stm32f4xx_tim.o(i.TI2_Config))
<BR><BR>[Stack]<UL><LI>Max Depth = 20<LI>Call Chain = TI2_Config
</UL>
<BR>[Called By]<UL><LI><a href="#[17f]">&gt;&gt;</a>&nbsp;&nbsp;&nbsp;TIM_ICInit
<LI><a href="#[1b2]">&gt;&gt;</a>&nbsp;&nbsp;&nbsp;TIM_TIxExternalClockConfig
<LI><a href="#[1b1]">&gt;&gt;</a>&nbsp;&nbsp;&nbsp;TIM_PWMIConfig
</UL>

<P><STRONG><a name="[1ac]"></a>TI3_Config</STRONG> (Thumb, 72 bytes, Stack size 20 bytes, stm32f4xx_tim.o(i.TI3_Config))
<BR><BR>[Stack]<UL><LI>Max Depth = 20<LI>Call Chain = TI3_Config
</UL>
<BR>[Called By]<UL><LI><a href="#[17f]">&gt;&gt;</a>&nbsp;&nbsp;&nbsp;TIM_ICInit
</UL>

<P><STRONG><a name="[1ae]"></a>TI4_Config</STRONG> (Thumb, 80 bytes, Stack size 20 bytes, stm32f4xx_tim.o(i.TI4_Config))
<BR><BR>[Stack]<UL><LI>Max Depth = 20<LI>Call Chain = TI4_Config
</UL>
<BR>[Called By]<UL><LI><a href="#[17f]">&gt;&gt;</a>&nbsp;&nbsp;&nbsp;TIM_ICInit
</UL>

<P><STRONG><a name="[1bd]"></a>_printf_core</STRONG> (Thumb, 336 bytes, Stack size 88 bytes, printf1.o(i._printf_core), UNUSED)
<BR><BR>[Calls]<UL><LI><a href="#[1be]">&gt;&gt;</a>&nbsp;&nbsp;&nbsp;__aeabi_uidivmod
</UL>
<BR>[Called By]<UL><LI><a href="#[1bc]">&gt;&gt;</a>&nbsp;&nbsp;&nbsp;__0sprintf$1
</UL>

<P><STRONG><a name="[62]"></a>_sputc</STRONG> (Thumb, 10 bytes, Stack size 0 bytes, printf1.o(i._sputc))
<BR><BR>[Called By]<UL><LI><a href="#[1bc]">&gt;&gt;</a>&nbsp;&nbsp;&nbsp;__0sprintf$1
</UL>
<BR>[Address Reference Count : 1]<UL><LI> printf1.o(i.__0sprintf$1)
</UL><P>
<H3>
Undefined Global Symbols
</H3><HR></body></html>
