<!doctype html public "-//w3c//dtd html 4.0 transitional//en">
<html><head>
<title>Static Call Graph - [.\Objects\test.axf]</title></head>
<body><HR>
<H1>Static Call Graph for image .\Objects\test.axf</H1><HR>
<BR><P>#&#060CALLGRAPH&#062# ARM Linker, 5060528: Last Updated: Sat Jun 28 13:36:36 2025
<BR><P>
<H3>Maximum Stack Usage =        364 bytes + Unknown(Functions without stacksize, Cycles, Untraceable Function Pointers)</H3><H3>
Call chain for Maximum Stack Depth:</H3>
Reset_Handler &rArr; mymain &rArr; OSInit &rArr; OSTmr_Init &rArr; OSTmr_InitTask &rArr; OSTaskNameSet &rArr; SYSVIEW_UpdateTask &rArr; SYSVIEW_AddTask &rArr; SYSVIEW_SendTaskInfo &rArr; SEGGER_SYSVIEW_SendTaskInfo &rArr; _SendPacket &rArr; _HandleIncomingPacket &rArr;  SEGGER_SYSVIEW_Start (Cycle)
<P>
<H3>
Functions with no stack information
</H3><UL>
 <LI><a href="#[2f0]">__user_initial_stackheap</a>
 <LI><a href="#[f0]">OS_CPU_SR_Save</a>
 <LI><a href="#[f2]">OS_CPU_SR_Restore</a>
 <LI><a href="#[151]">OSStartHighRdy</a>
 <LI><a href="#[184]">OSCtxSw</a>
 <LI><a href="#[11e]">OSIntCtxSw</a>
 <LI><a href="#[8]">PendSV_Handler</a>
 <LI><a href="#[5c]">mySystemInit</a>
</UL>
</UL>
<P>
<H3>
Mutually Recursive functions
</H3> <LI><a href="#[1e4]">_HandleIncomingPacket</a>&nbsp;&nbsp;&nbsp;&rArr;&nbsp;&nbsp;&nbsp;<a href="#[20c]">SEGGER_SYSVIEW_Start</a><BR>
 <LI><a href="#[20e]">SEGGER_SYSVIEW_Stop</a>&nbsp;&nbsp;&nbsp;&rArr;&nbsp;&nbsp;&nbsp;<a href="#[1d9]">_SendPacket</a><BR>
 <LI><a href="#[205]">SEGGER_SYSVIEW_SendModule</a>&nbsp;&nbsp;&nbsp;&rArr;&nbsp;&nbsp;&nbsp;<a href="#[1d9]">_SendPacket</a><BR>
 <LI><a href="#[12a]">SEGGER_SYSVIEW_RecordU32</a>&nbsp;&nbsp;&nbsp;&rArr;&nbsp;&nbsp;&nbsp;<a href="#[1d9]">_SendPacket</a><BR>
 <LI><a href="#[fe]">SEGGER_SYSVIEW_RecordU32x2</a>&nbsp;&nbsp;&nbsp;&rArr;&nbsp;&nbsp;&nbsp;<a href="#[1d9]">_SendPacket</a><BR>
 <LI><a href="#[1de]">SEGGER_SYSVIEW_GetSysDesc</a>&nbsp;&nbsp;&nbsp;&rArr;&nbsp;&nbsp;&nbsp;<a href="#[1d9]">_SendPacket</a><BR>
 <LI><a href="#[1]">NMI_Handler</a>&nbsp;&nbsp;&nbsp;&rArr;&nbsp;&nbsp;&nbsp;<a href="#[1]">NMI_Handler</a><BR>
 <LI><a href="#[2]">HardFault_Handler</a>&nbsp;&nbsp;&nbsp;&rArr;&nbsp;&nbsp;&nbsp;<a href="#[2]">HardFault_Handler</a><BR>
 <LI><a href="#[3]">MemManage_Handler</a>&nbsp;&nbsp;&nbsp;&rArr;&nbsp;&nbsp;&nbsp;<a href="#[3]">MemManage_Handler</a><BR>
 <LI><a href="#[4]">BusFault_Handler</a>&nbsp;&nbsp;&nbsp;&rArr;&nbsp;&nbsp;&nbsp;<a href="#[4]">BusFault_Handler</a><BR>
 <LI><a href="#[5]">UsageFault_Handler</a>&nbsp;&nbsp;&nbsp;&rArr;&nbsp;&nbsp;&nbsp;<a href="#[5]">UsageFault_Handler</a><BR>
 <LI><a href="#[6]">SVC_Handler</a>&nbsp;&nbsp;&nbsp;&rArr;&nbsp;&nbsp;&nbsp;<a href="#[6]">SVC_Handler</a><BR>
 <LI><a href="#[7]">DebugMon_Handler</a>&nbsp;&nbsp;&nbsp;&rArr;&nbsp;&nbsp;&nbsp;<a href="#[7]">DebugMon_Handler</a><BR>
 <LI><a href="#[1c]">ADC_IRQHandler</a>&nbsp;&nbsp;&nbsp;&rArr;&nbsp;&nbsp;&nbsp;<a href="#[1c]">ADC_IRQHandler</a><BR>
</UL>
<P>
<H3>
Function Pointers
</H3><UL>
 <LI><a href="#[1c]">ADC_IRQHandler</a> from startup.o(.text) referenced from startup.o(RESET)
 <LI><a href="#[4]">BusFault_Handler</a> from startup.o(.text) referenced from startup.o(RESET)
 <LI><a href="#[1e]">CAN1_RX0_IRQHandler</a> from startup.o(.text) referenced from startup.o(RESET)
 <LI><a href="#[1f]">CAN1_RX1_IRQHandler</a> from startup.o(.text) referenced from startup.o(RESET)
 <LI><a href="#[20]">CAN1_SCE_IRQHandler</a> from startup.o(.text) referenced from startup.o(RESET)
 <LI><a href="#[1d]">CAN1_TX_IRQHandler</a> from startup.o(.text) referenced from startup.o(RESET)
 <LI><a href="#[4a]">CAN2_RX0_IRQHandler</a> from startup.o(.text) referenced from startup.o(RESET)
 <LI><a href="#[4b]">CAN2_RX1_IRQHandler</a> from startup.o(.text) referenced from startup.o(RESET)
 <LI><a href="#[4c]">CAN2_SCE_IRQHandler</a> from startup.o(.text) referenced from startup.o(RESET)
 <LI><a href="#[49]">CAN2_TX_IRQHandler</a> from startup.o(.text) referenced from startup.o(RESET)
 <LI><a href="#[59]">CRYP_IRQHandler</a> from startup.o(.text) referenced from startup.o(RESET)
 <LI><a href="#[58]">DCMI_IRQHandler</a> from startup.o(.text) referenced from startup.o(RESET)
 <LI><a href="#[15]">DMA1_Stream0_IRQHandler</a> from startup.o(.text) referenced from startup.o(RESET)
 <LI><a href="#[16]">DMA1_Stream1_IRQHandler</a> from startup.o(.text) referenced from startup.o(RESET)
 <LI><a href="#[17]">DMA1_Stream2_IRQHandler</a> from startup.o(.text) referenced from startup.o(RESET)
 <LI><a href="#[18]">DMA1_Stream3_IRQHandler</a> from startup.o(.text) referenced from startup.o(RESET)
 <LI><a href="#[19]">DMA1_Stream4_IRQHandler</a> from startup.o(.text) referenced from startup.o(RESET)
 <LI><a href="#[1a]">DMA1_Stream5_IRQHandler</a> from startup.o(.text) referenced from startup.o(RESET)
 <LI><a href="#[1b]">DMA1_Stream6_IRQHandler</a> from startup.o(.text) referenced from startup.o(RESET)
 <LI><a href="#[39]">DMA1_Stream7_IRQHandler</a> from startup.o(.text) referenced from startup.o(RESET)
 <LI><a href="#[42]">DMA2_Stream0_IRQHandler</a> from startup.o(.text) referenced from startup.o(RESET)
 <LI><a href="#[43]">DMA2_Stream1_IRQHandler</a> from startup.o(.text) referenced from startup.o(RESET)
 <LI><a href="#[44]">DMA2_Stream2_IRQHandler</a> from startup.o(.text) referenced from startup.o(RESET)
 <LI><a href="#[45]">DMA2_Stream3_IRQHandler</a> from startup.o(.text) referenced from startup.o(RESET)
 <LI><a href="#[46]">DMA2_Stream4_IRQHandler</a> from startup.o(.text) referenced from startup.o(RESET)
 <LI><a href="#[4e]">DMA2_Stream5_IRQHandler</a> from startup.o(.text) referenced from startup.o(RESET)
 <LI><a href="#[4f]">DMA2_Stream6_IRQHandler</a> from startup.o(.text) referenced from startup.o(RESET)
 <LI><a href="#[50]">DMA2_Stream7_IRQHandler</a> from startup.o(.text) referenced from startup.o(RESET)
 <LI><a href="#[7]">DebugMon_Handler</a> from startup.o(.text) referenced from startup.o(RESET)
 <LI><a href="#[47]">ETH_IRQHandler</a> from startup.o(.text) referenced from startup.o(RESET)
 <LI><a href="#[48]">ETH_WKUP_IRQHandler</a> from startup.o(.text) referenced from startup.o(RESET)
 <LI><a href="#[10]">EXTI0_IRQHandler</a> from startup.o(.text) referenced from startup.o(RESET)
 <LI><a href="#[32]">EXTI15_10_IRQHandler</a> from startup.o(.text) referenced from startup.o(RESET)
 <LI><a href="#[11]">EXTI1_IRQHandler</a> from startup.o(.text) referenced from startup.o(RESET)
 <LI><a href="#[12]">EXTI2_IRQHandler</a> from startup.o(.text) referenced from startup.o(RESET)
 <LI><a href="#[13]">EXTI3_IRQHandler</a> from startup.o(.text) referenced from startup.o(RESET)
 <LI><a href="#[14]">EXTI4_IRQHandler</a> from startup.o(.text) referenced from startup.o(RESET)
 <LI><a href="#[21]">EXTI9_5_IRQHandler</a> from startup.o(.text) referenced from startup.o(RESET)
 <LI><a href="#[e]">FLASH_IRQHandler</a> from startup.o(.text) referenced from startup.o(RESET)
 <LI><a href="#[5b]">FPU_IRQHandler</a> from startup.o(.text) referenced from startup.o(RESET)
 <LI><a href="#[3a]">FSMC_IRQHandler</a> from startup.o(.text) referenced from startup.o(RESET)
 <LI><a href="#[5a]">HASH_RNG_IRQHandler</a> from startup.o(.text) referenced from startup.o(RESET)
 <LI><a href="#[2]">HardFault_Handler</a> from startup.o(.text) referenced from startup.o(RESET)
 <LI><a href="#[2a]">I2C1_ER_IRQHandler</a> from startup.o(.text) referenced from startup.o(RESET)
 <LI><a href="#[29]">I2C1_EV_IRQHandler</a> from startup.o(.text) referenced from startup.o(RESET)
 <LI><a href="#[2c]">I2C2_ER_IRQHandler</a> from startup.o(.text) referenced from startup.o(RESET)
 <LI><a href="#[2b]">I2C2_EV_IRQHandler</a> from startup.o(.text) referenced from startup.o(RESET)
 <LI><a href="#[53]">I2C3_ER_IRQHandler</a> from startup.o(.text) referenced from startup.o(RESET)
 <LI><a href="#[52]">I2C3_EV_IRQHandler</a> from startup.o(.text) referenced from startup.o(RESET)
 <LI><a href="#[3]">MemManage_Handler</a> from startup.o(.text) referenced from startup.o(RESET)
 <LI><a href="#[1]">NMI_Handler</a> from startup.o(.text) referenced from startup.o(RESET)
 <LI><a href="#[61]">OSTmr_Task</a> from os_tmr.o(i.OSTmr_Task) referenced from os_tmr.o(i.OSTmr_InitTask)
 <LI><a href="#[62]">OS_TaskIdle</a> from os_core.o(i.OS_TaskIdle) referenced from os_core.o(i.OS_InitTaskIdle)
 <LI><a href="#[60]">OS_TaskReturn</a> from os_task.o(i.OS_TaskReturn) referenced from os_cpu_c.o(i.OSTaskStkInit)
 <LI><a href="#[63]">OS_TaskStat</a> from os_core.o(i.OS_TaskStat) referenced from os_core.o(i.OS_InitTaskStat)
 <LI><a href="#[4d]">OTG_FS_IRQHandler</a> from startup.o(.text) referenced from startup.o(RESET)
 <LI><a href="#[34]">OTG_FS_WKUP_IRQHandler</a> from startup.o(.text) referenced from startup.o(RESET)
 <LI><a href="#[55]">OTG_HS_EP1_IN_IRQHandler</a> from startup.o(.text) referenced from startup.o(RESET)
 <LI><a href="#[54]">OTG_HS_EP1_OUT_IRQHandler</a> from startup.o(.text) referenced from startup.o(RESET)
 <LI><a href="#[57]">OTG_HS_IRQHandler</a> from startup.o(.text) referenced from startup.o(RESET)
 <LI><a href="#[56]">OTG_HS_WKUP_IRQHandler</a> from startup.o(.text) referenced from startup.o(RESET)
 <LI><a href="#[b]">PVD_IRQHandler</a> from startup.o(.text) referenced from startup.o(RESET)
 <LI><a href="#[8]">PendSV_Handler</a> from os_cpu_a.o(.text) referenced from startup.o(RESET)
 <LI><a href="#[f]">RCC_IRQHandler</a> from startup.o(.text) referenced from startup.o(RESET)
 <LI><a href="#[33]">RTC_Alarm_IRQHandler</a> from startup.o(.text) referenced from startup.o(RESET)
 <LI><a href="#[d]">RTC_WKUP_IRQHandler</a> from startup.o(.text) referenced from startup.o(RESET)
 <LI><a href="#[0]">Reset_Handler</a> from startup.o(.text) referenced from startup.o(RESET)
 <LI><a href="#[3b]">SDIO_IRQHandler</a> from startup.o(.text) referenced from startup.o(RESET)
 <LI><a href="#[2d]">SPI1_IRQHandler</a> from startup.o(.text) referenced from startup.o(RESET)
 <LI><a href="#[2e]">SPI2_IRQHandler</a> from startup.o(.text) referenced from startup.o(RESET)
 <LI><a href="#[3d]">SPI3_IRQHandler</a> from startup.o(.text) referenced from startup.o(RESET)
 <LI><a href="#[6]">SVC_Handler</a> from startup.o(.text) referenced from startup.o(RESET)
 <LI><a href="#[67]">StartTask</a> from mytask.o(i.StartTask) referenced from main.o(i.mymain)
 <LI><a href="#[9]">SysTick_Handler</a> from os_cpu_c.o(i.SysTick_Handler) referenced from startup.o(RESET)
 <LI><a href="#[c]">TAMP_STAMP_IRQHandler</a> from startup.o(.text) referenced from startup.o(RESET)
 <LI><a href="#[22]">TIM1_BRK_TIM9_IRQHandler</a> from startup.o(.text) referenced from startup.o(RESET)
 <LI><a href="#[25]">TIM1_CC_IRQHandler</a> from startup.o(.text) referenced from startup.o(RESET)
 <LI><a href="#[24]">TIM1_TRG_COM_TIM11_IRQHandler</a> from startup.o(.text) referenced from startup.o(RESET)
 <LI><a href="#[23]">TIM1_UP_TIM10_IRQHandler</a> from startup.o(.text) referenced from startup.o(RESET)
 <LI><a href="#[26]">TIM2_IRQHandler</a> from startup.o(.text) referenced from startup.o(RESET)
 <LI><a href="#[27]">TIM3_IRQHandler</a> from ppm.o(i.TIM3_IRQHandler) referenced from startup.o(RESET)
 <LI><a href="#[28]">TIM4_IRQHandler</a> from startup.o(.text) referenced from startup.o(RESET)
 <LI><a href="#[3c]">TIM5_IRQHandler</a> from startup.o(.text) referenced from startup.o(RESET)
 <LI><a href="#[40]">TIM6_DAC_IRQHandler</a> from startup.o(.text) referenced from startup.o(RESET)
 <LI><a href="#[41]">TIM7_IRQHandler</a> from startup.o(.text) referenced from startup.o(RESET)
 <LI><a href="#[35]">TIM8_BRK_TIM12_IRQHandler</a> from startup.o(.text) referenced from startup.o(RESET)
 <LI><a href="#[38]">TIM8_CC_IRQHandler</a> from startup.o(.text) referenced from startup.o(RESET)
 <LI><a href="#[37]">TIM8_TRG_COM_TIM14_IRQHandler</a> from startup.o(.text) referenced from startup.o(RESET)
 <LI><a href="#[36]">TIM8_UP_TIM13_IRQHandler</a> from startup.o(.text) referenced from startup.o(RESET)
 <LI><a href="#[66]">Task_Attitude</a> from mytask.o(i.Task_Attitude) referenced from mytask.o(i.StartTask)
 <LI><a href="#[65]">Task_RCControl</a> from mytask.o(i.Task_RCControl) referenced from mytask.o(i.StartTask)
 <LI><a href="#[3e]">UART4_IRQHandler</a> from startup.o(.text) referenced from startup.o(RESET)
 <LI><a href="#[3f]">UART5_IRQHandler</a> from startup.o(.text) referenced from startup.o(RESET)
 <LI><a href="#[2f]">USART1_IRQHandler</a> from bluetooth.o(i.USART1_IRQHandler) referenced from startup.o(RESET)
 <LI><a href="#[30]">USART2_IRQHandler</a> from startup.o(.text) referenced from startup.o(RESET)
 <LI><a href="#[31]">USART3_IRQHandler</a> from startup.o(.text) referenced from startup.o(RESET)
 <LI><a href="#[51]">USART6_IRQHandler</a> from startup.o(.text) referenced from startup.o(RESET)
 <LI><a href="#[5]">UsageFault_Handler</a> from startup.o(.text) referenced from startup.o(RESET)
 <LI><a href="#[a]">WWDG_IRQHandler</a> from startup.o(.text) referenced from startup.o(RESET)
 <LI><a href="#[68]">_cbGetTime</a> from segger_sysview_ucosii.o(i._cbGetTime) referenced from segger_sysview_ucosii.o(.constdata)
 <LI><a href="#[64]">_cbSendSystemDesc</a> from segger_sysview_config_ucosii.o(i._cbSendSystemDesc) referenced from segger_sysview_config_ucosii.o(i.SEGGER_SYSVIEW_Conf)
 <LI><a href="#[69]">_cbSendTaskList</a> from segger_sysview_ucosii.o(i._cbSendTaskList) referenced from segger_sysview_ucosii.o(.constdata)
 <LI><a href="#[5f]">_printf_input_char</a> from _printf_char_common.o(.text) referenced from _printf_char_common.o(.text)
 <LI><a href="#[5e]">_sputc</a> from _sputc.o(.text) referenced from __2sprintf.o(.text)
 <LI><a href="#[5d]">myScaterload</a> from system.o(.text) referenced from startup.o(.text)
 <LI><a href="#[5c]">mySystemInit</a> from os_cpu_a.o(.text) referenced from startup.o(.text)
</UL>
<P>
<H3>
Global Symbols
</H3>
<P><STRONG><a name="[6a]"></a>_printf_d</STRONG> (Thumb, 0 bytes, Stack size unknown bytes, _printf_d.o(.ARM.Collect$$_printf_percent$$00000009))
<BR><BR>[Stack]<UL><LI>Max Depth = 56 + Unknown Stack Size
<LI>Call Chain = _printf_d &rArr; _printf_int_dec &rArr; _printf_int_common
</UL>
<BR>[Calls]<UL><LI><a href="#[6b]">&gt;&gt;</a>&nbsp;&nbsp;&nbsp;_printf_int_dec
</UL>

<P><STRONG><a name="[71]"></a>_printf_percent</STRONG> (Thumb, 0 bytes, Stack size unknown bytes, _printf_percent.o(.ARM.Collect$$_printf_percent$$00000000))
<BR><BR>[Called By]<UL><LI><a href="#[70]">&gt;&gt;</a>&nbsp;&nbsp;&nbsp;__printf
</UL>

<P><STRONG><a name="[259]"></a>_printf_percent_end</STRONG> (Thumb, 0 bytes, Stack size unknown bytes, _printf_percent_end.o(.ARM.Collect$$_printf_percent$$00000017))

<P><STRONG><a name="[25a]"></a>__asm___8_mytask_c_Task1____REV16</STRONG> (Thumb, 4 bytes, Stack size 0 bytes, mytask.o(.rev16_text), UNUSED)

<P><STRONG><a name="[25b]"></a>__asm___7_Delay_c_4ff3a6fa____REV16</STRONG> (Thumb, 4 bytes, Stack size 0 bytes, delay.o(.rev16_text), UNUSED)

<P><STRONG><a name="[25c]"></a>__asm___5_led_c_led_init____REV16</STRONG> (Thumb, 4 bytes, Stack size 0 bytes, led.o(.rev16_text), UNUSED)

<P><STRONG><a name="[25d]"></a>__asm___11_Bluetooth_c_3c8d9191____REV16</STRONG> (Thumb, 4 bytes, Stack size 0 bytes, bluetooth.o(.rev16_text), UNUSED)

<P><STRONG><a name="[25e]"></a>__asm___7_Final_c_ALL_Init____REV16</STRONG> (Thumb, 4 bytes, Stack size 0 bytes, final.o(.rev16_text), UNUSED)

<P><STRONG><a name="[25f]"></a>__asm___6_GY86_c_SCL_W____REV16</STRONG> (Thumb, 4 bytes, Stack size 0 bytes, gy86.o(.rev16_text), UNUSED)

<P><STRONG><a name="[260]"></a>__asm___7_Motor_c_61e0de04____REV16</STRONG> (Thumb, 4 bytes, Stack size 0 bytes, motor.o(.rev16_text), UNUSED)

<P><STRONG><a name="[261]"></a>__asm___6_oled_c_295535ed____REV16</STRONG> (Thumb, 4 bytes, Stack size 0 bytes, oled.o(.rev16_text), UNUSED)

<P><STRONG><a name="[262]"></a>__asm___5_ppm_c_PPM_Time____REV16</STRONG> (Thumb, 4 bytes, Stack size 0 bytes, ppm.o(.rev16_text), UNUSED)

<P><STRONG><a name="[263]"></a>__asm___6_misc_c_d0fc1254____REV16</STRONG> (Thumb, 4 bytes, Stack size 0 bytes, misc.o(.rev16_text), UNUSED)

<P><STRONG><a name="[264]"></a>__asm___15_stm32f4xx_adc_c_e11a2ea2____REV16</STRONG> (Thumb, 4 bytes, Stack size 0 bytes, stm32f4xx_adc.o(.rev16_text), UNUSED)

<P><STRONG><a name="[265]"></a>__asm___15_stm32f4xx_can_c_347dae01____REV16</STRONG> (Thumb, 4 bytes, Stack size 0 bytes, stm32f4xx_can.o(.rev16_text), UNUSED)

<P><STRONG><a name="[266]"></a>__asm___15_stm32f4xx_cec_c____REV16</STRONG> (Thumb, 4 bytes, Stack size 0 bytes, stm32f4xx_cec.o(.rev16_text), UNUSED)

<P><STRONG><a name="[267]"></a>__asm___15_stm32f4xx_crc_c_eea4c7d3____REV16</STRONG> (Thumb, 4 bytes, Stack size 0 bytes, stm32f4xx_crc.o(.rev16_text), UNUSED)

<P><STRONG><a name="[268]"></a>__asm___16_stm32f4xx_cryp_c_459f21d3____REV16</STRONG> (Thumb, 4 bytes, Stack size 0 bytes, stm32f4xx_cryp.o(.rev16_text), UNUSED)

<P><STRONG><a name="[269]"></a>__asm___20_stm32f4xx_cryp_aes_c_c34cf6b8____REV16</STRONG> (Thumb, 4 bytes, Stack size 0 bytes, stm32f4xx_cryp_aes.o(.rev16_text), UNUSED)

<P><STRONG><a name="[26a]"></a>__asm___20_stm32f4xx_cryp_des_c_9174d91f____REV16</STRONG> (Thumb, 4 bytes, Stack size 0 bytes, stm32f4xx_cryp_des.o(.rev16_text), UNUSED)

<P><STRONG><a name="[26b]"></a>__asm___21_stm32f4xx_cryp_tdes_c_2fc87a0d____REV16</STRONG> (Thumb, 4 bytes, Stack size 0 bytes, stm32f4xx_cryp_tdes.o(.rev16_text), UNUSED)

<P><STRONG><a name="[26c]"></a>__asm___15_stm32f4xx_dac_c_4da4a0a9____REV16</STRONG> (Thumb, 4 bytes, Stack size 0 bytes, stm32f4xx_dac.o(.rev16_text), UNUSED)

<P><STRONG><a name="[26d]"></a>__asm___18_stm32f4xx_dbgmcu_c_588a430f____REV16</STRONG> (Thumb, 4 bytes, Stack size 0 bytes, stm32f4xx_dbgmcu.o(.rev16_text), UNUSED)

<P><STRONG><a name="[26e]"></a>__asm___16_stm32f4xx_dcmi_c_3610e7fb____REV16</STRONG> (Thumb, 4 bytes, Stack size 0 bytes, stm32f4xx_dcmi.o(.rev16_text), UNUSED)

<P><STRONG><a name="[26f]"></a>__asm___17_stm32f4xx_dfsdm_c____REV16</STRONG> (Thumb, 4 bytes, Stack size 0 bytes, stm32f4xx_dfsdm.o(.rev16_text), UNUSED)

<P><STRONG><a name="[270]"></a>__asm___15_stm32f4xx_dma_c_e9b554c0____REV16</STRONG> (Thumb, 4 bytes, Stack size 0 bytes, stm32f4xx_dma.o(.rev16_text), UNUSED)

<P><STRONG><a name="[271]"></a>__asm___17_stm32f4xx_dma2d_c_de80eb9a____REV16</STRONG> (Thumb, 4 bytes, Stack size 0 bytes, stm32f4xx_dma2d.o(.rev16_text), UNUSED)

<P><STRONG><a name="[272]"></a>__asm___15_stm32f4xx_dsi_c____REV16</STRONG> (Thumb, 4 bytes, Stack size 0 bytes, stm32f4xx_dsi.o(.rev16_text), UNUSED)

<P><STRONG><a name="[273]"></a>__asm___16_stm32f4xx_exti_c_28b3b60e____REV16</STRONG> (Thumb, 4 bytes, Stack size 0 bytes, stm32f4xx_exti.o(.rev16_text), UNUSED)

<P><STRONG><a name="[274]"></a>__asm___17_stm32f4xx_flash_c_a2a150d6____REV16</STRONG> (Thumb, 4 bytes, Stack size 0 bytes, stm32f4xx_flash.o(.rev16_text), UNUSED)

<P><STRONG><a name="[275]"></a>__asm___25_stm32f4xx_flash_ramfunc_c_66cdcef2____REV16</STRONG> (Thumb, 4 bytes, Stack size 0 bytes, stm32f4xx_flash_ramfunc.o(.rev16_text), UNUSED)

<P><STRONG><a name="[276]"></a>__asm___18_stm32f4xx_fmpi2c_c____REV16</STRONG> (Thumb, 4 bytes, Stack size 0 bytes, stm32f4xx_fmpi2c.o(.rev16_text), UNUSED)

<P><STRONG><a name="[277]"></a>__asm___16_stm32f4xx_gpio_c_f8e8e39a____REV16</STRONG> (Thumb, 4 bytes, Stack size 0 bytes, stm32f4xx_gpio.o(.rev16_text), UNUSED)

<P><STRONG><a name="[278]"></a>__asm___16_stm32f4xx_hash_c_90573c7c____REV16</STRONG> (Thumb, 4 bytes, Stack size 0 bytes, stm32f4xx_hash.o(.rev16_text), UNUSED)

<P><STRONG><a name="[279]"></a>__asm___20_stm32f4xx_hash_md5_c_HASH_MD5____REV16</STRONG> (Thumb, 4 bytes, Stack size 0 bytes, stm32f4xx_hash_md5.o(.rev16_text), UNUSED)

<P><STRONG><a name="[27a]"></a>__asm___21_stm32f4xx_hash_sha1_c_328c56b9____REV16</STRONG> (Thumb, 4 bytes, Stack size 0 bytes, stm32f4xx_hash_sha1.o(.rev16_text), UNUSED)

<P><STRONG><a name="[27b]"></a>__asm___15_stm32f4xx_i2c_c_7174d409____REV16</STRONG> (Thumb, 4 bytes, Stack size 0 bytes, stm32f4xx_i2c.o(.rev16_text), UNUSED)

<P><STRONG><a name="[27c]"></a>__asm___16_stm32f4xx_iwdg_c_15798b01____REV16</STRONG> (Thumb, 4 bytes, Stack size 0 bytes, stm32f4xx_iwdg.o(.rev16_text), UNUSED)

<P><STRONG><a name="[27d]"></a>__asm___17_stm32f4xx_lptim_c____REV16</STRONG> (Thumb, 4 bytes, Stack size 0 bytes, stm32f4xx_lptim.o(.rev16_text), UNUSED)

<P><STRONG><a name="[27e]"></a>__asm___16_stm32f4xx_ltdc_c_74c236bc____REV16</STRONG> (Thumb, 4 bytes, Stack size 0 bytes, stm32f4xx_ltdc.o(.rev16_text), UNUSED)

<P><STRONG><a name="[27f]"></a>__asm___15_stm32f4xx_pwr_c_0c2a8b75____REV16</STRONG> (Thumb, 4 bytes, Stack size 0 bytes, stm32f4xx_pwr.o(.rev16_text), UNUSED)

<P><STRONG><a name="[280]"></a>__asm___16_stm32f4xx_qspi_c____REV16</STRONG> (Thumb, 4 bytes, Stack size 0 bytes, stm32f4xx_qspi.o(.rev16_text), UNUSED)

<P><STRONG><a name="[281]"></a>__asm___15_stm32f4xx_rcc_c_49e27980____REV16</STRONG> (Thumb, 4 bytes, Stack size 0 bytes, stm32f4xx_rcc.o(.rev16_text), UNUSED)

<P><STRONG><a name="[282]"></a>__asm___15_stm32f4xx_rng_c____REV16</STRONG> (Thumb, 4 bytes, Stack size 0 bytes, stm32f4xx_rng.o(.rev16_text), UNUSED)

<P><STRONG><a name="[283]"></a>__asm___15_stm32f4xx_rtc_c_81435638____REV16</STRONG> (Thumb, 4 bytes, Stack size 0 bytes, stm32f4xx_rtc.o(.rev16_text), UNUSED)

<P><STRONG><a name="[284]"></a>__asm___15_stm32f4xx_sai_c_191626f0____REV16</STRONG> (Thumb, 4 bytes, Stack size 0 bytes, stm32f4xx_sai.o(.rev16_text), UNUSED)

<P><STRONG><a name="[285]"></a>__asm___16_stm32f4xx_sdio_c_c8827541____REV16</STRONG> (Thumb, 4 bytes, Stack size 0 bytes, stm32f4xx_sdio.o(.rev16_text), UNUSED)

<P><STRONG><a name="[286]"></a>__asm___19_stm32f4xx_spdifrx_c____REV16</STRONG> (Thumb, 4 bytes, Stack size 0 bytes, stm32f4xx_spdifrx.o(.rev16_text), UNUSED)

<P><STRONG><a name="[287]"></a>__asm___15_stm32f4xx_spi_c_2b928927____REV16</STRONG> (Thumb, 4 bytes, Stack size 0 bytes, stm32f4xx_spi.o(.rev16_text), UNUSED)

<P><STRONG><a name="[288]"></a>__asm___18_stm32f4xx_syscfg_c_57637610____REV16</STRONG> (Thumb, 4 bytes, Stack size 0 bytes, stm32f4xx_syscfg.o(.rev16_text), UNUSED)

<P><STRONG><a name="[289]"></a>__asm___15_stm32f4xx_tim_c_c458916b____REV16</STRONG> (Thumb, 4 bytes, Stack size 0 bytes, stm32f4xx_tim.o(.rev16_text), UNUSED)

<P><STRONG><a name="[28a]"></a>__asm___17_stm32f4xx_usart_c_9565154b____REV16</STRONG> (Thumb, 4 bytes, Stack size 0 bytes, stm32f4xx_usart.o(.rev16_text), UNUSED)

<P><STRONG><a name="[28b]"></a>__asm___16_stm32f4xx_wwdg_c_9668c0ca____REV16</STRONG> (Thumb, 4 bytes, Stack size 0 bytes, stm32f4xx_wwdg.o(.rev16_text), UNUSED)

<P><STRONG><a name="[28c]"></a>__asm___8_mytask_c_Task1____REVSH</STRONG> (Thumb, 4 bytes, Stack size 0 bytes, mytask.o(.revsh_text), UNUSED)

<P><STRONG><a name="[28d]"></a>__asm___7_Delay_c_4ff3a6fa____REVSH</STRONG> (Thumb, 4 bytes, Stack size 0 bytes, delay.o(.revsh_text), UNUSED)

<P><STRONG><a name="[28e]"></a>__asm___5_led_c_led_init____REVSH</STRONG> (Thumb, 4 bytes, Stack size 0 bytes, led.o(.revsh_text), UNUSED)

<P><STRONG><a name="[28f]"></a>__asm___11_Bluetooth_c_3c8d9191____REVSH</STRONG> (Thumb, 4 bytes, Stack size 0 bytes, bluetooth.o(.revsh_text), UNUSED)

<P><STRONG><a name="[290]"></a>__asm___7_Final_c_ALL_Init____REVSH</STRONG> (Thumb, 4 bytes, Stack size 0 bytes, final.o(.revsh_text), UNUSED)

<P><STRONG><a name="[291]"></a>__asm___6_GY86_c_SCL_W____REVSH</STRONG> (Thumb, 4 bytes, Stack size 0 bytes, gy86.o(.revsh_text), UNUSED)

<P><STRONG><a name="[292]"></a>__asm___7_Motor_c_61e0de04____REVSH</STRONG> (Thumb, 4 bytes, Stack size 0 bytes, motor.o(.revsh_text), UNUSED)

<P><STRONG><a name="[293]"></a>__asm___6_oled_c_295535ed____REVSH</STRONG> (Thumb, 4 bytes, Stack size 0 bytes, oled.o(.revsh_text), UNUSED)

<P><STRONG><a name="[294]"></a>__asm___5_ppm_c_PPM_Time____REVSH</STRONG> (Thumb, 4 bytes, Stack size 0 bytes, ppm.o(.revsh_text), UNUSED)

<P><STRONG><a name="[295]"></a>__asm___6_misc_c_d0fc1254____REVSH</STRONG> (Thumb, 4 bytes, Stack size 0 bytes, misc.o(.revsh_text), UNUSED)

<P><STRONG><a name="[296]"></a>__asm___15_stm32f4xx_adc_c_e11a2ea2____REVSH</STRONG> (Thumb, 4 bytes, Stack size 0 bytes, stm32f4xx_adc.o(.revsh_text), UNUSED)

<P><STRONG><a name="[297]"></a>__asm___15_stm32f4xx_can_c_347dae01____REVSH</STRONG> (Thumb, 4 bytes, Stack size 0 bytes, stm32f4xx_can.o(.revsh_text), UNUSED)

<P><STRONG><a name="[298]"></a>__asm___15_stm32f4xx_cec_c____REVSH</STRONG> (Thumb, 4 bytes, Stack size 0 bytes, stm32f4xx_cec.o(.revsh_text), UNUSED)

<P><STRONG><a name="[299]"></a>__asm___15_stm32f4xx_crc_c_eea4c7d3____REVSH</STRONG> (Thumb, 4 bytes, Stack size 0 bytes, stm32f4xx_crc.o(.revsh_text), UNUSED)

<P><STRONG><a name="[29a]"></a>__asm___16_stm32f4xx_cryp_c_459f21d3____REVSH</STRONG> (Thumb, 4 bytes, Stack size 0 bytes, stm32f4xx_cryp.o(.revsh_text), UNUSED)

<P><STRONG><a name="[29b]"></a>__asm___20_stm32f4xx_cryp_aes_c_c34cf6b8____REVSH</STRONG> (Thumb, 4 bytes, Stack size 0 bytes, stm32f4xx_cryp_aes.o(.revsh_text), UNUSED)

<P><STRONG><a name="[29c]"></a>__asm___20_stm32f4xx_cryp_des_c_9174d91f____REVSH</STRONG> (Thumb, 4 bytes, Stack size 0 bytes, stm32f4xx_cryp_des.o(.revsh_text), UNUSED)

<P><STRONG><a name="[29d]"></a>__asm___21_stm32f4xx_cryp_tdes_c_2fc87a0d____REVSH</STRONG> (Thumb, 4 bytes, Stack size 0 bytes, stm32f4xx_cryp_tdes.o(.revsh_text), UNUSED)

<P><STRONG><a name="[29e]"></a>__asm___15_stm32f4xx_dac_c_4da4a0a9____REVSH</STRONG> (Thumb, 4 bytes, Stack size 0 bytes, stm32f4xx_dac.o(.revsh_text), UNUSED)

<P><STRONG><a name="[29f]"></a>__asm___18_stm32f4xx_dbgmcu_c_588a430f____REVSH</STRONG> (Thumb, 4 bytes, Stack size 0 bytes, stm32f4xx_dbgmcu.o(.revsh_text), UNUSED)

<P><STRONG><a name="[2a0]"></a>__asm___16_stm32f4xx_dcmi_c_3610e7fb____REVSH</STRONG> (Thumb, 4 bytes, Stack size 0 bytes, stm32f4xx_dcmi.o(.revsh_text), UNUSED)

<P><STRONG><a name="[2a1]"></a>__asm___17_stm32f4xx_dfsdm_c____REVSH</STRONG> (Thumb, 4 bytes, Stack size 0 bytes, stm32f4xx_dfsdm.o(.revsh_text), UNUSED)

<P><STRONG><a name="[2a2]"></a>__asm___15_stm32f4xx_dma_c_e9b554c0____REVSH</STRONG> (Thumb, 4 bytes, Stack size 0 bytes, stm32f4xx_dma.o(.revsh_text), UNUSED)

<P><STRONG><a name="[2a3]"></a>__asm___17_stm32f4xx_dma2d_c_de80eb9a____REVSH</STRONG> (Thumb, 4 bytes, Stack size 0 bytes, stm32f4xx_dma2d.o(.revsh_text), UNUSED)

<P><STRONG><a name="[2a4]"></a>__asm___15_stm32f4xx_dsi_c____REVSH</STRONG> (Thumb, 4 bytes, Stack size 0 bytes, stm32f4xx_dsi.o(.revsh_text), UNUSED)

<P><STRONG><a name="[2a5]"></a>__asm___16_stm32f4xx_exti_c_28b3b60e____REVSH</STRONG> (Thumb, 4 bytes, Stack size 0 bytes, stm32f4xx_exti.o(.revsh_text), UNUSED)

<P><STRONG><a name="[2a6]"></a>__asm___17_stm32f4xx_flash_c_a2a150d6____REVSH</STRONG> (Thumb, 4 bytes, Stack size 0 bytes, stm32f4xx_flash.o(.revsh_text), UNUSED)

<P><STRONG><a name="[2a7]"></a>__asm___25_stm32f4xx_flash_ramfunc_c_66cdcef2____REVSH</STRONG> (Thumb, 4 bytes, Stack size 0 bytes, stm32f4xx_flash_ramfunc.o(.revsh_text), UNUSED)

<P><STRONG><a name="[2a8]"></a>__asm___18_stm32f4xx_fmpi2c_c____REVSH</STRONG> (Thumb, 4 bytes, Stack size 0 bytes, stm32f4xx_fmpi2c.o(.revsh_text), UNUSED)

<P><STRONG><a name="[2a9]"></a>__asm___16_stm32f4xx_gpio_c_f8e8e39a____REVSH</STRONG> (Thumb, 4 bytes, Stack size 0 bytes, stm32f4xx_gpio.o(.revsh_text), UNUSED)

<P><STRONG><a name="[2aa]"></a>__asm___16_stm32f4xx_hash_c_90573c7c____REVSH</STRONG> (Thumb, 4 bytes, Stack size 0 bytes, stm32f4xx_hash.o(.revsh_text), UNUSED)

<P><STRONG><a name="[2ab]"></a>__asm___20_stm32f4xx_hash_md5_c_HASH_MD5____REVSH</STRONG> (Thumb, 4 bytes, Stack size 0 bytes, stm32f4xx_hash_md5.o(.revsh_text), UNUSED)

<P><STRONG><a name="[2ac]"></a>__asm___21_stm32f4xx_hash_sha1_c_328c56b9____REVSH</STRONG> (Thumb, 4 bytes, Stack size 0 bytes, stm32f4xx_hash_sha1.o(.revsh_text), UNUSED)

<P><STRONG><a name="[2ad]"></a>__asm___15_stm32f4xx_i2c_c_7174d409____REVSH</STRONG> (Thumb, 4 bytes, Stack size 0 bytes, stm32f4xx_i2c.o(.revsh_text), UNUSED)

<P><STRONG><a name="[2ae]"></a>__asm___16_stm32f4xx_iwdg_c_15798b01____REVSH</STRONG> (Thumb, 4 bytes, Stack size 0 bytes, stm32f4xx_iwdg.o(.revsh_text), UNUSED)

<P><STRONG><a name="[2af]"></a>__asm___17_stm32f4xx_lptim_c____REVSH</STRONG> (Thumb, 4 bytes, Stack size 0 bytes, stm32f4xx_lptim.o(.revsh_text), UNUSED)

<P><STRONG><a name="[2b0]"></a>__asm___16_stm32f4xx_ltdc_c_74c236bc____REVSH</STRONG> (Thumb, 4 bytes, Stack size 0 bytes, stm32f4xx_ltdc.o(.revsh_text), UNUSED)

<P><STRONG><a name="[2b1]"></a>__asm___15_stm32f4xx_pwr_c_0c2a8b75____REVSH</STRONG> (Thumb, 4 bytes, Stack size 0 bytes, stm32f4xx_pwr.o(.revsh_text), UNUSED)

<P><STRONG><a name="[2b2]"></a>__asm___16_stm32f4xx_qspi_c____REVSH</STRONG> (Thumb, 4 bytes, Stack size 0 bytes, stm32f4xx_qspi.o(.revsh_text), UNUSED)

<P><STRONG><a name="[2b3]"></a>__asm___15_stm32f4xx_rcc_c_49e27980____REVSH</STRONG> (Thumb, 4 bytes, Stack size 0 bytes, stm32f4xx_rcc.o(.revsh_text), UNUSED)

<P><STRONG><a name="[2b4]"></a>__asm___15_stm32f4xx_rng_c____REVSH</STRONG> (Thumb, 4 bytes, Stack size 0 bytes, stm32f4xx_rng.o(.revsh_text), UNUSED)

<P><STRONG><a name="[2b5]"></a>__asm___15_stm32f4xx_rtc_c_81435638____REVSH</STRONG> (Thumb, 4 bytes, Stack size 0 bytes, stm32f4xx_rtc.o(.revsh_text), UNUSED)

<P><STRONG><a name="[2b6]"></a>__asm___15_stm32f4xx_sai_c_191626f0____REVSH</STRONG> (Thumb, 4 bytes, Stack size 0 bytes, stm32f4xx_sai.o(.revsh_text), UNUSED)

<P><STRONG><a name="[2b7]"></a>__asm___16_stm32f4xx_sdio_c_c8827541____REVSH</STRONG> (Thumb, 4 bytes, Stack size 0 bytes, stm32f4xx_sdio.o(.revsh_text), UNUSED)

<P><STRONG><a name="[2b8]"></a>__asm___19_stm32f4xx_spdifrx_c____REVSH</STRONG> (Thumb, 4 bytes, Stack size 0 bytes, stm32f4xx_spdifrx.o(.revsh_text), UNUSED)

<P><STRONG><a name="[2b9]"></a>__asm___15_stm32f4xx_spi_c_2b928927____REVSH</STRONG> (Thumb, 4 bytes, Stack size 0 bytes, stm32f4xx_spi.o(.revsh_text), UNUSED)

<P><STRONG><a name="[2ba]"></a>__asm___18_stm32f4xx_syscfg_c_57637610____REVSH</STRONG> (Thumb, 4 bytes, Stack size 0 bytes, stm32f4xx_syscfg.o(.revsh_text), UNUSED)

<P><STRONG><a name="[2bb]"></a>__asm___15_stm32f4xx_tim_c_c458916b____REVSH</STRONG> (Thumb, 4 bytes, Stack size 0 bytes, stm32f4xx_tim.o(.revsh_text), UNUSED)

<P><STRONG><a name="[2bc]"></a>__asm___17_stm32f4xx_usart_c_9565154b____REVSH</STRONG> (Thumb, 4 bytes, Stack size 0 bytes, stm32f4xx_usart.o(.revsh_text), UNUSED)

<P><STRONG><a name="[2bd]"></a>__asm___16_stm32f4xx_wwdg_c_9668c0ca____REVSH</STRONG> (Thumb, 4 bytes, Stack size 0 bytes, stm32f4xx_wwdg.o(.revsh_text), UNUSED)

<P><STRONG><a name="[2be]"></a>__asm___8_mytask_c_Task1____RRX</STRONG> (Thumb, 6 bytes, Stack size 0 bytes, mytask.o(.rrx_text), UNUSED)

<P><STRONG><a name="[2bf]"></a>__asm___7_Delay_c_4ff3a6fa____RRX</STRONG> (Thumb, 6 bytes, Stack size 0 bytes, delay.o(.rrx_text), UNUSED)

<P><STRONG><a name="[2c0]"></a>__asm___5_led_c_led_init____RRX</STRONG> (Thumb, 6 bytes, Stack size 0 bytes, led.o(.rrx_text), UNUSED)

<P><STRONG><a name="[2c1]"></a>__asm___11_Bluetooth_c_3c8d9191____RRX</STRONG> (Thumb, 6 bytes, Stack size 0 bytes, bluetooth.o(.rrx_text), UNUSED)

<P><STRONG><a name="[2c2]"></a>__asm___7_Final_c_ALL_Init____RRX</STRONG> (Thumb, 6 bytes, Stack size 0 bytes, final.o(.rrx_text), UNUSED)

<P><STRONG><a name="[2c3]"></a>__asm___6_GY86_c_SCL_W____RRX</STRONG> (Thumb, 6 bytes, Stack size 0 bytes, gy86.o(.rrx_text), UNUSED)

<P><STRONG><a name="[2c4]"></a>__asm___7_Motor_c_61e0de04____RRX</STRONG> (Thumb, 6 bytes, Stack size 0 bytes, motor.o(.rrx_text), UNUSED)

<P><STRONG><a name="[2c5]"></a>__asm___6_oled_c_295535ed____RRX</STRONG> (Thumb, 6 bytes, Stack size 0 bytes, oled.o(.rrx_text), UNUSED)

<P><STRONG><a name="[2c6]"></a>__asm___5_ppm_c_PPM_Time____RRX</STRONG> (Thumb, 6 bytes, Stack size 0 bytes, ppm.o(.rrx_text), UNUSED)

<P><STRONG><a name="[2c7]"></a>__asm___6_misc_c_d0fc1254____RRX</STRONG> (Thumb, 6 bytes, Stack size 0 bytes, misc.o(.rrx_text), UNUSED)

<P><STRONG><a name="[2c8]"></a>__asm___15_stm32f4xx_adc_c_e11a2ea2____RRX</STRONG> (Thumb, 6 bytes, Stack size 0 bytes, stm32f4xx_adc.o(.rrx_text), UNUSED)

<P><STRONG><a name="[2c9]"></a>__asm___15_stm32f4xx_can_c_347dae01____RRX</STRONG> (Thumb, 6 bytes, Stack size 0 bytes, stm32f4xx_can.o(.rrx_text), UNUSED)

<P><STRONG><a name="[2ca]"></a>__asm___15_stm32f4xx_cec_c____RRX</STRONG> (Thumb, 6 bytes, Stack size 0 bytes, stm32f4xx_cec.o(.rrx_text), UNUSED)

<P><STRONG><a name="[2cb]"></a>__asm___15_stm32f4xx_crc_c_eea4c7d3____RRX</STRONG> (Thumb, 6 bytes, Stack size 0 bytes, stm32f4xx_crc.o(.rrx_text), UNUSED)

<P><STRONG><a name="[2cc]"></a>__asm___16_stm32f4xx_cryp_c_459f21d3____RRX</STRONG> (Thumb, 6 bytes, Stack size 0 bytes, stm32f4xx_cryp.o(.rrx_text), UNUSED)

<P><STRONG><a name="[2cd]"></a>__asm___20_stm32f4xx_cryp_aes_c_c34cf6b8____RRX</STRONG> (Thumb, 6 bytes, Stack size 0 bytes, stm32f4xx_cryp_aes.o(.rrx_text), UNUSED)

<P><STRONG><a name="[2ce]"></a>__asm___20_stm32f4xx_cryp_des_c_9174d91f____RRX</STRONG> (Thumb, 6 bytes, Stack size 0 bytes, stm32f4xx_cryp_des.o(.rrx_text), UNUSED)

<P><STRONG><a name="[2cf]"></a>__asm___21_stm32f4xx_cryp_tdes_c_2fc87a0d____RRX</STRONG> (Thumb, 6 bytes, Stack size 0 bytes, stm32f4xx_cryp_tdes.o(.rrx_text), UNUSED)

<P><STRONG><a name="[2d0]"></a>__asm___15_stm32f4xx_dac_c_4da4a0a9____RRX</STRONG> (Thumb, 6 bytes, Stack size 0 bytes, stm32f4xx_dac.o(.rrx_text), UNUSED)

<P><STRONG><a name="[2d1]"></a>__asm___18_stm32f4xx_dbgmcu_c_588a430f____RRX</STRONG> (Thumb, 6 bytes, Stack size 0 bytes, stm32f4xx_dbgmcu.o(.rrx_text), UNUSED)

<P><STRONG><a name="[2d2]"></a>__asm___16_stm32f4xx_dcmi_c_3610e7fb____RRX</STRONG> (Thumb, 6 bytes, Stack size 0 bytes, stm32f4xx_dcmi.o(.rrx_text), UNUSED)

<P><STRONG><a name="[2d3]"></a>__asm___17_stm32f4xx_dfsdm_c____RRX</STRONG> (Thumb, 6 bytes, Stack size 0 bytes, stm32f4xx_dfsdm.o(.rrx_text), UNUSED)

<P><STRONG><a name="[2d4]"></a>__asm___15_stm32f4xx_dma_c_e9b554c0____RRX</STRONG> (Thumb, 6 bytes, Stack size 0 bytes, stm32f4xx_dma.o(.rrx_text), UNUSED)

<P><STRONG><a name="[2d5]"></a>__asm___17_stm32f4xx_dma2d_c_de80eb9a____RRX</STRONG> (Thumb, 6 bytes, Stack size 0 bytes, stm32f4xx_dma2d.o(.rrx_text), UNUSED)

<P><STRONG><a name="[2d6]"></a>__asm___15_stm32f4xx_dsi_c____RRX</STRONG> (Thumb, 6 bytes, Stack size 0 bytes, stm32f4xx_dsi.o(.rrx_text), UNUSED)

<P><STRONG><a name="[2d7]"></a>__asm___16_stm32f4xx_exti_c_28b3b60e____RRX</STRONG> (Thumb, 6 bytes, Stack size 0 bytes, stm32f4xx_exti.o(.rrx_text), UNUSED)

<P><STRONG><a name="[2d8]"></a>__asm___17_stm32f4xx_flash_c_a2a150d6____RRX</STRONG> (Thumb, 6 bytes, Stack size 0 bytes, stm32f4xx_flash.o(.rrx_text), UNUSED)

<P><STRONG><a name="[2d9]"></a>__asm___25_stm32f4xx_flash_ramfunc_c_66cdcef2____RRX</STRONG> (Thumb, 6 bytes, Stack size 0 bytes, stm32f4xx_flash_ramfunc.o(.rrx_text), UNUSED)

<P><STRONG><a name="[2da]"></a>__asm___18_stm32f4xx_fmpi2c_c____RRX</STRONG> (Thumb, 6 bytes, Stack size 0 bytes, stm32f4xx_fmpi2c.o(.rrx_text), UNUSED)

<P><STRONG><a name="[2db]"></a>__asm___16_stm32f4xx_gpio_c_f8e8e39a____RRX</STRONG> (Thumb, 6 bytes, Stack size 0 bytes, stm32f4xx_gpio.o(.rrx_text), UNUSED)

<P><STRONG><a name="[2dc]"></a>__asm___16_stm32f4xx_hash_c_90573c7c____RRX</STRONG> (Thumb, 6 bytes, Stack size 0 bytes, stm32f4xx_hash.o(.rrx_text), UNUSED)

<P><STRONG><a name="[2dd]"></a>__asm___20_stm32f4xx_hash_md5_c_HASH_MD5____RRX</STRONG> (Thumb, 6 bytes, Stack size 0 bytes, stm32f4xx_hash_md5.o(.rrx_text), UNUSED)

<P><STRONG><a name="[2de]"></a>__asm___21_stm32f4xx_hash_sha1_c_328c56b9____RRX</STRONG> (Thumb, 6 bytes, Stack size 0 bytes, stm32f4xx_hash_sha1.o(.rrx_text), UNUSED)

<P><STRONG><a name="[2df]"></a>__asm___15_stm32f4xx_i2c_c_7174d409____RRX</STRONG> (Thumb, 6 bytes, Stack size 0 bytes, stm32f4xx_i2c.o(.rrx_text), UNUSED)

<P><STRONG><a name="[2e0]"></a>__asm___16_stm32f4xx_iwdg_c_15798b01____RRX</STRONG> (Thumb, 6 bytes, Stack size 0 bytes, stm32f4xx_iwdg.o(.rrx_text), UNUSED)

<P><STRONG><a name="[2e1]"></a>__asm___17_stm32f4xx_lptim_c____RRX</STRONG> (Thumb, 6 bytes, Stack size 0 bytes, stm32f4xx_lptim.o(.rrx_text), UNUSED)

<P><STRONG><a name="[2e2]"></a>__asm___16_stm32f4xx_ltdc_c_74c236bc____RRX</STRONG> (Thumb, 6 bytes, Stack size 0 bytes, stm32f4xx_ltdc.o(.rrx_text), UNUSED)

<P><STRONG><a name="[2e3]"></a>__asm___15_stm32f4xx_pwr_c_0c2a8b75____RRX</STRONG> (Thumb, 6 bytes, Stack size 0 bytes, stm32f4xx_pwr.o(.rrx_text), UNUSED)

<P><STRONG><a name="[2e4]"></a>__asm___16_stm32f4xx_qspi_c____RRX</STRONG> (Thumb, 6 bytes, Stack size 0 bytes, stm32f4xx_qspi.o(.rrx_text), UNUSED)

<P><STRONG><a name="[2e5]"></a>__asm___15_stm32f4xx_rcc_c_49e27980____RRX</STRONG> (Thumb, 6 bytes, Stack size 0 bytes, stm32f4xx_rcc.o(.rrx_text), UNUSED)

<P><STRONG><a name="[2e6]"></a>__asm___15_stm32f4xx_rng_c____RRX</STRONG> (Thumb, 6 bytes, Stack size 0 bytes, stm32f4xx_rng.o(.rrx_text), UNUSED)

<P><STRONG><a name="[2e7]"></a>__asm___15_stm32f4xx_rtc_c_81435638____RRX</STRONG> (Thumb, 6 bytes, Stack size 0 bytes, stm32f4xx_rtc.o(.rrx_text), UNUSED)

<P><STRONG><a name="[2e8]"></a>__asm___15_stm32f4xx_sai_c_191626f0____RRX</STRONG> (Thumb, 6 bytes, Stack size 0 bytes, stm32f4xx_sai.o(.rrx_text), UNUSED)

<P><STRONG><a name="[2e9]"></a>__asm___16_stm32f4xx_sdio_c_c8827541____RRX</STRONG> (Thumb, 6 bytes, Stack size 0 bytes, stm32f4xx_sdio.o(.rrx_text), UNUSED)

<P><STRONG><a name="[2ea]"></a>__asm___19_stm32f4xx_spdifrx_c____RRX</STRONG> (Thumb, 6 bytes, Stack size 0 bytes, stm32f4xx_spdifrx.o(.rrx_text), UNUSED)

<P><STRONG><a name="[2eb]"></a>__asm___15_stm32f4xx_spi_c_2b928927____RRX</STRONG> (Thumb, 6 bytes, Stack size 0 bytes, stm32f4xx_spi.o(.rrx_text), UNUSED)

<P><STRONG><a name="[2ec]"></a>__asm___18_stm32f4xx_syscfg_c_57637610____RRX</STRONG> (Thumb, 6 bytes, Stack size 0 bytes, stm32f4xx_syscfg.o(.rrx_text), UNUSED)

<P><STRONG><a name="[2ed]"></a>__asm___15_stm32f4xx_tim_c_c458916b____RRX</STRONG> (Thumb, 6 bytes, Stack size 0 bytes, stm32f4xx_tim.o(.rrx_text), UNUSED)

<P><STRONG><a name="[2ee]"></a>__asm___17_stm32f4xx_usart_c_9565154b____RRX</STRONG> (Thumb, 6 bytes, Stack size 0 bytes, stm32f4xx_usart.o(.rrx_text), UNUSED)

<P><STRONG><a name="[2ef]"></a>__asm___16_stm32f4xx_wwdg_c_9668c0ca____RRX</STRONG> (Thumb, 6 bytes, Stack size 0 bytes, stm32f4xx_wwdg.o(.rrx_text), UNUSED)

<P><STRONG><a name="[0]"></a>Reset_Handler</STRONG> (Thumb, 14 bytes, Stack size 0 bytes, startup.o(.text))
<BR><BR>[Stack]<UL><LI>Max Depth = 364 + Unknown Stack Size
<LI>Call Chain = Reset_Handler &rArr; mymain &rArr; OSInit &rArr; OSTmr_Init &rArr; OSTmr_InitTask &rArr; OSTaskNameSet &rArr; SYSVIEW_UpdateTask &rArr; SYSVIEW_AddTask &rArr; SYSVIEW_SendTaskInfo &rArr; SEGGER_SYSVIEW_SendTaskInfo &rArr; _SendPacket &rArr; _HandleIncomingPacket &rArr;  SEGGER_SYSVIEW_Start (Cycle)
</UL>
<BR>[Calls]<UL><LI><a href="#[6c]">&gt;&gt;</a>&nbsp;&nbsp;&nbsp;mymain
</UL>
<BR>[Address Reference Count : 1]<UL><LI> startup.o(RESET)
</UL>
<P><STRONG><a name="[1]"></a>NMI_Handler</STRONG> (Thumb, 2 bytes, Stack size 0 bytes, startup.o(.text))
<BR><BR>[Calls]<UL><LI><a href="#[1]">&gt;&gt;</a>&nbsp;&nbsp;&nbsp;NMI_Handler
</UL>
<BR>[Called By]<UL><LI><a href="#[1]">&gt;&gt;</a>&nbsp;&nbsp;&nbsp;NMI_Handler
</UL>
<BR>[Address Reference Count : 1]<UL><LI> startup.o(RESET)
</UL>
<P><STRONG><a name="[2]"></a>HardFault_Handler</STRONG> (Thumb, 2 bytes, Stack size 0 bytes, startup.o(.text))
<BR><BR>[Calls]<UL><LI><a href="#[2]">&gt;&gt;</a>&nbsp;&nbsp;&nbsp;HardFault_Handler
</UL>
<BR>[Called By]<UL><LI><a href="#[2]">&gt;&gt;</a>&nbsp;&nbsp;&nbsp;HardFault_Handler
</UL>
<BR>[Address Reference Count : 1]<UL><LI> startup.o(RESET)
</UL>
<P><STRONG><a name="[3]"></a>MemManage_Handler</STRONG> (Thumb, 2 bytes, Stack size 0 bytes, startup.o(.text))
<BR><BR>[Calls]<UL><LI><a href="#[3]">&gt;&gt;</a>&nbsp;&nbsp;&nbsp;MemManage_Handler
</UL>
<BR>[Called By]<UL><LI><a href="#[3]">&gt;&gt;</a>&nbsp;&nbsp;&nbsp;MemManage_Handler
</UL>
<BR>[Address Reference Count : 1]<UL><LI> startup.o(RESET)
</UL>
<P><STRONG><a name="[4]"></a>BusFault_Handler</STRONG> (Thumb, 2 bytes, Stack size 0 bytes, startup.o(.text))
<BR><BR>[Calls]<UL><LI><a href="#[4]">&gt;&gt;</a>&nbsp;&nbsp;&nbsp;BusFault_Handler
</UL>
<BR>[Called By]<UL><LI><a href="#[4]">&gt;&gt;</a>&nbsp;&nbsp;&nbsp;BusFault_Handler
</UL>
<BR>[Address Reference Count : 1]<UL><LI> startup.o(RESET)
</UL>
<P><STRONG><a name="[5]"></a>UsageFault_Handler</STRONG> (Thumb, 2 bytes, Stack size 0 bytes, startup.o(.text))
<BR><BR>[Calls]<UL><LI><a href="#[5]">&gt;&gt;</a>&nbsp;&nbsp;&nbsp;UsageFault_Handler
</UL>
<BR>[Called By]<UL><LI><a href="#[5]">&gt;&gt;</a>&nbsp;&nbsp;&nbsp;UsageFault_Handler
</UL>
<BR>[Address Reference Count : 1]<UL><LI> startup.o(RESET)
</UL>
<P><STRONG><a name="[6]"></a>SVC_Handler</STRONG> (Thumb, 2 bytes, Stack size 0 bytes, startup.o(.text))
<BR><BR>[Calls]<UL><LI><a href="#[6]">&gt;&gt;</a>&nbsp;&nbsp;&nbsp;SVC_Handler
</UL>
<BR>[Called By]<UL><LI><a href="#[6]">&gt;&gt;</a>&nbsp;&nbsp;&nbsp;SVC_Handler
</UL>
<BR>[Address Reference Count : 1]<UL><LI> startup.o(RESET)
</UL>
<P><STRONG><a name="[7]"></a>DebugMon_Handler</STRONG> (Thumb, 2 bytes, Stack size 0 bytes, startup.o(.text))
<BR><BR>[Calls]<UL><LI><a href="#[7]">&gt;&gt;</a>&nbsp;&nbsp;&nbsp;DebugMon_Handler
</UL>
<BR>[Called By]<UL><LI><a href="#[7]">&gt;&gt;</a>&nbsp;&nbsp;&nbsp;DebugMon_Handler
</UL>
<BR>[Address Reference Count : 1]<UL><LI> startup.o(RESET)
</UL>
<P><STRONG><a name="[1c]"></a>ADC_IRQHandler</STRONG> (Thumb, 0 bytes, Stack size 0 bytes, startup.o(.text))
<BR><BR>[Calls]<UL><LI><a href="#[1c]">&gt;&gt;</a>&nbsp;&nbsp;&nbsp;ADC_IRQHandler
</UL>
<BR>[Called By]<UL><LI><a href="#[1c]">&gt;&gt;</a>&nbsp;&nbsp;&nbsp;ADC_IRQHandler
</UL>
<BR>[Address Reference Count : 1]<UL><LI> startup.o(RESET)
</UL>
<P><STRONG><a name="[1e]"></a>CAN1_RX0_IRQHandler</STRONG> (Thumb, 0 bytes, Stack size 0 bytes, startup.o(.text))
<BR>[Address Reference Count : 1]<UL><LI> startup.o(RESET)
</UL>
<P><STRONG><a name="[1f]"></a>CAN1_RX1_IRQHandler</STRONG> (Thumb, 0 bytes, Stack size 0 bytes, startup.o(.text))
<BR>[Address Reference Count : 1]<UL><LI> startup.o(RESET)
</UL>
<P><STRONG><a name="[20]"></a>CAN1_SCE_IRQHandler</STRONG> (Thumb, 0 bytes, Stack size 0 bytes, startup.o(.text))
<BR>[Address Reference Count : 1]<UL><LI> startup.o(RESET)
</UL>
<P><STRONG><a name="[1d]"></a>CAN1_TX_IRQHandler</STRONG> (Thumb, 0 bytes, Stack size 0 bytes, startup.o(.text))
<BR>[Address Reference Count : 1]<UL><LI> startup.o(RESET)
</UL>
<P><STRONG><a name="[4a]"></a>CAN2_RX0_IRQHandler</STRONG> (Thumb, 0 bytes, Stack size 0 bytes, startup.o(.text))
<BR>[Address Reference Count : 1]<UL><LI> startup.o(RESET)
</UL>
<P><STRONG><a name="[4b]"></a>CAN2_RX1_IRQHandler</STRONG> (Thumb, 0 bytes, Stack size 0 bytes, startup.o(.text))
<BR>[Address Reference Count : 1]<UL><LI> startup.o(RESET)
</UL>
<P><STRONG><a name="[4c]"></a>CAN2_SCE_IRQHandler</STRONG> (Thumb, 0 bytes, Stack size 0 bytes, startup.o(.text))
<BR>[Address Reference Count : 1]<UL><LI> startup.o(RESET)
</UL>
<P><STRONG><a name="[49]"></a>CAN2_TX_IRQHandler</STRONG> (Thumb, 0 bytes, Stack size 0 bytes, startup.o(.text))
<BR>[Address Reference Count : 1]<UL><LI> startup.o(RESET)
</UL>
<P><STRONG><a name="[59]"></a>CRYP_IRQHandler</STRONG> (Thumb, 0 bytes, Stack size 0 bytes, startup.o(.text))
<BR>[Address Reference Count : 1]<UL><LI> startup.o(RESET)
</UL>
<P><STRONG><a name="[58]"></a>DCMI_IRQHandler</STRONG> (Thumb, 0 bytes, Stack size 0 bytes, startup.o(.text))
<BR>[Address Reference Count : 1]<UL><LI> startup.o(RESET)
</UL>
<P><STRONG><a name="[15]"></a>DMA1_Stream0_IRQHandler</STRONG> (Thumb, 0 bytes, Stack size 0 bytes, startup.o(.text))
<BR>[Address Reference Count : 1]<UL><LI> startup.o(RESET)
</UL>
<P><STRONG><a name="[16]"></a>DMA1_Stream1_IRQHandler</STRONG> (Thumb, 0 bytes, Stack size 0 bytes, startup.o(.text))
<BR>[Address Reference Count : 1]<UL><LI> startup.o(RESET)
</UL>
<P><STRONG><a name="[17]"></a>DMA1_Stream2_IRQHandler</STRONG> (Thumb, 0 bytes, Stack size 0 bytes, startup.o(.text))
<BR>[Address Reference Count : 1]<UL><LI> startup.o(RESET)
</UL>
<P><STRONG><a name="[18]"></a>DMA1_Stream3_IRQHandler</STRONG> (Thumb, 0 bytes, Stack size 0 bytes, startup.o(.text))
<BR>[Address Reference Count : 1]<UL><LI> startup.o(RESET)
</UL>
<P><STRONG><a name="[19]"></a>DMA1_Stream4_IRQHandler</STRONG> (Thumb, 0 bytes, Stack size 0 bytes, startup.o(.text))
<BR>[Address Reference Count : 1]<UL><LI> startup.o(RESET)
</UL>
<P><STRONG><a name="[1a]"></a>DMA1_Stream5_IRQHandler</STRONG> (Thumb, 0 bytes, Stack size 0 bytes, startup.o(.text))
<BR>[Address Reference Count : 1]<UL><LI> startup.o(RESET)
</UL>
<P><STRONG><a name="[1b]"></a>DMA1_Stream6_IRQHandler</STRONG> (Thumb, 0 bytes, Stack size 0 bytes, startup.o(.text))
<BR>[Address Reference Count : 1]<UL><LI> startup.o(RESET)
</UL>
<P><STRONG><a name="[39]"></a>DMA1_Stream7_IRQHandler</STRONG> (Thumb, 0 bytes, Stack size 0 bytes, startup.o(.text))
<BR>[Address Reference Count : 1]<UL><LI> startup.o(RESET)
</UL>
<P><STRONG><a name="[42]"></a>DMA2_Stream0_IRQHandler</STRONG> (Thumb, 0 bytes, Stack size 0 bytes, startup.o(.text))
<BR>[Address Reference Count : 1]<UL><LI> startup.o(RESET)
</UL>
<P><STRONG><a name="[43]"></a>DMA2_Stream1_IRQHandler</STRONG> (Thumb, 0 bytes, Stack size 0 bytes, startup.o(.text))
<BR>[Address Reference Count : 1]<UL><LI> startup.o(RESET)
</UL>
<P><STRONG><a name="[44]"></a>DMA2_Stream2_IRQHandler</STRONG> (Thumb, 0 bytes, Stack size 0 bytes, startup.o(.text))
<BR>[Address Reference Count : 1]<UL><LI> startup.o(RESET)
</UL>
<P><STRONG><a name="[45]"></a>DMA2_Stream3_IRQHandler</STRONG> (Thumb, 0 bytes, Stack size 0 bytes, startup.o(.text))
<BR>[Address Reference Count : 1]<UL><LI> startup.o(RESET)
</UL>
<P><STRONG><a name="[46]"></a>DMA2_Stream4_IRQHandler</STRONG> (Thumb, 0 bytes, Stack size 0 bytes, startup.o(.text))
<BR>[Address Reference Count : 1]<UL><LI> startup.o(RESET)
</UL>
<P><STRONG><a name="[4e]"></a>DMA2_Stream5_IRQHandler</STRONG> (Thumb, 0 bytes, Stack size 0 bytes, startup.o(.text))
<BR>[Address Reference Count : 1]<UL><LI> startup.o(RESET)
</UL>
<P><STRONG><a name="[4f]"></a>DMA2_Stream6_IRQHandler</STRONG> (Thumb, 0 bytes, Stack size 0 bytes, startup.o(.text))
<BR>[Address Reference Count : 1]<UL><LI> startup.o(RESET)
</UL>
<P><STRONG><a name="[50]"></a>DMA2_Stream7_IRQHandler</STRONG> (Thumb, 0 bytes, Stack size 0 bytes, startup.o(.text))
<BR>[Address Reference Count : 1]<UL><LI> startup.o(RESET)
</UL>
<P><STRONG><a name="[47]"></a>ETH_IRQHandler</STRONG> (Thumb, 0 bytes, Stack size 0 bytes, startup.o(.text))
<BR>[Address Reference Count : 1]<UL><LI> startup.o(RESET)
</UL>
<P><STRONG><a name="[48]"></a>ETH_WKUP_IRQHandler</STRONG> (Thumb, 0 bytes, Stack size 0 bytes, startup.o(.text))
<BR>[Address Reference Count : 1]<UL><LI> startup.o(RESET)
</UL>
<P><STRONG><a name="[10]"></a>EXTI0_IRQHandler</STRONG> (Thumb, 0 bytes, Stack size 0 bytes, startup.o(.text))
<BR>[Address Reference Count : 1]<UL><LI> startup.o(RESET)
</UL>
<P><STRONG><a name="[32]"></a>EXTI15_10_IRQHandler</STRONG> (Thumb, 0 bytes, Stack size 0 bytes, startup.o(.text))
<BR>[Address Reference Count : 1]<UL><LI> startup.o(RESET)
</UL>
<P><STRONG><a name="[11]"></a>EXTI1_IRQHandler</STRONG> (Thumb, 0 bytes, Stack size 0 bytes, startup.o(.text))
<BR>[Address Reference Count : 1]<UL><LI> startup.o(RESET)
</UL>
<P><STRONG><a name="[12]"></a>EXTI2_IRQHandler</STRONG> (Thumb, 0 bytes, Stack size 0 bytes, startup.o(.text))
<BR>[Address Reference Count : 1]<UL><LI> startup.o(RESET)
</UL>
<P><STRONG><a name="[13]"></a>EXTI3_IRQHandler</STRONG> (Thumb, 0 bytes, Stack size 0 bytes, startup.o(.text))
<BR>[Address Reference Count : 1]<UL><LI> startup.o(RESET)
</UL>
<P><STRONG><a name="[14]"></a>EXTI4_IRQHandler</STRONG> (Thumb, 0 bytes, Stack size 0 bytes, startup.o(.text))
<BR>[Address Reference Count : 1]<UL><LI> startup.o(RESET)
</UL>
<P><STRONG><a name="[21]"></a>EXTI9_5_IRQHandler</STRONG> (Thumb, 0 bytes, Stack size 0 bytes, startup.o(.text))
<BR>[Address Reference Count : 1]<UL><LI> startup.o(RESET)
</UL>
<P><STRONG><a name="[e]"></a>FLASH_IRQHandler</STRONG> (Thumb, 0 bytes, Stack size 0 bytes, startup.o(.text))
<BR>[Address Reference Count : 1]<UL><LI> startup.o(RESET)
</UL>
<P><STRONG><a name="[5b]"></a>FPU_IRQHandler</STRONG> (Thumb, 0 bytes, Stack size 0 bytes, startup.o(.text))
<BR>[Address Reference Count : 1]<UL><LI> startup.o(RESET)
</UL>
<P><STRONG><a name="[3a]"></a>FSMC_IRQHandler</STRONG> (Thumb, 0 bytes, Stack size 0 bytes, startup.o(.text))
<BR>[Address Reference Count : 1]<UL><LI> startup.o(RESET)
</UL>
<P><STRONG><a name="[5a]"></a>HASH_RNG_IRQHandler</STRONG> (Thumb, 0 bytes, Stack size 0 bytes, startup.o(.text))
<BR>[Address Reference Count : 1]<UL><LI> startup.o(RESET)
</UL>
<P><STRONG><a name="[2a]"></a>I2C1_ER_IRQHandler</STRONG> (Thumb, 0 bytes, Stack size 0 bytes, startup.o(.text))
<BR>[Address Reference Count : 1]<UL><LI> startup.o(RESET)
</UL>
<P><STRONG><a name="[29]"></a>I2C1_EV_IRQHandler</STRONG> (Thumb, 0 bytes, Stack size 0 bytes, startup.o(.text))
<BR>[Address Reference Count : 1]<UL><LI> startup.o(RESET)
</UL>
<P><STRONG><a name="[2c]"></a>I2C2_ER_IRQHandler</STRONG> (Thumb, 0 bytes, Stack size 0 bytes, startup.o(.text))
<BR>[Address Reference Count : 1]<UL><LI> startup.o(RESET)
</UL>
<P><STRONG><a name="[2b]"></a>I2C2_EV_IRQHandler</STRONG> (Thumb, 0 bytes, Stack size 0 bytes, startup.o(.text))
<BR>[Address Reference Count : 1]<UL><LI> startup.o(RESET)
</UL>
<P><STRONG><a name="[53]"></a>I2C3_ER_IRQHandler</STRONG> (Thumb, 0 bytes, Stack size 0 bytes, startup.o(.text))
<BR>[Address Reference Count : 1]<UL><LI> startup.o(RESET)
</UL>
<P><STRONG><a name="[52]"></a>I2C3_EV_IRQHandler</STRONG> (Thumb, 0 bytes, Stack size 0 bytes, startup.o(.text))
<BR>[Address Reference Count : 1]<UL><LI> startup.o(RESET)
</UL>
<P><STRONG><a name="[4d]"></a>OTG_FS_IRQHandler</STRONG> (Thumb, 0 bytes, Stack size 0 bytes, startup.o(.text))
<BR>[Address Reference Count : 1]<UL><LI> startup.o(RESET)
</UL>
<P><STRONG><a name="[34]"></a>OTG_FS_WKUP_IRQHandler</STRONG> (Thumb, 0 bytes, Stack size 0 bytes, startup.o(.text))
<BR>[Address Reference Count : 1]<UL><LI> startup.o(RESET)
</UL>
<P><STRONG><a name="[55]"></a>OTG_HS_EP1_IN_IRQHandler</STRONG> (Thumb, 0 bytes, Stack size 0 bytes, startup.o(.text))
<BR>[Address Reference Count : 1]<UL><LI> startup.o(RESET)
</UL>
<P><STRONG><a name="[54]"></a>OTG_HS_EP1_OUT_IRQHandler</STRONG> (Thumb, 0 bytes, Stack size 0 bytes, startup.o(.text))
<BR>[Address Reference Count : 1]<UL><LI> startup.o(RESET)
</UL>
<P><STRONG><a name="[57]"></a>OTG_HS_IRQHandler</STRONG> (Thumb, 0 bytes, Stack size 0 bytes, startup.o(.text))
<BR>[Address Reference Count : 1]<UL><LI> startup.o(RESET)
</UL>
<P><STRONG><a name="[56]"></a>OTG_HS_WKUP_IRQHandler</STRONG> (Thumb, 0 bytes, Stack size 0 bytes, startup.o(.text))
<BR>[Address Reference Count : 1]<UL><LI> startup.o(RESET)
</UL>
<P><STRONG><a name="[b]"></a>PVD_IRQHandler</STRONG> (Thumb, 0 bytes, Stack size 0 bytes, startup.o(.text))
<BR>[Address Reference Count : 1]<UL><LI> startup.o(RESET)
</UL>
<P><STRONG><a name="[f]"></a>RCC_IRQHandler</STRONG> (Thumb, 0 bytes, Stack size 0 bytes, startup.o(.text))
<BR>[Address Reference Count : 1]<UL><LI> startup.o(RESET)
</UL>
<P><STRONG><a name="[33]"></a>RTC_Alarm_IRQHandler</STRONG> (Thumb, 0 bytes, Stack size 0 bytes, startup.o(.text))
<BR>[Address Reference Count : 1]<UL><LI> startup.o(RESET)
</UL>
<P><STRONG><a name="[d]"></a>RTC_WKUP_IRQHandler</STRONG> (Thumb, 0 bytes, Stack size 0 bytes, startup.o(.text))
<BR>[Address Reference Count : 1]<UL><LI> startup.o(RESET)
</UL>
<P><STRONG><a name="[3b]"></a>SDIO_IRQHandler</STRONG> (Thumb, 0 bytes, Stack size 0 bytes, startup.o(.text))
<BR>[Address Reference Count : 1]<UL><LI> startup.o(RESET)
</UL>
<P><STRONG><a name="[2d]"></a>SPI1_IRQHandler</STRONG> (Thumb, 0 bytes, Stack size 0 bytes, startup.o(.text))
<BR>[Address Reference Count : 1]<UL><LI> startup.o(RESET)
</UL>
<P><STRONG><a name="[2e]"></a>SPI2_IRQHandler</STRONG> (Thumb, 0 bytes, Stack size 0 bytes, startup.o(.text))
<BR>[Address Reference Count : 1]<UL><LI> startup.o(RESET)
</UL>
<P><STRONG><a name="[3d]"></a>SPI3_IRQHandler</STRONG> (Thumb, 0 bytes, Stack size 0 bytes, startup.o(.text))
<BR>[Address Reference Count : 1]<UL><LI> startup.o(RESET)
</UL>
<P><STRONG><a name="[c]"></a>TAMP_STAMP_IRQHandler</STRONG> (Thumb, 0 bytes, Stack size 0 bytes, startup.o(.text))
<BR>[Address Reference Count : 1]<UL><LI> startup.o(RESET)
</UL>
<P><STRONG><a name="[22]"></a>TIM1_BRK_TIM9_IRQHandler</STRONG> (Thumb, 0 bytes, Stack size 0 bytes, startup.o(.text))
<BR>[Address Reference Count : 1]<UL><LI> startup.o(RESET)
</UL>
<P><STRONG><a name="[25]"></a>TIM1_CC_IRQHandler</STRONG> (Thumb, 0 bytes, Stack size 0 bytes, startup.o(.text))
<BR>[Address Reference Count : 1]<UL><LI> startup.o(RESET)
</UL>
<P><STRONG><a name="[24]"></a>TIM1_TRG_COM_TIM11_IRQHandler</STRONG> (Thumb, 0 bytes, Stack size 0 bytes, startup.o(.text))
<BR>[Address Reference Count : 1]<UL><LI> startup.o(RESET)
</UL>
<P><STRONG><a name="[23]"></a>TIM1_UP_TIM10_IRQHandler</STRONG> (Thumb, 0 bytes, Stack size 0 bytes, startup.o(.text))
<BR>[Address Reference Count : 1]<UL><LI> startup.o(RESET)
</UL>
<P><STRONG><a name="[26]"></a>TIM2_IRQHandler</STRONG> (Thumb, 0 bytes, Stack size 0 bytes, startup.o(.text))
<BR>[Address Reference Count : 1]<UL><LI> startup.o(RESET)
</UL>
<P><STRONG><a name="[28]"></a>TIM4_IRQHandler</STRONG> (Thumb, 0 bytes, Stack size 0 bytes, startup.o(.text))
<BR>[Address Reference Count : 1]<UL><LI> startup.o(RESET)
</UL>
<P><STRONG><a name="[3c]"></a>TIM5_IRQHandler</STRONG> (Thumb, 0 bytes, Stack size 0 bytes, startup.o(.text))
<BR>[Address Reference Count : 1]<UL><LI> startup.o(RESET)
</UL>
<P><STRONG><a name="[40]"></a>TIM6_DAC_IRQHandler</STRONG> (Thumb, 0 bytes, Stack size 0 bytes, startup.o(.text))
<BR>[Address Reference Count : 1]<UL><LI> startup.o(RESET)
</UL>
<P><STRONG><a name="[41]"></a>TIM7_IRQHandler</STRONG> (Thumb, 0 bytes, Stack size 0 bytes, startup.o(.text))
<BR>[Address Reference Count : 1]<UL><LI> startup.o(RESET)
</UL>
<P><STRONG><a name="[35]"></a>TIM8_BRK_TIM12_IRQHandler</STRONG> (Thumb, 0 bytes, Stack size 0 bytes, startup.o(.text))
<BR>[Address Reference Count : 1]<UL><LI> startup.o(RESET)
</UL>
<P><STRONG><a name="[38]"></a>TIM8_CC_IRQHandler</STRONG> (Thumb, 0 bytes, Stack size 0 bytes, startup.o(.text))
<BR>[Address Reference Count : 1]<UL><LI> startup.o(RESET)
</UL>
<P><STRONG><a name="[37]"></a>TIM8_TRG_COM_TIM14_IRQHandler</STRONG> (Thumb, 0 bytes, Stack size 0 bytes, startup.o(.text))
<BR>[Address Reference Count : 1]<UL><LI> startup.o(RESET)
</UL>
<P><STRONG><a name="[36]"></a>TIM8_UP_TIM13_IRQHandler</STRONG> (Thumb, 0 bytes, Stack size 0 bytes, startup.o(.text))
<BR>[Address Reference Count : 1]<UL><LI> startup.o(RESET)
</UL>
<P><STRONG><a name="[3e]"></a>UART4_IRQHandler</STRONG> (Thumb, 0 bytes, Stack size 0 bytes, startup.o(.text))
<BR>[Address Reference Count : 1]<UL><LI> startup.o(RESET)
</UL>
<P><STRONG><a name="[3f]"></a>UART5_IRQHandler</STRONG> (Thumb, 0 bytes, Stack size 0 bytes, startup.o(.text))
<BR>[Address Reference Count : 1]<UL><LI> startup.o(RESET)
</UL>
<P><STRONG><a name="[30]"></a>USART2_IRQHandler</STRONG> (Thumb, 0 bytes, Stack size 0 bytes, startup.o(.text))
<BR>[Address Reference Count : 1]<UL><LI> startup.o(RESET)
</UL>
<P><STRONG><a name="[31]"></a>USART3_IRQHandler</STRONG> (Thumb, 0 bytes, Stack size 0 bytes, startup.o(.text))
<BR>[Address Reference Count : 1]<UL><LI> startup.o(RESET)
</UL>
<P><STRONG><a name="[51]"></a>USART6_IRQHandler</STRONG> (Thumb, 0 bytes, Stack size 0 bytes, startup.o(.text))
<BR>[Address Reference Count : 1]<UL><LI> startup.o(RESET)
</UL>
<P><STRONG><a name="[a]"></a>WWDG_IRQHandler</STRONG> (Thumb, 0 bytes, Stack size 0 bytes, startup.o(.text))
<BR>[Address Reference Count : 1]<UL><LI> startup.o(RESET)
</UL>
<P><STRONG><a name="[2f0]"></a>__user_initial_stackheap</STRONG> (Thumb, 0 bytes, Stack size unknown bytes, startup.o(.text), UNUSED)

<P><STRONG><a name="[5d]"></a>myScaterload</STRONG> (Thumb, 40 bytes, Stack size 0 bytes, system.o(.text))
<BR>[Address Reference Count : 1]<UL><LI> startup.o(.text)
</UL>
<P><STRONG><a name="[f0]"></a>OS_CPU_SR_Save</STRONG> (Thumb, 0 bytes, Stack size unknown bytes, os_cpu_a.o(.text))
<BR><BR>[Called By]<UL><LI><a href="#[153]">&gt;&gt;</a>&nbsp;&nbsp;&nbsp;OSTimeDly
<LI><a href="#[16d]">&gt;&gt;</a>&nbsp;&nbsp;&nbsp;OSTaskSuspend
<LI><a href="#[16c]">&gt;&gt;</a>&nbsp;&nbsp;&nbsp;OSTaskStkChk
<LI><a href="#[15a]">&gt;&gt;</a>&nbsp;&nbsp;&nbsp;OSTaskCreateExt
<LI><a href="#[63]">&gt;&gt;</a>&nbsp;&nbsp;&nbsp;OS_TaskStat
<LI><a href="#[62]">&gt;&gt;</a>&nbsp;&nbsp;&nbsp;OS_TaskIdle
<LI><a href="#[157]">&gt;&gt;</a>&nbsp;&nbsp;&nbsp;OS_TCBInit
<LI><a href="#[f7]">&gt;&gt;</a>&nbsp;&nbsp;&nbsp;OS_Sched
<LI><a href="#[152]">&gt;&gt;</a>&nbsp;&nbsp;&nbsp;OSStatInit
<LI><a href="#[147]">&gt;&gt;</a>&nbsp;&nbsp;&nbsp;OSSchedUnlock
<LI><a href="#[146]">&gt;&gt;</a>&nbsp;&nbsp;&nbsp;OSSchedLock
<LI><a href="#[f5]">&gt;&gt;</a>&nbsp;&nbsp;&nbsp;OSEventPendMulti
<LI><a href="#[f3]">&gt;&gt;</a>&nbsp;&nbsp;&nbsp;OSEventNameSet
<LI><a href="#[ef]">&gt;&gt;</a>&nbsp;&nbsp;&nbsp;OSEventNameGet
<LI><a href="#[174]">&gt;&gt;</a>&nbsp;&nbsp;&nbsp;OSTimeTick
<LI><a href="#[11b]">&gt;&gt;</a>&nbsp;&nbsp;&nbsp;OSIntExit
<LI><a href="#[9]">&gt;&gt;</a>&nbsp;&nbsp;&nbsp;SysTick_Handler
<LI><a href="#[15f]">&gt;&gt;</a>&nbsp;&nbsp;&nbsp;OSTaskDel
<LI><a href="#[14b]">&gt;&gt;</a>&nbsp;&nbsp;&nbsp;OSSemPend
<LI><a href="#[149]">&gt;&gt;</a>&nbsp;&nbsp;&nbsp;OSSemCreate
<LI><a href="#[138]">&gt;&gt;</a>&nbsp;&nbsp;&nbsp;OSMutexPost
<LI><a href="#[137]">&gt;&gt;</a>&nbsp;&nbsp;&nbsp;OSMutexPend
<LI><a href="#[134]">&gt;&gt;</a>&nbsp;&nbsp;&nbsp;OSMutexCreate
<LI><a href="#[164]">&gt;&gt;</a>&nbsp;&nbsp;&nbsp;OSTaskNameSet
<LI><a href="#[155]">&gt;&gt;</a>&nbsp;&nbsp;&nbsp;OSTaskCreate
<LI><a href="#[173]">&gt;&gt;</a>&nbsp;&nbsp;&nbsp;OSTimeSet
<LI><a href="#[172]">&gt;&gt;</a>&nbsp;&nbsp;&nbsp;OSTimeGet
<LI><a href="#[171]">&gt;&gt;</a>&nbsp;&nbsp;&nbsp;OSTimeDlyResume
<LI><a href="#[16b]">&gt;&gt;</a>&nbsp;&nbsp;&nbsp;OSTaskResume
<LI><a href="#[16a]">&gt;&gt;</a>&nbsp;&nbsp;&nbsp;OSTaskRegSet
<LI><a href="#[169]">&gt;&gt;</a>&nbsp;&nbsp;&nbsp;OSTaskRegGetID
<LI><a href="#[168]">&gt;&gt;</a>&nbsp;&nbsp;&nbsp;OSTaskRegGet
<LI><a href="#[166]">&gt;&gt;</a>&nbsp;&nbsp;&nbsp;OSTaskQuery
<LI><a href="#[163]">&gt;&gt;</a>&nbsp;&nbsp;&nbsp;OSTaskNameGet
<LI><a href="#[162]">&gt;&gt;</a>&nbsp;&nbsp;&nbsp;OSTaskDelReq
<LI><a href="#[154]">&gt;&gt;</a>&nbsp;&nbsp;&nbsp;OSTaskChangePrio
<LI><a href="#[14f]">&gt;&gt;</a>&nbsp;&nbsp;&nbsp;OSSemSet
<LI><a href="#[14e]">&gt;&gt;</a>&nbsp;&nbsp;&nbsp;OSSemQuery
<LI><a href="#[14d]">&gt;&gt;</a>&nbsp;&nbsp;&nbsp;OSSemPost
<LI><a href="#[14c]">&gt;&gt;</a>&nbsp;&nbsp;&nbsp;OSSemPendAbort
<LI><a href="#[14a]">&gt;&gt;</a>&nbsp;&nbsp;&nbsp;OSSemDel
<LI><a href="#[148]">&gt;&gt;</a>&nbsp;&nbsp;&nbsp;OSSemAccept
<LI><a href="#[145]">&gt;&gt;</a>&nbsp;&nbsp;&nbsp;OSQQuery
<LI><a href="#[144]">&gt;&gt;</a>&nbsp;&nbsp;&nbsp;OSQPostOpt
<LI><a href="#[143]">&gt;&gt;</a>&nbsp;&nbsp;&nbsp;OSQPostFront
<LI><a href="#[142]">&gt;&gt;</a>&nbsp;&nbsp;&nbsp;OSQPost
<LI><a href="#[141]">&gt;&gt;</a>&nbsp;&nbsp;&nbsp;OSQPendAbort
<LI><a href="#[140]">&gt;&gt;</a>&nbsp;&nbsp;&nbsp;OSQPend
<LI><a href="#[13f]">&gt;&gt;</a>&nbsp;&nbsp;&nbsp;OSQFlush
<LI><a href="#[13e]">&gt;&gt;</a>&nbsp;&nbsp;&nbsp;OSQDel
<LI><a href="#[13d]">&gt;&gt;</a>&nbsp;&nbsp;&nbsp;OSQCreate
<LI><a href="#[13c]">&gt;&gt;</a>&nbsp;&nbsp;&nbsp;OSQAccept
<LI><a href="#[139]">&gt;&gt;</a>&nbsp;&nbsp;&nbsp;OSMutexQuery
<LI><a href="#[135]">&gt;&gt;</a>&nbsp;&nbsp;&nbsp;OSMutexDel
<LI><a href="#[133]">&gt;&gt;</a>&nbsp;&nbsp;&nbsp;OSMutexAccept
<LI><a href="#[132]">&gt;&gt;</a>&nbsp;&nbsp;&nbsp;OSMemQuery
<LI><a href="#[131]">&gt;&gt;</a>&nbsp;&nbsp;&nbsp;OSMemPut
<LI><a href="#[130]">&gt;&gt;</a>&nbsp;&nbsp;&nbsp;OSMemNameSet
<LI><a href="#[12f]">&gt;&gt;</a>&nbsp;&nbsp;&nbsp;OSMemNameGet
<LI><a href="#[12e]">&gt;&gt;</a>&nbsp;&nbsp;&nbsp;OSMemGet
<LI><a href="#[12d]">&gt;&gt;</a>&nbsp;&nbsp;&nbsp;OSMemCreate
<LI><a href="#[12c]">&gt;&gt;</a>&nbsp;&nbsp;&nbsp;OSMboxQuery
<LI><a href="#[12b]">&gt;&gt;</a>&nbsp;&nbsp;&nbsp;OSMboxPostOpt
<LI><a href="#[129]">&gt;&gt;</a>&nbsp;&nbsp;&nbsp;OSMboxPost
<LI><a href="#[128]">&gt;&gt;</a>&nbsp;&nbsp;&nbsp;OSMboxPendAbort
<LI><a href="#[125]">&gt;&gt;</a>&nbsp;&nbsp;&nbsp;OSMboxPend
<LI><a href="#[123]">&gt;&gt;</a>&nbsp;&nbsp;&nbsp;OSMboxDel
<LI><a href="#[121]">&gt;&gt;</a>&nbsp;&nbsp;&nbsp;OSMboxCreate
<LI><a href="#[120]">&gt;&gt;</a>&nbsp;&nbsp;&nbsp;OSMboxAccept
<LI><a href="#[10a]">&gt;&gt;</a>&nbsp;&nbsp;&nbsp;OSFlagQuery
<LI><a href="#[108]">&gt;&gt;</a>&nbsp;&nbsp;&nbsp;OSFlagPost
<LI><a href="#[107]">&gt;&gt;</a>&nbsp;&nbsp;&nbsp;OSFlagPendGetFlagsRdy
<LI><a href="#[103]">&gt;&gt;</a>&nbsp;&nbsp;&nbsp;OSFlagPend
<LI><a href="#[102]">&gt;&gt;</a>&nbsp;&nbsp;&nbsp;OSFlagNameSet
<LI><a href="#[101]">&gt;&gt;</a>&nbsp;&nbsp;&nbsp;OSFlagNameGet
<LI><a href="#[fc]">&gt;&gt;</a>&nbsp;&nbsp;&nbsp;OSFlagDel
<LI><a href="#[fa]">&gt;&gt;</a>&nbsp;&nbsp;&nbsp;OSFlagCreate
<LI><a href="#[f9]">&gt;&gt;</a>&nbsp;&nbsp;&nbsp;OSFlagAccept
</UL>

<P><STRONG><a name="[f2]"></a>OS_CPU_SR_Restore</STRONG> (Thumb, 0 bytes, Stack size unknown bytes, os_cpu_a.o(.text))
<BR><BR>[Called By]<UL><LI><a href="#[153]">&gt;&gt;</a>&nbsp;&nbsp;&nbsp;OSTimeDly
<LI><a href="#[16d]">&gt;&gt;</a>&nbsp;&nbsp;&nbsp;OSTaskSuspend
<LI><a href="#[16c]">&gt;&gt;</a>&nbsp;&nbsp;&nbsp;OSTaskStkChk
<LI><a href="#[15a]">&gt;&gt;</a>&nbsp;&nbsp;&nbsp;OSTaskCreateExt
<LI><a href="#[63]">&gt;&gt;</a>&nbsp;&nbsp;&nbsp;OS_TaskStat
<LI><a href="#[62]">&gt;&gt;</a>&nbsp;&nbsp;&nbsp;OS_TaskIdle
<LI><a href="#[157]">&gt;&gt;</a>&nbsp;&nbsp;&nbsp;OS_TCBInit
<LI><a href="#[f7]">&gt;&gt;</a>&nbsp;&nbsp;&nbsp;OS_Sched
<LI><a href="#[152]">&gt;&gt;</a>&nbsp;&nbsp;&nbsp;OSStatInit
<LI><a href="#[147]">&gt;&gt;</a>&nbsp;&nbsp;&nbsp;OSSchedUnlock
<LI><a href="#[146]">&gt;&gt;</a>&nbsp;&nbsp;&nbsp;OSSchedLock
<LI><a href="#[f5]">&gt;&gt;</a>&nbsp;&nbsp;&nbsp;OSEventPendMulti
<LI><a href="#[f3]">&gt;&gt;</a>&nbsp;&nbsp;&nbsp;OSEventNameSet
<LI><a href="#[ef]">&gt;&gt;</a>&nbsp;&nbsp;&nbsp;OSEventNameGet
<LI><a href="#[174]">&gt;&gt;</a>&nbsp;&nbsp;&nbsp;OSTimeTick
<LI><a href="#[11b]">&gt;&gt;</a>&nbsp;&nbsp;&nbsp;OSIntExit
<LI><a href="#[9]">&gt;&gt;</a>&nbsp;&nbsp;&nbsp;SysTick_Handler
<LI><a href="#[15f]">&gt;&gt;</a>&nbsp;&nbsp;&nbsp;OSTaskDel
<LI><a href="#[14b]">&gt;&gt;</a>&nbsp;&nbsp;&nbsp;OSSemPend
<LI><a href="#[149]">&gt;&gt;</a>&nbsp;&nbsp;&nbsp;OSSemCreate
<LI><a href="#[138]">&gt;&gt;</a>&nbsp;&nbsp;&nbsp;OSMutexPost
<LI><a href="#[137]">&gt;&gt;</a>&nbsp;&nbsp;&nbsp;OSMutexPend
<LI><a href="#[134]">&gt;&gt;</a>&nbsp;&nbsp;&nbsp;OSMutexCreate
<LI><a href="#[164]">&gt;&gt;</a>&nbsp;&nbsp;&nbsp;OSTaskNameSet
<LI><a href="#[155]">&gt;&gt;</a>&nbsp;&nbsp;&nbsp;OSTaskCreate
<LI><a href="#[173]">&gt;&gt;</a>&nbsp;&nbsp;&nbsp;OSTimeSet
<LI><a href="#[172]">&gt;&gt;</a>&nbsp;&nbsp;&nbsp;OSTimeGet
<LI><a href="#[171]">&gt;&gt;</a>&nbsp;&nbsp;&nbsp;OSTimeDlyResume
<LI><a href="#[16b]">&gt;&gt;</a>&nbsp;&nbsp;&nbsp;OSTaskResume
<LI><a href="#[16a]">&gt;&gt;</a>&nbsp;&nbsp;&nbsp;OSTaskRegSet
<LI><a href="#[169]">&gt;&gt;</a>&nbsp;&nbsp;&nbsp;OSTaskRegGetID
<LI><a href="#[168]">&gt;&gt;</a>&nbsp;&nbsp;&nbsp;OSTaskRegGet
<LI><a href="#[166]">&gt;&gt;</a>&nbsp;&nbsp;&nbsp;OSTaskQuery
<LI><a href="#[163]">&gt;&gt;</a>&nbsp;&nbsp;&nbsp;OSTaskNameGet
<LI><a href="#[162]">&gt;&gt;</a>&nbsp;&nbsp;&nbsp;OSTaskDelReq
<LI><a href="#[154]">&gt;&gt;</a>&nbsp;&nbsp;&nbsp;OSTaskChangePrio
<LI><a href="#[14f]">&gt;&gt;</a>&nbsp;&nbsp;&nbsp;OSSemSet
<LI><a href="#[14e]">&gt;&gt;</a>&nbsp;&nbsp;&nbsp;OSSemQuery
<LI><a href="#[14d]">&gt;&gt;</a>&nbsp;&nbsp;&nbsp;OSSemPost
<LI><a href="#[14c]">&gt;&gt;</a>&nbsp;&nbsp;&nbsp;OSSemPendAbort
<LI><a href="#[14a]">&gt;&gt;</a>&nbsp;&nbsp;&nbsp;OSSemDel
<LI><a href="#[148]">&gt;&gt;</a>&nbsp;&nbsp;&nbsp;OSSemAccept
<LI><a href="#[145]">&gt;&gt;</a>&nbsp;&nbsp;&nbsp;OSQQuery
<LI><a href="#[144]">&gt;&gt;</a>&nbsp;&nbsp;&nbsp;OSQPostOpt
<LI><a href="#[143]">&gt;&gt;</a>&nbsp;&nbsp;&nbsp;OSQPostFront
<LI><a href="#[142]">&gt;&gt;</a>&nbsp;&nbsp;&nbsp;OSQPost
<LI><a href="#[141]">&gt;&gt;</a>&nbsp;&nbsp;&nbsp;OSQPendAbort
<LI><a href="#[140]">&gt;&gt;</a>&nbsp;&nbsp;&nbsp;OSQPend
<LI><a href="#[13f]">&gt;&gt;</a>&nbsp;&nbsp;&nbsp;OSQFlush
<LI><a href="#[13e]">&gt;&gt;</a>&nbsp;&nbsp;&nbsp;OSQDel
<LI><a href="#[13d]">&gt;&gt;</a>&nbsp;&nbsp;&nbsp;OSQCreate
<LI><a href="#[13c]">&gt;&gt;</a>&nbsp;&nbsp;&nbsp;OSQAccept
<LI><a href="#[139]">&gt;&gt;</a>&nbsp;&nbsp;&nbsp;OSMutexQuery
<LI><a href="#[135]">&gt;&gt;</a>&nbsp;&nbsp;&nbsp;OSMutexDel
<LI><a href="#[133]">&gt;&gt;</a>&nbsp;&nbsp;&nbsp;OSMutexAccept
<LI><a href="#[132]">&gt;&gt;</a>&nbsp;&nbsp;&nbsp;OSMemQuery
<LI><a href="#[131]">&gt;&gt;</a>&nbsp;&nbsp;&nbsp;OSMemPut
<LI><a href="#[130]">&gt;&gt;</a>&nbsp;&nbsp;&nbsp;OSMemNameSet
<LI><a href="#[12f]">&gt;&gt;</a>&nbsp;&nbsp;&nbsp;OSMemNameGet
<LI><a href="#[12e]">&gt;&gt;</a>&nbsp;&nbsp;&nbsp;OSMemGet
<LI><a href="#[12d]">&gt;&gt;</a>&nbsp;&nbsp;&nbsp;OSMemCreate
<LI><a href="#[12c]">&gt;&gt;</a>&nbsp;&nbsp;&nbsp;OSMboxQuery
<LI><a href="#[12b]">&gt;&gt;</a>&nbsp;&nbsp;&nbsp;OSMboxPostOpt
<LI><a href="#[129]">&gt;&gt;</a>&nbsp;&nbsp;&nbsp;OSMboxPost
<LI><a href="#[128]">&gt;&gt;</a>&nbsp;&nbsp;&nbsp;OSMboxPendAbort
<LI><a href="#[125]">&gt;&gt;</a>&nbsp;&nbsp;&nbsp;OSMboxPend
<LI><a href="#[123]">&gt;&gt;</a>&nbsp;&nbsp;&nbsp;OSMboxDel
<LI><a href="#[121]">&gt;&gt;</a>&nbsp;&nbsp;&nbsp;OSMboxCreate
<LI><a href="#[120]">&gt;&gt;</a>&nbsp;&nbsp;&nbsp;OSMboxAccept
<LI><a href="#[10a]">&gt;&gt;</a>&nbsp;&nbsp;&nbsp;OSFlagQuery
<LI><a href="#[108]">&gt;&gt;</a>&nbsp;&nbsp;&nbsp;OSFlagPost
<LI><a href="#[107]">&gt;&gt;</a>&nbsp;&nbsp;&nbsp;OSFlagPendGetFlagsRdy
<LI><a href="#[103]">&gt;&gt;</a>&nbsp;&nbsp;&nbsp;OSFlagPend
<LI><a href="#[102]">&gt;&gt;</a>&nbsp;&nbsp;&nbsp;OSFlagNameSet
<LI><a href="#[101]">&gt;&gt;</a>&nbsp;&nbsp;&nbsp;OSFlagNameGet
<LI><a href="#[fc]">&gt;&gt;</a>&nbsp;&nbsp;&nbsp;OSFlagDel
<LI><a href="#[fa]">&gt;&gt;</a>&nbsp;&nbsp;&nbsp;OSFlagCreate
<LI><a href="#[f9]">&gt;&gt;</a>&nbsp;&nbsp;&nbsp;OSFlagAccept
</UL>

<P><STRONG><a name="[151]"></a>OSStartHighRdy</STRONG> (Thumb, 0 bytes, Stack size unknown bytes, os_cpu_a.o(.text))
<BR><BR>[Called By]<UL><LI><a href="#[150]">&gt;&gt;</a>&nbsp;&nbsp;&nbsp;OSStart
</UL>

<P><STRONG><a name="[184]"></a>OSCtxSw</STRONG> (Thumb, 0 bytes, Stack size unknown bytes, os_cpu_a.o(.text))
<BR><BR>[Called By]<UL><LI><a href="#[f7]">&gt;&gt;</a>&nbsp;&nbsp;&nbsp;OS_Sched
</UL>

<P><STRONG><a name="[11e]"></a>OSIntCtxSw</STRONG> (Thumb, 0 bytes, Stack size unknown bytes, os_cpu_a.o(.text))
<BR><BR>[Called By]<UL><LI><a href="#[11b]">&gt;&gt;</a>&nbsp;&nbsp;&nbsp;OSIntExit
</UL>

<P><STRONG><a name="[8]"></a>PendSV_Handler</STRONG> (Thumb, 0 bytes, Stack size unknown bytes, os_cpu_a.o(.text))
<BR><BR>[Stack]<UL><LI>Max Depth = 156 + Unknown Stack Size
<LI>Call Chain = PendSV_Handler &rArr; OSTaskSwHook &rArr; SEGGER_SYSVIEW_OnTaskStartExec &rArr; _SendPacket &rArr; _HandleIncomingPacket &rArr;  SEGGER_SYSVIEW_Start (Cycle)
</UL>
<BR>[Calls]<UL><LI><a href="#[6d]">&gt;&gt;</a>&nbsp;&nbsp;&nbsp;OSTaskSwHook
</UL>
<BR>[Address Reference Count : 1]<UL><LI> startup.o(RESET)
</UL>
<P><STRONG><a name="[5c]"></a>mySystemInit</STRONG> (Thumb, 0 bytes, Stack size unknown bytes, os_cpu_a.o(.text))
<BR>[Address Reference Count : 1]<UL><LI> startup.o(.text)
</UL>
<P><STRONG><a name="[6e]"></a>__2sprintf</STRONG> (Thumb, 38 bytes, Stack size 32 bytes, __2sprintf.o(.text))
<BR><BR>[Stack]<UL><LI>Max Depth = 120 + Unknown Stack Size
<LI>Call Chain = __2sprintf &rArr; _printf_char_common &rArr; __printf
</UL>
<BR>[Calls]<UL><LI><a href="#[5e]">&gt;&gt;</a>&nbsp;&nbsp;&nbsp;_sputc
<LI><a href="#[6f]">&gt;&gt;</a>&nbsp;&nbsp;&nbsp;_printf_char_common
</UL>
<BR>[Called By]<UL><LI><a href="#[bf]">&gt;&gt;</a>&nbsp;&nbsp;&nbsp;GY86_Show
</UL>

<P><STRONG><a name="[70]"></a>__printf</STRONG> (Thumb, 104 bytes, Stack size 24 bytes, __printf.o(.text))
<BR><BR>[Stack]<UL><LI>Max Depth = 24 + Unknown Stack Size
<LI>Call Chain = __printf
</UL>
<BR>[Calls]<UL><LI><a href="#[71]">&gt;&gt;</a>&nbsp;&nbsp;&nbsp;_printf_percent
</UL>
<BR>[Called By]<UL><LI><a href="#[6f]">&gt;&gt;</a>&nbsp;&nbsp;&nbsp;_printf_char_common
</UL>

<P><STRONG><a name="[6b]"></a>_printf_int_dec</STRONG> (Thumb, 104 bytes, Stack size 24 bytes, _printf_dec.o(.text))
<BR><BR>[Stack]<UL><LI>Max Depth = 56<LI>Call Chain = _printf_int_dec &rArr; _printf_int_common
</UL>
<BR>[Calls]<UL><LI><a href="#[72]">&gt;&gt;</a>&nbsp;&nbsp;&nbsp;_printf_int_common
</UL>
<BR>[Called By]<UL><LI><a href="#[6a]">&gt;&gt;</a>&nbsp;&nbsp;&nbsp;_printf_d
</UL>

<P><STRONG><a name="[1c6]"></a>strlen</STRONG> (Thumb, 62 bytes, Stack size 8 bytes, strlen.o(.text), UNUSED)
<BR><BR>[Called By]<UL><LI><a href="#[1ce]">&gt;&gt;</a>&nbsp;&nbsp;&nbsp;SEGGER_RTT_WriteString
<LI><a href="#[1c5]">&gt;&gt;</a>&nbsp;&nbsp;&nbsp;SEGGER_RTT_TerminalOut
</UL>

<P><STRONG><a name="[1bb]"></a>__aeabi_memcpy</STRONG> (Thumb, 0 bytes, Stack size 0 bytes, rt_memcpy_v6.o(.text))
<BR><BR>[Called By]<UL><LI><a href="#[1cf]">&gt;&gt;</a>&nbsp;&nbsp;&nbsp;SEGGER_RTT_WriteWithOverwriteNoLock
<LI><a href="#[1cd]">&gt;&gt;</a>&nbsp;&nbsp;&nbsp;SEGGER_RTT_WriteSkipNoLock
<LI><a href="#[1bd]">&gt;&gt;</a>&nbsp;&nbsp;&nbsp;SEGGER_RTT_ReadUpBufferNoLock
<LI><a href="#[1ba]">&gt;&gt;</a>&nbsp;&nbsp;&nbsp;SEGGER_RTT_ReadNoLock
<LI><a href="#[1c4]">&gt;&gt;</a>&nbsp;&nbsp;&nbsp;_WriteNoCheck
<LI><a href="#[1c3]">&gt;&gt;</a>&nbsp;&nbsp;&nbsp;_WriteBlocking
</UL>

<P><STRONG><a name="[73]"></a>__rt_memcpy</STRONG> (Thumb, 138 bytes, Stack size 0 bytes, rt_memcpy_v6.o(.text), UNUSED)
<BR><BR>[Calls]<UL><LI><a href="#[74]">&gt;&gt;</a>&nbsp;&nbsp;&nbsp;__aeabi_memcpy4
</UL>

<P><STRONG><a name="[2f1]"></a>_memcpy_lastbytes</STRONG> (Thumb, 0 bytes, Stack size unknown bytes, rt_memcpy_v6.o(.text), UNUSED)

<P><STRONG><a name="[220]"></a>__aeabi_memclr4</STRONG> (Thumb, 0 bytes, Stack size 4 bytes, rt_memclr_w.o(.text))
<BR><BR>[Stack]<UL><LI>Max Depth = 4<LI>Call Chain = __aeabi_memclr4
</UL>
<BR>[Called By]<UL><LI><a href="#[1ae]">&gt;&gt;</a>&nbsp;&nbsp;&nbsp;_DoInit
<LI><a href="#[21c]">&gt;&gt;</a>&nbsp;&nbsp;&nbsp;SYSVIEW_SendTaskInfo
</UL>

<P><STRONG><a name="[2f2]"></a>__aeabi_memclr8</STRONG> (Thumb, 0 bytes, Stack size 4 bytes, rt_memclr_w.o(.text), UNUSED)

<P><STRONG><a name="[2f3]"></a>__rt_memclr_w</STRONG> (Thumb, 78 bytes, Stack size 4 bytes, rt_memclr_w.o(.text), UNUSED)

<P><STRONG><a name="[2f4]"></a>_memset_w</STRONG> (Thumb, 0 bytes, Stack size unknown bytes, rt_memclr_w.o(.text), UNUSED)

<P><STRONG><a name="[2f5]"></a>__use_two_region_memory</STRONG> (Thumb, 2 bytes, Stack size 0 bytes, heapauxi.o(.text), UNUSED)

<P><STRONG><a name="[2f6]"></a>__rt_heap_escrow$2region</STRONG> (Thumb, 2 bytes, Stack size 0 bytes, heapauxi.o(.text), UNUSED)

<P><STRONG><a name="[2f7]"></a>__rt_heap_expand$2region</STRONG> (Thumb, 2 bytes, Stack size 0 bytes, heapauxi.o(.text), UNUSED)

<P><STRONG><a name="[72]"></a>_printf_int_common</STRONG> (Thumb, 178 bytes, Stack size 32 bytes, _printf_intcommon.o(.text))
<BR><BR>[Stack]<UL><LI>Max Depth = 32<LI>Call Chain = _printf_int_common
</UL>
<BR>[Called By]<UL><LI><a href="#[6b]">&gt;&gt;</a>&nbsp;&nbsp;&nbsp;_printf_int_dec
</UL>

<P><STRONG><a name="[6f]"></a>_printf_char_common</STRONG> (Thumb, 32 bytes, Stack size 64 bytes, _printf_char_common.o(.text))
<BR><BR>[Stack]<UL><LI>Max Depth = 88 + Unknown Stack Size
<LI>Call Chain = _printf_char_common &rArr; __printf
</UL>
<BR>[Calls]<UL><LI><a href="#[70]">&gt;&gt;</a>&nbsp;&nbsp;&nbsp;__printf
</UL>
<BR>[Called By]<UL><LI><a href="#[6e]">&gt;&gt;</a>&nbsp;&nbsp;&nbsp;__2sprintf
</UL>

<P><STRONG><a name="[5e]"></a>_sputc</STRONG> (Thumb, 10 bytes, Stack size 0 bytes, _sputc.o(.text))
<BR><BR>[Called By]<UL><LI><a href="#[6e]">&gt;&gt;</a>&nbsp;&nbsp;&nbsp;__2sprintf
</UL>
<BR>[Address Reference Count : 1]<UL><LI> __2sprintf.o(.text)
</UL>
<P><STRONG><a name="[74]"></a>__aeabi_memcpy4</STRONG> (Thumb, 0 bytes, Stack size 8 bytes, rt_memcpy_w.o(.text), UNUSED)
<BR><BR>[Called By]<UL><LI><a href="#[73]">&gt;&gt;</a>&nbsp;&nbsp;&nbsp;__rt_memcpy
</UL>

<P><STRONG><a name="[2f8]"></a>__aeabi_memcpy8</STRONG> (Thumb, 0 bytes, Stack size 8 bytes, rt_memcpy_w.o(.text), UNUSED)

<P><STRONG><a name="[2f9]"></a>__rt_memcpy_w</STRONG> (Thumb, 100 bytes, Stack size 8 bytes, rt_memcpy_w.o(.text), UNUSED)

<P><STRONG><a name="[2fa]"></a>_memcpy_lastbytes_aligned</STRONG> (Thumb, 0 bytes, Stack size unknown bytes, rt_memcpy_w.o(.text), UNUSED)

<P><STRONG><a name="[2fb]"></a>ADC_AnalogWatchdogCmd</STRONG> (Thumb, 16 bytes, Stack size 0 bytes, stm32f4xx_adc.o(i.ADC_AnalogWatchdogCmd), UNUSED)

<P><STRONG><a name="[2fc]"></a>ADC_AnalogWatchdogSingleChannelConfig</STRONG> (Thumb, 16 bytes, Stack size 0 bytes, stm32f4xx_adc.o(i.ADC_AnalogWatchdogSingleChannelConfig), UNUSED)

<P><STRONG><a name="[2fd]"></a>ADC_AnalogWatchdogThresholdsConfig</STRONG> (Thumb, 6 bytes, Stack size 0 bytes, stm32f4xx_adc.o(i.ADC_AnalogWatchdogThresholdsConfig), UNUSED)

<P><STRONG><a name="[2fe]"></a>ADC_AutoInjectedConvCmd</STRONG> (Thumb, 22 bytes, Stack size 0 bytes, stm32f4xx_adc.o(i.ADC_AutoInjectedConvCmd), UNUSED)

<P><STRONG><a name="[2ff]"></a>ADC_ClearFlag</STRONG> (Thumb, 6 bytes, Stack size 0 bytes, stm32f4xx_adc.o(i.ADC_ClearFlag), UNUSED)

<P><STRONG><a name="[300]"></a>ADC_ClearITPendingBit</STRONG> (Thumb, 10 bytes, Stack size 0 bytes, stm32f4xx_adc.o(i.ADC_ClearITPendingBit), UNUSED)

<P><STRONG><a name="[301]"></a>ADC_Cmd</STRONG> (Thumb, 22 bytes, Stack size 0 bytes, stm32f4xx_adc.o(i.ADC_Cmd), UNUSED)

<P><STRONG><a name="[302]"></a>ADC_CommonInit</STRONG> (Thumb, 34 bytes, Stack size 0 bytes, stm32f4xx_adc.o(i.ADC_CommonInit), UNUSED)

<P><STRONG><a name="[303]"></a>ADC_CommonStructInit</STRONG> (Thumb, 12 bytes, Stack size 0 bytes, stm32f4xx_adc.o(i.ADC_CommonStructInit), UNUSED)

<P><STRONG><a name="[304]"></a>ADC_ContinuousModeCmd</STRONG> (Thumb, 22 bytes, Stack size 0 bytes, stm32f4xx_adc.o(i.ADC_ContinuousModeCmd), UNUSED)

<P><STRONG><a name="[305]"></a>ADC_DMACmd</STRONG> (Thumb, 22 bytes, Stack size 0 bytes, stm32f4xx_adc.o(i.ADC_DMACmd), UNUSED)

<P><STRONG><a name="[306]"></a>ADC_DMARequestAfterLastTransferCmd</STRONG> (Thumb, 22 bytes, Stack size 0 bytes, stm32f4xx_adc.o(i.ADC_DMARequestAfterLastTransferCmd), UNUSED)

<P><STRONG><a name="[75]"></a>ADC_DeInit</STRONG> (Thumb, 22 bytes, Stack size 8 bytes, stm32f4xx_adc.o(i.ADC_DeInit), UNUSED)
<BR><BR>[Calls]<UL><LI><a href="#[76]">&gt;&gt;</a>&nbsp;&nbsp;&nbsp;RCC_APB2PeriphResetCmd
</UL>

<P><STRONG><a name="[307]"></a>ADC_DiscModeChannelCountConfig</STRONG> (Thumb, 24 bytes, Stack size 8 bytes, stm32f4xx_adc.o(i.ADC_DiscModeChannelCountConfig), UNUSED)

<P><STRONG><a name="[308]"></a>ADC_DiscModeCmd</STRONG> (Thumb, 22 bytes, Stack size 0 bytes, stm32f4xx_adc.o(i.ADC_DiscModeCmd), UNUSED)

<P><STRONG><a name="[309]"></a>ADC_EOCOnEachRegularChannelCmd</STRONG> (Thumb, 22 bytes, Stack size 0 bytes, stm32f4xx_adc.o(i.ADC_EOCOnEachRegularChannelCmd), UNUSED)

<P><STRONG><a name="[30a]"></a>ADC_ExternalTrigInjectedConvConfig</STRONG> (Thumb, 16 bytes, Stack size 0 bytes, stm32f4xx_adc.o(i.ADC_ExternalTrigInjectedConvConfig), UNUSED)

<P><STRONG><a name="[30b]"></a>ADC_ExternalTrigInjectedConvEdgeConfig</STRONG> (Thumb, 16 bytes, Stack size 0 bytes, stm32f4xx_adc.o(i.ADC_ExternalTrigInjectedConvEdgeConfig), UNUSED)

<P><STRONG><a name="[30c]"></a>ADC_GetConversionValue</STRONG> (Thumb, 8 bytes, Stack size 0 bytes, stm32f4xx_adc.o(i.ADC_GetConversionValue), UNUSED)

<P><STRONG><a name="[30d]"></a>ADC_GetFlagStatus</STRONG> (Thumb, 18 bytes, Stack size 0 bytes, stm32f4xx_adc.o(i.ADC_GetFlagStatus), UNUSED)

<P><STRONG><a name="[30e]"></a>ADC_GetITStatus</STRONG> (Thumb, 38 bytes, Stack size 16 bytes, stm32f4xx_adc.o(i.ADC_GetITStatus), UNUSED)

<P><STRONG><a name="[30f]"></a>ADC_GetInjectedConversionValue</STRONG> (Thumb, 28 bytes, Stack size 8 bytes, stm32f4xx_adc.o(i.ADC_GetInjectedConversionValue), UNUSED)

<P><STRONG><a name="[310]"></a>ADC_GetMultiModeConversionValue</STRONG> (Thumb, 6 bytes, Stack size 0 bytes, stm32f4xx_adc.o(i.ADC_GetMultiModeConversionValue), UNUSED)

<P><STRONG><a name="[311]"></a>ADC_GetSoftwareStartConvStatus</STRONG> (Thumb, 20 bytes, Stack size 0 bytes, stm32f4xx_adc.o(i.ADC_GetSoftwareStartConvStatus), UNUSED)

<P><STRONG><a name="[312]"></a>ADC_GetSoftwareStartInjectedConvCmdStatus</STRONG> (Thumb, 20 bytes, Stack size 0 bytes, stm32f4xx_adc.o(i.ADC_GetSoftwareStartInjectedConvCmdStatus), UNUSED)

<P><STRONG><a name="[313]"></a>ADC_ITConfig</STRONG> (Thumb, 32 bytes, Stack size 8 bytes, stm32f4xx_adc.o(i.ADC_ITConfig), UNUSED)

<P><STRONG><a name="[314]"></a>ADC_Init</STRONG> (Thumb, 74 bytes, Stack size 12 bytes, stm32f4xx_adc.o(i.ADC_Init), UNUSED)

<P><STRONG><a name="[315]"></a>ADC_InjectedChannelConfig</STRONG> (Thumb, 130 bytes, Stack size 20 bytes, stm32f4xx_adc.o(i.ADC_InjectedChannelConfig), UNUSED)

<P><STRONG><a name="[316]"></a>ADC_InjectedDiscModeCmd</STRONG> (Thumb, 22 bytes, Stack size 0 bytes, stm32f4xx_adc.o(i.ADC_InjectedDiscModeCmd), UNUSED)

<P><STRONG><a name="[317]"></a>ADC_InjectedSequencerLengthConfig</STRONG> (Thumb, 24 bytes, Stack size 8 bytes, stm32f4xx_adc.o(i.ADC_InjectedSequencerLengthConfig), UNUSED)

<P><STRONG><a name="[318]"></a>ADC_MultiModeDMARequestAfterLastTransferCmd</STRONG> (Thumb, 34 bytes, Stack size 0 bytes, stm32f4xx_adc.o(i.ADC_MultiModeDMARequestAfterLastTransferCmd), UNUSED)

<P><STRONG><a name="[319]"></a>ADC_RegularChannelConfig</STRONG> (Thumb, 184 bytes, Stack size 20 bytes, stm32f4xx_adc.o(i.ADC_RegularChannelConfig), UNUSED)

<P><STRONG><a name="[31a]"></a>ADC_SetInjectedOffset</STRONG> (Thumb, 20 bytes, Stack size 8 bytes, stm32f4xx_adc.o(i.ADC_SetInjectedOffset), UNUSED)

<P><STRONG><a name="[31b]"></a>ADC_SoftwareStartConv</STRONG> (Thumb, 10 bytes, Stack size 0 bytes, stm32f4xx_adc.o(i.ADC_SoftwareStartConv), UNUSED)

<P><STRONG><a name="[31c]"></a>ADC_SoftwareStartInjectedConv</STRONG> (Thumb, 10 bytes, Stack size 0 bytes, stm32f4xx_adc.o(i.ADC_SoftwareStartInjectedConv), UNUSED)

<P><STRONG><a name="[31d]"></a>ADC_StructInit</STRONG> (Thumb, 20 bytes, Stack size 0 bytes, stm32f4xx_adc.o(i.ADC_StructInit), UNUSED)

<P><STRONG><a name="[31e]"></a>ADC_TempSensorVrefintCmd</STRONG> (Thumb, 34 bytes, Stack size 0 bytes, stm32f4xx_adc.o(i.ADC_TempSensorVrefintCmd), UNUSED)

<P><STRONG><a name="[31f]"></a>ADC_VBATCmd</STRONG> (Thumb, 34 bytes, Stack size 0 bytes, stm32f4xx_adc.o(i.ADC_VBATCmd), UNUSED)

<P><STRONG><a name="[77]"></a>ALL_Init</STRONG> (Thumb, 36 bytes, Stack size 8 bytes, final.o(i.ALL_Init))
<BR><BR>[Stack]<UL><LI>Max Depth = 88<LI>Call Chain = ALL_Init &rArr; OLED_Init &rArr; OLED_Clear &rArr; OLED_SetCursor &rArr; OLED_WriteCommand &rArr; OLED_I2C_SendByte &rArr; OLED_W_SDA
</UL>
<BR>[Calls]<UL><LI><a href="#[79]">&gt;&gt;</a>&nbsp;&nbsp;&nbsp;TIM_DELAY_INIT
<LI><a href="#[7a]">&gt;&gt;</a>&nbsp;&nbsp;&nbsp;Unlock_ALL_ESC
<LI><a href="#[7d]">&gt;&gt;</a>&nbsp;&nbsp;&nbsp;PPM_Init
<LI><a href="#[7c]">&gt;&gt;</a>&nbsp;&nbsp;&nbsp;OLED_Init
<LI><a href="#[78]">&gt;&gt;</a>&nbsp;&nbsp;&nbsp;MOTOR_Init
<LI><a href="#[7b]">&gt;&gt;</a>&nbsp;&nbsp;&nbsp;GY86_Init
<LI><a href="#[7e]">&gt;&gt;</a>&nbsp;&nbsp;&nbsp;bluetooth_Init
</UL>
<BR>[Called By]<UL><LI><a href="#[67]">&gt;&gt;</a>&nbsp;&nbsp;&nbsp;StartTask
</UL>

<P><STRONG><a name="[320]"></a>App_TCBInitHook</STRONG> (Thumb, 2 bytes, Stack size 0 bytes, app_hooks.o(i.App_TCBInitHook), UNUSED)

<P><STRONG><a name="[15d]"></a>App_TaskCreateHook</STRONG> (Thumb, 2 bytes, Stack size 0 bytes, app_hooks.o(i.App_TaskCreateHook))
<BR><BR>[Called By]<UL><LI><a href="#[15c]">&gt;&gt;</a>&nbsp;&nbsp;&nbsp;OSTaskCreateHook
</UL>

[...]
</UL>

<P><STRONG><a name="[1b3]"></a>_GetAvailWriteSpace</STRONG> (Thumb, 28 bytes, Stack size 8 bytes, segger_rtt.o(i._GetAvailWriteSpace), UNUSED)
<BR><BR>[Called By]<UL><LI><a href="#[1ca]">&gt;&gt;</a>&nbsp;&nbsp;&nbsp;SEGGER_RTT_WriteNoLock
<LI><a href="#[1cc]">&gt;&gt;</a>&nbsp;&nbsp;&nbsp;SEGGER_RTT_WriteDownBufferNoLock
<LI><a href="#[1c5]">&gt;&gt;</a>&nbsp;&nbsp;&nbsp;SEGGER_RTT_TerminalOut
<LI><a href="#[1c2]">&gt;&gt;</a>&nbsp;&nbsp;&nbsp;SEGGER_RTT_SetTerminal
<LI><a href="#[1b2]">&gt;&gt;</a>&nbsp;&nbsp;&nbsp;SEGGER_RTT_GetAvailWriteSpace
</UL>

<P><STRONG><a name="[1c7]"></a>_PostTerminalSwitch</STRONG> (Thumb, 32 bytes, Stack size 16 bytes, segger_rtt.o(i._PostTerminalSwitch), UNUSED)
<BR><BR>[Calls]<UL><LI><a href="#[1c3]">&gt;&gt;</a>&nbsp;&nbsp;&nbsp;_WriteBlocking
</UL>
<BR>[Called By]<UL><LI><a href="#[1c5]">&gt;&gt;</a>&nbsp;&nbsp;&nbsp;SEGGER_RTT_TerminalOut
</UL>

<P><STRONG><a name="[1c3]"></a>_WriteBlocking</STRONG> (Thumb, 118 bytes, Stack size 40 bytes, segger_rtt.o(i._WriteBlocking), UNUSED)
<BR><BR>[Calls]<UL><LI><a href="#[1bb]">&gt;&gt;</a>&nbsp;&nbsp;&nbsp;__aeabi_memcpy
</UL>
<BR>[Called By]<UL><LI><a href="#[1ca]">&gt;&gt;</a>&nbsp;&nbsp;&nbsp;SEGGER_RTT_WriteNoLock
<LI><a href="#[1cc]">&gt;&gt;</a>&nbsp;&nbsp;&nbsp;SEGGER_RTT_WriteDownBufferNoLock
<LI><a href="#[1c5]">&gt;&gt;</a>&nbsp;&nbsp;&nbsp;SEGGER_RTT_TerminalOut
<LI><a href="#[1c2]">&gt;&gt;</a>&nbsp;&nbsp;&nbsp;SEGGER_RTT_SetTerminal
<LI><a href="#[1c7]">&gt;&gt;</a>&nbsp;&nbsp;&nbsp;_PostTerminalSwitch
</UL>

<P><STRONG><a name="[1c4]"></a>_WriteNoCheck</STRONG> (Thumb, 88 bytes, Stack size 32 bytes, segger_rtt.o(i._WriteNoCheck), UNUSED)
<BR><BR>[Calls]<UL><LI><a href="#[1bb]">&gt;&gt;</a>&nbsp;&nbsp;&nbsp;__aeabi_memcpy
</UL>
<BR>[Called By]<UL><LI><a href="#[1ca]">&gt;&gt;</a>&nbsp;&nbsp;&nbsp;SEGGER_RTT_WriteNoLock
<LI><a href="#[1cc]">&gt;&gt;</a>&nbsp;&nbsp;&nbsp;SEGGER_RTT_WriteDownBufferNoLock
<LI><a href="#[1c2]">&gt;&gt;</a>&nbsp;&nbsp;&nbsp;SEGGER_RTT_SetTerminal
</UL>

<P><STRONG><a name="[1d4]"></a>_EncodeData</STRONG> (Thumb, 50 bytes, Stack size 12 bytes, segger_sysview.o(i._EncodeData), UNUSED)
<BR><BR>[Called By]<UL><LI><a href="#[1d3]">&gt;&gt;</a>&nbsp;&nbsp;&nbsp;SEGGER_SYSVIEW_EncodeData
</UL>

<P><STRONG><a name="[202]"></a>_EncodeFloat</STRONG> (Thumb, 44 bytes, Stack size 12 bytes, segger_sysview.o(i._EncodeFloat), UNUSED)
<BR><BR>[Called By]<UL><LI><a href="#[206]">&gt;&gt;</a>&nbsp;&nbsp;&nbsp;SEGGER_SYSVIEW_SampleData
<LI><a href="#[201]">&gt;&gt;</a>&nbsp;&nbsp;&nbsp;SEGGER_SYSVIEW_RegisterData
</UL>

<P><STRONG><a name="[1d6]"></a>_EncodeStr</STRONG> (Thumb, 54 bytes, Stack size 16 bytes, segger_sysview.o(i._EncodeStr))
<BR><BR>[Stack]<UL><LI>Max Depth = 16<LI>Call Chain = _EncodeStr
</UL>
<BR>[Called By]<UL><LI><a href="#[15e]">&gt;&gt;</a>&nbsp;&nbsp;&nbsp;SEGGER_SYSVIEW_NameResource
<LI><a href="#[217]">&gt;&gt;</a>&nbsp;&nbsp;&nbsp;SEGGER_SYSVIEW_Warn
<LI><a href="#[20b]">&gt;&gt;</a>&nbsp;&nbsp;&nbsp;SEGGER_SYSVIEW_SendTaskInfo
<LI><a href="#[20a]">&gt;&gt;</a>&nbsp;&nbsp;&nbsp;SEGGER_SYSVIEW_SendSysDesc
<LI><a href="#[205]">&gt;&gt;</a>&nbsp;&nbsp;&nbsp;SEGGER_SYSVIEW_SendModule
<LI><a href="#[201]">&gt;&gt;</a>&nbsp;&nbsp;&nbsp;SEGGER_SYSVIEW_RegisterData
<LI><a href="#[1f7]">&gt;&gt;</a>&nbsp;&nbsp;&nbsp;SEGGER_SYSVIEW_RecordString
<LI><a href="#[1f6]">&gt;&gt;</a>&nbsp;&nbsp;&nbsp;SEGGER_SYSVIEW_RecordModuleDescription
<LI><a href="#[1ee]">&gt;&gt;</a>&nbsp;&nbsp;&nbsp;SEGGER_SYSVIEW_Print
<LI><a href="#[1e8]">&gt;&gt;</a>&nbsp;&nbsp;&nbsp;SEGGER_SYSVIEW_NameMarker
<LI><a href="#[1d7]">&gt;&gt;</a>&nbsp;&nbsp;&nbsp;SEGGER_SYSVIEW_Error
<LI><a href="#[1d5]">&gt;&gt;</a>&nbsp;&nbsp;&nbsp;SEGGER_SYSVIEW_EncodeString
<LI><a href="#[1db]">&gt;&gt;</a>&nbsp;&nbsp;&nbsp;_VPrintHost
</UL>

<P><STRONG><a name="[1e4]"></a>_HandleIncomingPacket</STRONG> (Thumb, 162 bytes, Stack size 16 bytes, segger_sysview.o(i._HandleIncomingPacket))
<BR><BR>[Stack]<UL><LI>Max Depth = 92 + In Cycle
<LI>Call Chain = _HandleIncomingPacket &rArr;  SEGGER_SYSVIEW_Start (Cycle)
</UL>
<BR>[Calls]<UL><LI><a href="#[20c]">&gt;&gt;</a>&nbsp;&nbsp;&nbsp;SEGGER_SYSVIEW_Start
<LI><a href="#[1ba]">&gt;&gt;</a>&nbsp;&nbsp;&nbsp;SEGGER_RTT_ReadNoLock
<LI><a href="#[20e]">&gt;&gt;</a>&nbsp;&nbsp;&nbsp;SEGGER_SYSVIEW_Stop
<LI><a href="#[20d]">&gt;&gt;</a>&nbsp;&nbsp;&nbsp;SEGGER_SYSVIEW_SendTaskList
<LI><a href="#[207]">&gt;&gt;</a>&nbsp;&nbsp;&nbsp;SEGGER_SYSVIEW_SendNumModules
<LI><a href="#[244]">&gt;&gt;</a>&nbsp;&nbsp;&nbsp;SEGGER_SYSVIEW_SendModuleDescription
<LI><a href="#[205]">&gt;&gt;</a>&nbsp;&nbsp;&nbsp;SEGGER_SYSVIEW_SendModule
<LI><a href="#[1f8]">&gt;&gt;</a>&nbsp;&nbsp;&nbsp;SEGGER_SYSVIEW_RecordSystime
<LI><a href="#[1de]">&gt;&gt;</a>&nbsp;&nbsp;&nbsp;SEGGER_SYSVIEW_GetSysDesc
</UL>
<BR>[Called By]<UL><LI><a href="#[1e3]">&gt;&gt;</a>&nbsp;&nbsp;&nbsp;SEGGER_SYSVIEW_IsStarted
<LI><a href="#[1d9]">&gt;&gt;</a>&nbsp;&nbsp;&nbsp;_SendPacket
</UL>

<P><STRONG><a name="[1d8]"></a>_PreparePacket</STRONG> (Thumb, 6 bytes, Stack size 0 bytes, segger_sysview.o(i._PreparePacket))
<BR><BR>[Called By]<UL><LI><a href="#[12a]">&gt;&gt;</a>&nbsp;&nbsp;&nbsp;SEGGER_SYSVIEW_RecordU32
<LI><a href="#[11d]">&gt;&gt;</a>&nbsp;&nbsp;&nbsp;SEGGER_SYSVIEW_RecordExitISRToScheduler
<LI><a href="#[11f]">&gt;&gt;</a>&nbsp;&nbsp;&nbsp;SEGGER_SYSVIEW_RecordExitISR
<LI><a href="#[11a]">&gt;&gt;</a>&nbsp;&nbsp;&nbsp;SEGGER_SYSVIEW_RecordEnterISR
<LI><a href="#[16f]">&gt;&gt;</a>&nbsp;&nbsp;&nbsp;SEGGER_SYSVIEW_OnTaskStartExec
<LI><a href="#[158]">&gt;&gt;</a>&nbsp;&nbsp;&nbsp;SEGGER_SYSVIEW_OnTaskCreate
<LI><a href="#[15e]">&gt;&gt;</a>&nbsp;&nbsp;&nbsp;SEGGER_SYSVIEW_NameResource
<LI><a href="#[20c]">&gt;&gt;</a>&nbsp;&nbsp;&nbsp;SEGGER_SYSVIEW_Start
<LI><a href="#[109]">&gt;&gt;</a>&nbsp;&nbsp;&nbsp;SEGGER_SYSVIEW_RecordU32x3
<LI><a href="#[fe]">&gt;&gt;</a>&nbsp;&nbsp;&nbsp;SEGGER_SYSVIEW_RecordU32x2
<LI><a href="#[ff]">&gt;&gt;</a>&nbsp;&nbsp;&nbsp;SEGGER_SYSVIEW_RecordEndCallU32
<LI><a href="#[217]">&gt;&gt;</a>&nbsp;&nbsp;&nbsp;SEGGER_SYSVIEW_Warn
<LI><a href="#[20e]">&gt;&gt;</a>&nbsp;&nbsp;&nbsp;SEGGER_SYSVIEW_Stop
<LI><a href="#[20b]">&gt;&gt;</a>&nbsp;&nbsp;&nbsp;SEGGER_SYSVIEW_SendTaskInfo
<LI><a href="#[20a]">&gt;&gt;</a>&nbsp;&nbsp;&nbsp;SEGGER_SYSVIEW_SendSysDesc
<LI><a href="#[209]">&gt;&gt;</a>&nbsp;&nbsp;&nbsp;SEGGER_SYSVIEW_SendStackInfo
<LI><a href="#[207]">&gt;&gt;</a>&nbsp;&nbsp;&nbsp;SEGGER_SYSVIEW_SendNumModules
<LI><a href="#[205]">&gt;&gt;</a>&nbsp;&nbsp;&nbsp;SEGGER_SYSVIEW_SendModule
<LI><a href="#[206]">&gt;&gt;</a>&nbsp;&nbsp;&nbsp;SEGGER_SYSVIEW_SampleData
<LI><a href="#[201]">&gt;&gt;</a>&nbsp;&nbsp;&nbsp;SEGGER_SYSVIEW_RegisterData
<LI><a href="#[200]">&gt;&gt;</a>&nbsp;&nbsp;&nbsp;SEGGER_SYSVIEW_RecordVoid
<LI><a href="#[1ff]">&gt;&gt;</a>&nbsp;&nbsp;&nbsp;SEGGER_SYSVIEW_RecordU32x9
<LI><a href="#[1fe]">&gt;&gt;</a>&nbsp;&nbsp;&nbsp;SEGGER_SYSVIEW_RecordU32x8
<LI><a href="#[1fd]">&gt;&gt;</a>&nbsp;&nbsp;&nbsp;SEGGER_SYSVIEW_RecordU32x7
<LI><a href="#[1fc]">&gt;&gt;</a>&nbsp;&nbsp;&nbsp;SEGGER_SYSVIEW_RecordU32x6
<LI><a href="#[1fb]">&gt;&gt;</a>&nbsp;&nbsp;&nbsp;SEGGER_SYSVIEW_RecordU32x5
<LI><a href="#[1fa]">&gt;&gt;</a>&nbsp;&nbsp;&nbsp;SEGGER_SYSVIEW_RecordU32x4
<LI><a href="#[1f9]">&gt;&gt;</a>&nbsp;&nbsp;&nbsp;SEGGER_SYSVIEW_RecordU32x10
<LI><a href="#[1f7]">&gt;&gt;</a>&nbsp;&nbsp;&nbsp;SEGGER_SYSVIEW_RecordString
<LI><a href="#[1f6]">&gt;&gt;</a>&nbsp;&nbsp;&nbsp;SEGGER_SYSVIEW_RecordModuleDescription
<LI><a href="#[1f5]">&gt;&gt;</a>&nbsp;&nbsp;&nbsp;SEGGER_SYSVIEW_RecordExitTimer
<LI><a href="#[1f4]">&gt;&gt;</a>&nbsp;&nbsp;&nbsp;SEGGER_SYSVIEW_RecordEnterTimer
<LI><a href="#[1f3]">&gt;&gt;</a>&nbsp;&nbsp;&nbsp;SEGGER_SYSVIEW_RecordEndCall
<LI><a href="#[1ee]">&gt;&gt;</a>&nbsp;&nbsp;&nbsp;SEGGER_SYSVIEW_Print
<LI><a href="#[1ed]">&gt;&gt;</a>&nbsp;&nbsp;&nbsp;SEGGER_SYSVIEW_OnTaskTerminate
<LI><a href="#[1ec]">&gt;&gt;</a>&nbsp;&nbsp;&nbsp;SEGGER_SYSVIEW_OnTaskStopReady
<LI><a href="#[1eb]">&gt;&gt;</a>&nbsp;&nbsp;&nbsp;SEGGER_SYSVIEW_OnTaskStopExec
<LI><a href="#[1ea]">&gt;&gt;</a>&nbsp;&nbsp;&nbsp;SEGGER_SYSVIEW_OnTaskStartReady
<LI><a href="#[1e9]">&gt;&gt;</a>&nbsp;&nbsp;&nbsp;SEGGER_SYSVIEW_OnIdle
<LI><a href="#[1e8]">&gt;&gt;</a>&nbsp;&nbsp;&nbsp;SEGGER_SYSVIEW_NameMarker
<LI><a href="#[1e7]">&gt;&gt;</a>&nbsp;&nbsp;&nbsp;SEGGER_SYSVIEW_MarkStop
<LI><a href="#[1e6]">&gt;&gt;</a>&nbsp;&nbsp;&nbsp;SEGGER_SYSVIEW_MarkStart
<LI><a href="#[1e5]">&gt;&gt;</a>&nbsp;&nbsp;&nbsp;SEGGER_SYSVIEW_Mark
<LI><a href="#[1e2]">&gt;&gt;</a>&nbsp;&nbsp;&nbsp;SEGGER_SYSVIEW_HeapFree
<LI><a href="#[1e1]">&gt;&gt;</a>&nbsp;&nbsp;&nbsp;SEGGER_SYSVIEW_HeapDefine
<LI><a href="#[1e0]">&gt;&gt;</a>&nbsp;&nbsp;&nbsp;SEGGER_SYSVIEW_HeapAllocEx
<LI><a href="#[1df]">&gt;&gt;</a>&nbsp;&nbsp;&nbsp;SEGGER_SYSVIEW_HeapAlloc
<LI><a href="#[1de]">&gt;&gt;</a>&nbsp;&nbsp;&nbsp;SEGGER_SYSVIEW_GetSysDesc
<LI><a href="#[1d7]">&gt;&gt;</a>&nbsp;&nbsp;&nbsp;SEGGER_SYSVIEW_Error
<LI><a href="#[1dd]">&gt;&gt;</a>&nbsp;&nbsp;&nbsp;_VPrintTarget
<LI><a href="#[1db]">&gt;&gt;</a>&nbsp;&nbsp;&nbsp;_VPrintHost
<LI><a href="#[246]">&gt;&gt;</a>&nbsp;&nbsp;&nbsp;_StoreChar
</UL>

<P><STRONG><a name="[245]"></a>_PrintInt</STRONG> (Thumb, 190 bytes, Stack size 48 bytes, segger_sysview.o(i._PrintInt), UNUSED)
<BR><BR>[Calls]<UL><LI><a href="#[246]">&gt;&gt;</a>&nbsp;&nbsp;&nbsp;_StoreChar
<LI><a href="#[247]">&gt;&gt;</a>&nbsp;&nbsp;&nbsp;_PrintUnsigned
</UL>
<BR>[Called By]<UL><LI><a href="#[1dd]">&gt;&gt;</a>&nbsp;&nbsp;&nbsp;_VPrintTarget
</UL>

<P><STRONG><a name="[247]"></a>_PrintUnsigned</STRONG> (Thumb, 184 bytes, Stack size 64 bytes, segger_sysview.o(i._PrintUnsigned), UNUSED)
<BR><BR>[Calls]<UL><LI><a href="#[246]">&gt;&gt;</a>&nbsp;&nbsp;&nbsp;_StoreChar
</UL>
<BR>[Called By]<UL><LI><a href="#[1dd]">&gt;&gt;</a>&nbsp;&nbsp;&nbsp;_VPrintTarget
<LI><a href="#[245]">&gt;&gt;</a>&nbsp;&nbsp;&nbsp;_PrintInt
</UL>

<P><STRONG><a name="[1d9]"></a>_SendPacket</STRONG> (Thumb, 476 bytes, Stack size 32 bytes, segger_sysview.o(i._SendPacket))
<BR><BR>[Stack]<UL><LI>Max Depth = 124<LI>Call Chain = _SendPacket &rArr; _HandleIncomingPacket &rArr;  SEGGER_SYSVIEW_Start (Cycle)
</UL>
<BR>[Calls]<UL><LI><a href="#[1cd]">&gt;&gt;</a>&nbsp;&nbsp;&nbsp;SEGGER_RTT_WriteSkipNoLock
<LI><a href="#[248]">&gt;&gt;</a>&nbsp;&nbsp;&nbsp;_TrySendOverflowPacket
<LI><a href="#[1e4]">&gt;&gt;</a>&nbsp;&nbsp;&nbsp;_HandleIncomingPacket
</UL>
<BR>[Called By]<UL><LI><a href="#[12a]">&gt;&gt;</a>&nbsp;&nbsp;&nbsp;SEGGER_SYSVIEW_RecordU32
<LI><a href="#[11d]">&gt;&gt;</a>&nbsp;&nbsp;&nbsp;SEGGER_SYSVIEW_RecordExitISRToScheduler
<LI><a href="#[11f]">&gt;&gt;</a>&nbsp;&nbsp;&nbsp;SEGGER_SYSVIEW_RecordExitISR
<LI><a href="#[11a]">&gt;&gt;</a>&nbsp;&nbsp;&nbsp;SEGGER_SYSVIEW_RecordEnterISR
<LI><a href="#[16f]">&gt;&gt;</a>&nbsp;&nbsp;&nbsp;SEGGER_SYSVIEW_OnTaskStartExec
<LI><a href="#[158]">&gt;&gt;</a>&nbsp;&nbsp;&nbsp;SEGGER_SYSVIEW_OnTaskCreate
<LI><a href="#[15e]">&gt;&gt;</a>&nbsp;&nbsp;&nbsp;SEGGER_SYSVIEW_NameResource
<LI><a href="#[20c]">&gt;&gt;</a>&nbsp;&nbsp;&nbsp;SEGGER_SYSVIEW_Start
<LI><a href="#[109]">&gt;&gt;</a>&nbsp;&nbsp;&nbsp;SEGGER_SYSVIEW_RecordU32x3
<LI><a href="#[fe]">&gt;&gt;</a>&nbsp;&nbsp;&nbsp;SEGGER_SYSVIEW_RecordU32x2
<LI><a href="#[ff]">&gt;&gt;</a>&nbsp;&nbsp;&nbsp;SEGGER_SYSVIEW_RecordEndCallU32
<LI><a href="#[217]">&gt;&gt;</a>&nbsp;&nbsp;&nbsp;SEGGER_SYSVIEW_Warn
<LI><a href="#[20e]">&gt;&gt;</a>&nbsp;&nbsp;&nbsp;SEGGER_SYSVIEW_Stop
<LI><a href="#[20b]">&gt;&gt;</a>&nbsp;&nbsp;&nbsp;SEGGER_SYSVIEW_SendTaskInfo
<LI><a href="#[20a]">&gt;&gt;</a>&nbsp;&nbsp;&nbsp;SEGGER_SYSVIEW_SendSysDesc
<LI><a href="#[208]">&gt;&gt;</a>&nbsp;&nbsp;&nbsp;SEGGER_SYSVIEW_SendPacket
<LI><a href="#[207]">&gt;&gt;</a>&nbsp;&nbsp;&nbsp;SEGGER_SYSVIEW_SendNumModules
<LI><a href="#[205]">&gt;&gt;</a>&nbsp;&nbsp;&nbsp;SEGGER_SYSVIEW_SendModule
<LI><a href="#[206]">&gt;&gt;</a>&nbsp;&nbsp;&nbsp;SEGGER_SYSVIEW_SampleData
<LI><a href="#[201]">&gt;&gt;</a>&nbsp;&nbsp;&nbsp;SEGGER_SYSVIEW_RegisterData
<LI><a href="#[200]">&gt;&gt;</a>&nbsp;&nbsp;&nbsp;SEGGER_SYSVIEW_RecordVoid
<LI><a href="#[1ff]">&gt;&gt;</a>&nbsp;&nbsp;&nbsp;SEGGER_SYSVIEW_RecordU32x9
<LI><a href="#[1fe]">&gt;&gt;</a>&nbsp;&nbsp;&nbsp;SEGGER_SYSVIEW_RecordU32x8
<LI><a href="#[1fd]">&gt;&gt;</a>&nbsp;&nbsp;&nbsp;SEGGER_SYSVIEW_RecordU32x7
<LI><a href="#[1fc]">&gt;&gt;</a>&nbsp;&nbsp;&nbsp;SEGGER_SYSVIEW_RecordU32x6
<LI><a href="#[1fb]">&gt;&gt;</a>&nbsp;&nbsp;&nbsp;SEGGER_SYSVIEW_RecordU32x5
<LI><a href="#[1fa]">&gt;&gt;</a>&nbsp;&nbsp;&nbsp;SEGGER_SYSVIEW_RecordU32x4
<LI><a href="#[1f9]">&gt;&gt;</a>&nbsp;&nbsp;&nbsp;SEGGER_SYSVIEW_RecordU32x10
<LI><a href="#[1f7]">&gt;&gt;</a>&nbsp;&nbsp;&nbsp;SEGGER_SYSVIEW_RecordString
<LI><a href="#[1f6]">&gt;&gt;</a>&nbsp;&nbsp;&nbsp;SEGGER_SYSVIEW_RecordModuleDescription
<LI><a href="#[1f5]">&gt;&gt;</a>&nbsp;&nbsp;&nbsp;SEGGER_SYSVIEW_RecordExitTimer
<LI><a href="#[1f4]">&gt;&gt;</a>&nbsp;&nbsp;&nbsp;SEGGER_SYSVIEW_RecordEnterTimer
<LI><a href="#[1f3]">&gt;&gt;</a>&nbsp;&nbsp;&nbsp;SEGGER_SYSVIEW_RecordEndCall
<LI><a href="#[1ee]">&gt;&gt;</a>&nbsp;&nbsp;&nbsp;SEGGER_SYSVIEW_Print
<LI><a href="#[1ed]">&gt;&gt;</a>&nbsp;&nbsp;&nbsp;SEGGER_SYSVIEW_OnTaskTerminate
<LI><a href="#[1ec]">&gt;&gt;</a>&nbsp;&nbsp;&nbsp;SEGGER_SYSVIEW_OnTaskStopReady
<LI><a href="#[1eb]">&gt;&gt;</a>&nbsp;&nbsp;&nbsp;SEGGER_SYSVIEW_OnTaskStopExec
<LI><a href="#[1ea]">&gt;&gt;</a>&nbsp;&nbsp;&nbsp;SEGGER_SYSVIEW_OnTaskStartReady
<LI><a href="#[1e9]">&gt;&gt;</a>&nbsp;&nbsp;&nbsp;SEGGER_SYSVIEW_OnIdle
<LI><a href="#[1e8]">&gt;&gt;</a>&nbsp;&nbsp;&nbsp;SEGGER_SYSVIEW_NameMarker
<LI><a href="#[1e7]">&gt;&gt;</a>&nbsp;&nbsp;&nbsp;SEGGER_SYSVIEW_MarkStop
<LI><a href="#[1e6]">&gt;&gt;</a>&nbsp;&nbsp;&nbsp;SEGGER_SYSVIEW_MarkStart
<LI><a href="#[1e5]">&gt;&gt;</a>&nbsp;&nbsp;&nbsp;SEGGER_SYSVIEW_Mark
<LI><a href="#[1e2]">&gt;&gt;</a>&nbsp;&nbsp;&nbsp;SEGGER_SYSVIEW_HeapFree
<LI><a href="#[1e1]">&gt;&gt;</a>&nbsp;&nbsp;&nbsp;SEGGER_SYSVIEW_HeapDefine
<LI><a href="#[1e0]">&gt;&gt;</a>&nbsp;&nbsp;&nbsp;SEGGER_SYSVIEW_HeapAllocEx
<LI><a href="#[1df]">&gt;&gt;</a>&nbsp;&nbsp;&nbsp;SEGGER_SYSVIEW_HeapAlloc
<LI><a href="#[1de]">&gt;&gt;</a>&nbsp;&nbsp;&nbsp;SEGGER_SYSVIEW_GetSysDesc
<LI><a href="#[1d7]">&gt;&gt;</a>&nbsp;&nbsp;&nbsp;SEGGER_SYSVIEW_Error
<LI><a href="#[1dd]">&gt;&gt;</a>&nbsp;&nbsp;&nbsp;_VPrintTarget
<LI><a href="#[1db]">&gt;&gt;</a>&nbsp;&nbsp;&nbsp;_VPrintHost
<LI><a href="#[246]">&gt;&gt;</a>&nbsp;&nbsp;&nbsp;_StoreChar
</UL>

<P><STRONG><a name="[246]"></a>_StoreChar</STRONG> (Thumb, 134 bytes, Stack size 24 bytes, segger_sysview.o(i._StoreChar), UNUSED)
<BR><BR>[Calls]<UL><LI><a href="#[1d9]">&gt;&gt;</a>&nbsp;&nbsp;&nbsp;_SendPacket
<LI><a href="#[1d8]">&gt;&gt;</a>&nbsp;&nbsp;&nbsp;_PreparePacket
</UL>
<BR>[Called By]<UL><LI><a href="#[1dd]">&gt;&gt;</a>&nbsp;&nbsp;&nbsp;_VPrintTarget
<LI><a href="#[247]">&gt;&gt;</a>&nbsp;&nbsp;&nbsp;_PrintUnsigned
<LI><a href="#[245]">&gt;&gt;</a>&nbsp;&nbsp;&nbsp;_PrintInt
</UL>

<P><STRONG><a name="[248]"></a>_TrySendOverflowPacket</STRONG> (Thumb, 130 bytes, Stack size 32 bytes, segger_sysview.o(i._TrySendOverflowPacket))
<BR><BR>[Stack]<UL><LI>Max Depth = 88<LI>Call Chain = _TrySendOverflowPacket &rArr; SEGGER_RTT_WriteSkipNoLock
</UL>
<BR>[Calls]<UL><LI><a href="#[1cd]">&gt;&gt;</a>&nbsp;&nbsp;&nbsp;SEGGER_RTT_WriteSkipNoLock
</UL>
<BR>[Called By]<UL><LI><a href="#[1d9]">&gt;&gt;</a>&nbsp;&nbsp;&nbsp;_SendPacket
</UL>

<P><STRONG><a name="[1db]"></a>_VPrintHost</STRONG> (Thumb, 236 bytes, Stack size 112 bytes, segger_sysview.o(i._VPrintHost), UNUSED)
<BR><BR>[Calls]<UL><LI><a href="#[1d6]">&gt;&gt;</a>&nbsp;&nbsp;&nbsp;_EncodeStr
<LI><a href="#[1d9]">&gt;&gt;</a>&nbsp;&nbsp;&nbsp;_SendPacket
<LI><a href="#[1d8]">&gt;&gt;</a>&nbsp;&nbsp;&nbsp;_PreparePacket
</UL>
<BR>[Called By]<UL><LI><a href="#[218]">&gt;&gt;</a>&nbsp;&nbsp;&nbsp;SEGGER_SYSVIEW_WarnfHost
<LI><a href="#[215]">&gt;&gt;</a>&nbsp;&nbsp;&nbsp;SEGGER_SYSVIEW_VWarnfHost
<LI><a href="#[212]">&gt;&gt;</a>&nbsp;&nbsp;&nbsp;SEGGER_SYSVIEW_VPrintfHostEx
<LI><a href="#[211]">&gt;&gt;</a>&nbsp;&nbsp;&nbsp;SEGGER_SYSVIEW_VPrintfHost
<LI><a href="#[20f]">&gt;&gt;</a>&nbsp;&nbsp;&nbsp;SEGGER_SYSVIEW_VErrorfHost
<LI><a href="#[1f0]">&gt;&gt;</a>&nbsp;&nbsp;&nbsp;SEGGER_SYSVIEW_PrintfHostEx
<LI><a href="#[1ef]">&gt;&gt;</a>&nbsp;&nbsp;&nbsp;SEGGER_SYSVIEW_PrintfHost
<LI><a href="#[1da]">&gt;&gt;</a>&nbsp;&nbsp;&nbsp;SEGGER_SYSVIEW_ErrorfHost
</UL>

<P><STRONG><a name="[1dd]"></a>_VPrintTarget</STRONG> (Thumb, 624 bytes, Stack size 80 bytes, segger_sysview.o(i._VPrintTarget), UNUSED)
<BR><BR>[Calls]<UL><LI><a href="#[246]">&gt;&gt;</a>&nbsp;&nbsp;&nbsp;_StoreChar
<LI><a href="#[1d9]">&gt;&gt;</a>&nbsp;&nbsp;&nbsp;_SendPacket
<LI><a href="#[247]">&gt;&gt;</a>&nbsp;&nbsp;&nbsp;_PrintUnsigned
<LI><a href="#[245]">&gt;&gt;</a>&nbsp;&nbsp;&nbsp;_PrintInt
<LI><a href="#[1d8]">&gt;&gt;</a>&nbsp;&nbsp;&nbsp;_PreparePacket
</UL>
<BR>[Called By]<UL><LI><a href="#[219]">&gt;&gt;</a>&nbsp;&nbsp;&nbsp;SEGGER_SYSVIEW_WarnfTarget
<LI><a href="#[216]">&gt;&gt;</a>&nbsp;&nbsp;&nbsp;SEGGER_SYSVIEW_VWarnfTarget
<LI><a href="#[214]">&gt;&gt;</a>&nbsp;&nbsp;&nbsp;SEGGER_SYSVIEW_VPrintfTargetEx
<LI><a href="#[213]">&gt;&gt;</a>&nbsp;&nbsp;&nbsp;SEGGER_SYSVIEW_VPrintfTarget
<LI><a href="#[210]">&gt;&gt;</a>&nbsp;&nbsp;&nbsp;SEGGER_SYSVIEW_VErrorfTarget
<LI><a href="#[1f2]">&gt;&gt;</a>&nbsp;&nbsp;&nbsp;SEGGER_SYSVIEW_PrintfTargetEx
<LI><a href="#[1f1]">&gt;&gt;</a>&nbsp;&nbsp;&nbsp;SEGGER_SYSVIEW_PrintfTarget
<LI><a href="#[1dc]">&gt;&gt;</a>&nbsp;&nbsp;&nbsp;SEGGER_SYSVIEW_ErrorfTarget
</UL>

<P><STRONG><a name="[64]"></a>_cbSendSystemDesc</STRONG> (Thumb, 38 bytes, Stack size 8 bytes, segger_sysview_config_ucosii.o(i._cbSendSystemDesc))
<BR><BR>[Stack]<UL><LI>Max Depth = 164<LI>Call Chain = _cbSendSystemDesc &rArr; SYSVIEW_SendResourceList &rArr; SEGGER_SYSVIEW_NameResource &rArr; _SendPacket &rArr; _HandleIncomingPacket &rArr;  SEGGER_SYSVIEW_Start (Cycle)
</UL>
<BR>[Calls]<UL><LI><a href="#[21f]">&gt;&gt;</a>&nbsp;&nbsp;&nbsp;SYSVIEW_SendResourceList
<LI><a href="#[20a]">&gt;&gt;</a>&nbsp;&nbsp;&nbsp;SEGGER_SYSVIEW_SendSysDesc
</UL>
<BR>[Address Reference Count : 1]<UL><LI> segger_sysview_config_ucosii.o(i.SEGGER_SYSVIEW_Conf)
</UL>
<P><STRONG><a name="[68]"></a>_cbGetTime</STRONG> (Thumb, 20 bytes, Stack size 8 bytes, segger_sysview_ucosii.o(i._cbGetTime))
<BR><BR>[Stack]<UL><LI>Max Depth = 24 + Unknown Stack Size
<LI>Call Chain = _cbGetTime &rArr; OSTimeGet
</UL>
<BR>[Calls]<UL><LI><a href="#[172]">&gt;&gt;</a>&nbsp;&nbsp;&nbsp;OSTimeGet
</UL>
<BR>[Address Reference Count : 1]<UL><LI> segger_sysview_ucosii.o(.constdata)
</UL>
<P><STRONG><a name="[69]"></a>_cbSendTaskList</STRONG> (Thumb, 76 bytes, Stack size 24 bytes, segger_sysview_ucosii.o(i._cbSendTaskList))
<BR><BR>[Stack]<UL><LI>Max Depth = 220<LI>Call Chain = _cbSendTaskList &rArr; SYSVIEW_SendTaskInfo &rArr; SEGGER_SYSVIEW_SendTaskInfo &rArr; _SendPacket &rArr; _HandleIncomingPacket &rArr;  SEGGER_SYSVIEW_Start (Cycle)
</UL>
<BR>[Calls]<UL><LI><a href="#[21c]">&gt;&gt;</a>&nbsp;&nbsp;&nbsp;SYSVIEW_SendTaskInfo
</UL>
<BR>[Address Reference Count : 1]<UL><LI> segger_sysview_ucosii.o(.constdata)
</UL>
<P><STRONG><a name="[257]"></a>_fadd1</STRONG> (Thumb, 0 bytes, Stack size unknown bytes, faddsub_clz.o(x$fpl$fadd), UNUSED)
<BR><BR>[Called By]<UL><LI><a href="#[258]">&gt;&gt;</a>&nbsp;&nbsp;&nbsp;_fsub
<LI><a href="#[256]">&gt;&gt;</a>&nbsp;&nbsp;&nbsp;_frsb
</UL>

<P><STRONG><a name="[250]"></a>_fsub1</STRONG> (Thumb, 0 bytes, Stack size unknown bytes, faddsub_clz.o(x$fpl$fsub), UNUSED)
<BR><BR>[Called By]<UL><LI><a href="#[256]">&gt;&gt;</a>&nbsp;&nbsp;&nbsp;_frsb
<LI><a href="#[24f]">&gt;&gt;</a>&nbsp;&nbsp;&nbsp;_fadd
</UL>

<P><STRONG><a name="[5f]"></a>_printf_input_char</STRONG> (Thumb, 10 bytes, Stack size 0 bytes, _printf_char_common.o(.text))
<BR>[Address Reference Count : 1]<UL><LI> _printf_char_common.o(.text)
</UL><P>
<H3>
Undefined Global Symbols
</H3><HR></body></html>
