Component: ARM Compiler 5.06 update 5 (build 528) Tool: armlink [4d35e2]

==============================================================================

Section Cross References

    startup.o(RESET) refers to startup.o(STACK) for __initial_sp
    startup.o(RESET) refers to startup.o(.text) for Reset_Handler
    startup.o(RESET) refers to os_cpu_a.o(.text) for OS_CPU_PendSVHandler
    startup.o(RESET) refers to os_cpu_c.o(i.SysTick_Handler) for SysTick_Handler
    startup.o(RESET) refers to ppm.o(i.TIM3_IRQHandler) for TIM3_IRQHandler
    startup.o(RESET) refers to usart.o(i.USART1_IRQHandler) for USART1_IRQHandler
    startup.o(.text) refers to system.o(i.SystemInit) for SystemInit
    startup.o(.text) refers to entry.o(.ARM.Collect$$$$00000000) for __main
    stm32f4xx_adc.o(i.ADC_DeInit) refers to stm32f4xx_rcc.o(i.RCC_APB2PeriphResetCmd) for RCC_APB2PeriphResetCmd
    stm32f4xx_can.o(i.CAN_DeInit) refers to stm32f4xx_rcc.o(i.RCC_APB1PeriphResetCmd) for RCC_APB1PeriphResetCmd
    stm32f4xx_can.o(i.CAN_GetITStatus) refers to stm32f4xx_can.o(i.CheckITStatus) for CheckITStatus
    stm32f4xx_cryp.o(i.CRYP_DeInit) refers to stm32f4xx_rcc.o(i.RCC_AHB2PeriphResetCmd) for RCC_AHB2PeriphResetCmd
    stm32f4xx_dac.o(i.DAC_DeInit) refers to stm32f4xx_rcc.o(i.RCC_APB1PeriphResetCmd) for RCC_APB1PeriphResetCmd
    stm32f4xx_dma2d.o(i.DMA2D_DeInit) refers to stm32f4xx_rcc.o(i.RCC_AHB1PeriphResetCmd) for RCC_AHB1PeriphResetCmd
    stm32f4xx_flash.o(i.FLASH_EraseAllBank1Sectors) refers to stm32f4xx_flash.o(i.FLASH_WaitForLastOperation) for FLASH_WaitForLastOperation
    stm32f4xx_flash.o(i.FLASH_EraseAllBank2Sectors) refers to stm32f4xx_flash.o(i.FLASH_WaitForLastOperation) for FLASH_WaitForLastOperation
    stm32f4xx_flash.o(i.FLASH_EraseAllSectors) refers to stm32f4xx_flash.o(i.FLASH_WaitForLastOperation) for FLASH_WaitForLastOperation
    stm32f4xx_flash.o(i.FLASH_EraseSector) refers to stm32f4xx_flash.o(i.FLASH_WaitForLastOperation) for FLASH_WaitForLastOperation
    stm32f4xx_flash.o(i.FLASH_OB_Launch) refers to stm32f4xx_flash.o(i.FLASH_WaitForLastOperation) for FLASH_WaitForLastOperation
    stm32f4xx_flash.o(i.FLASH_OB_PCROP1Config) refers to stm32f4xx_flash.o(i.FLASH_WaitForLastOperation) for FLASH_WaitForLastOperation
    stm32f4xx_flash.o(i.FLASH_OB_PCROPConfig) refers to stm32f4xx_flash.o(i.FLASH_WaitForLastOperation) for FLASH_WaitForLastOperation
    stm32f4xx_flash.o(i.FLASH_OB_RDPConfig) refers to stm32f4xx_flash.o(i.FLASH_WaitForLastOperation) for FLASH_WaitForLastOperation
    stm32f4xx_flash.o(i.FLASH_OB_UserConfig) refers to stm32f4xx_flash.o(i.FLASH_WaitForLastOperation) for FLASH_WaitForLastOperation
    stm32f4xx_flash.o(i.FLASH_OB_WRP1Config) refers to stm32f4xx_flash.o(i.FLASH_WaitForLastOperation) for FLASH_WaitForLastOperation
    stm32f4xx_flash.o(i.FLASH_OB_WRPConfig) refers to stm32f4xx_flash.o(i.FLASH_WaitForLastOperation) for FLASH_WaitForLastOperation
    stm32f4xx_flash.o(i.FLASH_ProgramByte) refers to stm32f4xx_flash.o(i.FLASH_WaitForLastOperation) for FLASH_WaitForLastOperation
    stm32f4xx_flash.o(i.FLASH_ProgramDoubleWord) refers to stm32f4xx_flash.o(i.FLASH_WaitForLastOperation) for FLASH_WaitForLastOperation
    stm32f4xx_flash.o(i.FLASH_ProgramHalfWord) refers to stm32f4xx_flash.o(i.FLASH_WaitForLastOperation) for FLASH_WaitForLastOperation
    stm32f4xx_flash.o(i.FLASH_ProgramWord) refers to stm32f4xx_flash.o(i.FLASH_WaitForLastOperation) for FLASH_WaitForLastOperation
    stm32f4xx_flash.o(i.FLASH_WaitForLastOperation) refers to stm32f4xx_flash.o(i.FLASH_GetStatus) for FLASH_GetStatus
    stm32f4xx_gpio.o(i.GPIO_DeInit) refers to stm32f4xx_rcc.o(i.RCC_AHB1PeriphResetCmd) for RCC_AHB1PeriphResetCmd
    stm32f4xx_hash.o(i.HASH_DeInit) refers to stm32f4xx_rcc.o(i.RCC_AHB2PeriphResetCmd) for RCC_AHB2PeriphResetCmd
    stm32f4xx_i2c.o(i.I2C_DeInit) refers to stm32f4xx_rcc.o(i.RCC_APB1PeriphResetCmd) for RCC_APB1PeriphResetCmd
    stm32f4xx_i2c.o(i.I2C_Init) refers to stm32f4xx_rcc.o(i.RCC_GetClocksFreq) for RCC_GetClocksFreq
    stm32f4xx_ltdc.o(i.LTDC_DeInit) refers to stm32f4xx_rcc.o(i.RCC_APB2PeriphResetCmd) for RCC_APB2PeriphResetCmd
    stm32f4xx_pwr.o(i.PWR_DeInit) refers to stm32f4xx_rcc.o(i.RCC_APB1PeriphResetCmd) for RCC_APB1PeriphResetCmd
    stm32f4xx_rcc.o(i.RCC_GetClocksFreq) refers to stm32f4xx_rcc.o(.data) for APBAHBPrescTable
    stm32f4xx_rcc.o(i.RCC_WaitForHSEStartUp) refers to stm32f4xx_rcc.o(i.RCC_GetFlagStatus) for RCC_GetFlagStatus
    stm32f4xx_rtc.o(i.RTC_CoarseCalibCmd) refers to stm32f4xx_rtc.o(i.RTC_EnterInitMode) for RTC_EnterInitMode
    stm32f4xx_rtc.o(i.RTC_CoarseCalibCmd) refers to stm32f4xx_rtc.o(i.RTC_ExitInitMode) for RTC_ExitInitMode
    stm32f4xx_rtc.o(i.RTC_CoarseCalibConfig) refers to stm32f4xx_rtc.o(i.RTC_EnterInitMode) for RTC_EnterInitMode
    stm32f4xx_rtc.o(i.RTC_CoarseCalibConfig) refers to stm32f4xx_rtc.o(i.RTC_ExitInitMode) for RTC_ExitInitMode
[...]
    i.TIM3_IRQHandler                        0x080042d4   Section        0  ppm.o(i.TIM3_IRQHandler)
    i.TIM_ClearITPendingBit                  0x08004338   Section        0  stm32f4xx_tim.o(i.TIM_ClearITPendingBit)
    i.TIM_Cmd                                0x0800433e   Section        0  stm32f4xx_tim.o(i.TIM_Cmd)
    i.TIM_GetITStatus                        0x08004356   Section        0  stm32f4xx_tim.o(i.TIM_GetITStatus)
    i.TIM_ICInit                             0x08004378   Section        0  stm32f4xx_tim.o(i.TIM_ICInit)
    i.TIM_ITConfig                           0x080043e6   Section        0  stm32f4xx_tim.o(i.TIM_ITConfig)
    i.TIM_SelectInputTrigger                 0x080043f8   Section        0  stm32f4xx_tim.o(i.TIM_SelectInputTrigger)
    i.TIM_SelectSlaveMode                    0x0800440a   Section        0  stm32f4xx_tim.o(i.TIM_SelectSlaveMode)
    i.TIM_SetIC1Prescaler                    0x0800441c   Section        0  stm32f4xx_tim.o(i.TIM_SetIC1Prescaler)
    i.TIM_SetIC2Prescaler                    0x0800442e   Section        0  stm32f4xx_tim.o(i.TIM_SetIC2Prescaler)
    i.TIM_SetIC3Prescaler                    0x08004448   Section        0  stm32f4xx_tim.o(i.TIM_SetIC3Prescaler)
    i.TIM_SetIC4Prescaler                    0x0800445a   Section        0  stm32f4xx_tim.o(i.TIM_SetIC4Prescaler)
    i.TIM_TimeBaseInit                       0x08004474   Section        0  stm32f4xx_tim.o(i.TIM_TimeBaseInit)
    i.Task_Angle                             0x080044f8   Section        0  mytasks.o(i.Task_Angle)
    i.Task_COM                               0x08004554   Section        0  mytasks.o(i.Task_COM)
    i.Task_Motor                             0x08004638   Section        0  mytasks.o(i.Task_Motor)
    i.Task_Startup                           0x0800468c   Section        0  mytasks.o(i.Task_Startup)
    i.USART1_IRQHandler                      0x080046f8   Section        0  usart.o(i.USART1_IRQHandler)
    i.USART_Config                           0x0800472c   Section        0  usart.o(i.USART_Config)
    i.USART_GPIO_Init                        0x08004890   Section        0  usart.o(i.USART_GPIO_Init)
    i.USART_SendByte                         0x080048f0   Section        0  usart.o(i.USART_SendByte)
    i._DoInit                                0x08004908   Section        0  segger_rtt.o(i._DoInit)
    _DoInit                                  0x08004909   Thumb Code    82  segger_rtt.o(i._DoInit)
    i._EncodeStr                             0x08004978   Section        0  segger_sysview.o(i._EncodeStr)
    _EncodeStr                               0x08004979   Thumb Code    54  segger_sysview.o(i._EncodeStr)
    i._HandleIncomingPacket                  0x080049b0   Section        0  segger_sysview.o(i._HandleIncomingPacket)
    _HandleIncomingPacket                    0x080049b1   Thumb Code   162  segger_sysview.o(i._HandleIncomingPacket)
    i._PreparePacket                         0x08004a58   Section        0  segger_sysview.o(i._PreparePacket)
    _PreparePacket                           0x08004a59   Thumb Code     6  segger_sysview.o(i._PreparePacket)
    i._SendPacket                            0x08004a60   Section        0  segger_sysview.o(i._SendPacket)
    _SendPacket                              0x08004a61   Thumb Code   476  segger_sysview.o(i._SendPacket)
    i._TrySendOverflowPacket                 0x08004c48   Section        0  segger_sysview.o(i._TrySendOverflowPacket)
    _TrySendOverflowPacket                   0x08004c49   Thumb Code   130  segger_sysview.o(i._TrySendOverflowPacket)
    i.__0snprintf$6                          0x08004cd4   Section        0  printf6.o(i.__0snprintf$6)
    i.__scatterload_copy                     0x08004d04   Section       14  handlers.o(i.__scatterload_copy)
    i.__scatterload_null                     0x08004d12   Section        2  handlers.o(i.__scatterload_null)
    i.__scatterload_zeroinit                 0x08004d14   Section       14  handlers.o(i.__scatterload_zeroinit)
    i._cbGetTime                             0x08004d22   Section        0  segger_sysview_ucosii.o(i._cbGetTime)
    _cbGetTime                               0x08004d23   Thumb Code    20  segger_sysview_ucosii.o(i._cbGetTime)
    i._cbSendSystemDesc                      0x08004d38   Section        0  segger_sysview_config_ucosii.o(i._cbSendSystemDesc)
    _cbSendSystemDesc                        0x08004d39   Thumb Code    26  segger_sysview_config_ucosii.o(i._cbSendSystemDesc)
    i._cbSendTaskList                        0x08004da0   Section        0  segger_sysview_ucosii.o(i._cbSendTaskList)
    _cbSendTaskList                          0x08004da1   Thumb Code    76  segger_sysview_ucosii.o(i._cbSendTaskList)
    i._printf_core                           0x08004df4   Section        0  printf6.o(i._printf_core)
    _printf_core                             0x08004df5   Thumb Code   748  printf6.o(i._printf_core)
    i._printf_post_padding                   0x080050e4   Section        0  printf6.o(i._printf_post_padding)
    _printf_post_padding                     0x080050e5   Thumb Code    36  printf6.o(i._printf_post_padding)
    i._printf_pre_padding                    0x08005108   Section        0  printf6.o(i._printf_pre_padding)
    _printf_pre_padding                      0x08005109   Thumb Code    46  printf6.o(i._printf_pre_padding)
    i._snputc                                0x08005136   Section        0  printf6.o(i._snputc)
    _snputc                                  0x08005137   Thumb Code    22  printf6.o(i._snputc)
    i.main                                   0x0800514c   Section        0  main.o(i.main)
    .constdata                               0x0800518c   Section     1520  oled.o(.constdata)
    .constdata                               0x0800577c   Section      256  os_core.o(.constdata)
    .constdata                               0x0800587c   Section      118  os_dbg_r.o(.constdata)
    .constdata                               0x080058f4   Section        8  segger_sysview_ucosii.o(.constdata)
    .constdata                               0x080058fc   Section       33  segger_rtt.o(.constdata)
    _aTerminalId                             0x080058fc   Data          16  segger_rtt.o(.constdata)
    _aInitStr                                0x0800590c   Data          17  segger_rtt.o(.constdata)
    .constdata                               0x0800591d   Section       26  segger_sysview.o(.constdata)
    _abSync                                  0x0800591d   Data          10  segger_sysview.o(.constdata)
    _aV2C                                    0x08005927   Data          16  segger_sysview.o(.constdata)
    .conststring                             0x08005938   Section      164  segger_sysview_ucosii.o(.conststring)
    .data                                    0x20000000   Section        3  ppm.o(.data)
    .data                                    0x20000004   Section        4  usart.o(.data)
    DIV_M                                    0x20000006   Data           2  usart.o(.data)
    .data                                    0x20000008   Section        6  final.o(.data)
    .data                                    0x20000010   Section       12  os_cpu_c.o(.data)
    OSTmrCtr                                 0x20000014   Data           2  os_cpu_c.o(.data)
    .data                                    0x2000001c   Section      100  os_core.o(.data)
    .data                                    0x20000080   Section        5  mytasks.o(.data)
    .data                                    0x20000088   Section        8  segger_sysview_ucosii.o(.data)
    _NumTasks                                0x20000088   Data           4  segger_sysview_ucosii.o(.data)
    _NumResources                            0x2000008c   Data           4  segger_sysview_ucosii.o(.data)
    .data                                    0x20000090   Section       21  segger_sysview.o(.data)
    _DownBuffer                              0x20000098   Data           8  segger_sysview.o(.data)
    _pFirstModule                            0x200000a0   Data           4  segger_sysview.o(.data)
    _NumModules                              0x200000a4   Data           1  segger_sysview.o(.data)
    .bss                                     0x200000a8   Section       16  ppm.o(.bss)
    .bss                                     0x200000b8   Section       12  final.o(.bss)
    .bss                                     0x200000c4   Section     1024  os_cpu_c.o(.bss)
    .bss                                     0x200004c4   Section     5048  os_core.o(.bss)
    .bss                                     0x2000187c   Section     2176  mytasks.o(.bss)
    com_buf                                  0x2000207c   Data         128  mytasks.o(.bss)
    .bss                                     0x200020fc   Section     2176  segger_sysview_ucosii.o(.bss)
    _aTasks                                  0x200020fc   Data         640  segger_sysview_ucosii.o(.bss)
    _aResources                              0x2000237c   Data        1536  segger_sysview_ucosii.o(.bss)
    .bss                                     0x2000297c   Section     4280  segger_rtt.o(.bss)
    _acUpBuffer                              0x20002a24   Data        4096  segger_rtt.o(.bss)
    _acDownBuffer                            0x20003a24   Data          16  segger_rtt.o(.bss)
    .bss                                     0x20003a34   Section     4363  segger_sysview.o(.bss)
    _UpBuffer                                0x20003a34   Data        4096  segger_sysview.o(.bss)
    _SYSVIEW_Globals                         0x20004a34   Data          40  segger_sysview.o(.bss)
    _aPacket                                 0x20004a5c   Data         227  segger_sysview.o(.bss)
    STACK                                    0x20004b40   Section     1024  startup.o(STACK)

    Global Symbols

    Symbol Name                              Value     Ov Type        Size  Object(Section)

    BuildAttributes$$THM_ISAv4$E$P$D$K$B$S$7EM$PE$A:L22UL41UL21$X:L11$S22US41US21$IEEE1$IW$USESV6$~STKCKD$USESV7$~SHL$OTIME$ROPI$EBA8$MICROLIB$REQ8$PRES8$EABIv2 0x00000000   Number         0  anon$$obj.o ABSOLUTE
    __ARM_use_no_argv                        0x00000000   Number         0  main.o ABSOLUTE
    _printf_a                                0x00000000   Number         0  stubs.o ABSOLUTE
    _printf_c                                0x00000000   Number         0  stubs.o ABSOLUTE
    _printf_charcount                        0x00000000   Number         0  stubs.o ABSOLUTE
    _printf_d                                0x00000000   Number         0  stubs.o ABSOLUTE
    _printf_e                                0x00000000   Number         0  stubs.o ABSOLUTE
    _printf_f                                0x00000000   Number         0  stubs.o ABSOLUTE
    _printf_flags                            0x00000000   Number         0  stubs.o ABSOLUTE
    _printf_fp_dec                           0x00000000   Number         0  stubs.o ABSOLUTE
    _printf_fp_hex                           0x00000000   Number         0  stubs.o ABSOLUTE
    _printf_g                                0x00000000   Number         0  stubs.o ABSOLUTE
    _printf_i                                0x00000000   Number         0  stubs.o ABSOLUTE
    _printf_int_dec                          0x00000000   Number         0  stubs.o ABSOLUTE
    _printf_l                                0x00000000   Number         0  stubs.o ABSOLUTE
    _printf_lc                               0x00000000   Number         0  stubs.o ABSOLUTE
    _printf_ll                               0x00000000   Number         0  stubs.o ABSOLUTE
    _printf_lld                              0x00000000   Number         0  stubs.o ABSOLUTE
    _printf_lli                              0x00000000   Number         0  stubs.o ABSOLUTE
    _printf_llo                              0x00000000   Number         0  stubs.o ABSOLUTE
    _printf_llu                              0x00000000   Number         0  stubs.o ABSOLUTE
    _printf_llx                              0x00000000   Number         0  stubs.o ABSOLUTE
    _printf_longlong_dec                     0x00000000   Number         0  stubs.o ABSOLUTE
    _printf_longlong_hex                     0x00000000   Number         0  stubs.o ABSOLUTE
    _printf_longlong_oct                     0x00000000   Number         0  stubs.o ABSOLUTE
    _printf_ls                               0x00000000   Number         0  stubs.o ABSOLUTE
    _printf_mbtowc                           0x00000000   Number         0  stubs.o ABSOLUTE
    _printf_n                                0x00000000   Number         0  stubs.o ABSOLUTE
    _printf_o                                0x00000000   Number         0  stubs.o ABSOLUTE
    _printf_p                                0x00000000   Number         0  stubs.o ABSOLUTE
    _printf_percent                          0x00000000   Number         0  stubs.o ABSOLUTE
    _printf_pre_padding                      0x00000000   Number         0  stubs.o ABSOLUTE
    _printf_return_value                     0x00000000   Number         0  stubs.o ABSOLUTE
    _printf_s                                0x00000000   Number         0  stubs.o ABSOLUTE
    _printf_sizespec                         0x00000000   Number         0  stubs.o ABSOLUTE
    _printf_str                              0x00000000   Number         0  stubs.o ABSOLUTE
    _printf_truncate_signed                  0x00000000   Number         0  stubs.o ABSOLUTE
    _printf_truncate_unsigned                0x00000000   Number         0  stubs.o ABSOLUTE
    _printf_u                                0x00000000   Number         0  stubs.o ABSOLUTE
    _printf_wc                               0x00000000   Number         0  stubs.o ABSOLUTE
    _printf_wctomb                           0x00000000   Number         0  stubs.o ABSOLUTE
    _printf_widthprec                        0x00000000   Number         0  stubs.o ABSOLUTE
    _printf_x                                0x00000000   Number         0  stubs.o ABSOLUTE
    __cpp_initialize__aeabi_                  - Undefined Weak Reference
    __cxa_finalize                            - Undefined Weak Reference
    __decompress                              - Undefined Weak Reference
    _clock_init                               - Undefined Weak Reference
    _microlib_exit                            - Undefined Weak Reference
    __Vectors_Size                           0x00000188   Number         0  startup.o ABSOLUTE
    __Vectors                                0x08000000   Data           4  startup.o(RESET)
    __Vectors_End                            0x08000188   Data           0  startup.o(RESET)
    __main                                   0x08000189   Thumb Code     0  entry.o(.ARM.Collect$$$$00000000)
    _main_stk                                0x08000189   Thumb Code     0  entry2.o(.ARM.Collect$$$$00000001)
    _main_scatterload                        0x0800018d   Thumb Code     0  entry5.o(.ARM.Collect$$$$00000004)
    __main_after_scatterload                 0x08000191   Thumb Code     0  entry5.o(.ARM.Collect$$$$00000004)
    _main_clock                              0x08000191   Thumb Code     0  entry7b.o(.ARM.Collect$$$$00000008)
    _main_cpp_init                           0x08000191   Thumb Code     0  entry8b.o(.ARM.Collect$$$$0000000A)
    _main_init                               0x08000191   Thumb Code     0  entry9a.o(.ARM.Collect$$$$0000000B)
    __rt_final_cpp                           0x08000199   Thumb Code     0  entry10a.o(.ARM.Collect$$$$0000000D)
    __rt_final_exit                          0x08000199   Thumb Code     0  entry11a.o(.ARM.Collect$$$$0000000F)
    Reset_Handler                            0x0800019d   Thumb Code     8  startup.o(.text)
    NMI_Handler                              0x080001a5   Thumb Code     2  startup.o(.text)
    HardFault_Handler                        0x080001a7   Thumb Code     2  startup.o(.text)
    MemManage_Handler                        0x080001a9   Thumb Code     2  startup.o(.text)
    BusFault_Handler                         0x080001ab   Thumb Code     2  startup.o(.text)
    UsageFault_Handler                       0x080001ad   Thumb Code     2  startup.o(.text)
    SVC_Handler                              0x080001af   Thumb Code     2  startup.o(.text)
    DebugMon_Handler                         0x080001b1   Thumb Code     2  startup.o(.text)
    ADC_IRQHandler                           0x080001b7   Thumb Code     0  startup.o(.text)
    CAN1_RX0_IRQHandler                      0x080001b7   Thumb Code     0  startup.o(.text)
    CAN1_RX1_IRQHandler                      0x080001b7   Thumb Code     0  startup.o(.text)
    CAN1_SCE_IRQHandler                      0x080001b7   Thumb Code     0  startup.o(.text)
    CAN1_TX_IRQHandler                       0x080001b7   Thumb Code     0  startup.o(.text)
    CAN2_RX0_IRQHandler                      0x080001b7   Thumb Code     0  startup.o(.text)
    CAN2_RX1_IRQHandler                      0x080001b7   Thumb Code     0  startup.o(.text)
    CAN2_SCE_IRQHandler                      0x080001b7   Thumb Code     0  startup.o(.text)
    CAN2_TX_IRQHandler                       0x080001b7   Thumb Code     0  startup.o(.text)
    CRYP_IRQHandler                          0x080001b7   Thumb Code     0  startup.o(.text)
    DCMI_IRQHandler                          0x080001b7   Thumb Code     0  startup.o(.text)
    DMA1_Stream0_IRQHandler                  0x080001b7   Thumb Code     0  startup.o(.text)
    DMA1_Stream1_IRQHandler                  0x080001b7   Thumb Code     0  startup.o(.text)
    DMA1_Stream2_IRQHandler                  0x080001b7   Thumb Code     0  startup.o(.text)
    DMA1_Stream3_IRQHandler                  0x080001b7   Thumb Code     0  startup.o(.text)
    DMA1_Stream4_IRQHandler                  0x080001b7   Thumb Code     0  startup.o(.text)
    DMA1_Stream5_IRQHandler                  0x080001b7   Thumb Code     0  startup.o(.text)
    DMA1_Stream6_IRQHandler                  0x080001b7   Thumb Code     0  startup.o(.text)
    DMA1_Stream7_IRQHandler                  0x080001b7   Thumb Code     0  startup.o(.text)
    DMA2_Stream0_IRQHandler                  0x080001b7   Thumb Code     0  startup.o(.text)
    DMA2_Stream1_IRQHandler                  0x080001b7   Thumb Code     0  startup.o(.text)
    DMA2_Stream2_IRQHandler                  0x080001b7   Thumb Code     0  startup.o(.text)
    DMA2_Stream3_IRQHandler                  0x080001b7   Thumb Code     0  startup.o(.text)
    DMA2_Stream4_IRQHandler                  0x080001b7   Thumb Code     0  startup.o(.text)
    DMA2_Stream5_IRQHandler                  0x080001b7   Thumb Code     0  startup.o(.text)
    DMA2_Stream6_IRQHandler                  0x080001b7   Thumb Code     0  startup.o(.text)
    DMA2_Stream7_IRQHandler                  0x080001b7   Thumb Code     0  startup.o(.text)
    ETH_IRQHandler                           0x080001b7   Thumb Code     0  startup.o(.text)
    ETH_WKUP_IRQHandler                      0x080001b7   Thumb Code     0  startup.o(.text)
    EXTI0_IRQHandler                         0x080001b7   Thumb Code     0  startup.o(.text)
    EXTI15_10_IRQHandler                     0x080001b7   Thumb Code     0  startup.o(.text)
    EXTI1_IRQHandler                         0x080001b7   Thumb Code     0  startup.o(.text)
    EXTI2_IRQHandler                         0x080001b7   Thumb Code     0  startup.o(.text)
    EXTI3_IRQHandler                         0x080001b7   Thumb Code     0  startup.o(.text)
    EXTI4_IRQHandler                         0x080001b7   Thumb Code     0  startup.o(.text)
    EXTI9_5_IRQHandler                       0x080001b7   Thumb Code     0  startup.o(.text)
    FLASH_IRQHandler                         0x080001b7   Thumb Code     0  startup.o(.text)
    FPU_IRQHandler                           0x080001b7   Thumb Code     0  startup.o(.text)
    FSMC_IRQHandler                          0x080001b7   Thumb Code     0  startup.o(.text)
    HASH_RNG_IRQHandler                      0x080001b7   Thumb Code     0  startup.o(.text)
    I2C1_ER_IRQHandler                       0x080001b7   Thumb Code     0  startup.o(.text)
    I2C1_EV_IRQHandler                       0x080001b7   Thumb Code     0  startup.o(.text)
    I2C2_ER_IRQHandler                       0x080001b7   Thumb Code     0  startup.o(.text)
    I2C2_EV_IRQHandler                       0x080001b7   Thumb Code     0  startup.o(.text)
    I2C3_ER_IRQHandler                       0x080001b7   Thumb Code     0  startup.o(.text)
    I2C3_EV_IRQHandler                       0x080001b7   Thumb Code     0  startup.o(.text)
    OTG_FS_IRQHandler                        0x080001b7   Thumb Code     0  startup.o(.text)
    OTG_FS_WKUP_IRQHandler                   0x080001b7   Thumb Code     0  startup.o(.text)
    OTG_HS_EP1_IN_IRQHandler                 0x080001b7   Thumb Code     0  startup.o(.text)
    OTG_HS_EP1_OUT_IRQHandler                0x080001b7   Thumb Code     0  startup.o(.text)
    OTG_HS_IRQHandler                        0x080001b7   Thumb Code     0  startup.o(.text)
    OTG_HS_WKUP_IRQHandler                   0x080001b7   Thumb Code     0  startup.o(.text)
    PVD_IRQHandler                           0x080001b7   Thumb Code     0  startup.o(.text)
    RCC_IRQHandler                           0x080001b7   Thumb Code     0  startup.o(.text)
    RTC_Alarm_IRQHandler                     0x080001b7   Thumb Code     0  startup.o(.text)
    RTC_WKUP_IRQHandler                      0x080001b7   Thumb Code     0  startup.o(.text)
    SDIO_IRQHandler                          0x080001b7   Thumb Code     0  startup.o(.text)
    SPI1_IRQHandler                          0x080001b7   Thumb Code     0  startup.o(.text)
    SPI2_IRQHandler                          0x080001b7   Thumb Code     0  startup.o(.text)
    SPI3_IRQHandler                          0x080001b7   Thumb Code     0  startup.o(.text)
    TAMP_STAMP_IRQHandler                    0x080001b7   Thumb Code     0  startup.o(.text)
    TIM1_BRK_TIM9_IRQHandler                 0x080001b7   Thumb Code     0  startup.o(.text)
    TIM1_CC_IRQHandler                       0x080001b7   Thumb Code     0  startup.o(.text)
    TIM1_TRG_COM_TIM11_IRQHandler            0x080001b7   Thumb Code     0  startup.o(.text)
    TIM1_UP_TIM10_IRQHandler                 0x080001b7   Thumb Code     0  startup.o(.text)
    TIM2_IRQHandler                          0x080001b7   Thumb Code     0  startup.o(.text)
    TIM4_IRQHandler                          0x080001b7   Thumb Code     0  startup.o(.text)
    TIM5_IRQHandler                          0x080001b7   Thumb Code     0  startup.o(.text)
    TIM6_DAC_IRQHandler                      0x080001b7   Thumb Code     0  startup.o(.text)
    TIM7_IRQHandler                          0x080001b7   Thumb Code     0  startup.o(.text)
    TIM8_BRK_TIM12_IRQHandler                0x080001b7   Thumb Code     0  startup.o(.text)
    TIM8_CC_IRQHandler                       0x080001b7   Thumb Code     0  startup.o(.text)
    TIM8_TRG_COM_TIM14_IRQHandler            0x080001b7   Thumb Code     0  startup.o(.text)
    TIM8_UP_TIM13_IRQHandler                 0x080001b7   Thumb Code     0  startup.o(.text)
    UART4_IRQHandler                         0x080001b7   Thumb Code     0  startup.o(.text)
    UART5_IRQHandler                         0x080001b7   Thumb Code     0  startup.o(.text)
    USART2_IRQHandler                        0x080001b7   Thumb Code     0  startup.o(.text)
    USART3_IRQHandler                        0x080001b7   Thumb Code     0  startup.o(.text)
    USART6_IRQHandler                        0x080001b7   Thumb Code     0  startup.o(.text)
    WWDG_IRQHandler                          0x080001b7   Thumb Code     0  startup.o(.text)
    OS_CPU_SR_Save                           0x080001c1   Thumb Code     0  os_cpu_a.o(.text)
    OS_CPU_SR_Restore                        0x080001dd   Thumb Code     0  os_cpu_a.o(.text)
    OSStartHighRdy                           0x080001ef   Thumb Code     0  os_cpu_a.o(.text)
    OSCtxSw                                  0x08000247   Thumb Code     0  os_cpu_a.o(.text)
    OSIntCtxSw                               0x08000247   Thumb Code     0  os_cpu_a.o(.text)
    OS_CPU_PendSVHandler                     0x08000251   Thumb Code     0  os_cpu_a.o(.text)
    __aeabi_memcpy                           0x080002d5   Thumb Code    36  memcpya.o(.text)
    __aeabi_memcpy4                          0x080002d5   Thumb Code     0  memcpya.o(.text)
    __aeabi_memcpy8                          0x080002d5   Thumb Code     0  memcpya.o(.text)
    __aeabi_memset                           0x080002f9   Thumb Code    14  memseta.o(.text)
    __aeabi_memset4                          0x080002f9   Thumb Code     0  memseta.o(.text)
    __aeabi_memset8                          0x080002f9   Thumb Code     0  memseta.o(.text)
    __aeabi_memclr                           0x08000307   Thumb Code     4  memseta.o(.text)
    __aeabi_memclr4                          0x08000307   Thumb Code     0  memseta.o(.text)
    __aeabi_memclr8                          0x08000307   Thumb Code     0  memseta.o(.text)
    _memset$wrapper                          0x0800030b   Thumb Code    18  memseta.o(.text)
    __aeabi_fadd                             0x0800031d   Thumb Code   164  fadd.o(.text)
    __aeabi_fsub                             0x080003c1   Thumb Code     6  fadd.o(.text)
    __aeabi_frsub                            0x080003c7   Thumb Code     6  fadd.o(.text)
    __aeabi_fmul                             0x080003cd   Thumb Code   100  fmul.o(.text)
    __aeabi_ddiv                             0x08000431   Thumb Code   222  ddiv.o(.text)
    __aeabi_ui2f                             0x0800050f   Thumb Code    10  ffltui.o(.text)
    __aeabi_ui2d                             0x08000519   Thumb Code    26  dfltui.o(.text)
    __aeabi_f2uiz                            0x08000533   Thumb Code    40  ffixui.o(.text)
    __aeabi_d2f                              0x0800055b   Thumb Code    56  d2f.o(.text)
    __aeabi_uidiv                            0x08000593   Thumb Code     0  uidiv.o(.text)
    __aeabi_uidivmod                         0x08000593   Thumb Code    44  uidiv.o(.text)
    __I$use$fp                               0x080005bf   Thumb Code     0  iusefp.o(.text)
    _float_round                             0x080005bf   Thumb Code    18  fepilogue.o(.text)
    _float_epilogue                          0x080005d1   Thumb Code    92  fepilogue.o(.text)
    _double_round                            0x0800062d   Thumb Code    30  depilogue.o(.text)
    _double_epilogue                         0x0800064b   Thumb Code   156  depilogue.o(.text)
    __scatterload                            0x080006e9   Thumb Code    28  init.o(.text)
    __scatterload_rt2                        0x080006e9   Thumb Code     0  init.o(.text)
    __aeabi_llsl                             0x0800070d   Thumb Code    30  llshl.o(.text)
    _ll_shift_l                              0x0800070d   Thumb Code     0  llshl.o(.text)
    __aeabi_llsr                             0x0800072b   Thumb Code    32  llushr.o(.text)
    _ll_ushift_r                             0x0800072b   Thumb Code     0  llushr.o(.text)
    App_TCBInitHook                          0x0800074b   Thumb Code     2  app_hooks.o(i.App_TCBInitHook)
    App_TaskCreateHook                       0x0800074d   Thumb Code     2  app_hooks.o(i.App_TaskCreateHook)
    App_TaskDelHook                          0x0800074f   Thumb Code     2  app_hooks.o(i.App_TaskDelHook)
    App_TaskIdleHook                         0x08000751   Thumb Code     2  app_hooks.o(i.App_TaskIdleHook)
    App_TaskReturnHook                       0x08000753   Thumb Code     2  app_hooks.o(i.App_TaskReturnHook)
    App_TaskStatHook                         0x08000755   Thumb Code     2  app_hooks.o(i.App_TaskStatHook)
    App_TaskSwHook                           0x08000757   Thumb Code     2  app_hooks.o(i.App_TaskSwHook)
    App_TimeTickHook                         0x08000759   Thumb Code     2  app_hooks.o(i.App_TimeTickHook)
    Board_Init                               0x0800075b   Thumb Code    32  final.o(i.Board_Init)
    Delay_Init                               0x0800077b   Thumb Code    62  delay.o(i.Delay_Init)
    Delay_us                                 0x080007b9   Thumb Code    44  delay.o(i.Delay_us)
    Display                                  0x080007e5   Thumb Code   366  mytasks.o(i.Display)
    GPIO_Config                              0x080009b9   Thumb Code    90  pwm.o(i.GPIO_Config)
    GPIO_Init                                0x08000a1d   Thumb Code   144  stm32f4xx_gpio.o(i.GPIO_Init)
    GPIO_PinAFConfig                         0x08000aad   Thumb Code    70  stm32f4xx_gpio.o(i.GPIO_PinAFConfig)
    GPIO_ReadInputDataBit                    0x08000af3   Thumb Code    18  stm32f4xx_gpio.o(i.GPIO_ReadInputDataBit)
    GPIO_SetBits                             0x08000b05   Thumb Code     4  stm32f4xx_gpio.o(i.GPIO_SetBits)
    GPIO_WriteBit                            0x08000b09   Thumb Code    12  stm32f4xx_gpio.o(i.GPIO_WriteBit)
    GY86_Init                                0x08000b15   Thumb Code    16  gy86.o(i.GY86_Init)
    GY86_MS5611_SendCMD                      0x08000b25   Thumb Code    34  gy86.o(i.GY86_MS5611_SendCMD)
    GY86_ReadReg                             0x08000b47   Thumb Code    66  gy86.o(i.GY86_ReadReg)
    GY86_WriteReg                            0x08000b89   Thumb Code    48  gy86.o(i.GY86_WriteReg)
    HMC5883L_GetData                         0x08000bb9   Thumb Code    84  gy86.o(i.HMC5883L_GetData)
    HMC5883L_Init                            0x08000c0d   Thumb Code    54  gy86.o(i.HMC5883L_Init)
    MOTOR_Init                               0x08000c43   Thumb Code    12  pwm.o(i.MOTOR_Init)
    MPU6050_GetData                          0x08000c4f   Thumb Code   162  gy86.o(i.MPU6050_GetData)
    MPU6050_Init                             0x08000cf1   Thumb Code    68  gy86.o(i.MPU6050_Init)
    MS5611_Reset                             0x08000d35   Thumb Code    10  gy86.o(i.MS5611_Reset)
    Mutex_Init                               0x08000d41   Thumb Code    14  mytasks.o(i.Mutex_Init)
    MyI2C_Init                               0x08000d55   Thumb Code    58  gy86.o(i.MyI2C_Init)
    MyI2C_ReceiveAck                         0x08000d95   Thumb Code    30  gy86.o(i.MyI2C_ReceiveAck)
    MyI2C_ReceiveByte                        0x08000db3   Thumb Code    52  gy86.o(i.MyI2C_ReceiveByte)
    MyI2C_SendAck                            0x08000de7   Thumb Code    24  gy86.o(i.MyI2C_SendAck)
    MyI2C_SendByte                           0x08000dff   Thumb Code    42  gy86.o(i.MyI2C_SendByte)
    MyI2C_Start                              0x08000e29   Thumb Code    28  gy86.o(i.MyI2C_Start)
    MyI2C_Stop                               0x08000e45   Thumb Code    22  gy86.o(i.MyI2C_Stop)
    NVIC_Init                                0x08000e5d   Thumb Code   106  misc.o(i.NVIC_Init)
    NVIC_PriorityGroupConfig                 0x08000ed5   Thumb Code    10  misc.o(i.NVIC_PriorityGroupConfig)
    OLED_Clear                               0x08000ee9   Thumb Code    42  oled.o(i.OLED_Clear)
    OLED_I2C_Init                            0x08000f15   Thumb Code    76  oled.o(i.OLED_I2C_Init)
    OLED_I2C_SendByte                        0x08000f65   Thumb Code    54  oled.o(i.OLED_I2C_SendByte)
    OLED_I2C_Start                           0x08000f9b   Thumb Code    28  oled.o(i.OLED_I2C_Start)
    OLED_I2C_Stop                            0x08000fb7   Thumb Code    22  oled.o(i.OLED_I2C_Stop)
    OLED_Init                                0x08000fcd   Thumb Code   174  oled.o(i.OLED_Init)
    OLED_Pow                                 0x0800107b   Thumb Code    20  oled.o(i.OLED_Pow)
    OLED_SetCursor                           0x0800108f   Thumb Code    34  oled.o(i.OLED_SetCursor)
    OLED_ShowChar                            0x080010b1   Thumb Code   110  oled.o(i.OLED_ShowChar)
    OLED_ShowNum                             0x08001125   Thumb Code    68  oled.o(i.OLED_ShowNum)
    OLED_ShowSignedNum                       0x08001169   Thumb Code   102  oled.o(i.OLED_ShowSignedNum)
    OLED_ShowString                          0x080011cf   Thumb Code    40  oled.o(i.OLED_ShowString)
    OLED_W_SCL                               0x080011f9   Thumb Code    24  oled.o(i.OLED_W_SCL)
    OLED_W_SDA                               0x08001215   Thumb Code    24  oled.o(i.OLED_W_SDA)
    OLED_WriteCommand                        0x08001231   Thumb Code    32  oled.o(i.OLED_WriteCommand)
    OLED_WriteData                           0x08001251   Thumb Code    32  oled.o(i.OLED_WriteData)
    OSDebugInit                              0x08001271   Thumb Code   118  os_dbg_r.o(i.OSDebugInit)
    OSEventNameSet                           0x080013cd   Thumb Code   122  os_core.o(i.OSEventNameSet)
    OSInit                                   0x0800144d   Thumb Code    52  os_core.o(i.OSInit)
    OSInitHookEnd                            0x08001481   Thumb Code     2  os_cpu_c.o(i.OSInitHookEnd)
    OSIntEnter                               0x08001485   Thumb Code    34  os_core.o(i.OSIntEnter)
    OSIntExit                                0x080014b1   Thumb Code   144  os_core.o(i.OSIntExit)
    OSSchedLock                              0x08001561   Thumb Code    60  os_core.o(i.OSSchedLock)
    OSSchedUnlock                            0x080015a9   Thumb Code   100  os_core.o(i.OSSchedUnlock)
    OSSemCreate                              0x08001619   Thumb Code    92  os_sem.o(i.OSSemCreate)
    OSSemPend                                0x08001681   Thumb Code   324  os_sem.o(i.OSSemPend)
    OSSemPost                                0x080017d1   Thumb Code   160  os_sem.o(i.OSSemPost)
    OSStart                                  0x08001871   Thumb Code    48  os_core.o(i.OSStart)
    OSTCBInitHook                            0x080018b9   Thumb Code    12  os_cpu_c.o(i.OSTCBInitHook)
    OSTaskCreate                             0x080018c5   Thumb Code   262  os_task.o(i.OSTaskCreate)
    OSTaskCreateExt                          0x080019d9   Thumb Code   282  os_task.o(i.OSTaskCreateExt)
    OSTaskCreateHook                         0x08001b01   Thumb Code    12  os_cpu_c.o(i.OSTaskCreateHook)
    OSTaskDel                                0x08001b0d   Thumb Code   354  os_task.o(i.OSTaskDel)
    OSTaskDelHook                            0x08001c9d   Thumb Code    12  os_cpu_c.o(i.OSTaskDelHook)
    OSTaskIdleHook                           0x08001ca9   Thumb Code     8  os_cpu_c.o(i.OSTaskIdleHook)
    OSTaskNameSet                            0x08001cb1   Thumb Code   158  os_task.o(i.OSTaskNameSet)
    OSTaskReturnHook                         0x08001d5d   Thumb Code    12  os_cpu_c.o(i.OSTaskReturnHook)
    OSTaskStatHook                           0x08001d69   Thumb Code     8  os_cpu_c.o(i.OSTaskStatHook)
    OSTaskStkChk                             0x08001d71   Thumb Code   168  os_task.o(i.OSTaskStkChk)
    OSTaskStkInit                            0x08001e21   Thumb Code   170  os_cpu_c.o(i.OSTaskStkInit)
    OSTaskSuspend                            0x08001ed1   Thumb Code   196  os_task.o(i.OSTaskSuspend)
    OSTaskSwHook                             0x08001fa5   Thumb Code    16  os_cpu_c.o(i.OSTaskSwHook)
    OSTimeDly                                0x08001fb9   Thumb Code   118  os_time.o(i.OSTimeDly)
    OSTimeDlyHMSM                            0x08002045   Thumb Code   124  os_time.o(i.OSTimeDlyHMSM)
    OSTimeGet                                0x080020c9   Thumb Code    34  os_time.o(i.OSTimeGet)
    OSTimeTick                               0x080020f1   Thumb Code   246  os_core.o(i.OSTimeTick)
    OSTimeTickHook                           0x08002201   Thumb Code    34  os_cpu_c.o(i.OSTimeTickHook)
    OSTmrSignal                              0x08002229   Thumb Code    16  os_tmr.o(i.OSTmrSignal)
    OSTmr_Init                               0x0800223d   Thumb Code   168  os_tmr.o(i.OSTmr_Init)
    OS_CPU_SysTickInit                       0x080024d1   Thumb Code    50  os_cpu_c.o(i.OS_CPU_SysTickInit)
    OS_Dummy                                 0x08002509   Thumb Code     2  os_core.o(i.OS_Dummy)
    OS_EventTaskRdy                          0x0800250d   Thumb Code   138  os_core.o(i.OS_EventTaskRdy)
    OS_EventTaskRemove                       0x080025a9   Thumb Code    46  os_core.o(i.OS_EventTaskRemove)
    OS_EventTaskRemoveMulti                  0x080025d7   Thumb Code    58  os_core.o(i.OS_EventTaskRemoveMulti)
    OS_EventTaskWait                         0x08002611   Thumb Code   122  os_core.o(i.OS_EventTaskWait)
    OS_EventWaitListInit                     0x08002699   Thumb Code    28  os_core.o(i.OS_EventWaitListInit)
    OS_FlagInit                              0x080026b5   Thumb Code    74  os_flag.o(i.OS_FlagInit)
    OS_FlagUnlink                            0x0800270d   Thumb Code    36  os_flag.o(i.OS_FlagUnlink)
    OS_MemClr                                0x08002951   Thumb Code    18  os_core.o(i.OS_MemClr)
    OS_MemInit                               0x08002965   Thumb Code    74  os_mem.o(i.OS_MemInit)
    OS_QInit                                 0x080029bd   Thumb Code    72  os_q.o(i.OS_QInit)
    OS_Sched                                 0x08002a0d   Thumb Code    98  os_core.o(i.OS_Sched)
    OS_TCBInit                               0x08002ab9   Thumb Code   336  os_core.o(i.OS_TCBInit)
    OS_TaskIdle                              0x08002c25   Thumb Code    42  os_core.o(i.OS_TaskIdle)
    OS_TaskReturn                            0x08002c55   Thumb Code    18  os_task.o(i.OS_TaskReturn)
    OS_TaskStat                              0x08002c6d   Thumb Code   218  os_core.o(i.OS_TaskStat)
    OS_TaskStatStkChk                        0x08002d5d   Thumb Code    54  os_core.o(i.OS_TaskStatStkChk)
    OS_TaskStkClr                            0x08002d99   Thumb Code    26  os_task.o(i.OS_TaskStkClr)
    PPM_Init                                 0x08002db5   Thumb Code   206  ppm.o(i.PPM_Init)
    PWM_SetCompare                           0x08002e8d   Thumb Code    48  pwm.o(i.PWM_SetCompare)
    RCC_AHB1PeriphClockCmd                   0x08002ec1   Thumb Code    26  stm32f4xx_rcc.o(i.RCC_AHB1PeriphClockCmd)
    RCC_APB1PeriphClockCmd                   0x08002ee1   Thumb Code    26  stm32f4xx_rcc.o(i.RCC_APB1PeriphClockCmd)
    SCL_W                                    0x08002f01   Thumb Code    24  gy86.o(i.SCL_W)
    SDA_R                                    0x08002f1d   Thumb Code    22  gy86.o(i.SDA_R)
    SDA_W                                    0x08002f39   Thumb Code    22  gy86.o(i.SDA_W)
    SEGGER_RTT_AllocUpBuffer                 0x08002f55   Thumb Code   194  segger_rtt.o(i.SEGGER_RTT_AllocUpBuffer)
    SEGGER_RTT_ConfigDownBuffer              0x0800301d   Thumb Code   114  segger_rtt.o(i.SEGGER_RTT_ConfigDownBuffer)
    SEGGER_RTT_ReadNoLock                    0x08003095   Thumb Code   166  segger_rtt.o(i.SEGGER_RTT_ReadNoLock)
    SEGGER_RTT_WriteSkipNoLock               0x08003141   Thumb Code   154  segger_rtt.o(i.SEGGER_RTT_WriteSkipNoLock)
    SEGGER_SYSVIEW_Conf                      0x080031e1   Thumb Code    24  segger_sysview_config_ucosii.o(i.SEGGER_SYSVIEW_Conf)
    SEGGER_SYSVIEW_GetSysDesc                0x08003205   Thumb Code   180  segger_sysview.o(i.SEGGER_SYSVIEW_GetSysDesc)
    SEGGER_SYSVIEW_Init                      0x080032c1   Thumb Code    80  segger_sysview.o(i.SEGGER_SYSVIEW_Init)
    SEGGER_SYSVIEW_NameResource              0x08003329   Thumb Code   104  segger_sysview.o(i.SEGGER_SYSVIEW_NameResource)
    SEGGER_SYSVIEW_OnIdle                    0x08003399   Thumb Code    48  segger_sysview.o(i.SEGGER_SYSVIEW_OnIdle)
    SEGGER_SYSVIEW_OnTaskCreate              0x080033cd   Thumb Code    90  segger_sysview.o(i.SEGGER_SYSVIEW_OnTaskCreate)
    SEGGER_SYSVIEW_OnTaskStartExec           0x08003431   Thumb Code    90  segger_sysview.o(i.SEGGER_SYSVIEW_OnTaskStartExec)
    SEGGER_SYSVIEW_OnTaskStartReady          0x08003495   Thumb Code    90  segger_sysview.o(i.SEGGER_SYSVIEW_OnTaskStartReady)
    SEGGER_SYSVIEW_OnTaskStopReady           0x080034f9   Thumb Code   122  segger_sysview.o(i.SEGGER_SYSVIEW_OnTaskStopReady)
    SEGGER_SYSVIEW_RecordEndCallU32          0x0800357d   Thumb Code   116  segger_sysview.o(i.SEGGER_SYSVIEW_RecordEndCallU32)
    SEGGER_SYSVIEW_RecordEnterISR            0x080035f5   Thumb Code    90  segger_sysview.o(i.SEGGER_SYSVIEW_RecordEnterISR)
    SEGGER_SYSVIEW_RecordExitISR             0x08003659   Thumb Code    48  segger_sysview.o(i.SEGGER_SYSVIEW_RecordExitISR)
    SEGGER_SYSVIEW_RecordExitISRToScheduler  0x0800368d   Thumb Code    48  segger_sysview.o(i.SEGGER_SYSVIEW_RecordExitISRToScheduler)
    SEGGER_SYSVIEW_RecordSystime             0x080036c1   Thumb Code    52  segger_sysview.o(i.SEGGER_SYSVIEW_RecordSystime)
    SEGGER_SYSVIEW_RecordU32                 0x080036fd   Thumb Code    88  segger_sysview.o(i.SEGGER_SYSVIEW_RecordU32)
    SEGGER_SYSVIEW_RecordU32x2               0x08003759   Thumb Code   118  segger_sysview.o(i.SEGGER_SYSVIEW_RecordU32x2)
    SEGGER_SYSVIEW_RecordVoid                0x080037d5   Thumb Code    50  segger_sysview.o(i.SEGGER_SYSVIEW_RecordVoid)
    SEGGER_SYSVIEW_SendModule                0x0800380d   Thumb Code   172  segger_sysview.o(i.SEGGER_SYSVIEW_SendModule)
    SEGGER_SYSVIEW_SendModuleDescription     0x080038c1   Thumb Code    30  segger_sysview.o(i.SEGGER_SYSVIEW_SendModuleDescription)
    SEGGER_SYSVIEW_SendNumModules            0x080038e5   Thumb Code    80  segger_sysview.o(i.SEGGER_SYSVIEW_SendNumModules)
    SEGGER_SYSVIEW_SendSysDesc               0x0800393d   Thumb Code    66  segger_sysview.o(i.SEGGER_SYSVIEW_SendSysDesc)
    SEGGER_SYSVIEW_SendTaskInfo              0x08003985   Thumb Code   260  segger_sysview.o(i.SEGGER_SYSVIEW_SendTaskInfo)
    SEGGER_SYSVIEW_SendTaskList              0x08003a91   Thumb Code    26  segger_sysview.o(i.SEGGER_SYSVIEW_SendTaskList)
    SEGGER_SYSVIEW_SetRAMBase                0x08003ab1   Thumb Code     6  segger_sysview.o(i.SEGGER_SYSVIEW_SetRAMBase)
    SEGGER_SYSVIEW_ShrinkId                  0x08003abd   Thumb Code    10  segger_sysview.o(i.SEGGER_SYSVIEW_ShrinkId)
    SEGGER_SYSVIEW_Start                     0x08003acd   Thumb Code   240  segger_sysview.o(i.SEGGER_SYSVIEW_Start)
    SEGGER_SYSVIEW_Stop                      0x08003bc9   Thumb Code    60  segger_sysview.o(i.SEGGER_SYSVIEW_Stop)
    SEGGER_SYSVIEW_Warn                      0x08003c0d   Thumb Code   122  segger_sysview.o(i.SEGGER_SYSVIEW_Warn)
    SYSVIEW_AddTask                          0x08003c8d   Thumb Code   146  segger_sysview_ucosii.o(i.SYSVIEW_AddTask)
    SYSVIEW_RecordU32Register                0x08003d31   Thumb Code   112  segger_sysview_ucosii.o(i.SYSVIEW_RecordU32Register)
    SYSVIEW_SendResourceList                 0x08003dad   Thumb Code    70  segger_sysview_ucosii.o(i.SYSVIEW_SendResourceList)
    SYSVIEW_SendTaskInfo                     0x08003dfd   Thumb Code    50  segger_sysview_ucosii.o(i.SYSVIEW_SendTaskInfo)
    SYSVIEW_TaskReady                        0x08003e31   Thumb Code    22  segger_sysview_ucosii.o(i.SYSVIEW_TaskReady)
    SYSVIEW_TaskSuspend                      0x08003e4d   Thumb Code    24  segger_sysview_ucosii.o(i.SYSVIEW_TaskSuspend)
    SYSVIEW_TaskSwitchedIn                   0x08003e69   Thumb Code    28  segger_sysview_ucosii.o(i.SYSVIEW_TaskSwitchedIn)
    SYSVIEW_UpdateResource                   0x08003e89   Thumb Code    84  segger_sysview_ucosii.o(i.SYSVIEW_UpdateResource)
    SYSVIEW_UpdateTask                       0x08003ee5   Thumb Code   144  segger_sysview_ucosii.o(i.SYSVIEW_UpdateTask)
    SysTick_Handler                          0x08003f81   Thumb Code    38  os_cpu_c.o(i.SysTick_Handler)
    SystemInit                               0x08003fa9   Thumb Code   206  system.o(i.SystemInit)
    TIM1_Config                              0x080041a5   Thumb Code   294  pwm.o(i.TIM1_Config)
    TIM3_IRQHandler                          0x080042d5   Thumb Code    82  ppm.o(i.TIM3_IRQHandler)
    TIM_ClearITPendingBit                    0x08004339   Thumb Code     6  stm32f4xx_tim.o(i.TIM_ClearITPendingBit)
    TIM_Cmd                                  0x0800433f   Thumb Code    24  stm32f4xx_tim.o(i.TIM_Cmd)
    TIM_GetITStatus                          0x08004357   Thumb Code    34  stm32f4xx_tim.o(i.TIM_GetITStatus)
    TIM_ICInit                               0x08004379   Thumb Code   110  stm32f4xx_tim.o(i.TIM_ICInit)
    TIM_ITConfig                             0x080043e7   Thumb Code    18  stm32f4xx_tim.o(i.TIM_ITConfig)
    TIM_SelectInputTrigger                   0x080043f9   Thumb Code    18  stm32f4xx_tim.o(i.TIM_SelectInputTrigger)
    TIM_SelectSlaveMode                      0x0800440b   Thumb Code    18  stm32f4xx_tim.o(i.TIM_SelectSlaveMode)
    TIM_SetIC1Prescaler                      0x0800441d   Thumb Code    18  stm32f4xx_tim.o(i.TIM_SetIC1Prescaler)
    TIM_SetIC2Prescaler                      0x0800442f   Thumb Code    26  stm32f4xx_tim.o(i.TIM_SetIC2Prescaler)
    TIM_SetIC3Prescaler                      0x08004449   Thumb Code    18  stm32f4xx_tim.o(i.TIM_SetIC3Prescaler)
    TIM_SetIC4Prescaler                      0x0800445b   Thumb Code    26  stm32f4xx_tim.o(i.TIM_SetIC4Prescaler)
    TIM_TimeBaseInit                         0x08004475   Thumb Code   104  stm32f4xx_tim.o(i.TIM_TimeBaseInit)
    Task_Angle                               0x080044f9   Thumb Code    64  mytasks.o(i.Task_Angle)
    Task_COM                                 0x08004555   Thumb Code   148  mytasks.o(i.Task_COM)
    Task_Motor                               0x08004639   Thumb Code    68  mytasks.o(i.Task_Motor)
    Task_Startup                             0x0800468d   Thumb Code    66  mytasks.o(i.Task_Startup)
    USART1_IRQHandler                        0x080046f9   Thumb Code    42  usart.o(i.USART1_IRQHandler)
    USART_Config                             0x0800472d   Thumb Code   326  usart.o(i.USART_Config)
    USART_GPIO_Init                          0x08004891   Thumb Code    86  usart.o(i.USART_GPIO_Init)
    USART_SendByte                           0x080048f1   Thumb Code    20  usart.o(i.USART_SendByte)
    __0snprintf$6                            0x08004cd5   Thumb Code    44  printf6.o(i.__0snprintf$6)
    __1snprintf$6                            0x08004cd5   Thumb Code     0  printf6.o(i.__0snprintf$6)
    __2snprintf                              0x08004cd5   Thumb Code     0  printf6.o(i.__0snprintf$6)
    __scatterload_copy                       0x08004d05   Thumb Code    14  handlers.o(i.__scatterload_copy)
    __scatterload_null                       0x08004d13   Thumb Code     2  handlers.o(i.__scatterload_null)
    __scatterload_zeroinit                   0x08004d15   Thumb Code    14  handlers.o(i.__scatterload_zeroinit)
    main                                     0x0800514d   Thumb Code    44  main.o(i.main)
    OLED_F8x16                               0x0800518c   Data        1520  oled.o(.constdata)
    OSUnMapTbl                               0x0800577c   Data         256  os_core.o(.constdata)
    OSDebugEn                                0x0800587c   Data           2  os_dbg_r.o(.constdata)
    OSEndiannessTest                         0x08005880   Data           4  os_dbg_r.o(.constdata)
    OSEventEn                                0x08005884   Data           2  os_dbg_r.o(.constdata)
    OSEventMax                               0x08005886   Data           2  os_dbg_r.o(.constdata)
    OSEventNameEn                            0x08005888   Data           2  os_dbg_r.o(.constdata)
    OSEventSize                              0x0800588a   Data           2  os_dbg_r.o(.constdata)
    OSEventTblSize                           0x0800588c   Data           2  os_dbg_r.o(.constdata)
    OSEventMultiEn                           0x0800588e   Data           2  os_dbg_r.o(.constdata)
    OSFlagEn                                 0x08005890   Data           2  os_dbg_r.o(.constdata)
    OSFlagGrpSize                            0x08005892   Data           2  os_dbg_r.o(.constdata)
    OSFlagNodeSize                           0x08005894   Data           2  os_dbg_r.o(.constdata)
    OSFlagWidth                              0x08005896   Data           2  os_dbg_r.o(.constdata)
    OSFlagMax                                0x08005898   Data           2  os_dbg_r.o(.constdata)
    OSFlagNameEn                             0x0800589a   Data           2  os_dbg_r.o(.constdata)
    OSLowestPrio                             0x0800589c   Data           2  os_dbg_r.o(.constdata)
    OSMboxEn                                 0x0800589e   Data           2  os_dbg_r.o(.constdata)
    OSMemEn                                  0x080058a0   Data           2  os_dbg_r.o(.constdata)
    OSMemMax                                 0x080058a2   Data           2  os_dbg_r.o(.constdata)
    OSMemNameEn                              0x080058a4   Data           2  os_dbg_r.o(.constdata)
    OSMemSize                                0x080058a6   Data           2  os_dbg_r.o(.constdata)
    OSMemTblSize                             0x080058a8   Data           2  os_dbg_r.o(.constdata)
    OSMutexEn                                0x080058aa   Data           2  os_dbg_r.o(.constdata)
    OSPtrSize                                0x080058ac   Data           2  os_dbg_r.o(.constdata)
    OSQEn                                    0x080058ae   Data           2  os_dbg_r.o(.constdata)
    OSQMax                                   0x080058b0   Data           2  os_dbg_r.o(.constdata)
    OSQSize                                  0x080058b2   Data           2  os_dbg_r.o(.constdata)
    OSRdyTblSize                             0x080058b4   Data           2  os_dbg_r.o(.constdata)
    OSSemEn                                  0x080058b6   Data           2  os_dbg_r.o(.constdata)
    OSStkWidth                               0x080058b8   Data           2  os_dbg_r.o(.constdata)
    OSTaskCreateEn                           0x080058ba   Data           2  os_dbg_r.o(.constdata)
    OSTaskCreateExtEn                        0x080058bc   Data           2  os_dbg_r.o(.constdata)
    OSTaskDelEn                              0x080058be   Data           2  os_dbg_r.o(.constdata)
    OSTaskIdleStkSize                        0x080058c0   Data           2  os_dbg_r.o(.constdata)
    OSTaskProfileEn                          0x080058c2   Data           2  os_dbg_r.o(.constdata)
    OSTaskMax                                0x080058c4   Data           2  os_dbg_r.o(.constdata)
    OSTaskNameEn                             0x080058c6   Data           2  os_dbg_r.o(.constdata)
    OSTaskStatEn                             0x080058c8   Data           2  os_dbg_r.o(.constdata)
    OSTaskStatStkSize                        0x080058ca   Data           2  os_dbg_r.o(.constdata)
    OSTaskStatStkChkEn                       0x080058cc   Data           2  os_dbg_r.o(.constdata)
    OSTaskSwHookEn                           0x080058ce   Data           2  os_dbg_r.o(.constdata)
    OSTaskRegTblSize                         0x080058d0   Data           2  os_dbg_r.o(.constdata)
    OSTCBPrioTblMax                          0x080058d2   Data           2  os_dbg_r.o(.constdata)
    OSTCBSize                                0x080058d4   Data           2  os_dbg_r.o(.constdata)
    OSTicksPerSec                            0x080058d6   Data           2  os_dbg_r.o(.constdata)
    OSTimeTickHookEn                         0x080058d8   Data           2  os_dbg_r.o(.constdata)
    OSVersionNbr                             0x080058da   Data           2  os_dbg_r.o(.constdata)
    OS_TLS_TblSize                           0x080058dc   Data           2  os_dbg_r.o(.constdata)
    OSTmrEn                                  0x080058de   Data           2  os_dbg_r.o(.constdata)
    OSTmrCfgMax                              0x080058e0   Data           2  os_dbg_r.o(.constdata)
    OSTmrCfgNameEn                           0x080058e2   Data           2  os_dbg_r.o(.constdata)
    OSTmrCfgWheelSize                        0x080058e4   Data           2  os_dbg_r.o(.constdata)
    OSTmrCfgTicksPerSec                      0x080058e6   Data           2  os_dbg_r.o(.constdata)
    OSTmrSize                                0x080058e8   Data           2  os_dbg_r.o(.constdata)
    OSTmrTblSize                             0x080058ea   Data           2  os_dbg_r.o(.constdata)
    OSTmrWheelSize                           0x080058ec   Data           2  os_dbg_r.o(.constdata)
    OSTmrWheelTblSize                        0x080058ee   Data           2  os_dbg_r.o(.constdata)
    OSDataSize                               0x080058f0   Data           2  os_dbg_r.o(.constdata)
    SYSVIEW_X_OS_TraceAPI                    0x080058f4   Data           8  segger_sysview_ucosii.o(.constdata)
    Region$$Table$$Base                      0x080059dc   Number         0  anon$$obj.o(Region$$Table)
    Region$$Table$$Limit                     0x080059fc   Number         0  anon$$obj.o(Region$$Table)
    PPM_Time                                 0x20000000   Data           2  ppm.o(.data)
    PPM_CNT                                  0x20000002   Data           1  ppm.o(.data)
    RxData                                   0x20000004   Data           1  usart.o(.data)
    HMC_Data                                 0x20000008   Data           6  final.o(.data)
    OS_CPU_ExceptStkBase                     0x20000010   Data           4  os_cpu_c.o(.data)
    OS_KA_BASEPRI_Boundary                   0x20000018   Data           4  os_cpu_c.o(.data)
    OSCtxSwCtr                               0x2000001c   Data           4  os_core.o(.data)
    OSEventFreeList                          0x20000020   Data           4  os_core.o(.data)
    OSFlagFreeList                           0x20000024   Data           4  os_core.o(.data)
    OSCPUUsage                               0x20000028   Data           1  os_core.o(.data)
    OSIdleCtrMax                             0x2000002c   Data           4  os_core.o(.data)
    OSIdleCtrRun                             0x20000030   Data           4  os_core.o(.data)
    OSStatRdy                                0x20000034   Data           1  os_core.o(.data)
    OSIntNesting                             0x20000035   Data           1  os_core.o(.data)
    OSLockNesting                            0x20000036   Data           1  os_core.o(.data)
    OSPrioCur                                0x20000037   Data           1  os_core.o(.data)
    OSPrioHighRdy                            0x20000038   Data           1  os_core.o(.data)
    OSRdyGrp                                 0x20000039   Data           1  os_core.o(.data)
    OSRdyTbl                                 0x2000003a   Data           8  os_core.o(.data)
    OSRunning                                0x20000042   Data           1  os_core.o(.data)
    OSTaskCtr                                0x20000043   Data           1  os_core.o(.data)
    OSIdleCtr                                0x20000044   Data           4  os_core.o(.data)
    OSTCBCur                                 0x20000048   Data           4  os_core.o(.data)
    OSTCBFreeList                            0x2000004c   Data           4  os_core.o(.data)
    OSTCBHighRdy                             0x20000050   Data           4  os_core.o(.data)
    OSTCBList                                0x20000054   Data           4  os_core.o(.data)
    OSTickStepState                          0x20000058   Data           1  os_core.o(.data)
    OSMemFreeList                            0x2000005c   Data           4  os_core.o(.data)
    OSQFreeList                              0x20000060   Data           4  os_core.o(.data)
    OSTaskRegNextAvailID                     0x20000064   Data           1  os_core.o(.data)
    OSTime                                   0x20000068   Data           4  os_core.o(.data)
    OSTmrFree                                0x2000006c   Data           2  os_core.o(.data)
    OSTmrUsed                                0x2000006e   Data           2  os_core.o(.data)
    OSTmrTime                                0x20000070   Data           4  os_core.o(.data)
    OSTmrSem                                 0x20000074   Data           4  os_core.o(.data)
    OSTmrSemSignal                           0x20000078   Data           4  os_core.o(.data)
    OSTmrFreeList                            0x2000007c   Data           4  os_core.o(.data)
    GY86DataMutex                            0x20000080   Data           4  mytasks.o(.data)
    err                                      0x20000084   Data           1  mytasks.o(.data)
    SEGGER_SYSVIEW_TickCnt                   0x20000090   Data           4  segger_sysview.o(.data)
    SEGGER_SYSVIEW_InterruptId               0x20000094   Data           4  segger_sysview.o(.data)
    PPM                                      0x200000a8   Data          16  ppm.o(.bss)
    MPU6050_Data                             0x200000b8   Data          12  final.o(.bss)
    OS_CPU_ExceptStk                         0x200000c4   Data        1024  os_cpu_c.o(.bss)
    OSEventTbl                               0x200004c4   Data         240  os_core.o(.bss)
    OSFlagTbl                                0x200005b4   Data          80  os_core.o(.bss)
    OSTaskStatStk                            0x20000604   Data         512  os_core.o(.bss)
    OSTaskIdleStk                            0x20000804   Data         512  os_core.o(.bss)
    OSTCBPrioTbl                             0x20000a04   Data         256  os_core.o(.bss)
    OSTCBTbl                                 0x20000b04   Data        2024  os_core.o(.bss)
    OSMemTbl                                 0x200012ec   Data         120  os_core.o(.bss)
    OSQTbl                                   0x20001364   Data          96  os_core.o(.bss)
    OSTmrTbl                                 0x200013c4   Data         640  os_core.o(.bss)
    OSTmrTaskStk                             0x20001644   Data         512  os_core.o(.bss)
    OSTmrWheelTbl                            0x20001844   Data          56  os_core.o(.bss)
    Task_StartupStk                          0x2000187c   Data         512  mytasks.o(.bss)
    Task_AngleStk                            0x20001a7c   Data         512  mytasks.o(.bss)
    Task_MotorStk                            0x20001c7c   Data         512  mytasks.o(.bss)
    Task_COMStk                              0x20001e7c   Data         512  mytasks.o(.bss)
    _SEGGER_RTT                              0x2000297c   Data         168  segger_rtt.o(.bss)
    __initial_sp                             0x20004f40   Data           0  startup.o(STACK)



==============================================================================

Memory Map of the image

  Image Entry point : 0x08000189

  Load Region LR_IROM1 (Base: 0x08000000, Size: 0x00005aa4, Max: 0x00080000, ABSOLUTE)

    Execution Region ER_IROM1 (Exec base: 0x08000000, Load base: 0x08000000, Size: 0x000059fc, Max: 0x00080000, ABSOLUTE)

    Exec Addr    Load Addr    Size         Type   Attr      Idx    E Section Name        Object

    0x08000000   0x08000000   0x00000188   Data   RO          111    RESET               startup.o
    0x08000188   0x08000188   0x00000000   Code   RO         6851  * .ARM.Collect$$$$00000000  mc_w.l(entry.o)
    0x08000188   0x08000188   0x00000004   Code   RO         7139    .ARM.Collect$$$$00000001  mc_w.l(entry2.o)
    0x0800018c   0x0800018c   0x00000004   Code   RO         7142    .ARM.Collect$$$$00000004  mc_w.l(entry5.o)
    0x08000190   0x08000190   0x00000000   Code   RO         7144    .ARM.Collect$$$$00000008  mc_w.l(entry7b.o)
    0x08000190   0x08000190   0x00000000   Code   RO         7146    .ARM.Collect$$$$0000000A  mc_w.l(entry8b.o)
    0x08000190   0x08000190   0x00000008   Code   RO         7147    .ARM.Collect$$$$0000000B  mc_w.l(entry9a.o)
    0x08000198   0x08000198   0x00000000   Code   RO         7149    .ARM.Collect$$$$0000000D  mc_w.l(entry10a.o)
    0x08000198   0x08000198   0x00000000   Code   RO         7151    .ARM.Collect$$$$0000000F  mc_w.l(entry11a.o)
    0x08000198   0x08000198   0x00000004   Code   RO         7140    .ARM.Collect$$$$00002712  mc_w.l(entry2.o)
    0x0800019c   0x0800019c   0x00000024   Code   RO          112    .text               startup.o
    0x080001c0   0x080001c0   0x00000114   Code   RO         4909    .text               os_cpu_a.o
    0x080002d4   0x080002d4   0x00000024   Code   RO         6854    .text               mc_w.l(memcpya.o)
    0x080002f8   0x080002f8   0x00000024   Code   RO         6856    .text               mc_w.l(memseta.o)
    0x0800031c   0x0800031c   0x000000b0   Code   RO         7123    .text               mf_w.l(fadd.o)
    0x080003cc   0x080003cc   0x00000064   Code   RO         7125    .text               mf_w.l(fmul.o)
    0x08000430   0x08000430   0x000000de   Code   RO         7127    .text               mf_w.l(ddiv.o)
    0x0800050e   0x0800050e   0x0000000a   Code   RO         7129    .text               mf_w.l(ffltui.o)
    0x08000518   0x08000518   0x0000001a   Code   RO         7131    .text               mf_w.l(dfltui.o)
    0x08000532   0x08000532   0x00000028   Code   RO         7133    .text               mf_w.l(ffixui.o)
    0x0800055a   0x0800055a   0x00000038   Code   RO         7135    .text               mf_w.l(d2f.o)
    0x08000592   0x08000592   0x0000002c   Code   RO         7154    .text               mc_w.l(uidiv.o)
    0x080005be   0x080005be   0x00000000   Code   RO         7158    .text               mc_w.l(iusefp.o)
    0x080005be   0x080005be   0x0000006e   Code   RO         7159    .text               mf_w.l(fepilogue.o)
    0x0800062c   0x0800062c   0x000000ba   Code   RO         7161    .text               mf_w.l(depilogue.o)
    0x080006e6   0x080006e6   0x00000002   PAD
    0x080006e8   0x080006e8   0x00000024   Code   RO         7171    .text               mc_w.l(init.o)
    0x0800070c   0x0800070c   0x0000001e   Code   RO         7173    .text               mc_w.l(llshl.o)
    0x0800072a   0x0800072a   0x00000020   Code   RO         7175    .text               mc_w.l(llushr.o)
    0x0800074a   0x0800074a   0x00000002   Code   RO            1    i.App_TCBInitHook   app_hooks.o
    0x0800074c   0x0800074c   0x00000002   Code   RO            2    i.App_TaskCreateHook  app_hooks.o
    0x0800074e   0x0800074e   0x00000002   Code   RO            3    i.App_TaskDelHook   app_hooks.o
    0x08000750   0x08000750   0x00000002   Code   RO            4    i.App_TaskIdleHook  app_hooks.o
    0x08000752   0x08000752   0x00000002   Code   RO            5    i.App_TaskReturnHook  app_hooks.o
    0x08000754   0x08000754   0x00000002   Code   RO            6    i.App_TaskStatHook  app_hooks.o
    0x08000756   0x08000756   0x00000002   Code   RO            7    i.App_TaskSwHook    app_hooks.o
    0x08000758   0x08000758   0x00000002   Code   RO            8    i.App_TimeTickHook  app_hooks.o
    0x0800075a   0x0800075a   0x00000020   Code   RO         4831    i.Board_Init        final.o
    0x0800077a   0x0800077a   0x0000003e   Code   RO         4879    i.Delay_Init        delay.o
    0x080007b8   0x080007b8   0x0000002c   Code   RO         4882    i.Delay_us          delay.o
    0x080007e4   0x080007e4   0x000001d4   Code   RO         5867    i.Display           mytasks.o
    0x080009b8   0x080009b8   0x00000064   Code   RO         4735    i.GPIO_Config       pwm.o
    0x08000a1c   0x08000a1c   0x00000090   Code   RO         1610    i.GPIO_Init         stm32f4xx_gpio.o
    0x08000aac   0x08000aac   0x00000046   Code   RO         1611    i.GPIO_PinAFConfig  stm32f4xx_gpio.o
    0x08000af2   0x08000af2   0x00000012   Code   RO         1614    i.GPIO_ReadInputDataBit  stm32f4xx_gpio.o
    0x08000b04   0x08000b04   0x00000004   Code   RO         1618    i.GPIO_SetBits      stm32f4xx_gpio.o
    0x08000b08   0x08000b08   0x0000000c   Code   RO         1622    i.GPIO_WriteBit     stm32f4xx_gpio.o
    0x08000b14   0x08000b14   0x00000010   Code   RO         4425    i.GY86_Init         gy86.o
    0x08000b24   0x08000b24   0x00000022   Code   RO         4426    i.GY86_MS5611_SendCMD  gy86.o
    0x08000b46   0x08000b46   0x00000042   Code   RO         4427    i.GY86_ReadReg      gy86.o
    0x08000b88   0x08000b88   0x00000030   Code   RO         4428    i.GY86_WriteReg     gy86.o
    0x08000bb8   0x08000bb8   0x00000054   Code   RO         4429    i.HMC5883L_GetData  gy86.o
    0x08000c0c   0x08000c0c   0x00000036   Code   RO         4430    i.HMC5883L_Init     gy86.o
    0x08000c42   0x08000c42   0x0000000c   Code   RO         4736    i.MOTOR_Init        pwm.o
    0x08000c4e   0x08000c4e   0x000000a2   Code   RO         4431    i.MPU6050_GetData   gy86.o
    0x08000cf0   0x08000cf0   0x00000044   Code   RO         4432    i.MPU6050_Init      gy86.o
    0x08000d34   0x08000d34   0x0000000a   Code   RO         4436    i.MS5611_Reset      gy86.o
    0x08000d3e   0x08000d3e   0x00000002   PAD
    0x08000d40   0x08000d40   0x00000014   Code   RO         5868    i.Mutex_Init        mytasks.o
    0x08000d54   0x08000d54   0x00000040   Code   RO         4437    i.MyI2C_Init        gy86.o
    0x08000d94   0x08000d94   0x0000001e   Code   RO         4438    i.MyI2C_ReceiveAck  gy86.o
    0x08000db2   0x08000db2   0x00000034   Code   RO         4439    i.MyI2C_ReceiveByte  gy86.o
    0x08000de6   0x08000de6   0x00000018   Code   RO         4440    i.MyI2C_SendAck     gy86.o
    0x08000dfe   0x08000dfe   0x0000002a   Code   RO         4441    i.MyI2C_SendByte    gy86.o
    0x08000e28   0x08000e28   0x0000001c   Code   RO         4442    i.MyI2C_Start       gy86.o
    0x08000e44   0x08000e44   0x00000016   Code   RO         4443    i.MyI2C_Stop        gy86.o
    0x08000e5a   0x08000e5a   0x00000002   PAD
    0x08000e5c   0x08000e5c   0x00000078   Code   RO          132    i.NVIC_Init         misc.o
    0x08000ed4   0x08000ed4   0x00000014   Code   RO          133    i.NVIC_PriorityGroupConfig  misc.o
    0x08000ee8   0x08000ee8   0x0000002a   Code   RO         4581    i.OLED_Clear        oled.o
    0x08000f12   0x08000f12   0x00000002   PAD
    0x08000f14   0x08000f14   0x00000050   Code   RO         4582    i.OLED_I2C_Init     oled.o
    0x08000f64   0x08000f64   0x00000036   Code   RO         4583    i.OLED_I2C_SendByte  oled.o
    0x08000f9a   0x08000f9a   0x0000001c   Code   RO         4584    i.OLED_I2C_Start    oled.o
    0x08000fb6   0x08000fb6   0x00000016   Code   RO         4585    i.OLED_I2C_Stop     oled.o
    0x08000fcc   0x08000fcc   0x000000ae   Code   RO         4586    i.OLED_Init         oled.o
    0x0800107a   0x0800107a   0x00000014   Code   RO         4587    i.OLED_Pow          oled.o
    0x0800108e   0x0800108e   0x00000022   Code   RO         4588    i.OLED_SetCursor    oled.o
    0x080010b0   0x080010b0   0x00000074   Code   RO         4590    i.OLED_ShowChar     oled.o
    0x08001124   0x08001124   0x00000044   Code   RO         4592    i.OLED_ShowNum      oled.o
    0x08001168   0x08001168   0x00000066   Code   RO         4593    i.OLED_ShowSignedNum  oled.o
    0x080011ce   0x080011ce   0x00000028   Code   RO         4594    i.OLED_ShowString   oled.o
    0x080011f6   0x080011f6   0x00000002   PAD
    0x080011f8   0x080011f8   0x0000001c   Code   RO         4595    i.OLED_W_SCL        oled.o
    0x08001214   0x08001214   0x0000001c   Code   RO         4596    i.OLED_W_SDA        oled.o
    0x08001230   0x08001230   0x00000020   Code   RO         4597    i.OLED_WriteCommand  oled.o
    0x08001250   0x08001250   0x00000020   Code   RO         4598    i.OLED_WriteData    oled.o
    0x08001270   0x08001270   0x0000015c   Code   RO         5224    i.OSDebugInit       os_dbg_r.o
    0x080013cc   0x080013cc   0x00000080   Code   RO         5014    i.OSEventNameSet    os_core.o
    0x0800144c   0x0800144c   0x00000034   Code   RO         5016    i.OSInit            os_core.o
    0x08001480   0x08001480   0x00000002   Code   RO         4913    i.OSInitHookEnd     os_cpu_c.o
    0x08001482   0x08001482   0x00000002   PAD
    0x08001484   0x08001484   0x0000002c   Code   RO         5017    i.OSIntEnter        os_core.o
    0x080014b0   0x080014b0   0x000000b0   Code   RO         5018    i.OSIntExit         os_core.o
    0x08001560   0x08001560   0x00000048   Code   RO         5019    i.OSSchedLock       os_core.o
    0x080015a8   0x080015a8   0x00000070   Code   RO         5020    i.OSSchedUnlock     os_core.o
    0x08001618   0x08001618   0x00000068   Code   RO         5543    i.OSSemCreate       os_sem.o
    0x08001680   0x08001680   0x00000150   Code   RO         5545    i.OSSemPend         os_sem.o
    0x080017d0   0x080017d0   0x000000a0   Code   RO         5547    i.OSSemPost         os_sem.o
    0x08001870   0x08001870   0x00000048   Code   RO         5021    i.OSStart           os_core.o
    0x080018b8   0x080018b8   0x0000000c   Code   RO         4914    i.OSTCBInitHook     os_cpu_c.o
    0x080018c4   0x080018c4   0x00000114   Code   RO         5597    i.OSTaskCreate      os_task.o
    0x080019d8   0x080019d8   0x00000128   Code   RO         5598    i.OSTaskCreateExt   os_task.o
    0x08001b00   0x08001b00   0x0000000c   Code   RO         4915    i.OSTaskCreateHook  os_cpu_c.o
    0x08001b0c   0x08001b0c   0x00000190   Code   RO         5599    i.OSTaskDel         os_task.o
    0x08001c9c   0x08001c9c   0x0000000c   Code   RO         4916    i.OSTaskDelHook     os_cpu_c.o
    0x08001ca8   0x08001ca8   0x00000008   Code   RO         4917    i.OSTaskIdleHook    os_cpu_c.o
    0x08001cb0   0x08001cb0   0x000000ac   Code   RO         5602    i.OSTaskNameSet     os_task.o
    0x08001d5c   0x08001d5c   0x0000000c   Code   RO         4918    i.OSTaskReturnHook  os_cpu_c.o
    0x08001d68   0x08001d68   0x00000008   Code   RO         4919    i.OSTaskStatHook    os_cpu_c.o
    0x08001d70   0x08001d70   0x000000b0   Code   RO         5608    i.OSTaskStkChk      os_task.o
    0x08001e20   0x08001e20   0x000000b0   Code   RO         4920    i.OSTaskStkInit     os_cpu_c.o
    0x08001ed0   0x08001ed0   0x000000d4   Code   RO         5609    i.OSTaskSuspend     os_task.o
    0x08001fa4   0x08001fa4   0x00000014   Code   RO         4921    i.OSTaskSwHook      os_cpu_c.o
    0x08001fb8   0x08001fb8   0x0000008c   Code   RO         5698    i.OSTimeDly         os_time.o
    0x08002044   0x08002044   0x00000084   Code   RO         5699    i.OSTimeDlyHMSM     os_time.o
    0x080020c8   0x080020c8   0x00000028   Code   RO         5701    i.OSTimeGet         os_time.o
    0x080020f0   0x080020f0   0x00000110   Code   RO         5023    i.OSTimeTick        os_core.o
    0x08002200   0x08002200   0x00000028   Code   RO         4922    i.OSTimeTickHook    os_cpu_c.o
    0x08002228   0x08002228   0x00000014   Code   RO         5738    i.OSTmrSignal       os_tmr.o
    0x0800223c   0x0800223c   0x000000f4   Code   RO         5744    i.OSTmr_Init        os_tmr.o
    0x08002330   0x08002330   0x00000050   Code   RO         5745    i.OSTmr_InitTask    os_tmr.o
    0x08002380   0x08002380   0x00000074   Code   RO         5746    i.OSTmr_Link        os_tmr.o
    0x080023f4   0x080023f4   0x00000094   Code   RO         5747    i.OSTmr_Task        os_tmr.o
    0x08002488   0x08002488   0x00000048   Code   RO         5748    i.OSTmr_Unlink      os_tmr.o
    0x080024d0   0x080024d0   0x00000038   Code   RO         4923    i.OS_CPU_SysTickInit  os_cpu_c.o
    0x08002508   0x08002508   0x00000002   Code   RO         5025    i.OS_Dummy          os_core.o
    0x0800250a   0x0800250a   0x00000002   PAD
    0x0800250c   0x0800250c   0x0000009c   Code   RO         5026    i.OS_EventTaskRdy   os_core.o
    0x080025a8   0x080025a8   0x0000002e   Code   RO         5027    i.OS_EventTaskRemove  os_core.o
    0x080025d6   0x080025d6   0x0000003a   Code   RO         5028    i.OS_EventTaskRemoveMulti  os_core.o
    0x08002610   0x08002610   0x00000088   Code   RO         5029    i.OS_EventTaskWait  os_core.o
    0x08002698   0x08002698   0x0000001c   Code   RO         5031    i.OS_EventWaitListInit  os_core.o
    0x080026b4   0x080026b4   0x00000058   Code   RO         5249    i.OS_FlagInit       os_flag.o
    0x0800270c   0x0800270c   0x00000024   Code   RO         5251    i.OS_FlagUnlink     os_flag.o
    0x08002730   0x08002730   0x00000060   Code   RO         5032    i.OS_InitEventList  os_core.o
    0x08002790   0x08002790   0x0000005c   Code   RO         5033    i.OS_InitMisc       os_core.o
    0x080027ec   0x080027ec   0x00000044   Code   RO         5034    i.OS_InitRdyList    os_core.o
    0x08002830   0x08002830   0x00000080   Code   RO         5035    i.OS_InitTCBList    os_core.o
    0x080028b0   0x080028b0   0x00000050   Code   RO         5036    i.OS_InitTaskIdle   os_core.o
    0x08002900   0x08002900   0x00000050   Code   RO         5037    i.OS_InitTaskStat   os_core.o
    0x08002950   0x08002950   0x00000012   Code   RO         5038    i.OS_MemClr         os_core.o
    0x08002962   0x08002962   0x00000002   PAD
    0x08002964   0x08002964   0x00000058   Code   RO         5381    i.OS_MemInit        os_mem.o
    0x080029bc   0x080029bc   0x00000050   Code   RO         5480    i.OS_QInit          os_q.o
    0x08002a0c   0x08002a0c   0x00000080   Code   RO         5040    i.OS_Sched          os_core.o
    0x08002a8c   0x08002a8c   0x0000002c   Code   RO         5041    i.OS_SchedNew       os_core.o
    0x08002ab8   0x08002ab8   0x0000016c   Code   RO         5043    i.OS_TCBInit        os_core.o
    0x08002c24   0x08002c24   0x00000030   Code   RO         5044    i.OS_TaskIdle       os_core.o
    0x08002c54   0x08002c54   0x00000018   Code   RO         5610    i.OS_TaskReturn     os_task.o
    0x08002c6c   0x08002c6c   0x000000f0   Code   RO         5045    i.OS_TaskStat       os_core.o
    0x08002d5c   0x08002d5c   0x0000003c   Code   RO         5046    i.OS_TaskStatStkChk  os_core.o
    0x08002d98   0x08002d98   0x0000001a   Code   RO         5611    i.OS_TaskStkClr     os_task.o
    0x08002db2   0x08002db2   0x00000002   PAD
    0x08002db4   0x08002db4   0x000000d8   Code   RO         4704    i.PPM_Init          ppm.o
    0x08002e8c   0x08002e8c   0x00000034   Code   RO         4738    i.PWM_SetCompare    pwm.o
    0x08002ec0   0x08002ec0   0x00000020   Code   RO         2407    i.RCC_AHB1PeriphClockCmd  stm32f4xx_rcc.o
    0x08002ee0   0x08002ee0   0x00000020   Code   RO         2413    i.RCC_APB1PeriphClockCmd  stm32f4xx_rcc.o
    0x08002f00   0x08002f00   0x0000001c   Code   RO         4444    i.SCL_W             gy86.o
    0x08002f1c   0x08002f1c   0x0000001c   Code   RO         4445    i.SDA_R             gy86.o
    0x08002f38   0x08002f38   0x0000001c   Code   RO         4446    i.SDA_W             gy86.o
    0x08002f54   0x08002f54   0x000000c8   Code   RO         6036    i.SEGGER_RTT_AllocUpBuffer  segger_rtt.o
    0x0800301c   0x0800301c   0x00000078   Code   RO         6037    i.SEGGER_RTT_ConfigDownBuffer  segger_rtt.o
    0x08003094   0x08003094   0x000000ac   Code   RO         6050    i.SEGGER_RTT_ReadNoLock  segger_rtt.o
    0x08003140   0x08003140   0x000000a0   Code   RO         6064    i.SEGGER_RTT_WriteSkipNoLock  segger_rtt.o
    0x080031e0   0x080031e0   0x00000024   Code   RO         6014    i.SEGGER_SYSVIEW_Conf  segger_sysview_config_ucosii.o
    0x08003204   0x08003204   0x000000bc   Code   RO         6282    i.SEGGER_SYSVIEW_GetSysDesc  segger_sysview.o
    0x080032c0   0x080032c0   0x00000068   Code   RO         6287    i.SEGGER_SYSVIEW_Init  segger_sysview.o
    0x08003328   0x08003328   0x00000070   Code   RO         6293    i.SEGGER_SYSVIEW_NameResource  segger_sysview.o
    0x08003398   0x08003398   0x00000034   Code   RO         6294    i.SEGGER_SYSVIEW_OnIdle  segger_sysview.o
    0x080033cc   0x080033cc   0x00000064   Code   RO         6295    i.SEGGER_SYSVIEW_OnTaskCreate  segger_sysview.o
    0x08003430   0x08003430   0x00000064   Code   RO         6296    i.SEGGER_SYSVIEW_OnTaskStartExec  segger_sysview.o
    0x08003494   0x08003494   0x00000064   Code   RO         6297    i.SEGGER_SYSVIEW_OnTaskStartReady  segger_sysview.o
    0x080034f8   0x080034f8   0x00000084   Code   RO         6299    i.SEGGER_SYSVIEW_OnTaskStopReady  segger_sysview.o
    0x0800357c   0x0800357c   0x00000078   Code   RO         6307    i.SEGGER_SYSVIEW_RecordEndCallU32  segger_sysview.o
    0x080035f4   0x080035f4   0x00000064   Code   RO         6308    i.SEGGER_SYSVIEW_RecordEnterISR  segger_sysview.o
    0x08003658   0x08003658   0x00000034   Code   RO         6310    i.SEGGER_SYSVIEW_RecordExitISR  segger_sysview.o
    0x0800368c   0x0800368c   0x00000034   Code   RO         6311    i.SEGGER_SYSVIEW_RecordExitISRToScheduler  segger_sysview.o
    0x080036c0   0x080036c0   0x0000003c   Code   RO         6315    i.SEGGER_SYSVIEW_RecordSystime  segger_sysview.o
    0x080036fc   0x080036fc   0x0000005c   Code   RO         6316    i.SEGGER_SYSVIEW_RecordU32  segger_sysview.o
    0x08003758   0x08003758   0x0000007c   Code   RO         6318    i.SEGGER_SYSVIEW_RecordU32x2  segger_sysview.o
    0x080037d4   0x080037d4   0x00000038   Code   RO         6326    i.SEGGER_SYSVIEW_RecordVoid  segger_sysview.o
    0x0800380c   0x0800380c   0x000000b4   Code   RO         6330    i.SEGGER_SYSVIEW_SendModule  segger_sysview.o
    0x080038c0   0x080038c0   0x00000024   Code   RO         6331    i.SEGGER_SYSVIEW_SendModuleDescription  segger_sysview.o
    0x080038e4   0x080038e4   0x00000058   Code   RO         6332    i.SEGGER_SYSVIEW_SendNumModules  segger_sysview.o
    0x0800393c   0x0800393c   0x00000048   Code   RO         6335    i.SEGGER_SYSVIEW_SendSysDesc  segger_sysview.o
    0x08003984   0x08003984   0x0000010c   Code   RO         6336    i.SEGGER_SYSVIEW_SendTaskInfo  segger_sysview.o
    0x08003a90   0x08003a90   0x00000020   Code   RO         6337    i.SEGGER_SYSVIEW_SendTaskList  segger_sysview.o
    0x08003ab0   0x08003ab0   0x0000000c   Code   RO         6338    i.SEGGER_SYSVIEW_SetRAMBase  segger_sysview.o
    0x08003abc   0x08003abc   0x00000010   Code   RO         6339    i.SEGGER_SYSVIEW_ShrinkId  segger_sysview.o
    0x08003acc   0x08003acc   0x000000fc   Code   RO         6340    i.SEGGER_SYSVIEW_Start  segger_sysview.o
    0x08003bc8   0x08003bc8   0x00000044   Code   RO         6341    i.SEGGER_SYSVIEW_Stop  segger_sysview.o
    0x08003c0c   0x08003c0c   0x00000080   Code   RO         6350    i.SEGGER_SYSVIEW_Warn  segger_sysview.o
    0x08003c8c   0x08003c8c   0x000000a4   Code   RO         5920    i.SYSVIEW_AddTask   segger_sysview_ucosii.o
    0x08003d30   0x08003d30   0x0000007c   Code   RO         5921    i.SYSVIEW_RecordU32Register  segger_sysview_ucosii.o
    0x08003dac   0x08003dac   0x00000050   Code   RO         5924    i.SYSVIEW_SendResourceList  segger_sysview_ucosii.o
    0x08003dfc   0x08003dfc   0x00000032   Code   RO         5925    i.SYSVIEW_SendTaskInfo  segger_sysview_ucosii.o
    0x08003e2e   0x08003e2e   0x00000002   PAD
    0x08003e30   0x08003e30   0x0000001c   Code   RO         5926    i.SYSVIEW_TaskReady  segger_sysview_ucosii.o
    0x08003e4c   0x08003e4c   0x0000001c   Code   RO         5927    i.SYSVIEW_TaskSuspend  segger_sysview_ucosii.o
    0x08003e68   0x08003e68   0x00000020   Code   RO         5928    i.SYSVIEW_TaskSwitchedIn  segger_sysview_ucosii.o
    0x08003e88   0x08003e88   0x0000005c   Code   RO         5929    i.SYSVIEW_UpdateResource  segger_sysview_ucosii.o
    0x08003ee4   0x08003ee4   0x0000009c   Code   RO         5930    i.SYSVIEW_UpdateTask  segger_sysview_ucosii.o
    0x08003f80   0x08003f80   0x00000026   Code   RO         4925    i.SysTick_Handler   os_cpu_c.o
    0x08003fa6   0x08003fa6   0x00000002   PAD
    0x08003fa8   0x08003fa8   0x000000d8   Code   RO          117    i.SystemInit        system.o
    0x08004080   0x08004080   0x0000003a   Code   RO         3628    i.TI1_Config        stm32f4xx_tim.o
    0x080040ba   0x080040ba   0x00000050   Code   RO         3629    i.TI2_Config        stm32f4xx_tim.o
    0x0800410a   0x0800410a   0x00000048   Code   RO         3630    i.TI3_Config        stm32f4xx_tim.o
    0x08004152   0x08004152   0x00000050   Code   RO         3631    i.TI4_Config        stm32f4xx_tim.o
    0x080041a2   0x080041a2   0x00000002   PAD
    0x080041a4   0x080041a4   0x00000130   Code   RO         4739    i.TIM1_Config       pwm.o
    0x080042d4   0x080042d4   0x00000064   Code   RO         4705    i.TIM3_IRQHandler   ppm.o
    0x08004338   0x08004338   0x00000006   Code   RO         3639    i.TIM_ClearITPendingBit  stm32f4xx_tim.o
    0x0800433e   0x0800433e   0x00000018   Code   RO         3644    i.TIM_Cmd           stm32f4xx_tim.o
    0x08004356   0x08004356   0x00000022   Code   RO         3665    i.TIM_GetITStatus   stm32f4xx_tim.o
    0x08004378   0x08004378   0x0000006e   Code   RO         3667    i.TIM_ICInit        stm32f4xx_tim.o
    0x080043e6   0x080043e6   0x00000012   Code   RO         3669    i.TIM_ITConfig      stm32f4xx_tim.o
    0x080043f8   0x080043f8   0x00000012   Code   RO         3698    i.TIM_SelectInputTrigger  stm32f4xx_tim.o
    0x0800440a   0x0800440a   0x00000012   Code   RO         3703    i.TIM_SelectSlaveMode  stm32f4xx_tim.o
    0x0800441c   0x0800441c   0x00000012   Code   RO         3711    i.TIM_SetIC1Prescaler  stm32f4xx_tim.o
    0x0800442e   0x0800442e   0x0000001a   Code   RO         3712    i.TIM_SetIC2Prescaler  stm32f4xx_tim.o
    0x08004448   0x08004448   0x00000012   Code   RO         3713    i.TIM_SetIC3Prescaler  stm32f4xx_tim.o
    0x0800445a   0x0800445a   0x0000001a   Code   RO         3714    i.TIM_SetIC4Prescaler  stm32f4xx_tim.o
    0x08004474   0x08004474   0x00000084   Code   RO         3716    i.TIM_TimeBaseInit  stm32f4xx_tim.o
    0x080044f8   0x080044f8   0x0000005c   Code   RO         5869    i.Task_Angle        mytasks.o
    0x08004554   0x08004554   0x000000e4   Code   RO         5870    i.Task_COM          mytasks.o
    0x08004638   0x08004638   0x00000054   Code   RO         5871    i.Task_Motor        mytasks.o
    0x0800468c   0x0800468c   0x0000006c   Code   RO         5872    i.Task_Startup      mytasks.o
    0x080046f8   0x080046f8   0x00000034   Code   RO         4786    i.USART1_IRQHandler  usart.o
    0x0800472c   0x0800472c   0x00000164   Code   RO         4787    i.USART_Config      usart.o
    0x08004890   0x08004890   0x00000060   Code   RO         4788    i.USART_GPIO_Init   usart.o
    0x080048f0   0x080048f0   0x00000018   Code   RO         4789    i.USART_SendByte    usart.o
    0x08004908   0x08004908   0x00000070   Code   RO         6067    i._DoInit           segger_rtt.o
    0x08004978   0x08004978   0x00000036   Code   RO         6355    i._EncodeStr        segger_sysview.o
    0x080049ae   0x080049ae   0x00000002   PAD
    0x080049b0   0x080049b0   0x000000a8   Code   RO         6356    i._HandleIncomingPacket  segger_sysview.o
    0x08004a58   0x08004a58   0x00000006   Code   RO         6357    i._PreparePacket    segger_sysview.o
    0x08004a5e   0x08004a5e   0x00000002   PAD
    0x08004a60   0x08004a60   0x000001e8   Code   RO         6360    i._SendPacket       segger_sysview.o
    0x08004c48   0x08004c48   0x0000008c   Code   RO         6362    i._TrySendOverflowPacket  segger_sysview.o
    0x08004cd4   0x08004cd4   0x00000030   Code   RO         7018    i.__0snprintf$6     mc_w.l(printf6.o)
    0x08004d04   0x08004d04   0x0000000e   Code   RO         7181    i.__scatterload_copy  mc_w.l(handlers.o)
    0x08004d12   0x08004d12   0x00000002   Code   RO         7182    i.__scatterload_null  mc_w.l(handlers.o)
    0x08004d14   0x08004d14   0x0000000e   Code   RO         7183    i.__scatterload_zeroinit  mc_w.l(handlers.o)
    0x08004d22   0x08004d22   0x00000014   Code   RO         5931    i._cbGetTime        segger_sysview_ucosii.o
    0x08004d36   0x08004d36   0x00000002   PAD
    0x08004d38   0x08004d38   0x00000068   Code   RO         6015    i._cbSendSystemDesc  segger_sysview_config_ucosii.o
    0x08004da0   0x08004da0   0x00000054   Code   RO         5932    i._cbSendTaskList   segger_sysview_ucosii.o
    0x08004df4   0x08004df4   0x000002f0   Code   RO         7024    i._printf_core      mc_w.l(printf6.o)
    0x080050e4   0x080050e4   0x00000024   Code   RO         7025    i._printf_post_padding  mc_w.l(printf6.o)
    0x08005108   0x08005108   0x0000002e   Code   RO         7026    i._printf_pre_padding  mc_w.l(printf6.o)
    0x08005136   0x08005136   0x00000016   Code   RO         7027    i._snputc           mc_w.l(printf6.o)
    0x0800514c   0x0800514c   0x00000040   Code   RO         5824    i.main              main.o
    0x0800518c   0x0800518c   0x000005f0   Data   RO         4599    .constdata          oled.o
    0x0800577c   0x0800577c   0x00000100   Data   RO         5048    .constdata          os_core.o
    0x0800587c   0x0800587c   0x00000076   Data   RO         5225    .constdata          os_dbg_r.o
    0x080058f2   0x080058f2   0x00000002   PAD
    0x080058f4   0x080058f4   0x00000008   Data   RO         5934    .constdata          segger_sysview_ucosii.o
    0x080058fc   0x080058fc   0x00000021   Data   RO         6073    .constdata          segger_rtt.o
    0x0800591d   0x0800591d   0x0000001a   Data   RO         6366    .constdata          segger_sysview.o
    0x08005937   0x08005937   0x00000001   PAD
    0x08005938   0x08005938   0x000000a4   Data   RO         5935    .conststring        segger_sysview_ucosii.o
    0x080059dc   0x080059dc   0x00000020   Data   RO         7179    Region$$Table       anon$$obj.o


    Execution Region RW_IRAM1 (Exec base: 0x20000000, Load base: 0x080059fc, Size: 0x00004f40, Max: 0x00018000, ABSOLUTE)

    Exec Addr    Load Addr    Size         Type   Attr      Idx    E Section Name        Object

    0x20000000   0x080059fc   0x00000003   Data   RW         4707    .data               ppm.o
    0x20000003   0x080059ff   0x00000001   PAD
    0x20000004   0x08005a00   0x00000004   Data   RW         4791    .data               usart.o
    0x20000008   0x08005a04   0x00000006   Data   RW         4836    .data               final.o
    0x2000000e   0x08005a0a   0x00000002   PAD
    0x20000010   0x08005a0c   0x0000000c   Data   RW         4927    .data               os_cpu_c.o
    0x2000001c   0x08005a18   0x00000064   Data   RW         5049    .data               os_core.o
    0x20000080   0x08005a7c   0x00000005   Data   RW         5874    .data               mytasks.o
    0x20000085   0x08005a81   0x00000003   PAD
    0x20000088   0x08005a84   0x00000008   Data   RW         5936    .data               segger_sysview_ucosii.o
    0x20000090   0x08005a8c   0x00000015   Data   RW         6367    .data               segger_sysview.o
    0x200000a5   0x08005aa1   0x00000003   PAD
    0x200000a8        -       0x00000010   Zero   RW         4706    .bss                ppm.o
    0x200000b8        -       0x0000000c   Zero   RW         4835    .bss                final.o
    0x200000c4        -       0x00000400   Zero   RW         4926    .bss                os_cpu_c.o
    0x200004c4        -       0x000013b8   Zero   RW         5047    .bss                os_core.o
    0x2000187c        -       0x00000880   Zero   RW         5873    .bss                mytasks.o
    0x200020fc        -       0x00000880   Zero   RW         5933    .bss                segger_sysview_ucosii.o
    0x2000297c        -       0x000010b8   Zero   RW         6072    .bss                segger_rtt.o
    0x20003a34        -       0x0000110b   Zero   RW         6365    .bss                segger_sysview.o
    0x20004b3f   0x08005aa1   0x00000001   PAD
    0x20004b40        -       0x00000400   Zero   RW          109    STACK               startup.o


==============================================================================

Image component sizes


      Code (inc. data)   RO Data    RW Data    ZI Data      Debug   Object Name

        16          0          0          0          0      20528   app_hooks.o
       106          0          0          0          0        904   delay.o
        32          0          0          6         12        653   final.o
       888         22          0          0          0      16616   gy86.o
        64         20          0          0          0        403   main.o
       140         24          0          0          0     212515   misc.o
      1000        274          0          5       2176       3779   mytasks.o
       900         18       1520          0          0       8684   oled.o
      2800        428        256        100       5048      23570   os_core.o
       276         32          0          0          0        300   os_cpu_a.o
       396         22          0         12       1024      15562   os_cpu_c.o
       348        230        118          0          0       3313   os_dbg_r.o
       124         14          0          0          0       1078   os_flag.o
        88         14          0          0          0        477   os_mem.o
        80          8          0          0          0        503   os_q.o
       600         24          0          0          0       2314   os_sem.o
      1582        118          0          0          0       6468   os_task.o
       312         36          0          0          0       1804   os_time.o
       680        136          0          0          0       3491   os_tmr.o
       316         28          0          3         16      22864   ppm.o
       468         24          0          0          0       1770   pwm.o
       764         54         33          0       4280       9452   segger_rtt.o
      3552        238         26         21       4363      34477   segger_sysview.o
       140         90          0          0          0        982   segger_sysview_config_ucosii.o
       858         82        172          8       2176       8029   segger_sysview_ucosii.o
        36          8        392          0       1024        768   startup.o
       248          0          0          0          0       9882   stm32f4xx_gpio.o
        64         12          0          0          0       1018   stm32f4xx_rcc.o
       738         28          0          0          0      29106   stm32f4xx_tim.o
       216         10          0          0          0        449   system.o
       528         54          0          4          0       2087   usart.o

    ----------------------------------------------------------------------
     18388       2048       2552        168      20120     443846   Object Totals
         0          0         32          0          0          0   (incl. Generated)
        28          0          3          9          1          0   (incl. Padding)

    ----------------------------------------------------------------------

      Code (inc. data)   RO Data    RW Data    ZI Data      Debug   Library Member Name

         0          0          0          0          0          0   entry.o
         0          0          0          0          0          0   entry10a.o
         0          0          0          0          0          0   entry11a.o
         8          4          0          0          0          0   entry2.o
         4          0          0          0          0          0   entry5.o
         0          0          0          0          0          0   entry7b.o
         0          0          0          0          0          0   entry8b.o
         8          4          0          0          0          0   entry9a.o
        30          0          0          0          0          0   handlers.o
        36          8          0          0          0         68   init.o
         0          0          0          0          0          0   iusefp.o
        30          0          0          0          0         68   llshl.o
        32          0          0          0          0         68   llushr.o
        36          0          0          0          0         68   memcpya.o
        36          0          0          0          0        108   memseta.o
       904          8          0          0          0        420   printf6.o
        44          0          0          0          0         80   uidiv.o
        56          0          0          0          0         88   d2f.o
       222          0          0          0          0        100   ddiv.o
       186          0          0          0          0        176   depilogue.o
        26          0          0          0          0         76   dfltui.o
       176          0          0          0          0        140   fadd.o
       110          0          0          0          0        168   fepilogue.o
        40          0          0          0          0         68   ffixui.o
        10          0          0          0          0         68   ffltui.o
       100          0          0          0          0         76   fmul.o

    ----------------------------------------------------------------------
      2096         24          0          0          0       1840   Library Totals
         2          0          0          0          0          0   (incl. Padding)

    ----------------------------------------------------------------------

      Code (inc. data)   RO Data    RW Data    ZI Data      Debug   Library Name

      1168         24          0          0          0        880   mc_w.l
       926          0          0          0          0        960   mf_w.l

    ----------------------------------------------------------------------
      2096         24          0          0          0       1840   Library Totals

    ----------------------------------------------------------------------

==============================================================================


      Code (inc. data)   RO Data    RW Data    ZI Data      Debug   

     20484       2072       2552        168      20120     434554   Grand Totals
     20484       2072       2552        168      20120     434554   ELF Image Totals
     20484       2072       2552        168          0          0   ROM Totals

==============================================================================

    Total RO  Size (Code + RO Data)                23036 (  22.50kB)
    Total RW  Size (RW Data + ZI Data)             20288 (  19.81kB)
    Total ROM Size (Code + RO Data + RW Data)      23204 (  22.66kB)

==============================================================================

