<html>
<body>
<pre>
<h1>µVision Build Log</h1>
<h2>Tool Versions:</h2>
IDE-Version: ¶ÃVision V5.24.2.0
Copyright (C) 2017 ARM Ltd and ARM Germany GmbH. All rights reserved.
License Information: A abcd, A, LIC=X96CK-Z2JC4-CXLU6-DZCA5-UHXEU-0S844
 
Tool Versions:
Toolchain:       MDK-Lite  Version: 5.24.1
Toolchain Path:  D:\Keil5\ARM\ARMCC\Bin
C Compiler:      Armcc.exe V5.06 update 5 (build 528)
Assembler:       Armasm.exe V5.06 update 5 (build 528)
Linker/Locator:  ArmLink.exe V5.06 update 5 (build 528)
Library Manager: ArmAr.exe V5.06 update 5 (build 528)
Hex Converter:   FromElf.exe V5.06 update 5 (build 528)
CPU DLL:         SARMCM3.DLL V5.24.1
Dialog DLL:      DCM.DLL V1.16.0.0
Target DLL:      Segger\JL2CM3.dll V2.99.26.0
Dialog DLL:      TCM.DLL V1.32.0.0
 
<h2>Project:</h2>
D:\Àƒ÷· II\Project\¶ÃCOS II\ucosii.uvprojx
Project File Date:  05/13/2025

<h2>Output:</h2>
*** Using Compiler 'V5.06 update 5 (build 528)', folder: 'D:\Keil5\ARM\ARMCC\Bin'
Build target 'Target 1'
compiling os_mem.c...
compiling app_hooks.c...
compiling pwm.c...
compiling os_cpu_c.c...
compiling os_q.c...
compiling os_mutex.c...
compiling Final.c...
compiling PPM.c...
compiling os_flag.c...
compiling os_mbox.c...
compiling usart.c...
compiling os_core.c...
compiling os_dbg_r.c...
compiling os_sem.c...
compiling os_time.c...
compiling SEGGER_SYSVIEW_uCOSII.c...
compiling os_tmr.c...
compiling os_task.c...
compiling main.c...
compiling SEGGER_SYSVIEW_Config_uCOSII.c...
compiling mytasks.c...
linking...
Program Size: Code=20484 RO-data=2552 RW-data=168 ZI-data=20120  
".\Objects\ucosii.axf" - 0 Error(s), 0 Warning(s).

<h2>Software Packages used:</h2>

Package Vendor: Keil
                https://www.keil.com/pack/Keil.STM32F4xx_DFP.2.17.1.pack
                Keil.STM32F4xx_DFP.2.17.1
                STMicroelectronics STM32F4 Series Device Support, Drivers and Examples

<h2>Collection of Component include folders:</h2>
  .\RTE\_Target_1
  D:\Keil5\ARM\PACK\Keil\STM32F4xx_DFP\2.17.1\Drivers\CMSIS\Device\ST\STM32F4xx\Include

<h2>Collection of Component Files used:</h2>
Build Time Elapsed:  00:00:04
</pre>
</body>
</html>
