ARM GAS  /tmp/ccwKf8r0.s 			page 1


   1              		.cpu cortex-m4
   2              		.arch armv7e-m
   3              		.fpu fpv4-sp-d16
   4              		.eabi_attribute 27, 1
   5              		.eabi_attribute 28, 1
   6              		.eabi_attribute 20, 1
   7              		.eabi_attribute 21, 1
   8              		.eabi_attribute 23, 3
   9              		.eabi_attribute 24, 1
  10              		.eabi_attribute 25, 1
  11              		.eabi_attribute 26, 1
  12              		.eabi_attribute 30, 1
  13              		.eabi_attribute 34, 1
  14              		.eabi_attribute 18, 4
  15              		.file	"Bluetooth.c"
  16              		.text
  17              	.Ltext0:
  18              		.cfi_sections	.debug_frame
  19              		.file 1 "./Hardware/Bluetooth.c"
  20              		.section	.text.USART_GPIO_Init,"ax",%progbits
  21              		.align	1
  22              		.global	USART_GPIO_Init
  23              		.syntax unified
  24              		.thumb
  25              		.thumb_func
  27              	USART_GPIO_Init:
  28              	.LFB123:
   1:./Hardware/Bluetooth.c **** #include "stm32f4xx.h"                  // Device header
   2:./Hardware/Bluetooth.c **** #include "stm32f4xx_rcc.h"
   3:./Hardware/Bluetooth.c **** #include "stm32f4xx_gpio.h"
   4:./Hardware/Bluetooth.c **** #include "stm32f4xx_usart.h"
   5:./Hardware/Bluetooth.c **** #include "misc.h"
   6:./Hardware/Bluetooth.c **** #include "BLUETOOTH.h"
   7:./Hardware/Bluetooth.c **** #include "ucos_ii.h"
   8:./Hardware/Bluetooth.c **** 
   9:./Hardware/Bluetooth.c **** 
  10:./Hardware/Bluetooth.c **** void USART_GPIO_Init(void)
  11:./Hardware/Bluetooth.c **** { 
  29              		.loc 1 11 1 view -0
  30              		.cfi_startproc
  31              		@ args = 0, pretend = 0, frame = 0
  32              		@ frame_needed = 0, uses_anonymous_args = 0
  33              		@ link register save eliminated.
  12:./Hardware/Bluetooth.c **** 	RCC->AHB1ENR |= RCC_AHB1ENR_GPIOBEN;		//开启GPIOB时钟
  34              		.loc 1 12 2 view .LVU1
  35              		.loc 1 12 5 is_stmt 0 view .LVU2
  36 0000 0E4B     		ldr	r3, .L2
  37 0002 1A6B     		ldr	r2, [r3, #48]
  38              		.loc 1 12 15 view .LVU3
  39 0004 42F00202 		orr	r2, r2, #2
  40 0008 1A63     		str	r2, [r3, #48]
  13:./Hardware/Bluetooth.c **** 	RCC->APB2ENR |= RCC_APB2ENR_USART1EN;		//开启USART1时钟
  41              		.loc 1 13 2 is_stmt 1 view .LVU4
  42              		.loc 1 13 5 is_stmt 0 view .LVU5
  43 000a 5A6C     		ldr	r2, [r3, #68]
  44              		.loc 1 13 15 view .LVU6
  45 000c 42F01002 		orr	r2, r2, #16
ARM GAS  /tmp/ccwKf8r0.s 			page 2


  46 0010 5A64     		str	r2, [r3, #68]
  14:./Hardware/Bluetooth.c **** 
  15:./Hardware/Bluetooth.c **** 	GPIOB->MODER &= ~(0xF << 12);
  47              		.loc 1 15 2 is_stmt 1 view .LVU7
  48              		.loc 1 15 7 is_stmt 0 view .LVU8
  49 0012 A3F55053 		sub	r3, r3, #13312
  50 0016 1A68     		ldr	r2, [r3]
  51              		.loc 1 15 15 view .LVU9
  52 0018 22F47042 		bic	r2, r2, #61440
  53 001c 1A60     		str	r2, [r3]
  16:./Hardware/Bluetooth.c **** 	GPIOB->MODER |= GPIO_Mode_AF<<12 | GPIO_Mode_AF<<14;		//AF
  54              		.loc 1 16 2 is_stmt 1 view .LVU10
  55              		.loc 1 16 7 is_stmt 0 view .LVU11
  56 001e 1A68     		ldr	r2, [r3]
  57              		.loc 1 16 15 view .LVU12
  58 0020 42F42042 		orr	r2, r2, #40960
  59 0024 1A60     		str	r2, [r3]
  17:./Hardware/Bluetooth.c **** 	GPIOB->AFR[0] |= GPIO_AF_USART1<<24 | GPIO_AF_USART1<<28;		//AF:USART1
  60              		.loc 1 17 2 is_stmt 1 view .LVU13
  61              		.loc 1 17 12 is_stmt 0 view .LVU14
  62 0026 1A6A     		ldr	r2, [r3, #32]
  63              		.loc 1 17 16 view .LVU15
  64 0028 42F0EE42 		orr	r2, r2, #1996488704
  65 002c 1A62     		str	r2, [r3, #32]
  18:./Hardware/Bluetooth.c **** 	GPIOB->OTYPER  |= GPIO_OType_PP<<6 | GPIO_OType_PP<<7;			//PP
  66              		.loc 1 18 2 is_stmt 1 view .LVU16
  67              		.loc 1 18 7 is_stmt 0 view .LVU17
  68 002e 5A68     		ldr	r2, [r3, #4]
  69              		.loc 1 18 17 view .LVU18
  70 0030 5A60     		str	r2, [r3, #4]
  19:./Hardware/Bluetooth.c **** 	GPIOB->OSPEEDR |= GPIO_High_Speed<<12 | GPIO_High_Speed<<14;	
  71              		.loc 1 19 2 is_stmt 1 view .LVU19
  72              		.loc 1 19 7 is_stmt 0 view .LVU20
  73 0032 9A68     		ldr	r2, [r3, #8]
  74              		.loc 1 19 17 view .LVU21
  75 0034 42F47042 		orr	r2, r2, #61440
  76 0038 9A60     		str	r2, [r3, #8]
  20:./Hardware/Bluetooth.c **** }
  77              		.loc 1 20 1 view .LVU22
  78 003a 7047     		bx	lr
  79              	.L3:
  80              		.align	2
  81              	.L2:
  82 003c 00380240 		.word	1073887232
  83              		.cfi_endproc
  84              	.LFE123:
  86              		.section	.text.USART_Config,"ax",%progbits
  87              		.align	1
  88              		.global	USART_Config
  89              		.syntax unified
  90              		.thumb
  91              		.thumb_func
  93              	USART_Config:
  94              	.LVL0:
  95              	.LFB124:
  21:./Hardware/Bluetooth.c **** 
  22:./Hardware/Bluetooth.c **** void USART_Config(uint16_t bps)
ARM GAS  /tmp/ccwKf8r0.s 			page 3


  23:./Hardware/Bluetooth.c **** {
  96              		.loc 1 23 1 is_stmt 1 view -0
  97              		.cfi_startproc
  98              		@ args = 0, pretend = 0, frame = 0
  99              		@ frame_needed = 0, uses_anonymous_args = 0
 100              		.loc 1 23 1 is_stmt 0 view .LVU24
 101 0000 08B5     		push	{r3, lr}
 102              	.LCFI0:
 103              		.cfi_def_cfa_offset 8
 104              		.cfi_offset 3, -8
 105              		.cfi_offset 14, -4
  24:./Hardware/Bluetooth.c **** 	
  25:./Hardware/Bluetooth.c **** 	USART1->CR1 &= ~(USART_CR1_UE);		//USART关闭
 106              		.loc 1 25 2 is_stmt 1 view .LVU25
 107              		.loc 1 25 8 is_stmt 0 view .LVU26
 108 0002 4F4B     		ldr	r3, .L9+16
 109 0004 9A89     		ldrh	r2, [r3, #12]
 110 0006 92B2     		uxth	r2, r2
 111              		.loc 1 25 14 view .LVU27
 112 0008 22F40052 		bic	r2, r2, #8192
 113 000c 92B2     		uxth	r2, r2
 114 000e 9A81     		strh	r2, [r3, #12]	@ movhi
  26:./Hardware/Bluetooth.c **** 	USART1->CR1 &= ~USART_CR1_OVER8;		//16倍过采样
 115              		.loc 1 26 2 is_stmt 1 view .LVU28
 116              		.loc 1 26 8 is_stmt 0 view .LVU29
 117 0010 9A89     		ldrh	r2, [r3, #12]
 118              		.loc 1 26 14 view .LVU30
 119 0012 C2F30E02 		ubfx	r2, r2, #0, #15
 120 0016 9A81     		strh	r2, [r3, #12]	@ movhi
  27:./Hardware/Bluetooth.c **** 	USART1->CR1 &= ~USART_CR1_M;		//8位字长
 121              		.loc 1 27 2 is_stmt 1 view .LVU31
 122              		.loc 1 27 8 is_stmt 0 view .LVU32
 123 0018 9A89     		ldrh	r2, [r3, #12]
 124 001a 92B2     		uxth	r2, r2
 125              		.loc 1 27 14 view .LVU33
 126 001c 22F48052 		bic	r2, r2, #4096
 127 0020 92B2     		uxth	r2, r2
 128 0022 9A81     		strh	r2, [r3, #12]	@ movhi
  28:./Hardware/Bluetooth.c **** 	USART1->CR1 &= ~USART_CR1_PCE;		//禁止奇偶校验位
 129              		.loc 1 28 2 is_stmt 1 view .LVU34
 130              		.loc 1 28 8 is_stmt 0 view .LVU35
 131 0024 9A89     		ldrh	r2, [r3, #12]
 132 0026 92B2     		uxth	r2, r2
 133              		.loc 1 28 14 view .LVU36
 134 0028 22F48062 		bic	r2, r2, #1024
 135 002c 92B2     		uxth	r2, r2
 136 002e 9A81     		strh	r2, [r3, #12]	@ movhi
  29:./Hardware/Bluetooth.c **** 	USART1->CR1 |= USART_CR1_TE | USART_CR1_RE;		//发送、接收使能
 137              		.loc 1 29 2 is_stmt 1 view .LVU37
 138              		.loc 1 29 8 is_stmt 0 view .LVU38
 139 0030 9A89     		ldrh	r2, [r3, #12]
 140 0032 92B2     		uxth	r2, r2
 141              		.loc 1 29 14 view .LVU39
 142 0034 42F00C02 		orr	r2, r2, #12
 143 0038 9A81     		strh	r2, [r3, #12]	@ movhi
  30:./Hardware/Bluetooth.c **** 	
  31:./Hardware/Bluetooth.c **** 	USART1->CR2 &= ~USART_CR2_STOP;		//1个停止位
ARM GAS  /tmp/ccwKf8r0.s 			page 4


 144              		.loc 1 31 2 is_stmt 1 view .LVU40
 145              		.loc 1 31 8 is_stmt 0 view .LVU41
 146 003a 1A8A     		ldrh	r2, [r3, #16]
 147 003c 92B2     		uxth	r2, r2
 148              		.loc 1 31 14 view .LVU42
 149 003e 22F44052 		bic	r2, r2, #12288
 150 0042 92B2     		uxth	r2, r2
 151 0044 1A82     		strh	r2, [r3, #16]	@ movhi
  32:./Hardware/Bluetooth.c **** 	
  33:./Hardware/Bluetooth.c **** 	float USARTDIV;
 152              		.loc 1 33 2 is_stmt 1 view .LVU43
  34:./Hardware/Bluetooth.c **** 	static uint16_t DIV_M;			//整数部分
 153              		.loc 1 34 2 view .LVU44
  35:./Hardware/Bluetooth.c **** 	uint16_t DIV_F;			//小数部分
 154              		.loc 1 35 2 view .LVU45
  36:./Hardware/Bluetooth.c **** 	if((USART1->CR1 & USART_CR1_OVER8) == SET)			
 155              		.loc 1 36 2 view .LVU46
 156              		.loc 1 36 12 is_stmt 0 view .LVU47
 157 0046 9B89     		ldrh	r3, [r3, #12]
 158              		.loc 1 36 4 view .LVU48
 159 0048 03F40043 		and	r3, r3, #32768
 160 004c 012B     		cmp	r3, #1
 161 004e 45D0     		beq	.L8
  37:./Hardware/Bluetooth.c **** 	{
  38:./Hardware/Bluetooth.c **** 		USARTDIV = 84000000.0/8/bps;
  39:./Hardware/Bluetooth.c **** 		DIV_M = (uint32_t)USARTDIV;
  40:./Hardware/Bluetooth.c **** 		DIV_F = (USARTDIV - DIV_M)*8 + 0.5f;		//OVER8为1
  41:./Hardware/Bluetooth.c **** 	}
  42:./Hardware/Bluetooth.c **** 	else
  43:./Hardware/Bluetooth.c **** 	{
  44:./Hardware/Bluetooth.c **** 		USARTDIV = 84000000.0/16/bps;
 162              		.loc 1 44 3 is_stmt 1 view .LVU49
 163              		.loc 1 44 27 is_stmt 0 view .LVU50
 164 0050 FFF7FEFF 		bl	__aeabi_i2d
 165              	.LVL1:
 166              		.loc 1 44 27 view .LVU51
 167 0054 0246     		mov	r2, r0
 168 0056 0B46     		mov	r3, r1
 169 0058 35A1     		adr	r1, .L9
 170 005a D1E90001 		ldrd	r0, [r1]
 171 005e FFF7FEFF 		bl	__aeabi_ddiv
 172              	.LVL2:
 173              		.loc 1 44 12 view .LVU52
 174 0062 FFF7FEFF 		bl	__aeabi_d2f
 175              	.LVL3:
 176 0066 07EE900A 		vmov	s15, r0
 177              	.LVL4:
  45:./Hardware/Bluetooth.c **** 		DIV_M = (uint32_t)USARTDIV;
 178              		.loc 1 45 3 is_stmt 1 view .LVU53
 179              		.loc 1 45 11 is_stmt 0 view .LVU54
 180 006a BCEEE77A 		vcvt.u32.f32	s14, s15
 181 006e 17EE103A 		vmov	r3, s14	@ int
 182              		.loc 1 45 9 view .LVU55
 183 0072 344A     		ldr	r2, .L9+20
 184 0074 1380     		strh	r3, [r2]	@ movhi
  46:./Hardware/Bluetooth.c **** 		DIV_F = (USARTDIV - DIV_M)*16 + 0.5f;		//OVER8为0
 185              		.loc 1 46 3 is_stmt 1 view .LVU56
ARM GAS  /tmp/ccwKf8r0.s 			page 5


 186              		.loc 1 46 21 is_stmt 0 view .LVU57
 187 0076 9BB2     		uxth	r3, r3
 188 0078 07EE103A 		vmov	s14, r3	@ int
 189 007c B8EEC77A 		vcvt.f32.s32	s14, s14
 190 0080 77EEC77A 		vsub.f32	s15, s15, s14
 191              		.loc 1 46 29 view .LVU58
 192 0084 B3EE007A 		vmov.f32	s14, #1.6e+1
 193 0088 67EE877A 		vmul.f32	s15, s15, s14
 194              		.loc 1 46 33 view .LVU59
 195 008c B6EE007A 		vmov.f32	s14, #5.0e-1
 196 0090 77EE877A 		vadd.f32	s15, s15, s14
 197              		.loc 1 46 9 view .LVU60
 198 0094 FCEEE77A 		vcvt.u32.f32	s15, s15
 199 0098 17EE903A 		vmov	r3, s15	@ int
 200 009c 9BB2     		uxth	r3, r3
 201              	.L6:
 202              	.LVL5:
  47:./Hardware/Bluetooth.c **** 	}
  48:./Hardware/Bluetooth.c **** 	USART1->BRR = DIV_M<<4 | DIV_F;
 203              		.loc 1 48 2 is_stmt 1 view .LVU61
 204              		.loc 1 48 25 is_stmt 0 view .LVU62
 205 009e 294A     		ldr	r2, .L9+20
 206 00a0 1288     		ldrh	r2, [r2]
 207 00a2 43EA0213 		orr	r3, r3, r2, lsl #4
 208              	.LVL6:
 209              		.loc 1 48 25 view .LVU63
 210 00a6 9BB2     		uxth	r3, r3
 211              		.loc 1 48 14 view .LVU64
 212 00a8 254A     		ldr	r2, .L9+16
 213 00aa 1381     		strh	r3, [r2, #8]	@ movhi
  49:./Hardware/Bluetooth.c **** 	
  50:./Hardware/Bluetooth.c **** 	USART1->CR1 |= USART_CR1_RXNEIE;		//开启USART中断
 214              		.loc 1 50 2 is_stmt 1 view .LVU65
 215              		.loc 1 50 8 is_stmt 0 view .LVU66
 216 00ac 9389     		ldrh	r3, [r2, #12]
 217 00ae 9BB2     		uxth	r3, r3
 218              		.loc 1 50 14 view .LVU67
 219 00b0 43F02003 		orr	r3, r3, #32
 220 00b4 9381     		strh	r3, [r2, #12]	@ movhi
  51:./Hardware/Bluetooth.c **** 	
  52:./Hardware/Bluetooth.c **** 	SCB->AIRCR |= 5<<SCB_AIRCR_PRIGROUP_Pos;		//设置NVIC中断优先级分组
 221              		.loc 1 52 2 is_stmt 1 view .LVU68
 222              		.loc 1 52 5 is_stmt 0 view .LVU69
 223 00b6 2449     		ldr	r1, .L9+24
 224 00b8 CB68     		ldr	r3, [r1, #12]
 225              		.loc 1 52 13 view .LVU70
 226 00ba 43F4A063 		orr	r3, r3, #1280
 227 00be CB60     		str	r3, [r1, #12]
  53:./Hardware/Bluetooth.c **** 	NVIC->ISER[1] |= 1<<5;		//使能USART1到NVIC中断
 228              		.loc 1 53 2 is_stmt 1 view .LVU71
 229              		.loc 1 53 12 is_stmt 0 view .LVU72
 230 00c0 224B     		ldr	r3, .L9+28
 231 00c2 5968     		ldr	r1, [r3, #4]
 232              		.loc 1 53 16 view .LVU73
 233 00c4 41F02001 		orr	r1, r1, #32
 234 00c8 5960     		str	r1, [r3, #4]
  54:./Hardware/Bluetooth.c **** 	NVIC->IP[36] = 5;		//设置USART1中断响应优先级和抢占优先级
ARM GAS  /tmp/ccwKf8r0.s 			page 6


 235              		.loc 1 54 2 is_stmt 1 view .LVU74
 236              		.loc 1 54 15 is_stmt 0 view .LVU75
 237 00ca 0521     		movs	r1, #5
 238 00cc 83F82413 		strb	r1, [r3, #804]
  55:./Hardware/Bluetooth.c **** 	
  56:./Hardware/Bluetooth.c **** 	USART1->CR1 |= USART_CR1_UE;		//开启USART
 239              		.loc 1 56 2 is_stmt 1 view .LVU76
 240              		.loc 1 56 8 is_stmt 0 view .LVU77
 241 00d0 9389     		ldrh	r3, [r2, #12]
 242 00d2 9BB2     		uxth	r3, r3
 243              		.loc 1 56 14 view .LVU78
 244 00d4 43F40053 		orr	r3, r3, #8192
 245 00d8 9381     		strh	r3, [r2, #12]	@ movhi
  57:./Hardware/Bluetooth.c **** }
 246              		.loc 1 57 1 view .LVU79
 247 00da 08BD     		pop	{r3, pc}
 248              	.LVL7:
 249              	.L8:
  38:./Hardware/Bluetooth.c **** 		DIV_M = (uint32_t)USARTDIV;
 250              		.loc 1 38 3 is_stmt 1 view .LVU80
  38:./Hardware/Bluetooth.c **** 		DIV_M = (uint32_t)USARTDIV;
 251              		.loc 1 38 26 is_stmt 0 view .LVU81
 252 00dc FFF7FEFF 		bl	__aeabi_i2d
 253              	.LVL8:
  38:./Hardware/Bluetooth.c **** 		DIV_M = (uint32_t)USARTDIV;
 254              		.loc 1 38 26 view .LVU82
 255 00e0 0246     		mov	r2, r0
 256 00e2 0B46     		mov	r3, r1
 257 00e4 14A1     		adr	r1, .L9+8
 258 00e6 D1E90001 		ldrd	r0, [r1]
 259 00ea FFF7FEFF 		bl	__aeabi_ddiv
 260              	.LVL9:
  38:./Hardware/Bluetooth.c **** 		DIV_M = (uint32_t)USARTDIV;
 261              		.loc 1 38 12 view .LVU83
 262 00ee FFF7FEFF 		bl	__aeabi_d2f
 263              	.LVL10:
 264 00f2 07EE900A 		vmov	s15, r0
 265              	.LVL11:
  39:./Hardware/Bluetooth.c **** 		DIV_F = (USARTDIV - DIV_M)*8 + 0.5f;		//OVER8为1
 266              		.loc 1 39 3 is_stmt 1 view .LVU84
  39:./Hardware/Bluetooth.c **** 		DIV_F = (USARTDIV - DIV_M)*8 + 0.5f;		//OVER8为1
 267              		.loc 1 39 11 is_stmt 0 view .LVU85
 268 00f6 BCEEE77A 		vcvt.u32.f32	s14, s15
 269 00fa 17EE103A 		vmov	r3, s14	@ int
  39:./Hardware/Bluetooth.c **** 		DIV_F = (USARTDIV - DIV_M)*8 + 0.5f;		//OVER8为1
 270              		.loc 1 39 9 view .LVU86
 271 00fe 114A     		ldr	r2, .L9+20
 272 0100 1380     		strh	r3, [r2]	@ movhi
  40:./Hardware/Bluetooth.c **** 	}
 273              		.loc 1 40 3 is_stmt 1 view .LVU87
  40:./Hardware/Bluetooth.c **** 	}
 274              		.loc 1 40 21 is_stmt 0 view .LVU88
 275 0102 9BB2     		uxth	r3, r3
 276 0104 07EE103A 		vmov	s14, r3	@ int
 277 0108 B8EEC77A 		vcvt.f32.s32	s14, s14
 278 010c 77EEC77A 		vsub.f32	s15, s15, s14
  40:./Hardware/Bluetooth.c **** 	}
ARM GAS  /tmp/ccwKf8r0.s 			page 7


 279              		.loc 1 40 29 view .LVU89
 280 0110 B2EE007A 		vmov.f32	s14, #8.0e+0
 281 0114 67EE877A 		vmul.f32	s15, s15, s14
  40:./Hardware/Bluetooth.c **** 	}
 282              		.loc 1 40 32 view .LVU90
 283 0118 B6EE007A 		vmov.f32	s14, #5.0e-1
 284 011c 77EE877A 		vadd.f32	s15, s15, s14
  40:./Hardware/Bluetooth.c **** 	}
 285              		.loc 1 40 9 view .LVU91
 286 0120 FCEEE77A 		vcvt.u32.f32	s15, s15
 287 0124 17EE903A 		vmov	r3, s15	@ int
 288 0128 9BB2     		uxth	r3, r3
 289              	.LVL12:
  40:./Hardware/Bluetooth.c **** 	}
 290              		.loc 1 40 9 view .LVU92
 291 012a B8E7     		b	.L6
 292              	.L10:
 293 012c AFF30080 		.align	3
 294              	.L9:
 295 0130 00000000 		.word	0
 296 0134 F4065441 		.word	1096025844
 297 0138 00000000 		.word	0
 298 013c F4066441 		.word	1097074420
 299 0140 00100140 		.word	1073811456
 300 0144 00000000 		.word	DIV_M.0
 301 0148 00ED00E0 		.word	-536810240
 302 014c 00E100E0 		.word	-536813312
 303              		.cfi_endproc
 304              	.LFE124:
 306              		.section	.text.bluetooth_Init,"ax",%progbits
 307              		.align	1
 308              		.global	bluetooth_Init
 309              		.syntax unified
 310              		.thumb
 311              		.thumb_func
 313              	bluetooth_Init:
 314              	.LVL13:
 315              	.LFB125:
  58:./Hardware/Bluetooth.c **** 
  59:./Hardware/Bluetooth.c **** 
  60:./Hardware/Bluetooth.c **** void bluetooth_Init(uint16_t bps){
 316              		.loc 1 60 34 is_stmt 1 view -0
 317              		.cfi_startproc
 318              		@ args = 0, pretend = 0, frame = 0
 319              		@ frame_needed = 0, uses_anonymous_args = 0
 320              		.loc 1 60 34 is_stmt 0 view .LVU94
 321 0000 10B5     		push	{r4, lr}
 322              	.LCFI1:
 323              		.cfi_def_cfa_offset 8
 324              		.cfi_offset 4, -8
 325              		.cfi_offset 14, -4
 326 0002 0446     		mov	r4, r0
  61:./Hardware/Bluetooth.c **** 	USART_GPIO_Init();
 327              		.loc 1 61 2 is_stmt 1 view .LVU95
 328 0004 FFF7FEFF 		bl	USART_GPIO_Init
 329              	.LVL14:
  62:./Hardware/Bluetooth.c **** 	USART_Config(bps);
ARM GAS  /tmp/ccwKf8r0.s 			page 8


 330              		.loc 1 62 2 view .LVU96
 331 0008 2046     		mov	r0, r4
 332 000a FFF7FEFF 		bl	USART_Config
 333              	.LVL15:
  63:./Hardware/Bluetooth.c **** }
 334              		.loc 1 63 1 is_stmt 0 view .LVU97
 335 000e 10BD     		pop	{r4, pc}
 336              		.loc 1 63 1 view .LVU98
 337              		.cfi_endproc
 338              	.LFE125:
 340              		.section	.text.USART_SendByte,"ax",%progbits
 341              		.align	1
 342              		.global	USART_SendByte
 343              		.syntax unified
 344              		.thumb
 345              		.thumb_func
 347              	USART_SendByte:
 348              	.LFB126:
  64:./Hardware/Bluetooth.c **** 
  65:./Hardware/Bluetooth.c **** void USART_SendByte(uint8_t Byte)
  66:./Hardware/Bluetooth.c **** {
 349              		.loc 1 66 1 is_stmt 1 view -0
 350              		.cfi_startproc
 351              		@ args = 0, pretend = 0, frame = 0
 352              		@ frame_needed = 0, uses_anonymous_args = 0
 353              		@ link register save eliminated.
 354              	.LVL16:
 355              	.L14:
  67:./Hardware/Bluetooth.c **** 	while(!(USART1->SR & USART_SR_TC));		//等待上一次发送完成
 356              		.loc 1 67 8 discriminator 1 view .LVU100
 357              		.loc 1 67 16 is_stmt 0 discriminator 1 view .LVU101
 358 0000 034B     		ldr	r3, .L15
 359 0002 1B88     		ldrh	r3, [r3]
 360              		.loc 1 67 8 discriminator 1 view .LVU102
 361 0004 13F0400F 		tst	r3, #64
 362 0008 FAD0     		beq	.L14
  68:./Hardware/Bluetooth.c **** 	USART1->DR = Byte;
 363              		.loc 1 68 2 is_stmt 1 view .LVU103
 364              		.loc 1 68 13 is_stmt 0 view .LVU104
 365 000a 014B     		ldr	r3, .L15
 366 000c 9880     		strh	r0, [r3, #4]	@ movhi
  69:./Hardware/Bluetooth.c **** }
 367              		.loc 1 69 1 view .LVU105
 368 000e 7047     		bx	lr
 369              	.L16:
 370              		.align	2
 371              	.L15:
 372 0010 00100140 		.word	1073811456
 373              		.cfi_endproc
 374              	.LFE126:
 376              		.section	.text.USART1_IRQHandler,"ax",%progbits
 377              		.align	1
 378              		.global	USART1_IRQHandler
 379              		.syntax unified
 380              		.thumb
 381              		.thumb_func
 383              	USART1_IRQHandler:
ARM GAS  /tmp/ccwKf8r0.s 			page 9


 384              	.LFB127:
  70:./Hardware/Bluetooth.c **** 
  71:./Hardware/Bluetooth.c **** //uint8_t USART_ReceiveByte(void)
  72:./Hardware/Bluetooth.c **** //{
  73:./Hardware/Bluetooth.c **** //	uint8_t RxData;
  74:./Hardware/Bluetooth.c **** //	while((USART1->SR & USART_SR_RXNE) == RESET);		//等待接收到数据
  75:./Hardware/Bluetooth.c **** //	RxData = USART1->DR;
  76:./Hardware/Bluetooth.c **** //	return RxData;
  77:./Hardware/Bluetooth.c **** //}
  78:./Hardware/Bluetooth.c **** 
  79:./Hardware/Bluetooth.c **** void USART1_IRQHandler(void)
  80:./Hardware/Bluetooth.c **** {
 385              		.loc 1 80 1 is_stmt 1 view -0
 386              		.cfi_startproc
 387              		@ args = 0, pretend = 0, frame = 0
 388              		@ frame_needed = 0, uses_anonymous_args = 0
 389 0000 08B5     		push	{r3, lr}
 390              	.LCFI2:
 391              		.cfi_def_cfa_offset 8
 392              		.cfi_offset 3, -8
 393              		.cfi_offset 14, -4
  81:./Hardware/Bluetooth.c **** //	SEGGER_SYSVIEW_RecordEnterISR();
  82:./Hardware/Bluetooth.c **** 	OSIntEnter();
 394              		.loc 1 82 2 view .LVU107
 395 0002 FFF7FEFF 		bl	OSIntEnter
 396              	.LVL17:
  83:./Hardware/Bluetooth.c **** 	if(USART1->SR & USART_SR_RXNE)		//DR寄存器不为空
 397              		.loc 1 83 2 view .LVU108
 398              		.loc 1 83 11 is_stmt 0 view .LVU109
 399 0006 094B     		ldr	r3, .L20
 400 0008 1B88     		ldrh	r3, [r3]
 401              		.loc 1 83 4 view .LVU110
 402 000a 13F0200F 		tst	r3, #32
 403 000e 09D0     		beq	.L18
  84:./Hardware/Bluetooth.c **** 	{
  85:./Hardware/Bluetooth.c **** 		RxData = USART1->DR;		//读取DR
 404              		.loc 1 85 3 is_stmt 1 view .LVU111
 405              		.loc 1 85 18 is_stmt 0 view .LVU112
 406 0010 064A     		ldr	r2, .L20
 407 0012 9188     		ldrh	r1, [r2, #4]
 408              		.loc 1 85 10 view .LVU113
 409 0014 064B     		ldr	r3, .L20+4
 410 0016 1970     		strb	r1, [r3]
  86:./Hardware/Bluetooth.c **** 		USART1->SR &= ~USART_SR_RXNE;		//清除RXNE标志位
 411              		.loc 1 86 3 is_stmt 1 view .LVU114
 412              		.loc 1 86 9 is_stmt 0 view .LVU115
 413 0018 1388     		ldrh	r3, [r2]
 414 001a 9BB2     		uxth	r3, r3
 415              		.loc 1 86 14 view .LVU116
 416 001c 23F02003 		bic	r3, r3, #32
 417 0020 9BB2     		uxth	r3, r3
 418 0022 1380     		strh	r3, [r2]	@ movhi
 419              	.L18:
  87:./Hardware/Bluetooth.c **** 	}		
  88:./Hardware/Bluetooth.c **** 	OSIntExit();
 420              		.loc 1 88 2 is_stmt 1 view .LVU117
 421 0024 FFF7FEFF 		bl	OSIntExit
ARM GAS  /tmp/ccwKf8r0.s 			page 10


 422              	.LVL18:
  89:./Hardware/Bluetooth.c **** //	SEGGER_SYSVIEW_RecordExitISR();
  90:./Hardware/Bluetooth.c **** }
 423              		.loc 1 90 1 is_stmt 0 view .LVU118
 424 0028 08BD     		pop	{r3, pc}
 425              	.L21:
 426 002a 00BF     		.align	2
 427              	.L20:
 428 002c 00100140 		.word	1073811456
 429 0030 00000000 		.word	RxData
 430              		.cfi_endproc
 431              	.LFE127:
 433              		.section	.bss.DIV_M.0,"aw",%nobits
 434              		.align	1
 437              	DIV_M.0:
 438 0000 0000     		.space	2
 439              		.text
 440              	.Letext0:
 441              		.file 2 "/opt/gcc-arm-none-eabi/arm-none-eabi/include/machine/_default_types.h"
 442              		.file 3 "/opt/gcc-arm-none-eabi/arm-none-eabi/include/sys/_stdint.h"
 443              		.file 4 "./system/core_cm4.h"
 444              		.file 5 "./system/stm32f4xx.h"
 445              		.file 6 "./Libraries/inc/stm32f4xx_gpio.h"
 446              		.file 7 "./ucos/Core/ucos_ii.h"
 447              		.file 8 "./Hardware/BLUETOOTH.h"
ARM GAS  /tmp/ccwKf8r0.s 			page 11


DEFINED SYMBOLS
                            *ABS*:00000000 Bluetooth.c
     /tmp/ccwKf8r0.s:21     .text.USART_GPIO_Init:00000000 $t
     /tmp/ccwKf8r0.s:27     .text.USART_GPIO_Init:00000000 USART_GPIO_Init
     /tmp/ccwKf8r0.s:82     .text.USART_GPIO_Init:0000003c $d
     /tmp/ccwKf8r0.s:87     .text.USART_Config:00000000 $t
     /tmp/ccwKf8r0.s:93     .text.USART_Config:00000000 USART_Config
     /tmp/ccwKf8r0.s:295    .text.USART_Config:00000130 $d
     /tmp/ccwKf8r0.s:437    .bss.DIV_M.0:00000000 DIV_M.0
     /tmp/ccwKf8r0.s:307    .text.bluetooth_Init:00000000 $t
     /tmp/ccwKf8r0.s:313    .text.bluetooth_Init:00000000 bluetooth_Init
     /tmp/ccwKf8r0.s:341    .text.USART_SendByte:00000000 $t
     /tmp/ccwKf8r0.s:347    .text.USART_SendByte:00000000 USART_SendByte
     /tmp/ccwKf8r0.s:372    .text.USART_SendByte:00000010 $d
     /tmp/ccwKf8r0.s:377    .text.USART1_IRQHandler:00000000 $t
     /tmp/ccwKf8r0.s:383    .text.USART1_IRQHandler:00000000 USART1_IRQHandler
     /tmp/ccwKf8r0.s:428    .text.USART1_IRQHandler:0000002c $d
     /tmp/ccwKf8r0.s:434    .bss.DIV_M.0:00000000 $d

UNDEFINED SYMBOLS
__aeabi_i2d
__aeabi_ddiv
__aeabi_d2f
OSIntEnter
OSIntExit
RxData
