ARM GAS  /tmp/cct8rX4c.s 			page 1


   1              		.cpu cortex-m4
   2              		.arch armv7e-m
   3              		.fpu fpv4-sp-d16
   4              		.eabi_attribute 27, 1
   5              		.eabi_attribute 28, 1
   6              		.eabi_attribute 20, 1
   7              		.eabi_attribute 21, 1
   8              		.eabi_attribute 23, 3
   9              		.eabi_attribute 24, 1
  10              		.eabi_attribute 25, 1
  11              		.eabi_attribute 26, 1
  12              		.eabi_attribute 30, 1
  13              		.eabi_attribute 34, 1
  14              		.eabi_attribute 18, 4
  15              		.file	"misc.c"
  16              		.text
  17              	.Ltext0:
  18              		.cfi_sections	.debug_frame
  19              		.file 1 "./Libraries/src/misc.c"
  20              		.section	.text.NVIC_PriorityGroupConfig,"ax",%progbits
  21              		.align	1
  22              		.global	NVIC_PriorityGroupConfig
  23              		.syntax unified
  24              		.thumb
  25              		.thumb_func
  27              	NVIC_PriorityGroupConfig:
  28              	.LVL0:
  29              	.LFB123:
   1:./Libraries/src/misc.c **** /**
   2:./Libraries/src/misc.c ****   ******************************************************************************
   3:./Libraries/src/misc.c ****   * @file    misc.c
   4:./Libraries/src/misc.c ****   * @author  MCD Application Team
   5:./Libraries/src/misc.c ****   * @version V1.8.0
   6:./Libraries/src/misc.c ****   * @date    04-November-2016
   7:./Libraries/src/misc.c ****   * @brief   This file provides all the miscellaneous firmware functions (add-on
   8:./Libraries/src/misc.c ****   *          to CMSIS functions).
   9:./Libraries/src/misc.c ****   *          
  10:./Libraries/src/misc.c ****   *  @verbatim   
  11:./Libraries/src/misc.c ****   *                               
  12:./Libraries/src/misc.c ****   *          ===================================================================      
  13:./Libraries/src/misc.c ****   *                        How to configure Interrupts using driver 
  14:./Libraries/src/misc.c ****   *          ===================================================================      
  15:./Libraries/src/misc.c ****   * 
  16:./Libraries/src/misc.c ****   *            This section provide functions allowing to configure the NVIC interrupts (IRQ).
  17:./Libraries/src/misc.c ****   *            The Cortex-M4 exceptions are managed by CMSIS functions.
  18:./Libraries/src/misc.c ****   *
  19:./Libraries/src/misc.c ****   *            1. Configure the NVIC Priority Grouping using NVIC_PriorityGroupConfig()
  20:./Libraries/src/misc.c ****   *                function according to the following table.
  21:./Libraries/src/misc.c ****  
  22:./Libraries/src/misc.c ****   *  The table below gives the allowed values of the pre-emption priority and subpriority according
  23:./Libraries/src/misc.c ****   *  to the Priority Grouping configuration performed by NVIC_PriorityGroupConfig function
  24:./Libraries/src/misc.c ****   *    ============================================================================================
  25:./Libraries/src/misc.c ****   *      NVIC_PriorityGroup   | NVIC_IRQChannelPreemptionPriority | NVIC_IRQChannelSubPriority  |  
  26:./Libraries/src/misc.c ****   *    ============================================================================================
  27:./Libraries/src/misc.c ****   *     NVIC_PriorityGroup_0  |                0                  |            0-15             | 0
  28:./Libraries/src/misc.c ****   *                           |                                   |                             | 4
  29:./Libraries/src/misc.c ****   *    --------------------------------------------------------------------------------------------
ARM GAS  /tmp/cct8rX4c.s 			page 2


  30:./Libraries/src/misc.c ****   *     NVIC_PriorityGroup_1  |                0-1                |            0-7              | 1
  31:./Libraries/src/misc.c ****   *                           |                                   |                             | 3
  32:./Libraries/src/misc.c ****   *    --------------------------------------------------------------------------------------------
  33:./Libraries/src/misc.c ****   *     NVIC_PriorityGroup_2  |                0-3                |            0-3              | 2
  34:./Libraries/src/misc.c ****   *                           |                                   |                             | 2
  35:./Libraries/src/misc.c ****   *    --------------------------------------------------------------------------------------------
  36:./Libraries/src/misc.c ****   *     NVIC_PriorityGroup_3  |                0-7                |            0-1              | 3
  37:./Libraries/src/misc.c ****   *                           |                                   |                             | 1
  38:./Libraries/src/misc.c ****   *    --------------------------------------------------------------------------------------------
  39:./Libraries/src/misc.c ****   *     NVIC_PriorityGroup_4  |                0-15               |            0                | 4
  40:./Libraries/src/misc.c ****   *                           |                                   |                             | 0
  41:./Libraries/src/misc.c ****   *    ============================================================================================
  42:./Libraries/src/misc.c ****   *
  43:./Libraries/src/misc.c ****   *            2. Enable and Configure the priority of the selected IRQ Channels using NVIC_Init() 
  44:./Libraries/src/misc.c ****   *
  45:./Libraries/src/misc.c ****   * @note  When the NVIC_PriorityGroup_0 is selected, IRQ pre-emption is no more possible. 
  46:./Libraries/src/misc.c ****   *        The pending IRQ priority will be managed only by the subpriority.
  47:./Libraries/src/misc.c ****   *
  48:./Libraries/src/misc.c ****   * @note  IRQ priority order (sorted by highest to lowest priority):
  49:./Libraries/src/misc.c ****   *         - Lowest pre-emption priority
  50:./Libraries/src/misc.c ****   *         - Lowest subpriority
  51:./Libraries/src/misc.c ****   *         - Lowest hardware priority (IRQ number)
  52:./Libraries/src/misc.c ****   *
  53:./Libraries/src/misc.c ****   *  @endverbatim
  54:./Libraries/src/misc.c ****   *
  55:./Libraries/src/misc.c ****   ******************************************************************************
  56:./Libraries/src/misc.c ****   * @attention
  57:./Libraries/src/misc.c ****   *
  58:./Libraries/src/misc.c ****   * <h2><center>&copy; COPYRIGHT 2016 STMicroelectronics</center></h2>
  59:./Libraries/src/misc.c ****   *
  60:./Libraries/src/misc.c ****   * Licensed under MCD-ST Liberty SW License Agreement V2, (the "License");
  61:./Libraries/src/misc.c ****   * You may not use this file except in compliance with the License.
  62:./Libraries/src/misc.c ****   * You may obtain a copy of the License at:
  63:./Libraries/src/misc.c ****   *
  64:./Libraries/src/misc.c ****   *        http://www.st.com/software_license_agreement_liberty_v2
  65:./Libraries/src/misc.c ****   *
  66:./Libraries/src/misc.c ****   * Unless required by applicable law or agreed to in writing, software 
  67:./Libraries/src/misc.c ****   * distributed under the License is distributed on an "AS IS" BASIS, 
  68:./Libraries/src/misc.c ****   * WITHOUT WARRANTIES OR CONDITIONS OF ANY KIND, either express or implied.
  69:./Libraries/src/misc.c ****   * See the License for the specific language governing permissions and
  70:./Libraries/src/misc.c ****   * limitations under the License.
  71:./Libraries/src/misc.c ****   *
  72:./Libraries/src/misc.c ****   ******************************************************************************
  73:./Libraries/src/misc.c ****   */
  74:./Libraries/src/misc.c **** 
  75:./Libraries/src/misc.c **** /* Includes ------------------------------------------------------------------*/
  76:./Libraries/src/misc.c **** #include "misc.h"
  77:./Libraries/src/misc.c **** 
  78:./Libraries/src/misc.c **** /** @addtogroup STM32F4xx_StdPeriph_Driver
  79:./Libraries/src/misc.c ****   * @{
  80:./Libraries/src/misc.c ****   */
  81:./Libraries/src/misc.c **** 
  82:./Libraries/src/misc.c **** /** @defgroup MISC 
  83:./Libraries/src/misc.c ****   * @brief MISC driver modules
  84:./Libraries/src/misc.c ****   * @{
  85:./Libraries/src/misc.c ****   */
  86:./Libraries/src/misc.c **** 
ARM GAS  /tmp/cct8rX4c.s 			page 3


  87:./Libraries/src/misc.c **** /* Private typedef -----------------------------------------------------------*/
  88:./Libraries/src/misc.c **** /* Private define ------------------------------------------------------------*/
  89:./Libraries/src/misc.c **** #define AIRCR_VECTKEY_MASK    ((uint32_t)0x05FA0000)
  90:./Libraries/src/misc.c **** 
  91:./Libraries/src/misc.c **** /* Private macro -------------------------------------------------------------*/
  92:./Libraries/src/misc.c **** /* Private variables ---------------------------------------------------------*/
  93:./Libraries/src/misc.c **** /* Private function prototypes -----------------------------------------------*/
  94:./Libraries/src/misc.c **** /* Private functions ---------------------------------------------------------*/
  95:./Libraries/src/misc.c **** 
  96:./Libraries/src/misc.c **** /** @defgroup MISC_Private_Functions
  97:./Libraries/src/misc.c ****   * @{
  98:./Libraries/src/misc.c ****   */
  99:./Libraries/src/misc.c **** 
 100:./Libraries/src/misc.c **** /**
 101:./Libraries/src/misc.c ****   * @brief  Configures the priority grouping: pre-emption priority and subpriority.
 102:./Libraries/src/misc.c ****   * @param  NVIC_PriorityGroup: specifies the priority grouping bits length. 
 103:./Libraries/src/misc.c ****   *   This parameter can be one of the following values:
 104:./Libraries/src/misc.c ****   *     @arg NVIC_PriorityGroup_0: 0 bits for pre-emption priority
 105:./Libraries/src/misc.c ****   *                                4 bits for subpriority
 106:./Libraries/src/misc.c ****   *     @arg NVIC_PriorityGroup_1: 1 bits for pre-emption priority
 107:./Libraries/src/misc.c ****   *                                3 bits for subpriority
 108:./Libraries/src/misc.c ****   *     @arg NVIC_PriorityGroup_2: 2 bits for pre-emption priority
 109:./Libraries/src/misc.c ****   *                                2 bits for subpriority
 110:./Libraries/src/misc.c ****   *     @arg NVIC_PriorityGroup_3: 3 bits for pre-emption priority
 111:./Libraries/src/misc.c ****   *                                1 bits for subpriority
 112:./Libraries/src/misc.c ****   *     @arg NVIC_PriorityGroup_4: 4 bits for pre-emption priority
 113:./Libraries/src/misc.c ****   *                                0 bits for subpriority
 114:./Libraries/src/misc.c ****   * @note   When the NVIC_PriorityGroup_0 is selected, IRQ pre-emption is no more possible. 
 115:./Libraries/src/misc.c ****   *         The pending IRQ priority will be managed only by the subpriority. 
 116:./Libraries/src/misc.c ****   * @retval None
 117:./Libraries/src/misc.c ****   */
 118:./Libraries/src/misc.c **** void NVIC_PriorityGroupConfig(uint32_t NVIC_PriorityGroup)
 119:./Libraries/src/misc.c **** {
  30              		.loc 1 119 1 view -0
  31              		.cfi_startproc
  32              		@ args = 0, pretend = 0, frame = 0
  33              		@ frame_needed = 0, uses_anonymous_args = 0
  34              		@ link register save eliminated.
 120:./Libraries/src/misc.c ****   /* Check the parameters */
 121:./Libraries/src/misc.c ****   assert_param(IS_NVIC_PRIORITY_GROUP(NVIC_PriorityGroup));
  35              		.loc 1 121 3 view .LVU1
 122:./Libraries/src/misc.c ****   
 123:./Libraries/src/misc.c ****   /* Set the PRIGROUP[10:8] bits according to NVIC_PriorityGroup value */
 124:./Libraries/src/misc.c ****   SCB->AIRCR = AIRCR_VECTKEY_MASK | NVIC_PriorityGroup;
  36              		.loc 1 124 3 view .LVU2
  37              		.loc 1 124 35 is_stmt 0 view .LVU3
  38 0000 40F0BF60 		orr	r0, r0, #100139008
  39              	.LVL1:
  40              		.loc 1 124 35 view .LVU4
  41 0004 40F40030 		orr	r0, r0, #131072
  42              		.loc 1 124 14 view .LVU5
  43 0008 014B     		ldr	r3, .L2
  44 000a D860     		str	r0, [r3, #12]
 125:./Libraries/src/misc.c **** }
  45              		.loc 1 125 1 view .LVU6
  46 000c 7047     		bx	lr
  47              	.L3:
ARM GAS  /tmp/cct8rX4c.s 			page 4


  48 000e 00BF     		.align	2
  49              	.L2:
  50 0010 00ED00E0 		.word	-536810240
  51              		.cfi_endproc
  52              	.LFE123:
  54              		.section	.text.NVIC_Init,"ax",%progbits
  55              		.align	1
  56              		.global	NVIC_Init
  57              		.syntax unified
  58              		.thumb
  59              		.thumb_func
  61              	NVIC_Init:
  62              	.LVL2:
  63              	.LFB124:
 126:./Libraries/src/misc.c **** 
 127:./Libraries/src/misc.c **** /**
 128:./Libraries/src/misc.c ****   * @brief  Initializes the NVIC peripheral according to the specified
 129:./Libraries/src/misc.c ****   *         parameters in the NVIC_InitStruct.
 130:./Libraries/src/misc.c ****   * @note   To configure interrupts priority correctly, the NVIC_PriorityGroupConfig()
 131:./Libraries/src/misc.c ****   *         function should be called before. 
 132:./Libraries/src/misc.c ****   * @param  NVIC_InitStruct: pointer to a NVIC_InitTypeDef structure that contains
 133:./Libraries/src/misc.c ****   *         the configuration information for the specified NVIC peripheral.
 134:./Libraries/src/misc.c ****   * @retval None
 135:./Libraries/src/misc.c ****   */
 136:./Libraries/src/misc.c **** void NVIC_Init(NVIC_InitTypeDef* NVIC_InitStruct)
 137:./Libraries/src/misc.c **** {
  64              		.loc 1 137 1 is_stmt 1 view -0
  65              		.cfi_startproc
  66              		@ args = 0, pretend = 0, frame = 0
  67              		@ frame_needed = 0, uses_anonymous_args = 0
  68              		@ link register save eliminated.
 138:./Libraries/src/misc.c ****   uint8_t tmppriority = 0x00, tmppre = 0x00, tmpsub = 0x0F;
  69              		.loc 1 138 3 view .LVU8
 139:./Libraries/src/misc.c ****   
 140:./Libraries/src/misc.c ****   /* Check the parameters */
 141:./Libraries/src/misc.c ****   assert_param(IS_FUNCTIONAL_STATE(NVIC_InitStruct->NVIC_IRQChannelCmd));
  70              		.loc 1 141 3 view .LVU9
 142:./Libraries/src/misc.c ****   assert_param(IS_NVIC_PREEMPTION_PRIORITY(NVIC_InitStruct->NVIC_IRQChannelPreemptionPriority));  
  71              		.loc 1 142 3 view .LVU10
 143:./Libraries/src/misc.c ****   assert_param(IS_NVIC_SUB_PRIORITY(NVIC_InitStruct->NVIC_IRQChannelSubPriority));
  72              		.loc 1 143 3 view .LVU11
 144:./Libraries/src/misc.c ****     
 145:./Libraries/src/misc.c ****   if (NVIC_InitStruct->NVIC_IRQChannelCmd != DISABLE)
  73              		.loc 1 145 3 view .LVU12
  74              		.loc 1 145 22 is_stmt 0 view .LVU13
  75 0000 C378     		ldrb	r3, [r0, #3]	@ zero_extendqisi2
  76              		.loc 1 145 6 view .LVU14
  77 0002 FBB1     		cbz	r3, .L5
 146:./Libraries/src/misc.c ****   {
 147:./Libraries/src/misc.c ****     /* Compute the Corresponding IRQ Priority --------------------------------*/    
 148:./Libraries/src/misc.c ****     tmppriority = (0x700 - ((SCB->AIRCR) & (uint32_t)0x700))>> 0x08;
  78              		.loc 1 148 5 is_stmt 1 view .LVU15
  79              		.loc 1 148 33 is_stmt 0 view .LVU16
  80 0004 154B     		ldr	r3, .L7
  81 0006 DA68     		ldr	r2, [r3, #12]
  82              		.loc 1 148 26 view .LVU17
  83 0008 D243     		mvns	r2, r2
ARM GAS  /tmp/cct8rX4c.s 			page 5


  84              		.loc 1 148 17 view .LVU18
  85 000a C2F30222 		ubfx	r2, r2, #8, #3
  86              	.LVL3:
 149:./Libraries/src/misc.c ****     tmppre = (0x4 - tmppriority);
  87              		.loc 1 149 5 is_stmt 1 view .LVU19
  88              		.loc 1 149 12 is_stmt 0 view .LVU20
  89 000e C2F10401 		rsb	r1, r2, #4
  90 0012 C9B2     		uxtb	r1, r1
  91              	.LVL4:
 150:./Libraries/src/misc.c ****     tmpsub = tmpsub >> tmppriority;
  92              		.loc 1 150 5 is_stmt 1 view .LVU21
  93              		.loc 1 150 21 is_stmt 0 view .LVU22
  94 0014 0F23     		movs	r3, #15
  95 0016 1341     		asrs	r3, r3, r2
  96              	.LVL5:
 151:./Libraries/src/misc.c **** 
 152:./Libraries/src/misc.c ****     tmppriority = NVIC_InitStruct->NVIC_IRQChannelPreemptionPriority << tmppre;
  97              		.loc 1 152 5 is_stmt 1 view .LVU23
  98              		.loc 1 152 34 is_stmt 0 view .LVU24
  99 0018 4278     		ldrb	r2, [r0, #1]	@ zero_extendqisi2
 100              	.LVL6:
 101              		.loc 1 152 70 view .LVU25
 102 001a 8A40     		lsls	r2, r2, r1
 103              		.loc 1 152 17 view .LVU26
 104 001c D2B2     		uxtb	r2, r2
 105              	.LVL7:
 153:./Libraries/src/misc.c ****     tmppriority |=  (uint8_t)(NVIC_InitStruct->NVIC_IRQChannelSubPriority & tmpsub);
 106              		.loc 1 153 5 is_stmt 1 view .LVU27
 107              		.loc 1 153 46 is_stmt 0 view .LVU28
 108 001e 8178     		ldrb	r1, [r0, #2]	@ zero_extendqisi2
 109              	.LVL8:
 110              		.loc 1 153 21 view .LVU29
 111 0020 0B40     		ands	r3, r3, r1
 112              	.LVL9:
 113              		.loc 1 153 17 view .LVU30
 114 0022 1343     		orrs	r3, r3, r2
 115              	.LVL10:
 154:./Libraries/src/misc.c ****         
 155:./Libraries/src/misc.c ****     tmppriority = tmppriority << 0x04;
 116              		.loc 1 155 5 is_stmt 1 view .LVU31
 117              		.loc 1 155 17 is_stmt 0 view .LVU32
 118 0024 1B01     		lsls	r3, r3, #4
 119              	.LVL11:
 120              		.loc 1 155 17 view .LVU33
 121 0026 DBB2     		uxtb	r3, r3
 122              	.LVL12:
 156:./Libraries/src/misc.c ****         
 157:./Libraries/src/misc.c ****     NVIC->IP[NVIC_InitStruct->NVIC_IRQChannel] = tmppriority;
 123              		.loc 1 157 5 is_stmt 1 view .LVU34
 124              		.loc 1 157 29 is_stmt 0 view .LVU35
 125 0028 0278     		ldrb	r2, [r0]	@ zero_extendqisi2
 126              		.loc 1 157 48 view .LVU36
 127 002a 0D49     		ldr	r1, .L7+4
 128 002c 0A44     		add	r2, r2, r1
 129 002e 82F80033 		strb	r3, [r2, #768]
 158:./Libraries/src/misc.c ****     
 159:./Libraries/src/misc.c ****     /* Enable the Selected IRQ Channels --------------------------------------*/
ARM GAS  /tmp/cct8rX4c.s 			page 6


 160:./Libraries/src/misc.c ****     NVIC->ISER[NVIC_InitStruct->NVIC_IRQChannel >> 0x05] =
 130              		.loc 1 160 5 is_stmt 1 view .LVU37
 161:./Libraries/src/misc.c ****       (uint32_t)0x01 << (NVIC_InitStruct->NVIC_IRQChannel & (uint8_t)0x1F);
 131              		.loc 1 161 41 is_stmt 0 view .LVU38
 132 0032 0378     		ldrb	r3, [r0]	@ zero_extendqisi2
 133              	.LVL13:
 134              		.loc 1 161 59 view .LVU39
 135 0034 03F01F00 		and	r0, r3, #31
 136              	.LVL14:
 160:./Libraries/src/misc.c ****       (uint32_t)0x01 << (NVIC_InitStruct->NVIC_IRQChannel & (uint8_t)0x1F);
 137              		.loc 1 160 49 view .LVU40
 138 0038 5B09     		lsrs	r3, r3, #5
 139              		.loc 1 161 22 view .LVU41
 140 003a 0122     		movs	r2, #1
 141              	.LVL15:
 142              		.loc 1 161 22 view .LVU42
 143 003c 8240     		lsls	r2, r2, r0
 160:./Libraries/src/misc.c ****       (uint32_t)0x01 << (NVIC_InitStruct->NVIC_IRQChannel & (uint8_t)0x1F);
 144              		.loc 1 160 58 view .LVU43
 145 003e 41F82320 		str	r2, [r1, r3, lsl #2]
 160:./Libraries/src/misc.c ****       (uint32_t)0x01 << (NVIC_InitStruct->NVIC_IRQChannel & (uint8_t)0x1F);
 146              		.loc 1 160 58 view .LVU44
 147 0042 7047     		bx	lr
 148              	.LVL16:
 149              	.L5:
 162:./Libraries/src/misc.c ****   }
 163:./Libraries/src/misc.c ****   else
 164:./Libraries/src/misc.c ****   {
 165:./Libraries/src/misc.c ****     /* Disable the Selected IRQ Channels -------------------------------------*/
 166:./Libraries/src/misc.c ****     NVIC->ICER[NVIC_InitStruct->NVIC_IRQChannel >> 0x05] =
 150              		.loc 1 166 5 is_stmt 1 view .LVU45
 167:./Libraries/src/misc.c ****       (uint32_t)0x01 << (NVIC_InitStruct->NVIC_IRQChannel & (uint8_t)0x1F);
 151              		.loc 1 167 41 is_stmt 0 view .LVU46
 152 0044 0378     		ldrb	r3, [r0]	@ zero_extendqisi2
 153              		.loc 1 167 59 view .LVU47
 154 0046 03F01F01 		and	r1, r3, #31
 166:./Libraries/src/misc.c ****       (uint32_t)0x01 << (NVIC_InitStruct->NVIC_IRQChannel & (uint8_t)0x1F);
 155              		.loc 1 166 49 view .LVU48
 156 004a 5B09     		lsrs	r3, r3, #5
 157              		.loc 1 167 22 view .LVU49
 158 004c 0122     		movs	r2, #1
 159 004e 8A40     		lsls	r2, r2, r1
 166:./Libraries/src/misc.c ****       (uint32_t)0x01 << (NVIC_InitStruct->NVIC_IRQChannel & (uint8_t)0x1F);
 160              		.loc 1 166 58 view .LVU50
 161 0050 2033     		adds	r3, r3, #32
 162 0052 0349     		ldr	r1, .L7+4
 163 0054 41F82320 		str	r2, [r1, r3, lsl #2]
 168:./Libraries/src/misc.c ****   }
 169:./Libraries/src/misc.c **** }
 164              		.loc 1 169 1 view .LVU51
 165 0058 7047     		bx	lr
 166              	.L8:
 167 005a 00BF     		.align	2
 168              	.L7:
 169 005c 00ED00E0 		.word	-536810240
 170 0060 00E100E0 		.word	-536813312
 171              		.cfi_endproc
ARM GAS  /tmp/cct8rX4c.s 			page 7


 172              	.LFE124:
 174              		.section	.text.NVIC_SetVectorTable,"ax",%progbits
 175              		.align	1
 176              		.global	NVIC_SetVectorTable
 177              		.syntax unified
 178              		.thumb
 179              		.thumb_func
 181              	NVIC_SetVectorTable:
 182              	.LVL17:
 183              	.LFB125:
 170:./Libraries/src/misc.c **** 
 171:./Libraries/src/misc.c **** /**
 172:./Libraries/src/misc.c ****   * @brief  Sets the vector table location and Offset.
 173:./Libraries/src/misc.c ****   * @param  NVIC_VectTab: specifies if the vector table is in RAM or FLASH memory.
 174:./Libraries/src/misc.c ****   *   This parameter can be one of the following values:
 175:./Libraries/src/misc.c ****   *     @arg NVIC_VectTab_RAM: Vector Table in internal SRAM.
 176:./Libraries/src/misc.c ****   *     @arg NVIC_VectTab_FLASH: Vector Table in internal FLASH.
 177:./Libraries/src/misc.c ****   * @param  Offset: Vector Table base offset field. This value must be a multiple of 0x200.
 178:./Libraries/src/misc.c ****   * @retval None
 179:./Libraries/src/misc.c ****   */
 180:./Libraries/src/misc.c **** void NVIC_SetVectorTable(uint32_t NVIC_VectTab, uint32_t Offset)
 181:./Libraries/src/misc.c **** { 
 184              		.loc 1 181 1 is_stmt 1 view -0
 185              		.cfi_startproc
 186              		@ args = 0, pretend = 0, frame = 0
 187              		@ frame_needed = 0, uses_anonymous_args = 0
 188              		@ link register save eliminated.
 182:./Libraries/src/misc.c ****   /* Check the parameters */
 183:./Libraries/src/misc.c ****   assert_param(IS_NVIC_VECTTAB(NVIC_VectTab));
 189              		.loc 1 183 3 view .LVU53
 184:./Libraries/src/misc.c ****   assert_param(IS_NVIC_OFFSET(Offset));  
 190              		.loc 1 184 3 view .LVU54
 185:./Libraries/src/misc.c ****    
 186:./Libraries/src/misc.c ****   SCB->VTOR = NVIC_VectTab | (Offset & (uint32_t)0x1FFFFF80);
 191              		.loc 1 186 3 view .LVU55
 192              		.loc 1 186 38 is_stmt 0 view .LVU56
 193 0000 21F06041 		bic	r1, r1, #-536870912
 194              	.LVL18:
 195              		.loc 1 186 38 view .LVU57
 196 0004 21F07F01 		bic	r1, r1, #127
 197              		.loc 1 186 28 view .LVU58
 198 0008 0143     		orrs	r1, r1, r0
 199              		.loc 1 186 13 view .LVU59
 200 000a 014B     		ldr	r3, .L10
 201 000c 9960     		str	r1, [r3, #8]
 187:./Libraries/src/misc.c **** }
 202              		.loc 1 187 1 view .LVU60
 203 000e 7047     		bx	lr
 204              	.L11:
 205              		.align	2
 206              	.L10:
 207 0010 00ED00E0 		.word	-536810240
 208              		.cfi_endproc
 209              	.LFE125:
 211              		.section	.text.NVIC_SystemLPConfig,"ax",%progbits
 212              		.align	1
 213              		.global	NVIC_SystemLPConfig
ARM GAS  /tmp/cct8rX4c.s 			page 8


 214              		.syntax unified
 215              		.thumb
 216              		.thumb_func
 218              	NVIC_SystemLPConfig:
 219              	.LVL19:
 220              	.LFB126:
 188:./Libraries/src/misc.c **** 
 189:./Libraries/src/misc.c **** /**
 190:./Libraries/src/misc.c ****   * @brief  Selects the condition for the system to enter low power mode.
 191:./Libraries/src/misc.c ****   * @param  LowPowerMode: Specifies the new mode for the system to enter low power mode.
 192:./Libraries/src/misc.c ****   *   This parameter can be one of the following values:
 193:./Libraries/src/misc.c ****   *     @arg NVIC_LP_SEVONPEND: Low Power SEV on Pend.
 194:./Libraries/src/misc.c ****   *     @arg NVIC_LP_SLEEPDEEP: Low Power DEEPSLEEP request.
 195:./Libraries/src/misc.c ****   *     @arg NVIC_LP_SLEEPONEXIT: Low Power Sleep on Exit.
 196:./Libraries/src/misc.c ****   * @param  NewState: new state of LP condition. This parameter can be: ENABLE or DISABLE.
 197:./Libraries/src/misc.c ****   * @retval None
 198:./Libraries/src/misc.c ****   */
 199:./Libraries/src/misc.c **** void NVIC_SystemLPConfig(uint8_t LowPowerMode, FunctionalState NewState)
 200:./Libraries/src/misc.c **** {
 221              		.loc 1 200 1 is_stmt 1 view -0
 222              		.cfi_startproc
 223              		@ args = 0, pretend = 0, frame = 0
 224              		@ frame_needed = 0, uses_anonymous_args = 0
 225              		@ link register save eliminated.
 201:./Libraries/src/misc.c ****   /* Check the parameters */
 202:./Libraries/src/misc.c ****   assert_param(IS_NVIC_LP(LowPowerMode));
 226              		.loc 1 202 3 view .LVU62
 203:./Libraries/src/misc.c ****   assert_param(IS_FUNCTIONAL_STATE(NewState));  
 227              		.loc 1 203 3 view .LVU63
 204:./Libraries/src/misc.c ****   
 205:./Libraries/src/misc.c ****   if (NewState != DISABLE)
 228              		.loc 1 205 3 view .LVU64
 229              		.loc 1 205 6 is_stmt 0 view .LVU65
 230 0000 21B1     		cbz	r1, .L13
 206:./Libraries/src/misc.c ****   {
 207:./Libraries/src/misc.c ****     SCB->SCR |= LowPowerMode;
 231              		.loc 1 207 5 is_stmt 1 view .LVU66
 232              		.loc 1 207 8 is_stmt 0 view .LVU67
 233 0002 054B     		ldr	r3, .L15
 234 0004 1A69     		ldr	r2, [r3, #16]
 235              		.loc 1 207 14 view .LVU68
 236 0006 1043     		orrs	r0, r0, r2
 237              	.LVL20:
 238              		.loc 1 207 14 view .LVU69
 239 0008 1861     		str	r0, [r3, #16]
 240 000a 7047     		bx	lr
 241              	.LVL21:
 242              	.L13:
 208:./Libraries/src/misc.c ****   }
 209:./Libraries/src/misc.c ****   else
 210:./Libraries/src/misc.c ****   {
 211:./Libraries/src/misc.c ****     SCB->SCR &= (uint32_t)(~(uint32_t)LowPowerMode);
 243              		.loc 1 211 5 is_stmt 1 view .LVU70
 244              		.loc 1 211 8 is_stmt 0 view .LVU71
 245 000c 024A     		ldr	r2, .L15
 246 000e 1369     		ldr	r3, [r2, #16]
 247              		.loc 1 211 14 view .LVU72
ARM GAS  /tmp/cct8rX4c.s 			page 9


 248 0010 23EA0003 		bic	r3, r3, r0
 249 0014 1361     		str	r3, [r2, #16]
 212:./Libraries/src/misc.c ****   }
 213:./Libraries/src/misc.c **** }
 250              		.loc 1 213 1 view .LVU73
 251 0016 7047     		bx	lr
 252              	.L16:
 253              		.align	2
 254              	.L15:
 255 0018 00ED00E0 		.word	-536810240
 256              		.cfi_endproc
 257              	.LFE126:
 259              		.section	.text.SysTick_CLKSourceConfig,"ax",%progbits
 260              		.align	1
 261              		.global	SysTick_CLKSourceConfig
 262              		.syntax unified
 263              		.thumb
 264              		.thumb_func
 266              	SysTick_CLKSourceConfig:
 267              	.LVL22:
 268              	.LFB127:
 214:./Libraries/src/misc.c **** 
 215:./Libraries/src/misc.c **** /**
 216:./Libraries/src/misc.c ****   * @brief  Configures the SysTick clock source.
 217:./Libraries/src/misc.c ****   * @param  SysTick_CLKSource: specifies the SysTick clock source.
 218:./Libraries/src/misc.c ****   *   This parameter can be one of the following values:
 219:./Libraries/src/misc.c ****   *     @arg SysTick_CLKSource_HCLK_Div8: AHB clock divided by 8 selected as SysTick clock source.
 220:./Libraries/src/misc.c ****   *     @arg SysTick_CLKSource_HCLK: AHB clock selected as SysTick clock source.
 221:./Libraries/src/misc.c ****   * @retval None
 222:./Libraries/src/misc.c ****   */
 223:./Libraries/src/misc.c **** void SysTick_CLKSourceConfig(uint32_t SysTick_CLKSource)
 224:./Libraries/src/misc.c **** {
 269              		.loc 1 224 1 is_stmt 1 view -0
 270              		.cfi_startproc
 271              		@ args = 0, pretend = 0, frame = 0
 272              		@ frame_needed = 0, uses_anonymous_args = 0
 273              		@ link register save eliminated.
 225:./Libraries/src/misc.c ****   /* Check the parameters */
 226:./Libraries/src/misc.c ****   assert_param(IS_SYSTICK_CLK_SOURCE(SysTick_CLKSource));
 274              		.loc 1 226 3 view .LVU75
 227:./Libraries/src/misc.c ****   if (SysTick_CLKSource == SysTick_CLKSource_HCLK)
 275              		.loc 1 227 3 view .LVU76
 276              		.loc 1 227 6 is_stmt 0 view .LVU77
 277 0000 0428     		cmp	r0, #4
 278 0002 06D0     		beq	.L20
 228:./Libraries/src/misc.c ****   {
 229:./Libraries/src/misc.c ****     SysTick->CTRL |= SysTick_CLKSource_HCLK;
 230:./Libraries/src/misc.c ****   }
 231:./Libraries/src/misc.c ****   else
 232:./Libraries/src/misc.c ****   {
 233:./Libraries/src/misc.c ****     SysTick->CTRL &= SysTick_CLKSource_HCLK_Div8;
 279              		.loc 1 233 5 is_stmt 1 view .LVU78
 280              		.loc 1 233 12 is_stmt 0 view .LVU79
 281 0004 4FF0E022 		mov	r2, #-536813568
 282 0008 1369     		ldr	r3, [r2, #16]
 283              		.loc 1 233 19 view .LVU80
 284 000a 23F00403 		bic	r3, r3, #4
ARM GAS  /tmp/cct8rX4c.s 			page 10


 285 000e 1361     		str	r3, [r2, #16]
 234:./Libraries/src/misc.c ****   }
 235:./Libraries/src/misc.c **** }
 286              		.loc 1 235 1 view .LVU81
 287 0010 7047     		bx	lr
 288              	.L20:
 229:./Libraries/src/misc.c ****   }
 289              		.loc 1 229 5 is_stmt 1 view .LVU82
 229:./Libraries/src/misc.c ****   }
 290              		.loc 1 229 12 is_stmt 0 view .LVU83
 291 0012 4FF0E022 		mov	r2, #-536813568
 292 0016 1369     		ldr	r3, [r2, #16]
 229:./Libraries/src/misc.c ****   }
 293              		.loc 1 229 19 view .LVU84
 294 0018 43F00403 		orr	r3, r3, #4
 295 001c 1361     		str	r3, [r2, #16]
 296 001e 7047     		bx	lr
 297              		.cfi_endproc
 298              	.LFE127:
 300              		.text
 301              	.Letext0:
 302              		.file 2 "/opt/gcc-arm-none-eabi/arm-none-eabi/include/machine/_default_types.h"
 303              		.file 3 "/opt/gcc-arm-none-eabi/arm-none-eabi/include/sys/_stdint.h"
 304              		.file 4 "./system/core_cm4.h"
 305              		.file 5 "./system/stm32f4xx.h"
 306              		.file 6 "./Libraries/inc/misc.h"
ARM GAS  /tmp/cct8rX4c.s 			page 11


DEFINED SYMBOLS
                            *ABS*:00000000 misc.c
     /tmp/cct8rX4c.s:21     .text.NVIC_PriorityGroupConfig:00000000 $t
     /tmp/cct8rX4c.s:27     .text.NVIC_PriorityGroupConfig:00000000 NVIC_PriorityGroupConfig
     /tmp/cct8rX4c.s:50     .text.NVIC_PriorityGroupConfig:00000010 $d
     /tmp/cct8rX4c.s:55     .text.NVIC_Init:00000000 $t
     /tmp/cct8rX4c.s:61     .text.NVIC_Init:00000000 NVIC_Init
     /tmp/cct8rX4c.s:169    .text.NVIC_Init:0000005c $d
     /tmp/cct8rX4c.s:175    .text.NVIC_SetVectorTable:00000000 $t
     /tmp/cct8rX4c.s:181    .text.NVIC_SetVectorTable:00000000 NVIC_SetVectorTable
     /tmp/cct8rX4c.s:207    .text.NVIC_SetVectorTable:00000010 $d
     /tmp/cct8rX4c.s:212    .text.NVIC_SystemLPConfig:00000000 $t
     /tmp/cct8rX4c.s:218    .text.NVIC_SystemLPConfig:00000000 NVIC_SystemLPConfig
     /tmp/cct8rX4c.s:255    .text.NVIC_SystemLPConfig:00000018 $d
     /tmp/cct8rX4c.s:260    .text.SysTick_CLKSourceConfig:00000000 $t
     /tmp/cct8rX4c.s:266    .text.SysTick_CLKSourceConfig:00000000 SysTick_CLKSourceConfig

NO UNDEFINED SYMBOLS
