ARM GAS  /tmp/ccmMjNXW.s 			page 1


   1              		.cpu cortex-m4
   2              		.arch armv7e-m
   3              		.fpu fpv4-sp-d16
   4              		.eabi_attribute 27, 1
   5              		.eabi_attribute 28, 1
   6              		.eabi_attribute 20, 1
   7              		.eabi_attribute 21, 1
   8              		.eabi_attribute 23, 3
   9              		.eabi_attribute 24, 1
  10              		.eabi_attribute 25, 1
  11              		.eabi_attribute 26, 1
  12              		.eabi_attribute 30, 1
  13              		.eabi_attribute 34, 1
  14              		.eabi_attribute 18, 4
  15              		.file	"oled.c"
  16              		.text
  17              	.Ltext0:
  18              		.cfi_sections	.debug_frame
  19              		.file 1 "./Hardware/oled.c"
  20              		.section	.text.OLED_W_SCL,"ax",%progbits
  21              		.align	1
  22              		.global	OLED_W_SCL
  23              		.syntax unified
  24              		.thumb
  25              		.thumb_func
  27              	OLED_W_SCL:
  28              	.LVL0:
  29              	.LFB123:
   1:./Hardware/oled.c **** #include "stm32f4xx.h"           // 引入 STM32F4 标准库头文件
   2:./Hardware/oled.c **** #include "OLED.h"
   3:./Hardware/oled.c **** #include "OLED_Font.h"
   4:./Hardware/oled.c **** #include "stm32f4xx_rcc.h"
   5:./Hardware/oled.c **** #include "stm32f4xx_gpio.h"
   6:./Hardware/oled.c **** #include "Delay.h"
   7:./Hardware/oled.c **** 
   8:./Hardware/oled.c **** void OLED_W_SCL(uint8_t x)
   9:./Hardware/oled.c **** {
  30              		.loc 1 9 1 view -0
  31              		.cfi_startproc
  32              		@ args = 0, pretend = 0, frame = 0
  33              		@ frame_needed = 0, uses_anonymous_args = 0
  34              		.loc 1 9 1 is_stmt 0 view .LVU1
  35 0000 08B5     		push	{r3, lr}
  36              	.LCFI0:
  37              		.cfi_def_cfa_offset 8
  38              		.cfi_offset 3, -8
  39              		.cfi_offset 14, -4
  40 0002 0246     		mov	r2, r0
  10:./Hardware/oled.c **** 	GPIO_WriteBit(GPIOB, GPIO_Pin_8, (BitAction)x);
  41              		.loc 1 10 2 is_stmt 1 view .LVU2
  42 0004 4FF48071 		mov	r1, #256
  43 0008 0348     		ldr	r0, .L3
  44              	.LVL1:
  45              		.loc 1 10 2 is_stmt 0 view .LVU3
  46 000a FFF7FEFF 		bl	GPIO_WriteBit
  47              	.LVL2:
  11:./Hardware/oled.c **** 	Delay_us(1);
ARM GAS  /tmp/ccmMjNXW.s 			page 2


  48              		.loc 1 11 2 is_stmt 1 view .LVU4
  49 000e 0120     		movs	r0, #1
  50 0010 FFF7FEFF 		bl	Delay_us
  51              	.LVL3:
  12:./Hardware/oled.c **** }
  52              		.loc 1 12 1 is_stmt 0 view .LVU5
  53 0014 08BD     		pop	{r3, pc}
  54              	.L4:
  55 0016 00BF     		.align	2
  56              	.L3:
  57 0018 00040240 		.word	1073873920
  58              		.cfi_endproc
  59              	.LFE123:
  61              		.section	.text.OLED_W_SDA,"ax",%progbits
  62              		.align	1
  63              		.global	OLED_W_SDA
  64              		.syntax unified
  65              		.thumb
  66              		.thumb_func
  68              	OLED_W_SDA:
  69              	.LVL4:
  70              	.LFB124:
  13:./Hardware/oled.c **** 
  14:./Hardware/oled.c **** void OLED_W_SDA(uint8_t x)
  15:./Hardware/oled.c **** {
  71              		.loc 1 15 1 is_stmt 1 view -0
  72              		.cfi_startproc
  73              		@ args = 0, pretend = 0, frame = 0
  74              		@ frame_needed = 0, uses_anonymous_args = 0
  75              		.loc 1 15 1 is_stmt 0 view .LVU7
  76 0000 08B5     		push	{r3, lr}
  77              	.LCFI1:
  78              		.cfi_def_cfa_offset 8
  79              		.cfi_offset 3, -8
  80              		.cfi_offset 14, -4
  81 0002 0246     		mov	r2, r0
  16:./Hardware/oled.c **** 	GPIO_WriteBit(GPIOB, GPIO_Pin_9, (BitAction)x);
  82              		.loc 1 16 2 is_stmt 1 view .LVU8
  83 0004 4FF40071 		mov	r1, #512
  84 0008 0348     		ldr	r0, .L7
  85              	.LVL5:
  86              		.loc 1 16 2 is_stmt 0 view .LVU9
  87 000a FFF7FEFF 		bl	GPIO_WriteBit
  88              	.LVL6:
  17:./Hardware/oled.c **** 	Delay_us(1);
  89              		.loc 1 17 2 is_stmt 1 view .LVU10
  90 000e 0120     		movs	r0, #1
  91 0010 FFF7FEFF 		bl	Delay_us
  92              	.LVL7:
  18:./Hardware/oled.c **** }
  93              		.loc 1 18 1 is_stmt 0 view .LVU11
  94 0014 08BD     		pop	{r3, pc}
  95              	.L8:
  96 0016 00BF     		.align	2
  97              	.L7:
  98 0018 00040240 		.word	1073873920
  99              		.cfi_endproc
ARM GAS  /tmp/ccmMjNXW.s 			page 3


 100              	.LFE124:
 102              		.section	.text.OLED_I2C_Init,"ax",%progbits
 103              		.align	1
 104              		.global	OLED_I2C_Init
 105              		.syntax unified
 106              		.thumb
 107              		.thumb_func
 109              	OLED_I2C_Init:
 110              	.LFB125:
  19:./Hardware/oled.c **** 
  20:./Hardware/oled.c **** /* 引脚初始化 */
  21:./Hardware/oled.c **** void OLED_I2C_Init(void)
  22:./Hardware/oled.c **** {
 111              		.loc 1 22 1 is_stmt 1 view -0
 112              		.cfi_startproc
 113              		@ args = 0, pretend = 0, frame = 8
 114              		@ frame_needed = 0, uses_anonymous_args = 0
 115 0000 70B5     		push	{r4, r5, r6, lr}
 116              	.LCFI2:
 117              		.cfi_def_cfa_offset 16
 118              		.cfi_offset 4, -16
 119              		.cfi_offset 5, -12
 120              		.cfi_offset 6, -8
 121              		.cfi_offset 14, -4
 122 0002 82B0     		sub	sp, sp, #8
 123              	.LCFI3:
 124              		.cfi_def_cfa_offset 24
  23:./Hardware/oled.c ****     RCC_AHB1PeriphClockCmd(RCC_AHB1Periph_GPIOB, ENABLE);  // STM32F4使用AHB1时钟
 125              		.loc 1 23 5 view .LVU13
 126 0004 0121     		movs	r1, #1
 127 0006 0220     		movs	r0, #2
 128 0008 FFF7FEFF 		bl	RCC_AHB1PeriphClockCmd
 129              	.LVL8:
  24:./Hardware/oled.c **** 	
  25:./Hardware/oled.c ****     GPIO_InitTypeDef GPIO_InitStructure;
 130              		.loc 1 25 5 view .LVU14
  26:./Hardware/oled.c ****     
  27:./Hardware/oled.c ****     GPIO_InitStructure.GPIO_Mode = GPIO_Mode_OUT;
 131              		.loc 1 27 5 view .LVU15
 132              		.loc 1 27 34 is_stmt 0 view .LVU16
 133 000c 0124     		movs	r4, #1
 134 000e 8DF80440 		strb	r4, [sp, #4]
  28:./Hardware/oled.c ****     GPIO_InitStructure.GPIO_Speed = GPIO_High_Speed;
 135              		.loc 1 28 5 is_stmt 1 view .LVU17
 136              		.loc 1 28 35 is_stmt 0 view .LVU18
 137 0012 0323     		movs	r3, #3
 138 0014 8DF80530 		strb	r3, [sp, #5]
  29:./Hardware/oled.c ****     GPIO_InitStructure.GPIO_OType = GPIO_OType_OD;   // 开漏输出
 139              		.loc 1 29 5 is_stmt 1 view .LVU19
 140              		.loc 1 29 35 is_stmt 0 view .LVU20
 141 0018 8DF80640 		strb	r4, [sp, #6]
  30:./Hardware/oled.c ****     GPIO_InitStructure.GPIO_PuPd = GPIO_PuPd_NOPULL; // 无上拉/下拉
 142              		.loc 1 30 5 is_stmt 1 view .LVU21
 143              		.loc 1 30 34 is_stmt 0 view .LVU22
 144 001c 0023     		movs	r3, #0
 145 001e 8DF80730 		strb	r3, [sp, #7]
  31:./Hardware/oled.c ****     GPIO_InitStructure.GPIO_Pin = GPIO_Pin_8;
ARM GAS  /tmp/ccmMjNXW.s 			page 4


 146              		.loc 1 31 5 is_stmt 1 view .LVU23
 147              		.loc 1 31 33 is_stmt 0 view .LVU24
 148 0022 4FF48073 		mov	r3, #256
 149 0026 0093     		str	r3, [sp]
  32:./Hardware/oled.c ****     GPIO_Init(GPIOB, &GPIO_InitStructure);
 150              		.loc 1 32 5 is_stmt 1 view .LVU25
 151 0028 094D     		ldr	r5, .L11
 152 002a 6946     		mov	r1, sp
 153 002c 2846     		mov	r0, r5
 154 002e FFF7FEFF 		bl	GPIO_Init
 155              	.LVL9:
  33:./Hardware/oled.c ****     
  34:./Hardware/oled.c ****     GPIO_InitStructure.GPIO_Pin = GPIO_Pin_9;
 156              		.loc 1 34 5 view .LVU26
 157              		.loc 1 34 33 is_stmt 0 view .LVU27
 158 0032 4FF40073 		mov	r3, #512
 159 0036 0093     		str	r3, [sp]
  35:./Hardware/oled.c ****     GPIO_Init(GPIOB, &GPIO_InitStructure);
 160              		.loc 1 35 5 is_stmt 1 view .LVU28
 161 0038 6946     		mov	r1, sp
 162 003a 2846     		mov	r0, r5
 163 003c FFF7FEFF 		bl	GPIO_Init
 164              	.LVL10:
  36:./Hardware/oled.c ****     
  37:./Hardware/oled.c ****     OLED_W_SCL(1);
 165              		.loc 1 37 5 view .LVU29
 166 0040 2046     		mov	r0, r4
 167 0042 FFF7FEFF 		bl	OLED_W_SCL
 168              	.LVL11:
  38:./Hardware/oled.c ****     OLED_W_SDA(1);
 169              		.loc 1 38 5 view .LVU30
 170 0046 2046     		mov	r0, r4
 171 0048 FFF7FEFF 		bl	OLED_W_SDA
 172              	.LVL12:
  39:./Hardware/oled.c **** }
 173              		.loc 1 39 1 is_stmt 0 view .LVU31
 174 004c 02B0     		add	sp, sp, #8
 175              	.LCFI4:
 176              		.cfi_def_cfa_offset 16
 177              		@ sp needed
 178 004e 70BD     		pop	{r4, r5, r6, pc}
 179              	.L12:
 180              		.align	2
 181              	.L11:
 182 0050 00040240 		.word	1073873920
 183              		.cfi_endproc
 184              	.LFE125:
 186              		.section	.text.OLED_I2C_Start,"ax",%progbits
 187              		.align	1
 188              		.global	OLED_I2C_Start
 189              		.syntax unified
 190              		.thumb
 191              		.thumb_func
 193              	OLED_I2C_Start:
 194              	.LFB126:
  40:./Hardware/oled.c **** 
  41:./Hardware/oled.c **** /**
ARM GAS  /tmp/ccmMjNXW.s 			page 5


  42:./Hardware/oled.c ****   * @brief  I2C开始
  43:./Hardware/oled.c ****   * @param  无
  44:./Hardware/oled.c ****   * @retval 无
  45:./Hardware/oled.c ****   */
  46:./Hardware/oled.c **** void OLED_I2C_Start(void)
  47:./Hardware/oled.c **** {
 195              		.loc 1 47 1 is_stmt 1 view -0
 196              		.cfi_startproc
 197              		@ args = 0, pretend = 0, frame = 0
 198              		@ frame_needed = 0, uses_anonymous_args = 0
 199 0000 08B5     		push	{r3, lr}
 200              	.LCFI5:
 201              		.cfi_def_cfa_offset 8
 202              		.cfi_offset 3, -8
 203              		.cfi_offset 14, -4
  48:./Hardware/oled.c ****     OLED_W_SDA(1);
 204              		.loc 1 48 5 view .LVU33
 205 0002 0120     		movs	r0, #1
 206 0004 FFF7FEFF 		bl	OLED_W_SDA
 207              	.LVL13:
  49:./Hardware/oled.c ****     OLED_W_SCL(1);
 208              		.loc 1 49 5 view .LVU34
 209 0008 0120     		movs	r0, #1
 210 000a FFF7FEFF 		bl	OLED_W_SCL
 211              	.LVL14:
  50:./Hardware/oled.c ****     OLED_W_SDA(0);
 212              		.loc 1 50 5 view .LVU35
 213 000e 0020     		movs	r0, #0
 214 0010 FFF7FEFF 		bl	OLED_W_SDA
 215              	.LVL15:
  51:./Hardware/oled.c ****     OLED_W_SCL(0);
 216              		.loc 1 51 5 view .LVU36
 217 0014 0020     		movs	r0, #0
 218 0016 FFF7FEFF 		bl	OLED_W_SCL
 219              	.LVL16:
  52:./Hardware/oled.c **** }
 220              		.loc 1 52 1 is_stmt 0 view .LVU37
 221 001a 08BD     		pop	{r3, pc}
 222              		.cfi_endproc
 223              	.LFE126:
 225              		.section	.text.OLED_I2C_Stop,"ax",%progbits
 226              		.align	1
 227              		.global	OLED_I2C_Stop
 228              		.syntax unified
 229              		.thumb
 230              		.thumb_func
 232              	OLED_I2C_Stop:
 233              	.LFB127:
  53:./Hardware/oled.c **** 
  54:./Hardware/oled.c **** /**
  55:./Hardware/oled.c ****   * @brief  I2C停止
  56:./Hardware/oled.c ****   * @param  无
  57:./Hardware/oled.c ****   * @retval 无
  58:./Hardware/oled.c ****   */
  59:./Hardware/oled.c **** void OLED_I2C_Stop(void)
  60:./Hardware/oled.c **** {
 234              		.loc 1 60 1 is_stmt 1 view -0
ARM GAS  /tmp/ccmMjNXW.s 			page 6


 235              		.cfi_startproc
 236              		@ args = 0, pretend = 0, frame = 0
 237              		@ frame_needed = 0, uses_anonymous_args = 0
 238 0000 08B5     		push	{r3, lr}
 239              	.LCFI6:
 240              		.cfi_def_cfa_offset 8
 241              		.cfi_offset 3, -8
 242              		.cfi_offset 14, -4
  61:./Hardware/oled.c ****     OLED_W_SDA(0);
 243              		.loc 1 61 5 view .LVU39
 244 0002 0020     		movs	r0, #0
 245 0004 FFF7FEFF 		bl	OLED_W_SDA
 246              	.LVL17:
  62:./Hardware/oled.c ****     OLED_W_SCL(1);
 247              		.loc 1 62 5 view .LVU40
 248 0008 0120     		movs	r0, #1
 249 000a FFF7FEFF 		bl	OLED_W_SCL
 250              	.LVL18:
  63:./Hardware/oled.c ****     OLED_W_SDA(1);
 251              		.loc 1 63 5 view .LVU41
 252 000e 0120     		movs	r0, #1
 253 0010 FFF7FEFF 		bl	OLED_W_SDA
 254              	.LVL19:
  64:./Hardware/oled.c **** }
 255              		.loc 1 64 1 is_stmt 0 view .LVU42
 256 0014 08BD     		pop	{r3, pc}
 257              		.cfi_endproc
 258              	.LFE127:
 260              		.section	.text.OLED_I2C_SendByte,"ax",%progbits
 261              		.align	1
 262              		.global	OLED_I2C_SendByte
 263              		.syntax unified
 264              		.thumb
 265              		.thumb_func
 267              	OLED_I2C_SendByte:
 268              	.LVL20:
 269              	.LFB128:
  65:./Hardware/oled.c **** 
  66:./Hardware/oled.c **** /**
  67:./Hardware/oled.c ****   * @brief  I2C发送一个字节
  68:./Hardware/oled.c ****   * @param  Byte 要发送的一个字节
  69:./Hardware/oled.c ****   * @retval 无
  70:./Hardware/oled.c ****   */
  71:./Hardware/oled.c **** void OLED_I2C_SendByte(uint8_t Byte)
  72:./Hardware/oled.c **** {
 270              		.loc 1 72 1 is_stmt 1 view -0
 271              		.cfi_startproc
 272              		@ args = 0, pretend = 0, frame = 0
 273              		@ frame_needed = 0, uses_anonymous_args = 0
 274              		.loc 1 72 1 is_stmt 0 view .LVU44
 275 0000 38B5     		push	{r3, r4, r5, lr}
 276              	.LCFI7:
 277              		.cfi_def_cfa_offset 16
 278              		.cfi_offset 3, -16
 279              		.cfi_offset 4, -12
 280              		.cfi_offset 5, -8
 281              		.cfi_offset 14, -4
ARM GAS  /tmp/ccmMjNXW.s 			page 7


 282 0002 0546     		mov	r5, r0
  73:./Hardware/oled.c ****     uint8_t i;
 283              		.loc 1 73 5 is_stmt 1 view .LVU45
  74:./Hardware/oled.c ****     for (i = 0; i < 8; i++)
 284              		.loc 1 74 5 view .LVU46
 285              	.LVL21:
 286              		.loc 1 74 12 is_stmt 0 view .LVU47
 287 0004 0024     		movs	r4, #0
 288              		.loc 1 74 5 view .LVU48
 289 0006 0CE0     		b	.L18
 290              	.LVL22:
 291              	.L19:
  75:./Hardware/oled.c ****     {
  76:./Hardware/oled.c ****         OLED_W_SDA(Byte & (0x80 >> i));
 292              		.loc 1 76 9 is_stmt 1 view .LVU49
 293              		.loc 1 76 33 is_stmt 0 view .LVU50
 294 0008 8020     		movs	r0, #128
 295 000a 2041     		asrs	r0, r0, r4
 296              		.loc 1 76 9 view .LVU51
 297 000c 2840     		ands	r0, r0, r5
 298 000e FFF7FEFF 		bl	OLED_W_SDA
 299              	.LVL23:
  77:./Hardware/oled.c ****         OLED_W_SCL(1);
 300              		.loc 1 77 9 is_stmt 1 view .LVU52
 301 0012 0120     		movs	r0, #1
 302 0014 FFF7FEFF 		bl	OLED_W_SCL
 303              	.LVL24:
  78:./Hardware/oled.c ****         OLED_W_SCL(0);
 304              		.loc 1 78 9 view .LVU53
 305 0018 0020     		movs	r0, #0
 306 001a FFF7FEFF 		bl	OLED_W_SCL
 307              	.LVL25:
  74:./Hardware/oled.c ****     {
 308              		.loc 1 74 25 discriminator 3 view .LVU54
 309 001e 0134     		adds	r4, r4, #1
 310              	.LVL26:
  74:./Hardware/oled.c ****     {
 311              		.loc 1 74 25 is_stmt 0 discriminator 3 view .LVU55
 312 0020 E4B2     		uxtb	r4, r4
 313              	.LVL27:
 314              	.L18:
  74:./Hardware/oled.c ****     {
 315              		.loc 1 74 19 is_stmt 1 discriminator 1 view .LVU56
 316 0022 072C     		cmp	r4, #7
 317 0024 F0D9     		bls	.L19
  79:./Hardware/oled.c ****     }
  80:./Hardware/oled.c ****     OLED_W_SCL(1);    //额外的一个时钟，不处理应答信号
 318              		.loc 1 80 5 view .LVU57
 319 0026 0120     		movs	r0, #1
 320 0028 FFF7FEFF 		bl	OLED_W_SCL
 321              	.LVL28:
  81:./Hardware/oled.c ****     OLED_W_SCL(0);
 322              		.loc 1 81 5 view .LVU58
 323 002c 0020     		movs	r0, #0
 324 002e FFF7FEFF 		bl	OLED_W_SCL
 325              	.LVL29:
  82:./Hardware/oled.c **** }
ARM GAS  /tmp/ccmMjNXW.s 			page 8


 326              		.loc 1 82 1 is_stmt 0 view .LVU59
 327 0032 38BD     		pop	{r3, r4, r5, pc}
 328              		.loc 1 82 1 view .LVU60
 329              		.cfi_endproc
 330              	.LFE128:
 332              		.section	.text.OLED_WriteCommand,"ax",%progbits
 333              		.align	1
 334              		.global	OLED_WriteCommand
 335              		.syntax unified
 336              		.thumb
 337              		.thumb_func
 339              	OLED_WriteCommand:
 340              	.LVL30:
 341              	.LFB129:
  83:./Hardware/oled.c **** 
  84:./Hardware/oled.c **** /**
  85:./Hardware/oled.c ****   * @brief  OLED写命令
  86:./Hardware/oled.c ****   * @param  Command 要写入的命令
  87:./Hardware/oled.c ****   * @retval 无
  88:./Hardware/oled.c ****   */
  89:./Hardware/oled.c **** void OLED_WriteCommand(uint8_t Command)
  90:./Hardware/oled.c **** {
 342              		.loc 1 90 1 is_stmt 1 view -0
 343              		.cfi_startproc
 344              		@ args = 0, pretend = 0, frame = 0
 345              		@ frame_needed = 0, uses_anonymous_args = 0
 346              		.loc 1 90 1 is_stmt 0 view .LVU62
 347 0000 10B5     		push	{r4, lr}
 348              	.LCFI8:
 349              		.cfi_def_cfa_offset 8
 350              		.cfi_offset 4, -8
 351              		.cfi_offset 14, -4
 352 0002 0446     		mov	r4, r0
  91:./Hardware/oled.c ****     OLED_I2C_Start();
 353              		.loc 1 91 5 is_stmt 1 view .LVU63
 354 0004 FFF7FEFF 		bl	OLED_I2C_Start
 355              	.LVL31:
  92:./Hardware/oled.c ****     OLED_I2C_SendByte(0x78);        //从机地址
 356              		.loc 1 92 5 view .LVU64
 357 0008 7820     		movs	r0, #120
 358 000a FFF7FEFF 		bl	OLED_I2C_SendByte
 359              	.LVL32:
  93:./Hardware/oled.c ****     OLED_I2C_SendByte(0x00);        //写命令
 360              		.loc 1 93 5 view .LVU65
 361 000e 0020     		movs	r0, #0
 362 0010 FFF7FEFF 		bl	OLED_I2C_SendByte
 363              	.LVL33:
  94:./Hardware/oled.c ****     OLED_I2C_SendByte(Command); 
 364              		.loc 1 94 5 view .LVU66
 365 0014 2046     		mov	r0, r4
 366 0016 FFF7FEFF 		bl	OLED_I2C_SendByte
 367              	.LVL34:
  95:./Hardware/oled.c ****     OLED_I2C_Stop();
 368              		.loc 1 95 5 view .LVU67
 369 001a FFF7FEFF 		bl	OLED_I2C_Stop
 370              	.LVL35:
  96:./Hardware/oled.c **** }
ARM GAS  /tmp/ccmMjNXW.s 			page 9


 371              		.loc 1 96 1 is_stmt 0 view .LVU68
 372 001e 10BD     		pop	{r4, pc}
 373              		.loc 1 96 1 view .LVU69
 374              		.cfi_endproc
 375              	.LFE129:
 377              		.section	.text.OLED_WriteData,"ax",%progbits
 378              		.align	1
 379              		.global	OLED_WriteData
 380              		.syntax unified
 381              		.thumb
 382              		.thumb_func
 384              	OLED_WriteData:
 385              	.LVL36:
 386              	.LFB130:
  97:./Hardware/oled.c **** 
  98:./Hardware/oled.c **** /**
  99:./Hardware/oled.c ****   * @brief  OLED写数据
 100:./Hardware/oled.c ****   * @param  Data 要写入的数据
 101:./Hardware/oled.c ****   * @retval 无
 102:./Hardware/oled.c ****   */
 103:./Hardware/oled.c **** void OLED_WriteData(uint8_t Data)
 104:./Hardware/oled.c **** {
 387              		.loc 1 104 1 is_stmt 1 view -0
 388              		.cfi_startproc
 389              		@ args = 0, pretend = 0, frame = 0
 390              		@ frame_needed = 0, uses_anonymous_args = 0
 391              		.loc 1 104 1 is_stmt 0 view .LVU71
 392 0000 10B5     		push	{r4, lr}
 393              	.LCFI9:
 394              		.cfi_def_cfa_offset 8
 395              		.cfi_offset 4, -8
 396              		.cfi_offset 14, -4
 397 0002 0446     		mov	r4, r0
 105:./Hardware/oled.c ****     OLED_I2C_Start();
 398              		.loc 1 105 5 is_stmt 1 view .LVU72
 399 0004 FFF7FEFF 		bl	OLED_I2C_Start
 400              	.LVL37:
 106:./Hardware/oled.c ****     OLED_I2C_SendByte(0x78);        //从机地址
 401              		.loc 1 106 5 view .LVU73
 402 0008 7820     		movs	r0, #120
 403 000a FFF7FEFF 		bl	OLED_I2C_SendByte
 404              	.LVL38:
 107:./Hardware/oled.c ****     OLED_I2C_SendByte(0x40);        //写数据
 405              		.loc 1 107 5 view .LVU74
 406 000e 4020     		movs	r0, #64
 407 0010 FFF7FEFF 		bl	OLED_I2C_SendByte
 408              	.LVL39:
 108:./Hardware/oled.c ****     OLED_I2C_SendByte(Data);
 409              		.loc 1 108 5 view .LVU75
 410 0014 2046     		mov	r0, r4
 411 0016 FFF7FEFF 		bl	OLED_I2C_SendByte
 412              	.LVL40:
 109:./Hardware/oled.c ****     OLED_I2C_Stop();
 413              		.loc 1 109 5 view .LVU76
 414 001a FFF7FEFF 		bl	OLED_I2C_Stop
 415              	.LVL41:
 110:./Hardware/oled.c **** }
ARM GAS  /tmp/ccmMjNXW.s 			page 10


 416              		.loc 1 110 1 is_stmt 0 view .LVU77
 417 001e 10BD     		pop	{r4, pc}
 418              		.loc 1 110 1 view .LVU78
 419              		.cfi_endproc
 420              	.LFE130:
 422              		.section	.text.OLED_SetCursor,"ax",%progbits
 423              		.align	1
 424              		.global	OLED_SetCursor
 425              		.syntax unified
 426              		.thumb
 427              		.thumb_func
 429              	OLED_SetCursor:
 430              	.LVL42:
 431              	.LFB131:
 111:./Hardware/oled.c **** 
 112:./Hardware/oled.c **** /**
 113:./Hardware/oled.c ****   * @brief  OLED设置光标位置
 114:./Hardware/oled.c ****   * @param  Y 以左上角为原点，向下方向的坐标，范围：0~7
 115:./Hardware/oled.c ****   * @param  X 以左上角为原点，向右方向的坐标，范围：0~127
 116:./Hardware/oled.c ****   * @retval 无
 117:./Hardware/oled.c ****   */
 118:./Hardware/oled.c **** void OLED_SetCursor(uint8_t Y, uint8_t X)
 119:./Hardware/oled.c **** {
 432              		.loc 1 119 1 is_stmt 1 view -0
 433              		.cfi_startproc
 434              		@ args = 0, pretend = 0, frame = 0
 435              		@ frame_needed = 0, uses_anonymous_args = 0
 436              		.loc 1 119 1 is_stmt 0 view .LVU80
 437 0000 10B5     		push	{r4, lr}
 438              	.LCFI10:
 439              		.cfi_def_cfa_offset 8
 440              		.cfi_offset 4, -8
 441              		.cfi_offset 14, -4
 442 0002 0C46     		mov	r4, r1
 120:./Hardware/oled.c ****     OLED_WriteCommand(0xB0 | Y);                    //设置Y位置
 443              		.loc 1 120 5 is_stmt 1 view .LVU81
 444 0004 40F0B000 		orr	r0, r0, #176
 445              	.LVL43:
 446              		.loc 1 120 5 is_stmt 0 view .LVU82
 447 0008 FFF7FEFF 		bl	OLED_WriteCommand
 448              	.LVL44:
 121:./Hardware/oled.c ****     OLED_WriteCommand(0x10 | ((X & 0xF0) >> 4));    //设置X位置高4位
 449              		.loc 1 121 5 is_stmt 1 view .LVU83
 450              		.loc 1 121 42 is_stmt 0 view .LVU84
 451 000c 2009     		lsrs	r0, r4, #4
 452              		.loc 1 121 5 view .LVU85
 453 000e 40F01000 		orr	r0, r0, #16
 454 0012 FFF7FEFF 		bl	OLED_WriteCommand
 455              	.LVL45:
 122:./Hardware/oled.c ****     OLED_WriteCommand(0x00 | (X & 0x0F));           //设置X位置低4位
 456              		.loc 1 122 5 is_stmt 1 view .LVU86
 457 0016 04F00F00 		and	r0, r4, #15
 458 001a FFF7FEFF 		bl	OLED_WriteCommand
 459              	.LVL46:
 123:./Hardware/oled.c **** }
 460              		.loc 1 123 1 is_stmt 0 view .LVU87
 461 001e 10BD     		pop	{r4, pc}
ARM GAS  /tmp/ccmMjNXW.s 			page 11


 462              		.loc 1 123 1 view .LVU88
 463              		.cfi_endproc
 464              	.LFE131:
 466              		.section	.text.OLED_Clear,"ax",%progbits
 467              		.align	1
 468              		.global	OLED_Clear
 469              		.syntax unified
 470              		.thumb
 471              		.thumb_func
 473              	OLED_Clear:
 474              	.LFB132:
 124:./Hardware/oled.c **** 
 125:./Hardware/oled.c **** /**
 126:./Hardware/oled.c ****   * @brief  OLED清屏
 127:./Hardware/oled.c ****   * @param  无
 128:./Hardware/oled.c ****   * @retval 无
 129:./Hardware/oled.c ****   */
 130:./Hardware/oled.c **** void OLED_Clear(void)
 131:./Hardware/oled.c **** {
 475              		.loc 1 131 1 is_stmt 1 view -0
 476              		.cfi_startproc
 477              		@ args = 0, pretend = 0, frame = 0
 478              		@ frame_needed = 0, uses_anonymous_args = 0
 479 0000 38B5     		push	{r3, r4, r5, lr}
 480              	.LCFI11:
 481              		.cfi_def_cfa_offset 16
 482              		.cfi_offset 3, -16
 483              		.cfi_offset 4, -12
 484              		.cfi_offset 5, -8
 485              		.cfi_offset 14, -4
 132:./Hardware/oled.c ****     uint8_t i, j;
 486              		.loc 1 132 5 view .LVU90
 133:./Hardware/oled.c ****     for (j = 0; j < 8; j++)
 487              		.loc 1 133 5 view .LVU91
 488              	.LVL47:
 489              		.loc 1 133 12 is_stmt 0 view .LVU92
 490 0002 0025     		movs	r5, #0
 491              		.loc 1 133 5 view .LVU93
 492 0004 01E0     		b	.L28
 493              	.LVL48:
 494              	.L34:
 495              		.loc 1 133 25 is_stmt 1 discriminator 2 view .LVU94
 496 0006 0135     		adds	r5, r5, #1
 497              	.LVL49:
 498              		.loc 1 133 25 is_stmt 0 discriminator 2 view .LVU95
 499 0008 EDB2     		uxtb	r5, r5
 500              	.LVL50:
 501              	.L28:
 502              		.loc 1 133 19 is_stmt 1 discriminator 1 view .LVU96
 503 000a 072D     		cmp	r5, #7
 504 000c 0DD8     		bhi	.L33
 134:./Hardware/oled.c ****     {
 135:./Hardware/oled.c ****         OLED_SetCursor(j, 0);
 505              		.loc 1 135 9 view .LVU97
 506 000e 0021     		movs	r1, #0
 507 0010 2846     		mov	r0, r5
 508 0012 FFF7FEFF 		bl	OLED_SetCursor
ARM GAS  /tmp/ccmMjNXW.s 			page 12


 509              	.LVL51:
 136:./Hardware/oled.c ****         for(i = 0; i < 128; i++)
 510              		.loc 1 136 9 view .LVU98
 511              		.loc 1 136 15 is_stmt 0 view .LVU99
 512 0016 0024     		movs	r4, #0
 513              	.LVL52:
 514              	.L29:
 515              		.loc 1 136 22 is_stmt 1 discriminator 1 view .LVU100
 516 0018 14F0800F 		tst	r4, #128
 517 001c F3D1     		bne	.L34
 137:./Hardware/oled.c ****         {
 138:./Hardware/oled.c ****             OLED_WriteData(0x00);
 518              		.loc 1 138 13 view .LVU101
 519 001e 0020     		movs	r0, #0
 520 0020 FFF7FEFF 		bl	OLED_WriteData
 521              	.LVL53:
 136:./Hardware/oled.c ****         for(i = 0; i < 128; i++)
 522              		.loc 1 136 30 discriminator 3 view .LVU102
 523 0024 0134     		adds	r4, r4, #1
 524              	.LVL54:
 136:./Hardware/oled.c ****         for(i = 0; i < 128; i++)
 525              		.loc 1 136 30 is_stmt 0 discriminator 3 view .LVU103
 526 0026 E4B2     		uxtb	r4, r4
 527              	.LVL55:
 136:./Hardware/oled.c ****         for(i = 0; i < 128; i++)
 528              		.loc 1 136 30 discriminator 3 view .LVU104
 529 0028 F6E7     		b	.L29
 530              	.LVL56:
 531              	.L33:
 139:./Hardware/oled.c ****         }
 140:./Hardware/oled.c ****     }
 141:./Hardware/oled.c **** }
 532              		.loc 1 141 1 view .LVU105
 533 002a 38BD     		pop	{r3, r4, r5, pc}
 534              		.loc 1 141 1 view .LVU106
 535              		.cfi_endproc
 536              	.LFE132:
 538              		.section	.text.OLED_ShowChar,"ax",%progbits
 539              		.align	1
 540              		.global	OLED_ShowChar
 541              		.syntax unified
 542              		.thumb
 543              		.thumb_func
 545              	OLED_ShowChar:
 546              	.LVL57:
 547              	.LFB133:
 142:./Hardware/oled.c **** 
 143:./Hardware/oled.c **** /**
 144:./Hardware/oled.c ****   * @brief  OLED显示一个字符
 145:./Hardware/oled.c ****   * @param  Line 行位置，范围：1~4
 146:./Hardware/oled.c ****   * @param  Column 列位置，范围：1~16
 147:./Hardware/oled.c ****   * @param  Char 要显示的一个字符，范围：ASCII可见字符
 148:./Hardware/oled.c ****   * @retval 无
 149:./Hardware/oled.c ****   */
 150:./Hardware/oled.c **** void OLED_ShowChar(uint8_t Line, uint8_t Column, char Char)
 151:./Hardware/oled.c **** {          
 548              		.loc 1 151 1 is_stmt 1 view -0
ARM GAS  /tmp/ccmMjNXW.s 			page 13


 549              		.cfi_startproc
 550              		@ args = 0, pretend = 0, frame = 0
 551              		@ frame_needed = 0, uses_anonymous_args = 0
 552              		.loc 1 151 1 is_stmt 0 view .LVU108
 553 0000 F8B5     		push	{r3, r4, r5, r6, r7, lr}
 554              	.LCFI12:
 555              		.cfi_def_cfa_offset 24
 556              		.cfi_offset 3, -24
 557              		.cfi_offset 4, -20
 558              		.cfi_offset 5, -16
 559              		.cfi_offset 6, -12
 560              		.cfi_offset 7, -8
 561              		.cfi_offset 14, -4
 562 0002 0646     		mov	r6, r0
 563 0004 1546     		mov	r5, r2
 152:./Hardware/oled.c ****     uint8_t i;
 564              		.loc 1 152 5 is_stmt 1 view .LVU109
 153:./Hardware/oled.c ****     OLED_SetCursor((Line - 1) * 2, (Column - 1) * 8);        //设置光标位置在上半部分
 565              		.loc 1 153 5 view .LVU110
 566 0006 4F1E     		subs	r7, r1, #1
 567 0008 FF00     		lsls	r7, r7, #3
 568 000a FFB2     		uxtb	r7, r7
 569 000c 0138     		subs	r0, r0, #1
 570              	.LVL58:
 571              		.loc 1 153 5 is_stmt 0 view .LVU111
 572 000e 4000     		lsls	r0, r0, #1
 573 0010 3946     		mov	r1, r7
 574              	.LVL59:
 575              		.loc 1 153 5 view .LVU112
 576 0012 00F0FE00 		and	r0, r0, #254
 577 0016 FFF7FEFF 		bl	OLED_SetCursor
 578              	.LVL60:
 154:./Hardware/oled.c ****     for (i = 0; i < 8; i++)
 579              		.loc 1 154 5 is_stmt 1 view .LVU113
 580              		.loc 1 154 12 is_stmt 0 view .LVU114
 581 001a 0024     		movs	r4, #0
 582              		.loc 1 154 5 view .LVU115
 583 001c 09E0     		b	.L36
 584              	.LVL61:
 585              	.L37:
 155:./Hardware/oled.c ****     {
 156:./Hardware/oled.c ****         OLED_WriteData(OLED_F8x16[Char - ' '][i]);            //显示上半部分内容
 586              		.loc 1 156 9 is_stmt 1 view .LVU116
 587              		.loc 1 156 40 is_stmt 0 view .LVU117
 588 001e A5F12002 		sub	r2, r5, #32
 589              		.loc 1 156 46 view .LVU118
 590 0022 114B     		ldr	r3, .L41
 591 0024 03EB0213 		add	r3, r3, r2, lsl #4
 592              		.loc 1 156 9 view .LVU119
 593 0028 185D     		ldrb	r0, [r3, r4]	@ zero_extendqisi2
 594 002a FFF7FEFF 		bl	OLED_WriteData
 595              	.LVL62:
 154:./Hardware/oled.c ****     for (i = 0; i < 8; i++)
 596              		.loc 1 154 25 is_stmt 1 discriminator 3 view .LVU120
 597 002e 0134     		adds	r4, r4, #1
 598              	.LVL63:
 154:./Hardware/oled.c ****     for (i = 0; i < 8; i++)
ARM GAS  /tmp/ccmMjNXW.s 			page 14


 599              		.loc 1 154 25 is_stmt 0 discriminator 3 view .LVU121
 600 0030 E4B2     		uxtb	r4, r4
 601              	.LVL64:
 602              	.L36:
 154:./Hardware/oled.c ****     for (i = 0; i < 8; i++)
 603              		.loc 1 154 19 is_stmt 1 discriminator 1 view .LVU122
 604 0032 072C     		cmp	r4, #7
 605 0034 F3D9     		bls	.L37
 157:./Hardware/oled.c ****     }
 158:./Hardware/oled.c ****     OLED_SetCursor((Line - 1) * 2 + 1, (Column - 1) * 8);    //设置光标位置在下半部分
 606              		.loc 1 158 5 view .LVU123
 607              		.loc 1 158 35 is_stmt 0 view .LVU124
 608 0036 7000     		lsls	r0, r6, #1
 609 0038 C0B2     		uxtb	r0, r0
 610              		.loc 1 158 5 view .LVU125
 611 003a 0138     		subs	r0, r0, #1
 612 003c 3946     		mov	r1, r7
 613 003e C0B2     		uxtb	r0, r0
 614 0040 FFF7FEFF 		bl	OLED_SetCursor
 615              	.LVL65:
 159:./Hardware/oled.c ****     for (i = 0; i < 8; i++)
 616              		.loc 1 159 5 is_stmt 1 view .LVU126
 617              		.loc 1 159 12 is_stmt 0 view .LVU127
 618 0044 0024     		movs	r4, #0
 619              		.loc 1 159 5 view .LVU128
 620 0046 0BE0     		b	.L38
 621              	.LVL66:
 622              	.L39:
 160:./Hardware/oled.c ****     {
 161:./Hardware/oled.c ****         OLED_WriteData(OLED_F8x16[Char - ' '][i + 8]);        //显示下半部分内容
 623              		.loc 1 161 9 is_stmt 1 view .LVU129
 624              		.loc 1 161 40 is_stmt 0 view .LVU130
 625 0048 A5F12001 		sub	r1, r5, #32
 626              		.loc 1 161 49 view .LVU131
 627 004c 04F10802 		add	r2, r4, #8
 628              		.loc 1 161 46 view .LVU132
 629 0050 054B     		ldr	r3, .L41
 630 0052 03EB0113 		add	r3, r3, r1, lsl #4
 631              		.loc 1 161 9 view .LVU133
 632 0056 985C     		ldrb	r0, [r3, r2]	@ zero_extendqisi2
 633 0058 FFF7FEFF 		bl	OLED_WriteData
 634              	.LVL67:
 159:./Hardware/oled.c ****     for (i = 0; i < 8; i++)
 635              		.loc 1 159 25 is_stmt 1 discriminator 3 view .LVU134
 636 005c 0134     		adds	r4, r4, #1
 637              	.LVL68:
 159:./Hardware/oled.c ****     for (i = 0; i < 8; i++)
 638              		.loc 1 159 25 is_stmt 0 discriminator 3 view .LVU135
 639 005e E4B2     		uxtb	r4, r4
 640              	.LVL69:
 641              	.L38:
 159:./Hardware/oled.c ****     for (i = 0; i < 8; i++)
 642              		.loc 1 159 19 is_stmt 1 discriminator 1 view .LVU136
 643 0060 072C     		cmp	r4, #7
 644 0062 F1D9     		bls	.L39
 162:./Hardware/oled.c ****     }
 163:./Hardware/oled.c **** }
ARM GAS  /tmp/ccmMjNXW.s 			page 15


 645              		.loc 1 163 1 is_stmt 0 view .LVU137
 646 0064 F8BD     		pop	{r3, r4, r5, r6, r7, pc}
 647              	.LVL70:
 648              	.L42:
 649              		.loc 1 163 1 view .LVU138
 650 0066 00BF     		.align	2
 651              	.L41:
 652 0068 00000000 		.word	OLED_F8x16
 653              		.cfi_endproc
 654              	.LFE133:
 656              		.section	.text.OLED_ShowString,"ax",%progbits
 657              		.align	1
 658              		.global	OLED_ShowString
 659              		.syntax unified
 660              		.thumb
 661              		.thumb_func
 663              	OLED_ShowString:
 664              	.LVL71:
 665              	.LFB134:
 164:./Hardware/oled.c **** 
 165:./Hardware/oled.c **** /**
 166:./Hardware/oled.c ****   * @brief  OLED显示字符串
 167:./Hardware/oled.c ****   * @param  Line 起始行位置，范围：1~4
 168:./Hardware/oled.c ****   * @param  Column 起始列位置，范围：1~16
 169:./Hardware/oled.c ****   * @param  String 要显示的字符串，范围：ASCII可见字符
 170:./Hardware/oled.c ****   * @retval 无
 171:./Hardware/oled.c ****   */
 172:./Hardware/oled.c **** void OLED_ShowString(uint8_t Line, uint8_t Column, char *String)
 173:./Hardware/oled.c **** {
 666              		.loc 1 173 1 is_stmt 1 view -0
 667              		.cfi_startproc
 668              		@ args = 0, pretend = 0, frame = 0
 669              		@ frame_needed = 0, uses_anonymous_args = 0
 670              		.loc 1 173 1 is_stmt 0 view .LVU140
 671 0000 F8B5     		push	{r3, r4, r5, r6, r7, lr}
 672              	.LCFI13:
 673              		.cfi_def_cfa_offset 24
 674              		.cfi_offset 3, -24
 675              		.cfi_offset 4, -20
 676              		.cfi_offset 5, -16
 677              		.cfi_offset 6, -12
 678              		.cfi_offset 7, -8
 679              		.cfi_offset 14, -4
 680 0002 0746     		mov	r7, r0
 681 0004 0E46     		mov	r6, r1
 682 0006 1546     		mov	r5, r2
 174:./Hardware/oled.c ****     uint8_t i;
 683              		.loc 1 174 5 is_stmt 1 view .LVU141
 175:./Hardware/oled.c ****     for (i = 0; String[i] != '\0'; i++)
 684              		.loc 1 175 5 view .LVU142
 685              	.LVL72:
 686              		.loc 1 175 12 is_stmt 0 view .LVU143
 687 0008 0024     		movs	r4, #0
 688              		.loc 1 175 5 view .LVU144
 689 000a 06E0     		b	.L44
 690              	.LVL73:
 691              	.L45:
ARM GAS  /tmp/ccmMjNXW.s 			page 16


 176:./Hardware/oled.c ****     {
 177:./Hardware/oled.c ****         OLED_ShowChar(Line, Column + i, String[i]);
 692              		.loc 1 177 9 is_stmt 1 view .LVU145
 693 000c A119     		adds	r1, r4, r6
 694 000e C9B2     		uxtb	r1, r1
 695 0010 3846     		mov	r0, r7
 696 0012 FFF7FEFF 		bl	OLED_ShowChar
 697              	.LVL74:
 175:./Hardware/oled.c ****     for (i = 0; String[i] != '\0'; i++)
 698              		.loc 1 175 37 discriminator 3 view .LVU146
 699 0016 0134     		adds	r4, r4, #1
 700              	.LVL75:
 175:./Hardware/oled.c ****     for (i = 0; String[i] != '\0'; i++)
 701              		.loc 1 175 37 is_stmt 0 discriminator 3 view .LVU147
 702 0018 E4B2     		uxtb	r4, r4
 703              	.LVL76:
 704              	.L44:
 175:./Hardware/oled.c ****     for (i = 0; String[i] != '\0'; i++)
 705              		.loc 1 175 27 is_stmt 1 discriminator 1 view .LVU148
 175:./Hardware/oled.c ****     for (i = 0; String[i] != '\0'; i++)
 706              		.loc 1 175 23 is_stmt 0 discriminator 1 view .LVU149
 707 001a 2A5D     		ldrb	r2, [r5, r4]	@ zero_extendqisi2
 175:./Hardware/oled.c ****     for (i = 0; String[i] != '\0'; i++)
 708              		.loc 1 175 27 discriminator 1 view .LVU150
 709 001c 002A     		cmp	r2, #0
 710 001e F5D1     		bne	.L45
 178:./Hardware/oled.c ****     }
 179:./Hardware/oled.c **** }
 711              		.loc 1 179 1 view .LVU151
 712 0020 F8BD     		pop	{r3, r4, r5, r6, r7, pc}
 713              		.loc 1 179 1 view .LVU152
 714              		.cfi_endproc
 715              	.LFE134:
 717              		.section	.text.OLED_Pow,"ax",%progbits
 718              		.align	1
 719              		.global	OLED_Pow
 720              		.syntax unified
 721              		.thumb
 722              		.thumb_func
 724              	OLED_Pow:
 725              	.LVL77:
 726              	.LFB135:
 180:./Hardware/oled.c **** 
 181:./Hardware/oled.c **** /**
 182:./Hardware/oled.c ****   * @brief  OLED次方函数
 183:./Hardware/oled.c ****   * @retval 返回值等于X的Y次方
 184:./Hardware/oled.c ****   */
 185:./Hardware/oled.c **** uint32_t OLED_Pow(uint32_t X, uint32_t Y)
 186:./Hardware/oled.c **** {
 727              		.loc 1 186 1 is_stmt 1 view -0
 728              		.cfi_startproc
 729              		@ args = 0, pretend = 0, frame = 0
 730              		@ frame_needed = 0, uses_anonymous_args = 0
 731              		@ link register save eliminated.
 732              		.loc 1 186 1 is_stmt 0 view .LVU154
 733 0000 0246     		mov	r2, r0
 187:./Hardware/oled.c ****     uint32_t Result = 1;
ARM GAS  /tmp/ccmMjNXW.s 			page 17


 734              		.loc 1 187 5 is_stmt 1 view .LVU155
 735              	.LVL78:
 188:./Hardware/oled.c ****     while (Y--)
 736              		.loc 1 188 5 view .LVU156
 187:./Hardware/oled.c ****     uint32_t Result = 1;
 737              		.loc 1 187 14 is_stmt 0 view .LVU157
 738 0002 0120     		movs	r0, #1
 739              	.LVL79:
 740              		.loc 1 188 11 view .LVU158
 741 0004 02E0     		b	.L48
 742              	.LVL80:
 743              	.L49:
 189:./Hardware/oled.c ****     {
 190:./Hardware/oled.c ****         Result *= X;
 744              		.loc 1 190 9 is_stmt 1 view .LVU159
 745              		.loc 1 190 16 is_stmt 0 view .LVU160
 746 0006 02FB00F0 		mul	r0, r2, r0
 747              	.LVL81:
 188:./Hardware/oled.c ****     while (Y--)
 748              		.loc 1 188 13 view .LVU161
 749 000a 1946     		mov	r1, r3
 750              	.LVL82:
 751              	.L48:
 188:./Hardware/oled.c ****     while (Y--)
 752              		.loc 1 188 12 is_stmt 1 view .LVU162
 188:./Hardware/oled.c ****     while (Y--)
 753              		.loc 1 188 13 is_stmt 0 view .LVU163
 754 000c 4B1E     		subs	r3, r1, #1
 755              	.LVL83:
 188:./Hardware/oled.c ****     while (Y--)
 756              		.loc 1 188 12 view .LVU164
 757 000e 0029     		cmp	r1, #0
 758 0010 F9D1     		bne	.L49
 191:./Hardware/oled.c ****     }
 192:./Hardware/oled.c ****     return Result;
 759              		.loc 1 192 5 is_stmt 1 view .LVU165
 193:./Hardware/oled.c **** }
 760              		.loc 1 193 1 is_stmt 0 view .LVU166
 761 0012 7047     		bx	lr
 762              		.cfi_endproc
 763              	.LFE135:
 765              		.section	.text.OLED_ShowNum,"ax",%progbits
 766              		.align	1
 767              		.global	OLED_ShowNum
 768              		.syntax unified
 769              		.thumb
 770              		.thumb_func
 772              	OLED_ShowNum:
 773              	.LVL84:
 774              	.LFB136:
 194:./Hardware/oled.c **** 
 195:./Hardware/oled.c **** /**
 196:./Hardware/oled.c ****   * @brief  OLED显示数字（十进制，正数）
 197:./Hardware/oled.c ****   * @param  Line 起始行位置，范围：1~4
 198:./Hardware/oled.c ****   * @param  Column 起始列位置，范围：1~16
 199:./Hardware/oled.c ****   * @param  Number 要显示的数字，范围：0~4294967295
 200:./Hardware/oled.c ****   * @param  Length 要显示数字的长度，范围：1~10
ARM GAS  /tmp/ccmMjNXW.s 			page 18


 201:./Hardware/oled.c ****   * @retval 无
 202:./Hardware/oled.c ****   */
 203:./Hardware/oled.c **** void OLED_ShowNum(uint8_t Line, uint8_t Column, uint32_t Number, uint8_t Length)
 204:./Hardware/oled.c **** {
 775              		.loc 1 204 1 is_stmt 1 view -0
 776              		.cfi_startproc
 777              		@ args = 0, pretend = 0, frame = 0
 778              		@ frame_needed = 0, uses_anonymous_args = 0
 779              		.loc 1 204 1 is_stmt 0 view .LVU168
 780 0000 2DE9F843 		push	{r3, r4, r5, r6, r7, r8, r9, lr}
 781              	.LCFI14:
 782              		.cfi_def_cfa_offset 32
 783              		.cfi_offset 3, -32
 784              		.cfi_offset 4, -28
 785              		.cfi_offset 5, -24
 786              		.cfi_offset 6, -20
 787              		.cfi_offset 7, -16
 788              		.cfi_offset 8, -12
 789              		.cfi_offset 9, -8
 790              		.cfi_offset 14, -4
 791 0004 8146     		mov	r9, r0
 792 0006 8846     		mov	r8, r1
 793 0008 1746     		mov	r7, r2
 794 000a 1E46     		mov	r6, r3
 205:./Hardware/oled.c ****     uint8_t i;
 795              		.loc 1 205 5 is_stmt 1 view .LVU169
 206:./Hardware/oled.c ****     for (i = 0; i < Length; i++)                            
 796              		.loc 1 206 5 view .LVU170
 797              	.LVL85:
 798              		.loc 1 206 12 is_stmt 0 view .LVU171
 799 000c 0024     		movs	r4, #0
 800              		.loc 1 206 5 view .LVU172
 801 000e 19E0     		b	.L51
 802              	.LVL86:
 803              	.L52:
 207:./Hardware/oled.c ****     {
 208:./Hardware/oled.c ****         OLED_ShowChar(Line, Column + i, Number / OLED_Pow(10, Length - i - 1) % 10 + '0');
 804              		.loc 1 208 9 is_stmt 1 view .LVU173
 805 0010 04EB0805 		add	r5, r4, r8
 806 0014 EDB2     		uxtb	r5, r5
 807              		.loc 1 208 70 is_stmt 0 view .LVU174
 808 0016 311B     		subs	r1, r6, r4
 809              		.loc 1 208 50 view .LVU175
 810 0018 0139     		subs	r1, r1, #1
 811 001a 0A20     		movs	r0, #10
 812 001c FFF7FEFF 		bl	OLED_Pow
 813              	.LVL87:
 814              		.loc 1 208 48 discriminator 1 view .LVU176
 815 0020 B7FBF0F0 		udiv	r0, r7, r0
 816              		.loc 1 208 79 discriminator 1 view .LVU177
 817 0024 094A     		ldr	r2, .L54
 818 0026 A2FB0032 		umull	r3, r2, r2, r0
 819 002a D208     		lsrs	r2, r2, #3
 820 002c 02EB8202 		add	r2, r2, r2, lsl #2
 821 0030 A0EB4202 		sub	r2, r0, r2, lsl #1
 822              		.loc 1 208 9 discriminator 1 view .LVU178
 823 0034 3032     		adds	r2, r2, #48
ARM GAS  /tmp/ccmMjNXW.s 			page 19


 824 0036 D2B2     		uxtb	r2, r2
 825 0038 2946     		mov	r1, r5
 826 003a 4846     		mov	r0, r9
 827 003c FFF7FEFF 		bl	OLED_ShowChar
 828              	.LVL88:
 206:./Hardware/oled.c ****     for (i = 0; i < Length; i++)                            
 829              		.loc 1 206 30 is_stmt 1 discriminator 3 view .LVU179
 830 0040 0134     		adds	r4, r4, #1
 831              	.LVL89:
 206:./Hardware/oled.c ****     for (i = 0; i < Length; i++)                            
 832              		.loc 1 206 30 is_stmt 0 discriminator 3 view .LVU180
 833 0042 E4B2     		uxtb	r4, r4
 834              	.LVL90:
 835              	.L51:
 206:./Hardware/oled.c ****     for (i = 0; i < Length; i++)                            
 836              		.loc 1 206 19 is_stmt 1 discriminator 1 view .LVU181
 837 0044 B442     		cmp	r4, r6
 838 0046 E3D3     		bcc	.L52
 209:./Hardware/oled.c ****     }
 210:./Hardware/oled.c **** }
 839              		.loc 1 210 1 is_stmt 0 view .LVU182
 840 0048 BDE8F883 		pop	{r3, r4, r5, r6, r7, r8, r9, pc}
 841              	.LVL91:
 842              	.L55:
 843              		.loc 1 210 1 view .LVU183
 844              		.align	2
 845              	.L54:
 846 004c CDCCCCCC 		.word	-858993459
 847              		.cfi_endproc
 848              	.LFE136:
 850              		.section	.text.OLED_ShowSignedNum,"ax",%progbits
 851              		.align	1
 852              		.global	OLED_ShowSignedNum
 853              		.syntax unified
 854              		.thumb
 855              		.thumb_func
 857              	OLED_ShowSignedNum:
 858              	.LVL92:
 859              	.LFB137:
 211:./Hardware/oled.c **** 
 212:./Hardware/oled.c **** /**
 213:./Hardware/oled.c ****   * @brief  OLED显示数字（十进制，带符号数）
 214:./Hardware/oled.c ****   * @param  Line 起始行位置，范围：1~4
 215:./Hardware/oled.c ****   * @param  Column 起始列位置，范围：1~16
 216:./Hardware/oled.c ****   * @param  Number 要显示的数字，范围：-2147483648~2147483647
 217:./Hardware/oled.c ****   * @param  Length 要显示数字的长度，范围：1~10
 218:./Hardware/oled.c ****   * @retval 无
 219:./Hardware/oled.c ****   */
 220:./Hardware/oled.c **** void OLED_ShowSignedNum(uint8_t Line, uint8_t Column, int32_t Number, uint8_t Length)
 221:./Hardware/oled.c **** {
 860              		.loc 1 221 1 is_stmt 1 view -0
 861              		.cfi_startproc
 862              		@ args = 0, pretend = 0, frame = 0
 863              		@ frame_needed = 0, uses_anonymous_args = 0
 864              		.loc 1 221 1 is_stmt 0 view .LVU185
 865 0000 2DE9F843 		push	{r3, r4, r5, r6, r7, r8, r9, lr}
 866              	.LCFI15:
ARM GAS  /tmp/ccmMjNXW.s 			page 20


 867              		.cfi_def_cfa_offset 32
 868              		.cfi_offset 3, -32
 869              		.cfi_offset 4, -28
 870              		.cfi_offset 5, -24
 871              		.cfi_offset 6, -20
 872              		.cfi_offset 7, -16
 873              		.cfi_offset 8, -12
 874              		.cfi_offset 9, -8
 875              		.cfi_offset 14, -4
 876 0004 8046     		mov	r8, r0
 877 0006 8946     		mov	r9, r1
 878 0008 1E46     		mov	r6, r3
 222:./Hardware/oled.c ****     uint8_t i;
 879              		.loc 1 222 5 is_stmt 1 view .LVU186
 223:./Hardware/oled.c ****     uint32_t Number1;
 880              		.loc 1 223 5 view .LVU187
 224:./Hardware/oled.c ****     if (Number >= 0)
 881              		.loc 1 224 5 view .LVU188
 882              		.loc 1 224 8 is_stmt 0 view .LVU189
 883 000a 171E     		subs	r7, r2, #0
 884 000c 04DB     		blt	.L57
 225:./Hardware/oled.c ****     {
 226:./Hardware/oled.c ****         OLED_ShowChar(Line, Column, '+');
 885              		.loc 1 226 9 is_stmt 1 view .LVU190
 886 000e 2B22     		movs	r2, #43
 887              	.LVL93:
 888              		.loc 1 226 9 is_stmt 0 view .LVU191
 889 0010 FFF7FEFF 		bl	OLED_ShowChar
 890              	.LVL94:
 227:./Hardware/oled.c ****         Number1 = Number;
 891              		.loc 1 227 9 is_stmt 1 view .LVU192
 892              	.L58:
 228:./Hardware/oled.c ****     }
 229:./Hardware/oled.c ****     else
 230:./Hardware/oled.c ****     {
 231:./Hardware/oled.c ****         OLED_ShowChar(Line, Column, '-');
 232:./Hardware/oled.c ****         Number1 = -Number;
 233:./Hardware/oled.c ****     }
 234:./Hardware/oled.c ****     for (i = 0; i < Length; i++)                            
 893              		.loc 1 234 5 view .LVU193
 894              		.loc 1 234 12 is_stmt 0 view .LVU194
 895 0014 0024     		movs	r4, #0
 896              		.loc 1 234 5 view .LVU195
 897 0016 1FE0     		b	.L59
 898              	.LVL95:
 899              	.L57:
 231:./Hardware/oled.c ****         Number1 = -Number;
 900              		.loc 1 231 9 is_stmt 1 view .LVU196
 901 0018 2D22     		movs	r2, #45
 902              	.LVL96:
 231:./Hardware/oled.c ****         Number1 = -Number;
 903              		.loc 1 231 9 is_stmt 0 view .LVU197
 904 001a FFF7FEFF 		bl	OLED_ShowChar
 905              	.LVL97:
 232:./Hardware/oled.c ****     }
 906              		.loc 1 232 9 is_stmt 1 view .LVU198
 232:./Hardware/oled.c ****     }
ARM GAS  /tmp/ccmMjNXW.s 			page 21


 907              		.loc 1 232 19 is_stmt 0 view .LVU199
 908 001e 7F42     		rsbs	r7, r7, #0
 909              	.LVL98:
 232:./Hardware/oled.c ****     }
 910              		.loc 1 232 19 view .LVU200
 911 0020 F8E7     		b	.L58
 912              	.LVL99:
 913              	.L60:
 235:./Hardware/oled.c ****     {
 236:./Hardware/oled.c ****         OLED_ShowChar(Line, Column + i + 1, Number1 / OLED_Pow(10, Length - i - 1) % 10 + '0');
 914              		.loc 1 236 9 is_stmt 1 view .LVU201
 915              		.loc 1 236 36 is_stmt 0 view .LVU202
 916 0022 04EB0905 		add	r5, r4, r9
 917 0026 EDB2     		uxtb	r5, r5
 918              		.loc 1 236 75 view .LVU203
 919 0028 311B     		subs	r1, r6, r4
 920              		.loc 1 236 55 view .LVU204
 921 002a 0139     		subs	r1, r1, #1
 922 002c 0A20     		movs	r0, #10
 923 002e FFF7FEFF 		bl	OLED_Pow
 924              	.LVL100:
 925              		.loc 1 236 53 discriminator 1 view .LVU205
 926 0032 B7FBF0F0 		udiv	r0, r7, r0
 927              		.loc 1 236 84 discriminator 1 view .LVU206
 928 0036 0A4A     		ldr	r2, .L62
 929 0038 A2FB0032 		umull	r3, r2, r2, r0
 930 003c D208     		lsrs	r2, r2, #3
 931 003e 02EB8202 		add	r2, r2, r2, lsl #2
 932 0042 A0EB4202 		sub	r2, r0, r2, lsl #1
 933              		.loc 1 236 9 discriminator 1 view .LVU207
 934 0046 3032     		adds	r2, r2, #48
 935              		.loc 1 236 9 view .LVU208
 936 0048 691C     		adds	r1, r5, #1
 937              		.loc 1 236 9 discriminator 1 view .LVU209
 938 004a D2B2     		uxtb	r2, r2
 939 004c C9B2     		uxtb	r1, r1
 940 004e 4046     		mov	r0, r8
 941 0050 FFF7FEFF 		bl	OLED_ShowChar
 942              	.LVL101:
 234:./Hardware/oled.c ****     {
 943              		.loc 1 234 30 is_stmt 1 discriminator 3 view .LVU210
 944 0054 0134     		adds	r4, r4, #1
 945              	.LVL102:
 234:./Hardware/oled.c ****     {
 946              		.loc 1 234 30 is_stmt 0 discriminator 3 view .LVU211
 947 0056 E4B2     		uxtb	r4, r4
 948              	.LVL103:
 949              	.L59:
 234:./Hardware/oled.c ****     {
 950              		.loc 1 234 19 is_stmt 1 discriminator 1 view .LVU212
 951 0058 B442     		cmp	r4, r6
 952 005a E2D3     		bcc	.L60
 237:./Hardware/oled.c ****     }
 238:./Hardware/oled.c **** }
 953              		.loc 1 238 1 is_stmt 0 view .LVU213
 954 005c BDE8F883 		pop	{r3, r4, r5, r6, r7, r8, r9, pc}
 955              	.LVL104:
ARM GAS  /tmp/ccmMjNXW.s 			page 22


 956              	.L63:
 957              		.loc 1 238 1 view .LVU214
 958              		.align	2
 959              	.L62:
 960 0060 CDCCCCCC 		.word	-858993459
 961              		.cfi_endproc
 962              	.LFE137:
 964              		.section	.text.OLED_ShowHexNum,"ax",%progbits
 965              		.align	1
 966              		.global	OLED_ShowHexNum
 967              		.syntax unified
 968              		.thumb
 969              		.thumb_func
 971              	OLED_ShowHexNum:
 972              	.LVL105:
 973              	.LFB138:
 239:./Hardware/oled.c **** 
 240:./Hardware/oled.c **** /**
 241:./Hardware/oled.c ****   * @brief  OLED显示数字（十六进制，正数）
 242:./Hardware/oled.c ****   * @param  Line 起始行位置，范围：1~4
 243:./Hardware/oled.c ****   * @param  Column 起始列位置，范围：1~16
 244:./Hardware/oled.c ****   * @param  Number 要显示的数字，范围：0~0xFFFFFFFF
 245:./Hardware/oled.c ****   * @param  Length 要显示数字的长度，范围：1~8
 246:./Hardware/oled.c ****   * @retval 无
 247:./Hardware/oled.c ****   */
 248:./Hardware/oled.c **** void OLED_ShowHexNum(uint8_t Line, uint8_t Column, uint32_t Number, uint8_t Length)
 249:./Hardware/oled.c **** {
 974              		.loc 1 249 1 is_stmt 1 view -0
 975              		.cfi_startproc
 976              		@ args = 0, pretend = 0, frame = 0
 977              		@ frame_needed = 0, uses_anonymous_args = 0
 978              		.loc 1 249 1 is_stmt 0 view .LVU216
 979 0000 2DE9F041 		push	{r4, r5, r6, r7, r8, lr}
 980              	.LCFI16:
 981              		.cfi_def_cfa_offset 24
 982              		.cfi_offset 4, -24
 983              		.cfi_offset 5, -20
 984              		.cfi_offset 6, -16
 985              		.cfi_offset 7, -12
 986              		.cfi_offset 8, -8
 987              		.cfi_offset 14, -4
 988 0004 8046     		mov	r8, r0
 989 0006 0F46     		mov	r7, r1
 990 0008 1646     		mov	r6, r2
 991 000a 1D46     		mov	r5, r3
 250:./Hardware/oled.c ****     uint8_t i, SingleNumber;
 992              		.loc 1 250 5 is_stmt 1 view .LVU217
 251:./Hardware/oled.c ****     for (i = 0; i < Length; i++)                            
 993              		.loc 1 251 5 view .LVU218
 994              	.LVL106:
 995              		.loc 1 251 12 is_stmt 0 view .LVU219
 996 000c 0024     		movs	r4, #0
 997              		.loc 1 251 5 view .LVU220
 998 000e 07E0     		b	.L65
 999              	.LVL107:
 1000              	.L66:
 252:./Hardware/oled.c ****     {
ARM GAS  /tmp/ccmMjNXW.s 			page 23


 253:./Hardware/oled.c ****         SingleNumber = Number / OLED_Pow(16, Length - i - 1) % 16;
 254:./Hardware/oled.c ****         if (SingleNumber < 10)
 255:./Hardware/oled.c ****         {
 256:./Hardware/oled.c ****             OLED_ShowChar(Line, Column + i, SingleNumber + '0');
 257:./Hardware/oled.c ****         }
 258:./Hardware/oled.c ****         else
 259:./Hardware/oled.c ****         {
 260:./Hardware/oled.c ****             OLED_ShowChar(Line, Column + i, SingleNumber - 10 + 'A');
 1001              		.loc 1 260 13 is_stmt 1 view .LVU221
 1002 0010 E119     		adds	r1, r4, r7
 1003 0012 3732     		adds	r2, r2, #55
 1004              	.LVL108:
 1005              		.loc 1 260 13 is_stmt 0 view .LVU222
 1006 0014 C9B2     		uxtb	r1, r1
 1007 0016 4046     		mov	r0, r8
 1008 0018 FFF7FEFF 		bl	OLED_ShowChar
 1009              	.LVL109:
 1010              	.L67:
 251:./Hardware/oled.c ****     for (i = 0; i < Length; i++)                            
 1011              		.loc 1 251 30 is_stmt 1 discriminator 2 view .LVU223
 1012 001c 0134     		adds	r4, r4, #1
 1013              	.LVL110:
 251:./Hardware/oled.c ****     for (i = 0; i < Length; i++)                            
 1014              		.loc 1 251 30 is_stmt 0 discriminator 2 view .LVU224
 1015 001e E4B2     		uxtb	r4, r4
 1016              	.LVL111:
 1017              	.L65:
 251:./Hardware/oled.c ****     for (i = 0; i < Length; i++)                            
 1018              		.loc 1 251 19 is_stmt 1 discriminator 1 view .LVU225
 1019 0020 AC42     		cmp	r4, r5
 1020 0022 11D2     		bcs	.L70
 253:./Hardware/oled.c ****         if (SingleNumber < 10)
 1021              		.loc 1 253 9 view .LVU226
 253:./Hardware/oled.c ****         if (SingleNumber < 10)
 1022              		.loc 1 253 53 is_stmt 0 view .LVU227
 1023 0024 291B     		subs	r1, r5, r4
 253:./Hardware/oled.c ****         if (SingleNumber < 10)
 1024              		.loc 1 253 33 view .LVU228
 1025 0026 0139     		subs	r1, r1, #1
 1026 0028 1020     		movs	r0, #16
 1027 002a FFF7FEFF 		bl	OLED_Pow
 1028              	.LVL112:
 253:./Hardware/oled.c ****         if (SingleNumber < 10)
 1029              		.loc 1 253 31 discriminator 1 view .LVU229
 1030 002e B6FBF0F2 		udiv	r2, r6, r0
 253:./Hardware/oled.c ****         if (SingleNumber < 10)
 1031              		.loc 1 253 22 discriminator 1 view .LVU230
 1032 0032 02F00F02 		and	r2, r2, #15
 1033              	.LVL113:
 254:./Hardware/oled.c ****         {
 1034              		.loc 1 254 9 is_stmt 1 view .LVU231
 254:./Hardware/oled.c ****         {
 1035              		.loc 1 254 12 is_stmt 0 view .LVU232
 1036 0036 092A     		cmp	r2, #9
 1037 0038 EAD8     		bhi	.L66
 256:./Hardware/oled.c ****         }
 1038              		.loc 1 256 13 is_stmt 1 view .LVU233
ARM GAS  /tmp/ccmMjNXW.s 			page 24


 1039 003a E119     		adds	r1, r4, r7
 1040 003c 3032     		adds	r2, r2, #48
 1041              	.LVL114:
 256:./Hardware/oled.c ****         }
 1042              		.loc 1 256 13 is_stmt 0 view .LVU234
 1043 003e C9B2     		uxtb	r1, r1
 1044 0040 4046     		mov	r0, r8
 1045 0042 FFF7FEFF 		bl	OLED_ShowChar
 1046              	.LVL115:
 256:./Hardware/oled.c ****         }
 1047              		.loc 1 256 13 view .LVU235
 1048 0046 E9E7     		b	.L67
 1049              	.LVL116:
 1050              	.L70:
 261:./Hardware/oled.c ****         }
 262:./Hardware/oled.c ****     }
 263:./Hardware/oled.c **** }
 1051              		.loc 1 263 1 view .LVU236
 1052 0048 BDE8F081 		pop	{r4, r5, r6, r7, r8, pc}
 1053              		.loc 1 263 1 view .LVU237
 1054              		.cfi_endproc
 1055              	.LFE138:
 1057              		.section	.text.OLED_ShowBinNum,"ax",%progbits
 1058              		.align	1
 1059              		.global	OLED_ShowBinNum
 1060              		.syntax unified
 1061              		.thumb
 1062              		.thumb_func
 1064              	OLED_ShowBinNum:
 1065              	.LVL117:
 1066              	.LFB139:
 264:./Hardware/oled.c **** 
 265:./Hardware/oled.c **** /**
 266:./Hardware/oled.c ****   * @brief  OLED显示数字（二进制，正数）
 267:./Hardware/oled.c ****   * @param  Line 起始行位置，范围：1~4
 268:./Hardware/oled.c ****   * @param  Column 起始列位置，范围：1~16
 269:./Hardware/oled.c ****   * @param  Number 要显示的数字，范围：0~1111 1111 1111 1111
 270:./Hardware/oled.c ****   * @param  Length 要显示数字的长度，范围：1~16
 271:./Hardware/oled.c ****   * @retval 无
 272:./Hardware/oled.c ****   */
 273:./Hardware/oled.c **** void OLED_ShowBinNum(uint8_t Line, uint8_t Column, uint32_t Number, uint8_t Length)
 274:./Hardware/oled.c **** {
 1067              		.loc 1 274 1 is_stmt 1 view -0
 1068              		.cfi_startproc
 1069              		@ args = 0, pretend = 0, frame = 0
 1070              		@ frame_needed = 0, uses_anonymous_args = 0
 1071              		.loc 1 274 1 is_stmt 0 view .LVU239
 1072 0000 2DE9F843 		push	{r3, r4, r5, r6, r7, r8, r9, lr}
 1073              	.LCFI17:
 1074              		.cfi_def_cfa_offset 32
 1075              		.cfi_offset 3, -32
 1076              		.cfi_offset 4, -28
 1077              		.cfi_offset 5, -24
 1078              		.cfi_offset 6, -20
 1079              		.cfi_offset 7, -16
 1080              		.cfi_offset 8, -12
 1081              		.cfi_offset 9, -8
ARM GAS  /tmp/ccmMjNXW.s 			page 25


 1082              		.cfi_offset 14, -4
 1083 0004 8146     		mov	r9, r0
 1084 0006 8846     		mov	r8, r1
 1085 0008 1746     		mov	r7, r2
 1086 000a 1E46     		mov	r6, r3
 275:./Hardware/oled.c ****     uint8_t i;
 1087              		.loc 1 275 5 is_stmt 1 view .LVU240
 276:./Hardware/oled.c ****     for (i = 0; i < Length; i++)                            
 1088              		.loc 1 276 5 view .LVU241
 1089              	.LVL118:
 1090              		.loc 1 276 12 is_stmt 0 view .LVU242
 1091 000c 0024     		movs	r4, #0
 1092              		.loc 1 276 5 view .LVU243
 1093 000e 12E0     		b	.L72
 1094              	.LVL119:
 1095              	.L73:
 277:./Hardware/oled.c ****     {
 278:./Hardware/oled.c ****         OLED_ShowChar(Line, Column + i, Number / OLED_Pow(2, Length - i - 1) % 2 + '0');
 1096              		.loc 1 278 9 is_stmt 1 view .LVU244
 1097 0010 04EB0805 		add	r5, r4, r8
 1098 0014 EDB2     		uxtb	r5, r5
 1099              		.loc 1 278 69 is_stmt 0 view .LVU245
 1100 0016 311B     		subs	r1, r6, r4
 1101              		.loc 1 278 50 view .LVU246
 1102 0018 0139     		subs	r1, r1, #1
 1103 001a 0220     		movs	r0, #2
 1104 001c FFF7FEFF 		bl	OLED_Pow
 1105              	.LVL120:
 1106              		.loc 1 278 48 discriminator 1 view .LVU247
 1107 0020 B7FBF0F2 		udiv	r2, r7, r0
 1108              		.loc 1 278 78 discriminator 1 view .LVU248
 1109 0024 02F00102 		and	r2, r2, #1
 1110              		.loc 1 278 9 discriminator 1 view .LVU249
 1111 0028 3032     		adds	r2, r2, #48
 1112 002a 2946     		mov	r1, r5
 1113 002c 4846     		mov	r0, r9
 1114 002e FFF7FEFF 		bl	OLED_ShowChar
 1115              	.LVL121:
 276:./Hardware/oled.c ****     for (i = 0; i < Length; i++)                            
 1116              		.loc 1 276 30 is_stmt 1 discriminator 3 view .LVU250
 1117 0032 0134     		adds	r4, r4, #1
 1118              	.LVL122:
 276:./Hardware/oled.c ****     for (i = 0; i < Length; i++)                            
 1119              		.loc 1 276 30 is_stmt 0 discriminator 3 view .LVU251
 1120 0034 E4B2     		uxtb	r4, r4
 1121              	.LVL123:
 1122              	.L72:
 276:./Hardware/oled.c ****     for (i = 0; i < Length; i++)                            
 1123              		.loc 1 276 19 is_stmt 1 discriminator 1 view .LVU252
 1124 0036 B442     		cmp	r4, r6
 1125 0038 EAD3     		bcc	.L73
 279:./Hardware/oled.c ****     }
 280:./Hardware/oled.c **** }
 1126              		.loc 1 280 1 is_stmt 0 view .LVU253
 1127 003a BDE8F883 		pop	{r3, r4, r5, r6, r7, r8, r9, pc}
 1128              		.loc 1 280 1 view .LVU254
 1129              		.cfi_endproc
ARM GAS  /tmp/ccmMjNXW.s 			page 26


 1130              	.LFE139:
 1132              		.section	.text.OLED_Init,"ax",%progbits
 1133              		.align	1
 1134              		.global	OLED_Init
 1135              		.syntax unified
 1136              		.thumb
 1137              		.thumb_func
 1139              	OLED_Init:
 1140              	.LFB140:
 281:./Hardware/oled.c **** 
 282:./Hardware/oled.c **** /**
 283:./Hardware/oled.c ****   * @brief  OLED初始化
 284:./Hardware/oled.c ****   * @param  无
 285:./Hardware/oled.c ****   * @retval 无
 286:./Hardware/oled.c ****   */
 287:./Hardware/oled.c **** void OLED_Init(void)
 288:./Hardware/oled.c **** {
 1141              		.loc 1 288 1 is_stmt 1 view -0
 1142              		.cfi_startproc
 1143              		@ args = 0, pretend = 0, frame = 0
 1144              		@ frame_needed = 0, uses_anonymous_args = 0
 1145 0000 08B5     		push	{r3, lr}
 1146              	.LCFI18:
 1147              		.cfi_def_cfa_offset 8
 1148              		.cfi_offset 3, -8
 1149              		.cfi_offset 14, -4
 289:./Hardware/oled.c ****     uint32_t i, j;
 1150              		.loc 1 289 5 view .LVU256
 290:./Hardware/oled.c ****     
 291:./Hardware/oled.c ****     for (i = 0; i < 1000; i++)            // 上电延时
 1151              		.loc 1 291 5 view .LVU257
 1152              	.LVL124:
 1153              		.loc 1 291 12 is_stmt 0 view .LVU258
 1154 0002 0022     		movs	r2, #0
 1155              		.loc 1 291 5 view .LVU259
 1156 0004 04E0     		b	.L76
 1157              	.LVL125:
 1158              	.L77:
 292:./Hardware/oled.c ****     {
 293:./Hardware/oled.c ****         for (j = 0; j < 1000; j++);
 1159              		.loc 1 293 32 is_stmt 1 discriminator 3 view .LVU260
 1160 0006 0133     		adds	r3, r3, #1
 1161              	.LVL126:
 1162              	.L78:
 1163              		.loc 1 293 23 discriminator 1 view .LVU261
 1164 0008 B3F57A7F 		cmp	r3, #1000
 1165 000c FBD3     		bcc	.L77
 291:./Hardware/oled.c ****     {
 1166              		.loc 1 291 28 discriminator 2 view .LVU262
 1167 000e 0132     		adds	r2, r2, #1
 1168              	.LVL127:
 1169              	.L76:
 291:./Hardware/oled.c ****     {
 1170              		.loc 1 291 19 discriminator 1 view .LVU263
 1171 0010 B2F57A7F 		cmp	r2, #1000
 1172 0014 01D2     		bcs	.L81
 1173              		.loc 1 293 16 is_stmt 0 view .LVU264
ARM GAS  /tmp/ccmMjNXW.s 			page 27


 1174 0016 0023     		movs	r3, #0
 1175 0018 F6E7     		b	.L78
 1176              	.L81:
 294:./Hardware/oled.c ****     }
 295:./Hardware/oled.c ****     
 296:./Hardware/oled.c ****     OLED_I2C_Init();            // 端口初始化
 1177              		.loc 1 296 5 is_stmt 1 view .LVU265
 1178 001a FFF7FEFF 		bl	OLED_I2C_Init
 1179              	.LVL128:
 297:./Hardware/oled.c ****     
 298:./Hardware/oled.c ****     OLED_WriteCommand(0xAE);    // 关闭显示
 1180              		.loc 1 298 5 view .LVU266
 1181 001e AE20     		movs	r0, #174
 1182 0020 FFF7FEFF 		bl	OLED_WriteCommand
 1183              	.LVL129:
 299:./Hardware/oled.c ****     
 300:./Hardware/oled.c ****     OLED_WriteCommand(0xD5);    // 设置显示时钟分频比/振荡器频率
 1184              		.loc 1 300 5 view .LVU267
 1185 0024 D520     		movs	r0, #213
 1186 0026 FFF7FEFF 		bl	OLED_WriteCommand
 1187              	.LVL130:
 301:./Hardware/oled.c ****     OLED_WriteCommand(0x80);
 1188              		.loc 1 301 5 view .LVU268
 1189 002a 8020     		movs	r0, #128
 1190 002c FFF7FEFF 		bl	OLED_WriteCommand
 1191              	.LVL131:
 302:./Hardware/oled.c ****     
 303:./Hardware/oled.c ****     OLED_WriteCommand(0xA8);    // 设置多路复用率
 1192              		.loc 1 303 5 view .LVU269
 1193 0030 A820     		movs	r0, #168
 1194 0032 FFF7FEFF 		bl	OLED_WriteCommand
 1195              	.LVL132:
 304:./Hardware/oled.c ****     OLED_WriteCommand(0x3F);
 1196              		.loc 1 304 5 view .LVU270
 1197 0036 3F20     		movs	r0, #63
 1198 0038 FFF7FEFF 		bl	OLED_WriteCommand
 1199              	.LVL133:
 305:./Hardware/oled.c ****     
 306:./Hardware/oled.c ****     OLED_WriteCommand(0xD3);    // 设置显示偏移
 1200              		.loc 1 306 5 view .LVU271
 1201 003c D320     		movs	r0, #211
 1202 003e FFF7FEFF 		bl	OLED_WriteCommand
 1203              	.LVL134:
 307:./Hardware/oled.c ****     OLED_WriteCommand(0x00);
 1204              		.loc 1 307 5 view .LVU272
 1205 0042 0020     		movs	r0, #0
 1206 0044 FFF7FEFF 		bl	OLED_WriteCommand
 1207              	.LVL135:
 308:./Hardware/oled.c ****     
 309:./Hardware/oled.c ****     OLED_WriteCommand(0x40);    // 设置显示开始行
 1208              		.loc 1 309 5 view .LVU273
 1209 0048 4020     		movs	r0, #64
 1210 004a FFF7FEFF 		bl	OLED_WriteCommand
 1211              	.LVL136:
 310:./Hardware/oled.c ****     
 311:./Hardware/oled.c ****     OLED_WriteCommand(0xA1);    // 设置左右方向，0xA1正常 0xA0左右反置
 1212              		.loc 1 311 5 view .LVU274
ARM GAS  /tmp/ccmMjNXW.s 			page 28


 1213 004e A120     		movs	r0, #161
 1214 0050 FFF7FEFF 		bl	OLED_WriteCommand
 1215              	.LVL137:
 312:./Hardware/oled.c ****     
 313:./Hardware/oled.c ****     OLED_WriteCommand(0xC8);    // 设置上下方向，0xC8正常 0xC0上下反置
 1216              		.loc 1 313 5 view .LVU275
 1217 0054 C820     		movs	r0, #200
 1218 0056 FFF7FEFF 		bl	OLED_WriteCommand
 1219              	.LVL138:
 314:./Hardware/oled.c **** 
 315:./Hardware/oled.c ****     OLED_WriteCommand(0xDA);    // 设置COM引脚硬件配置
 1220              		.loc 1 315 5 view .LVU276
 1221 005a DA20     		movs	r0, #218
 1222 005c FFF7FEFF 		bl	OLED_WriteCommand
 1223              	.LVL139:
 316:./Hardware/oled.c ****     OLED_WriteCommand(0x12);
 1224              		.loc 1 316 5 view .LVU277
 1225 0060 1220     		movs	r0, #18
 1226 0062 FFF7FEFF 		bl	OLED_WriteCommand
 1227              	.LVL140:
 317:./Hardware/oled.c ****     
 318:./Hardware/oled.c ****     OLED_WriteCommand(0x81);    // 设置对比度控制
 1228              		.loc 1 318 5 view .LVU278
 1229 0066 8120     		movs	r0, #129
 1230 0068 FFF7FEFF 		bl	OLED_WriteCommand
 1231              	.LVL141:
 319:./Hardware/oled.c ****     OLED_WriteCommand(0xCF);
 1232              		.loc 1 319 5 view .LVU279
 1233 006c CF20     		movs	r0, #207
 1234 006e FFF7FEFF 		bl	OLED_WriteCommand
 1235              	.LVL142:
 320:./Hardware/oled.c **** 
 321:./Hardware/oled.c ****     OLED_WriteCommand(0xD9);    // 设置预充电周期
 1236              		.loc 1 321 5 view .LVU280
 1237 0072 D920     		movs	r0, #217
 1238 0074 FFF7FEFF 		bl	OLED_WriteCommand
 1239              	.LVL143:
 322:./Hardware/oled.c ****     OLED_WriteCommand(0xF1);
 1240              		.loc 1 322 5 view .LVU281
 1241 0078 F120     		movs	r0, #241
 1242 007a FFF7FEFF 		bl	OLED_WriteCommand
 1243              	.LVL144:
 323:./Hardware/oled.c **** 
 324:./Hardware/oled.c ****     OLED_WriteCommand(0xDB);    // 设置VCOMH取消选择级别
 1244              		.loc 1 324 5 view .LVU282
 1245 007e DB20     		movs	r0, #219
 1246 0080 FFF7FEFF 		bl	OLED_WriteCommand
 1247              	.LVL145:
 325:./Hardware/oled.c ****     OLED_WriteCommand(0x30);
 1248              		.loc 1 325 5 view .LVU283
 1249 0084 3020     		movs	r0, #48
 1250 0086 FFF7FEFF 		bl	OLED_WriteCommand
 1251              	.LVL146:
 326:./Hardware/oled.c **** 
 327:./Hardware/oled.c ****     OLED_WriteCommand(0xA4);    // 设置整个显示打开/关闭
 1252              		.loc 1 327 5 view .LVU284
 1253 008a A420     		movs	r0, #164
ARM GAS  /tmp/ccmMjNXW.s 			page 29


 1254 008c FFF7FEFF 		bl	OLED_WriteCommand
 1255              	.LVL147:
 328:./Hardware/oled.c **** 
 329:./Hardware/oled.c ****     OLED_WriteCommand(0xA6);    // 设置正常/倒转显示
 1256              		.loc 1 329 5 view .LVU285
 1257 0090 A620     		movs	r0, #166
 1258 0092 FFF7FEFF 		bl	OLED_WriteCommand
 1259              	.LVL148:
 330:./Hardware/oled.c **** 
 331:./Hardware/oled.c ****     OLED_WriteCommand(0x8D);    // 设置充电泵
 1260              		.loc 1 331 5 view .LVU286
 1261 0096 8D20     		movs	r0, #141
 1262 0098 FFF7FEFF 		bl	OLED_WriteCommand
 1263              	.LVL149:
 332:./Hardware/oled.c ****     OLED_WriteCommand(0x14);
 1264              		.loc 1 332 5 view .LVU287
 1265 009c 1420     		movs	r0, #20
 1266 009e FFF7FEFF 		bl	OLED_WriteCommand
 1267              	.LVL150:
 333:./Hardware/oled.c **** 
 334:./Hardware/oled.c ****     OLED_WriteCommand(0xAF);    // 开启显示
 1268              		.loc 1 334 5 view .LVU288
 1269 00a2 AF20     		movs	r0, #175
 1270 00a4 FFF7FEFF 		bl	OLED_WriteCommand
 1271              	.LVL151:
 335:./Hardware/oled.c ****         
 336:./Hardware/oled.c ****     OLED_Clear();                // OLED清屏
 1272              		.loc 1 336 5 view .LVU289
 1273 00a8 FFF7FEFF 		bl	OLED_Clear
 1274              	.LVL152:
 337:./Hardware/oled.c **** }
 1275              		.loc 1 337 1 is_stmt 0 view .LVU290
 1276 00ac 08BD     		pop	{r3, pc}
 1277              		.cfi_endproc
 1278              	.LFE140:
 1280              		.global	OLED_F8x16
 1281              		.section	.rodata.OLED_F8x16,"a"
 1282              		.align	2
 1285              	OLED_F8x16:
 1286 0000 00000000 		.ascii	"\000\000\000\000\000\000\000\000\000\000\000\000\000"
 1286      00000000 
 1286      00000000 
 1286      00
 1287 000d 000000   		.ascii	"\000\000\000"
 1288 0010 000000F8 		.ascii	"\000\000\000\370\000\000\000\000\000\000\00030\000\000"
 1288      00000000 
 1288      00000033 
 1288      300000
 1289 001f 00       		.ascii	"\000"
 1290 0020 00100C06 		.ascii	"\000\020\014\006\020\014\006\000\000\000\000\000\000"
 1290      100C0600 
 1290      00000000 
 1290      00
 1291 002d 000000   		.ascii	"\000\000\000"
 1292 0030 40C07840 		.ascii	"@\300x@\300x@\000\004?\004\004?\004\004\000"
 1292      C0784000 
 1292      043F0404 
ARM GAS  /tmp/ccmMjNXW.s 			page 30


 1292      3F040400 
 1293 0040 007088FC 		.ascii	"\000p\210\374\0100\000\000\000\030 \377!\036\000\000"
 1293      08300000 
 1293      001820FF 
 1293      211E0000 
 1294 0050 F008F000 		.ascii	"\360\010\360\000\340\030\000\000\000!\034\003\036!\036"
 1294      E0180000 
 1294      00211C03 
 1294      1E211E
 1295 005f 00       		.ascii	"\000"
 1296 0060 00F00888 		.ascii	"\000\360\010\210p\000\000\000\036!#$\031'!\020"
 1296      70000000 
 1296      1E212324 
 1296      19272110 
 1297 0070 10160E00 		.ascii	"\020\026\016\000\000\000\000\000\000\000\000\000\000"
 1297      00000000 
 1297      00000000 
 1297      00
 1298 007d 000000   		.ascii	"\000\000\000"
 1299 0080 000000E0 		.ascii	"\000\000\000\340\030\004\002\000\000\000\000\007\030"
 1299      18040200 
 1299      00000007 
 1299      18
 1300 008d 204000   		.ascii	" @\000"
 1301 0090 00020418 		.ascii	"\000\002\004\030\340\000\000\000\000@ \030\007\000\000"
 1301      E0000000 
 1301      00402018 
 1301      070000
 1302 009f 00       		.ascii	"\000"
 1303 00a0 404080F0 		.ascii	"@@\200\360\200@@\000\002\002\001\017\001\002\002\000"
 1303      80404000 
 1303      0202010F 
 1303      01020200 
 1304 00b0 000000F0 		.ascii	"\000\000\000\360\000\000\000\000\001\001\001\037\001"
 1304      00000000 
 1304      0101011F 
 1304      01
 1305 00bd 010100   		.ascii	"\001\001\000"
 1306 00c0 00000000 		.ascii	"\000\000\000\000\000\000\000\000\200\260p\000\000\000"
 1306      00000000 
 1306      80B07000 
 1306      0000
 1307 00ce 0000     		.ascii	"\000\000"
 1308 00d0 00000000 		.ascii	"\000\000\000\000\000\000\000\000\000\001\001\001\001"
 1308      00000000 
 1308      00010101 
 1308      01
 1309 00dd 010101   		.ascii	"\001\001\001"
 1310 00e0 00000000 		.ascii	"\000\000\000\000\000\000\000\000\00000\000\000\000\000"
 1310      00000000 
 1310      00303000 
 1310      000000
 1311 00ef 00       		.ascii	"\000"
 1312 00f0 00000000 		.ascii	"\000\000\000\000\200`\030\004\000`\030\006\001\000\000"
 1312      80601804 
 1312      00601806 
 1312      010000
ARM GAS  /tmp/ccmMjNXW.s 			page 31


 1313 00ff 00       		.ascii	"\000"
 1314 0100 00E01008 		.ascii	"\000\340\020\010\010\020\340\000\000\017\020  \020\017"
 1314      0810E000 
 1314      000F1020 
 1314      20100F
 1315 010f 00       		.ascii	"\000"
 1316 0110 001010F8 		.ascii	"\000\020\020\370\000\000\000\000\000  ?  \000\000"
 1316      00000000 
 1316      0020203F 
 1316      20200000 
 1317 0120 00700808 		.ascii	"\000p\010\010\010\210p\000\0000($\"!0\000"
 1317      08887000 
 1317      00302824 
 1317      22213000 
 1318 0130 00300888 		.ascii	"\0000\010\210\210H0\000\000\030   \021\016\000"
 1318      88483000 
 1318      00182020 
 1318      20110E00 
 1319 0140 0000C020 		.ascii	"\000\000\300 \020\370\000\000\000\007\004$$?$\000"
 1319      10F80000 
 1319      00070424 
 1319      243F2400 
 1320 0150 00F80888 		.ascii	"\000\370\010\210\210\010\010\000\000\031!  \021\016"
 1320      88080800 
 1320      00192120 
 1320      20110E
 1321 015f 00       		.ascii	"\000"
 1322 0160 00E01088 		.ascii	"\000\340\020\210\210\030\000\000\000\017\021  \021\016"
 1322      88180000 
 1322      000F1120 
 1322      20110E
 1323 016f 00       		.ascii	"\000"
 1324 0170 00380808 		.ascii	"\0008\010\010\3108\010\000\000\000\000?\000\000\000"
 1324      C8380800 
 1324      0000003F 
 1324      000000
 1325 017f 00       		.ascii	"\000"
 1326 0180 00708808 		.ascii	"\000p\210\010\010\210p\000\000\034\"!!\"\034\000"
 1326      08887000 
 1326      001C2221 
 1326      21221C00 
 1327 0190 00E01008 		.ascii	"\000\340\020\010\010\020\340\000\000\0001\"\"\021\017"
 1327      0810E000 
 1327      00003122 
 1327      22110F
 1328 019f 00       		.ascii	"\000"
 1329 01a0 000000C0 		.ascii	"\000\000\000\300\300\000\000\000\000\000\00000\000\000"
 1329      C0000000 
 1329      00000030 
 1329      300000
 1330 01af 00       		.ascii	"\000"
 1331 01b0 00000080 		.ascii	"\000\000\000\200\000\000\000\000\000\000\200`\000\000"
 1331      00000000 
 1331      00008060 
 1331      0000
 1332 01be 0000     		.ascii	"\000\000"
 1333 01c0 00008040 		.ascii	"\000\000\200@ \020\010\000\000\001\002\004\010\020 "
ARM GAS  /tmp/ccmMjNXW.s 			page 32


 1333      20100800 
 1333      00010204 
 1333      081020
 1334 01cf 00       		.ascii	"\000"
 1335 01d0 40404040 		.ascii	"@@@@@@@\000\004\004\004\004\004\004\004\000"
 1335      40404000 
 1335      04040404 
 1335      04040400 
 1336 01e0 00081020 		.ascii	"\000\010\020 @\200\000\000\000 \020\010\004\002\001"
 1336      40800000 
 1336      00201008 
 1336      040201
 1337 01ef 00       		.ascii	"\000"
 1338 01f0 00704808 		.ascii	"\000pH\010\010\010\360\000\000\000\00006\001\000\000"
 1338      0808F000 
 1338      00000030 
 1338      36010000 
 1339 0200 C030C828 		.ascii	"\3000\310(\350\020\340\000\007\030'$#\024\013\000"
 1339      E810E000 
 1339      07182724 
 1339      23140B00 
 1340 0210 0000C038 		.ascii	"\000\000\3008\340\000\000\000 <#\002\002'8 "
 1340      E0000000 
 1340      203C2302 
 1340      02273820 
 1341 0220 08F88888 		.ascii	"\010\370\210\210\210p\000\000 ?   \021\016\000"
 1341      88700000 
 1341      203F2020 
 1341      20110E00 
 1342 0230 C0300808 		.ascii	"\3000\010\010\010\0108\000\007\030   \020\010\000"
 1342      08083800 
 1342      07182020 
 1342      20100800 
 1343 0240 08F80808 		.ascii	"\010\370\010\010\010\020\340\000 ?   \020\017\000"
 1343      0810E000 
 1343      203F2020 
 1343      20100F00 
 1344 0250 08F88888 		.ascii	"\010\370\210\210\350\010\020\000 ?  # \030\000"
 1344      E8081000 
 1344      203F2020 
 1344      23201800 
 1345 0260 08F88888 		.ascii	"\010\370\210\210\350\010\020\000 ? \000\003\000\000"
 1345      E8081000 
 1345      203F2000 
 1345      030000
 1346 026f 00       		.ascii	"\000"
 1347 0270 C0300808 		.ascii	"\3000\010\010\0108\000\000\007\030  \"\036\002\000"
 1347      08380000 
 1347      07182020 
 1347      221E0200 
 1348 0280 08F80800 		.ascii	"\010\370\010\000\000\010\370\010 ?!\001\001!? "
 1348      0008F808 
 1348      203F2101 
 1348      01213F20 
 1349 0290 000808F8 		.ascii	"\000\010\010\370\010\010\000\000\000  ?  \000\000"
 1349      08080000 
 1349      0020203F 
ARM GAS  /tmp/ccmMjNXW.s 			page 33


 1349      20200000 
 1350 02a0 00000808 		.ascii	"\000\000\010\010\370\010\010\000\300\200\200\200\177"
 1350      F8080800 
 1350      C0808080 
 1350      7F
 1351 02ad 000000   		.ascii	"\000\000\000"
 1352 02b0 08F888C0 		.ascii	"\010\370\210\300(\030\010\000 ? \001&8 \000"
 1352      28180800 
 1352      203F2001 
 1352      26382000 
 1353 02c0 08F80800 		.ascii	"\010\370\010\000\000\000\000\000 ?    0\000"
 1353      00000000 
 1353      203F2020 
 1353      20203000 
 1354 02d0 08F8F800 		.ascii	"\010\370\370\000\370\370\010\000 ?\000?\000? \000"
 1354      F8F80800 
 1354      203F003F 
 1354      003F2000 
 1355 02e0 08F830C0 		.ascii	"\010\3700\300\000\010\370\010 ? \000\007\030?\000"
 1355      0008F808 
 1355      203F2000 
 1355      07183F00 
 1356 02f0 E0100808 		.ascii	"\340\020\010\010\010\020\340\000\017\020   \020\017"
 1356      0810E000 
 1356      0F102020 
 1356      20100F
 1357 02ff 00       		.ascii	"\000"
 1358 0300 08F80808 		.ascii	"\010\370\010\010\010\010\360\000 ?!\001\001\001\000"
 1358      0808F000 
 1358      203F2101 
 1358      010100
 1359 030f 00       		.ascii	"\000"
 1360 0310 E0100808 		.ascii	"\340\020\010\010\010\020\340\000\017\030$$8PO\000"
 1360      0810E000 
 1360      0F182424 
 1360      38504F00 
 1361 0320 08F88888 		.ascii	"\010\370\210\210\210\210p\000 ? \000\003\0140 "
 1361      88887000 
 1361      203F2000 
 1361      030C3020 
 1362 0330 00708808 		.ascii	"\000p\210\010\010\0108\000\0008 !!\"\034\000"
 1362      08083800 
 1362      00382021 
 1362      21221C00 
 1363 0340 180808F8 		.ascii	"\030\010\010\370\010\010\030\000\000\000 ? \000\000"
 1363      08081800 
 1363      0000203F 
 1363      200000
 1364 034f 00       		.ascii	"\000"
 1365 0350 08F80800 		.ascii	"\010\370\010\000\000\010\370\010\000\037    \037\000"
 1365      0008F808 
 1365      001F2020 
 1365      20201F00 
 1366 0360 08788800 		.ascii	"\010x\210\000\000\3108\010\000\000\0078\016\001\000"
 1366      00C83808 
 1366      00000738 
 1366      0E0100
ARM GAS  /tmp/ccmMjNXW.s 			page 34


 1367 036f 00       		.ascii	"\000"
 1368 0370 F80800F8 		.ascii	"\370\010\000\370\000\010\370\000\003<\007\000\007<\003"
 1368      0008F800 
 1368      033C0700 
 1368      073C03
 1369 037f 00       		.ascii	"\000"
 1370 0380 08186880 		.ascii	"\010\030h\200\200h\030\010 0,\003\003,0 "
 1370      80681808 
 1370      20302C03 
 1370      032C3020 
 1371 0390 0838C800 		.ascii	"\0108\310\000\3108\010\000\000\000 ? \000\000\000"
 1371      C8380800 
 1371      0000203F 
 1371      20000000 
 1372 03a0 10080808 		.ascii	"\020\010\010\010\3108\010\000 8&!  \030\000"
 1372      C8380800 
 1372      20382621 
 1372      20201800 
 1373 03b0 000000FE 		.ascii	"\000\000\000\376\002\002\002\000\000\000\000\177@@@"
 1373      02020200 
 1373      0000007F 
 1373      404040
 1374 03bf 00       		.ascii	"\000"
 1375 03c0 000C30C0 		.ascii	"\000\0140\300\000\000\000\000\000\000\000\001\0068\300"
 1375      00000000 
 1375      00000001 
 1375      0638C0
 1376 03cf 00       		.ascii	"\000"
 1377 03d0 00020202 		.ascii	"\000\002\002\002\376\000\000\000\000@@@\177\000\000"
 1377      FE000000 
 1377      00404040 
 1377      7F0000
 1378 03df 00       		.ascii	"\000"
 1379 03e0 00000402 		.ascii	"\000\000\004\002\002\002\004\000\000\000\000\000\000"
 1379      02020400 
 1379      00000000 
 1379      00
 1380 03ed 000000   		.ascii	"\000\000\000"
 1381 03f0 00000000 		.ascii	"\000\000\000\000\000\000\000\000\200\200\200\200\200"
 1381      00000000 
 1381      80808080 
 1381      80
 1382 03fd 808080   		.ascii	"\200\200\200"
 1383 0400 00020204 		.ascii	"\000\002\002\004\000\000\000\000\000\000\000\000\000"
 1383      00000000 
 1383      00000000 
 1383      00
 1384 040d 000000   		.ascii	"\000\000\000"
 1385 0410 00008080 		.ascii	"\000\000\200\200\200\200\000\000\000\031$\"\"\"? "
 1385      80800000 
 1385      00192422 
 1385      22223F20 
 1386 0420 08F80080 		.ascii	"\010\370\000\200\200\000\000\000\000?\021  \021\016"
 1386      80000000 
 1386      003F1120 
 1386      20110E
 1387 042f 00       		.ascii	"\000"
ARM GAS  /tmp/ccmMjNXW.s 			page 35


 1388 0430 00000080 		.ascii	"\000\000\000\200\200\200\000\000\000\016\021   \021"
 1388      80800000 
 1388      000E1120 
 1388      202011
 1389 043f 00       		.ascii	"\000"
 1390 0440 00000080 		.ascii	"\000\000\000\200\200\210\370\000\000\016\021  \020?"
 1390      8088F800 
 1390      000E1120 
 1390      20103F
 1391 044f 20       		.ascii	" "
 1392 0450 00008080 		.ascii	"\000\000\200\200\200\200\000\000\000\037\"\"\"\"\023"
 1392      80800000 
 1392      001F2222 
 1392      222213
 1393 045f 00       		.ascii	"\000"
 1394 0460 008080F0 		.ascii	"\000\200\200\360\210\210\210\030\000  ?  \000\000"
 1394      88888818 
 1394      0020203F 
 1394      20200000 
 1395 0470 00008080 		.ascii	"\000\000\200\200\200\200\200\000\000k\224\224\224\223"
 1395      80808000 
 1395      006B9494 
 1395      9493
 1396 047e 6000     		.ascii	"`\000"
 1397 0480 08F80080 		.ascii	"\010\370\000\200\200\200\000\000 ?!\000\000 ? "
 1397      80800000 
 1397      203F2100 
 1397      00203F20 
 1398 0490 00809898 		.ascii	"\000\200\230\230\000\000\000\000\000  ?  \000\000"
 1398      00000000 
 1398      0020203F 
 1398      20200000 
 1399 04a0 00000080 		.ascii	"\000\000\000\200\230\230\000\000\000\300\200\200\200"
 1399      98980000 
 1399      00C08080 
 1399      80
 1400 04ad 7F0000   		.ascii	"\177\000\000"
 1401 04b0 08F80000 		.ascii	"\010\370\000\000\200\200\200\000 ?$\002-0 \000"
 1401      80808000 
 1401      203F2402 
 1401      2D302000 
 1402 04c0 000808F8 		.ascii	"\000\010\010\370\000\000\000\000\000  ?  \000\000"
 1402      00000000 
 1402      0020203F 
 1402      20200000 
 1403 04d0 80808080 		.ascii	"\200\200\200\200\200\200\200\000 ? \000? \000?"
 1403      80808000 
 1403      203F2000 
 1403      3F20003F 
 1404 04e0 80800080 		.ascii	"\200\200\000\200\200\200\000\000 ?!\000\000 ? "
 1404      80800000 
 1404      203F2100 
 1404      00203F20 
 1405 04f0 00008080 		.ascii	"\000\000\200\200\200\200\000\000\000\037    \037\000"
 1405      80800000 
 1405      001F2020 
 1405      20201F00 
ARM GAS  /tmp/ccmMjNXW.s 			page 36


 1406 0500 80800080 		.ascii	"\200\200\000\200\200\000\000\000\200\377\241  \021\016"
 1406      80000000 
 1406      80FFA120 
 1406      20110E
 1407 050f 00       		.ascii	"\000"
 1408 0510 00000080 		.ascii	"\000\000\000\200\200\200\200\000\000\016\021  \240\377"
 1408      80808000 
 1408      000E1120 
 1408      20A0FF
 1409 051f 80       		.ascii	"\200"
 1410 0520 80808000 		.ascii	"\200\200\200\000\200\200\200\000  ?! \000\001\000"
 1410      80808000 
 1410      20203F21 
 1410      20000100 
 1411 0530 00008080 		.ascii	"\000\000\200\200\200\200\200\000\0003$$$$\031\000"
 1411      80808000 
 1411      00332424 
 1411      24241900 
 1412 0540 008080E0 		.ascii	"\000\200\200\340\200\200\000\000\000\000\000\037  \000"
 1412      80800000 
 1412      0000001F 
 1412      202000
 1413 054f 00       		.ascii	"\000"
 1414 0550 80800000 		.ascii	"\200\200\000\000\000\200\200\000\000\037   \020? "
 1414      00808000 
 1414      001F2020 
 1414      20103F20 
 1415 0560 80808000 		.ascii	"\200\200\200\000\000\200\200\200\000\001\0160\010\006"
 1415      00808080 
 1415      00010E30 
 1415      0806
 1416 056e 0100     		.ascii	"\001\000"
 1417 0570 80800080 		.ascii	"\200\200\000\200\000\200\200\200\0170\014\003\0140\017"
 1417      00808080 
 1417      0F300C03 
 1417      0C300F
 1418 057f 00       		.ascii	"\000"
 1419 0580 00808000 		.ascii	"\000\200\200\000\200\200\200\000\000 1.\0161 \000"
 1419      80808000 
 1419      0020312E 
 1419      0E312000 
 1420 0590 80808000 		.ascii	"\200\200\200\000\000\200\200\200\200\201\216p\030\006"
 1420      00808080 
 1420      80818E70 
 1420      1806
 1421 059e 0100     		.ascii	"\001\000"
 1422 05a0 00808080 		.ascii	"\000\200\200\200\200\200\200\000\000!0,\"!0\000"
 1422      80808000 
 1422      0021302C 
 1422      22213000 
 1423 05b0 00000000 		.ascii	"\000\000\000\000\200|\002\002\000\000\000\000\000?@"
 1423      807C0202 
 1423      00000000 
 1423      003F40
 1424 05bf 40       		.ascii	"@"
 1425 05c0 00000000 		.ascii	"\000\000\000\000\377\000\000\000\000\000\000\000\377"
 1425      FF000000 
ARM GAS  /tmp/ccmMjNXW.s 			page 37


 1425      00000000 
 1425      FF
 1426 05cd 000000   		.ascii	"\000\000\000"
 1427 05d0 0002027C 		.ascii	"\000\002\002|\200\000\000\000\000@@?\000\000\000\000"
 1427      80000000 
 1427      0040403F 
 1427      00000000 
 1428 05e0 00060101 		.ascii	"\000\006\001\001\002\002\004\004\000\000\000\000\000"
 1428      02020404 
 1428      00000000 
 1428      00
 1429 05ed 000000   		.ascii	"\000\000\000"
 1430              		.text
 1431              	.Letext0:
 1432              		.file 2 "/opt/gcc-arm-none-eabi/arm-none-eabi/include/machine/_default_types.h"
 1433              		.file 3 "/opt/gcc-arm-none-eabi/arm-none-eabi/include/sys/_stdint.h"
 1434              		.file 4 "./system/stm32f4xx.h"
 1435              		.file 5 "./Libraries/inc/stm32f4xx_gpio.h"
 1436              		.file 6 "./Libraries/inc/stm32f4xx_rcc.h"
 1437              		.file 7 "./User/Delay.h"
 1438              		.file 8 "./Hardware/OLED_Font.h"
ARM GAS  /tmp/ccmMjNXW.s 			page 38


DEFINED SYMBOLS
                            *ABS*:00000000 oled.c
     /tmp/ccmMjNXW.s:21     .text.OLED_W_SCL:00000000 $t
     /tmp/ccmMjNXW.s:27     .text.OLED_W_SCL:00000000 OLED_W_SCL
     /tmp/ccmMjNXW.s:57     .text.OLED_W_SCL:00000018 $d
     /tmp/ccmMjNXW.s:62     .text.OLED_W_SDA:00000000 $t
     /tmp/ccmMjNXW.s:68     .text.OLED_W_SDA:00000000 OLED_W_SDA
     /tmp/ccmMjNXW.s:98     .text.OLED_W_SDA:00000018 $d
     /tmp/ccmMjNXW.s:103    .text.OLED_I2C_Init:00000000 $t
     /tmp/ccmMjNXW.s:109    .text.OLED_I2C_Init:00000000 OLED_I2C_Init
     /tmp/ccmMjNXW.s:182    .text.OLED_I2C_Init:00000050 $d
     /tmp/ccmMjNXW.s:187    .text.OLED_I2C_Start:00000000 $t
     /tmp/ccmMjNXW.s:193    .text.OLED_I2C_Start:00000000 OLED_I2C_Start
     /tmp/ccmMjNXW.s:226    .text.OLED_I2C_Stop:00000000 $t
     /tmp/ccmMjNXW.s:232    .text.OLED_I2C_Stop:00000000 OLED_I2C_Stop
     /tmp/ccmMjNXW.s:261    .text.OLED_I2C_SendByte:00000000 $t
     /tmp/ccmMjNXW.s:267    .text.OLED_I2C_SendByte:00000000 OLED_I2C_SendByte
     /tmp/ccmMjNXW.s:333    .text.OLED_WriteCommand:00000000 $t
     /tmp/ccmMjNXW.s:339    .text.OLED_WriteCommand:00000000 OLED_WriteCommand
     /tmp/ccmMjNXW.s:378    .text.OLED_WriteData:00000000 $t
     /tmp/ccmMjNXW.s:384    .text.OLED_WriteData:00000000 OLED_WriteData
     /tmp/ccmMjNXW.s:423    .text.OLED_SetCursor:00000000 $t
     /tmp/ccmMjNXW.s:429    .text.OLED_SetCursor:00000000 OLED_SetCursor
     /tmp/ccmMjNXW.s:467    .text.OLED_Clear:00000000 $t
     /tmp/ccmMjNXW.s:473    .text.OLED_Clear:00000000 OLED_Clear
     /tmp/ccmMjNXW.s:539    .text.OLED_ShowChar:00000000 $t
     /tmp/ccmMjNXW.s:545    .text.OLED_ShowChar:00000000 OLED_ShowChar
     /tmp/ccmMjNXW.s:652    .text.OLED_ShowChar:00000068 $d
     /tmp/ccmMjNXW.s:1285   .rodata.OLED_F8x16:00000000 OLED_F8x16
     /tmp/ccmMjNXW.s:657    .text.OLED_ShowString:00000000 $t
     /tmp/ccmMjNXW.s:663    .text.OLED_ShowString:00000000 OLED_ShowString
     /tmp/ccmMjNXW.s:718    .text.OLED_Pow:00000000 $t
     /tmp/ccmMjNXW.s:724    .text.OLED_Pow:00000000 OLED_Pow
     /tmp/ccmMjNXW.s:766    .text.OLED_ShowNum:00000000 $t
     /tmp/ccmMjNXW.s:772    .text.OLED_ShowNum:00000000 OLED_ShowNum
     /tmp/ccmMjNXW.s:846    .text.OLED_ShowNum:0000004c $d
     /tmp/ccmMjNXW.s:851    .text.OLED_ShowSignedNum:00000000 $t
     /tmp/ccmMjNXW.s:857    .text.OLED_ShowSignedNum:00000000 OLED_ShowSignedNum
     /tmp/ccmMjNXW.s:960    .text.OLED_ShowSignedNum:00000060 $d
     /tmp/ccmMjNXW.s:965    .text.OLED_ShowHexNum:00000000 $t
     /tmp/ccmMjNXW.s:971    .text.OLED_ShowHexNum:00000000 OLED_ShowHexNum
     /tmp/ccmMjNXW.s:1058   .text.OLED_ShowBinNum:00000000 $t
     /tmp/ccmMjNXW.s:1064   .text.OLED_ShowBinNum:00000000 OLED_ShowBinNum
     /tmp/ccmMjNXW.s:1133   .text.OLED_Init:00000000 $t
     /tmp/ccmMjNXW.s:1139   .text.OLED_Init:00000000 OLED_Init
     /tmp/ccmMjNXW.s:1282   .rodata.OLED_F8x16:00000000 $d

UNDEFINED SYMBOLS
GPIO_WriteBit
Delay_us
RCC_AHB1PeriphClockCmd
GPIO_Init
