ARM GAS  /tmp/cctL9vQC.s 			page 1


   1              		.cpu cortex-m4
   2              		.arch armv7e-m
   3              		.fpu fpv4-sp-d16
   4              		.eabi_attribute 27, 1
   5              		.eabi_attribute 28, 1
   6              		.eabi_attribute 20, 1
   7              		.eabi_attribute 21, 1
   8              		.eabi_attribute 23, 3
   9              		.eabi_attribute 24, 1
  10              		.eabi_attribute 25, 1
  11              		.eabi_attribute 26, 1
  12              		.eabi_attribute 30, 1
  13              		.eabi_attribute 34, 1
  14              		.eabi_attribute 18, 4
  15              		.file	"stm32f4xx_cryp_tdes.c"
  16              		.text
  17              	.Ltext0:
  18              		.cfi_sections	.debug_frame
  19              		.file 1 "./Libraries/src/stm32f4xx_cryp_tdes.c"
  20              		.section	.text.CRYP_TDES_ECB,"ax",%progbits
  21              		.align	1
  22              		.global	CRYP_TDES_ECB
  23              		.syntax unified
  24              		.thumb
  25              		.thumb_func
  27              	CRYP_TDES_ECB:
  28              	.LVL0:
  29              	.LFB123:
   1:./Libraries/src/stm32f4xx_cryp_tdes.c **** /**
   2:./Libraries/src/stm32f4xx_cryp_tdes.c ****   ******************************************************************************
   3:./Libraries/src/stm32f4xx_cryp_tdes.c ****   * @file    stm32f4xx_cryp_tdes.c
   4:./Libraries/src/stm32f4xx_cryp_tdes.c ****   * @author  MCD Application Team
   5:./Libraries/src/stm32f4xx_cryp_tdes.c ****   * @version V1.8.0
   6:./Libraries/src/stm32f4xx_cryp_tdes.c ****   * @date    04-November-2016
   7:./Libraries/src/stm32f4xx_cryp_tdes.c ****   * @brief   This file provides high level functions to encrypt and decrypt an 
   8:./Libraries/src/stm32f4xx_cryp_tdes.c ****   *          input message using TDES in ECB/CBC modes .
   9:./Libraries/src/stm32f4xx_cryp_tdes.c ****   *          It uses the stm32f4xx_cryp.c/.h drivers to access the STM32F4xx CRYP
  10:./Libraries/src/stm32f4xx_cryp_tdes.c ****   *          peripheral.
  11:./Libraries/src/stm32f4xx_cryp_tdes.c ****   *
  12:./Libraries/src/stm32f4xx_cryp_tdes.c **** @verbatim
  13:./Libraries/src/stm32f4xx_cryp_tdes.c **** 
  14:./Libraries/src/stm32f4xx_cryp_tdes.c ****  ===============================================================================
  15:./Libraries/src/stm32f4xx_cryp_tdes.c ****                            ##### How to use this driver #####
  16:./Libraries/src/stm32f4xx_cryp_tdes.c ****  ===============================================================================
  17:./Libraries/src/stm32f4xx_cryp_tdes.c ****  [..]
  18:./Libraries/src/stm32f4xx_cryp_tdes.c ****    (#) Enable The CRYP controller clock using 
  19:./Libraries/src/stm32f4xx_cryp_tdes.c ****        RCC_AHB2PeriphClockCmd(RCC_AHB2Periph_CRYP, ENABLE); function.
  20:./Libraries/src/stm32f4xx_cryp_tdes.c ****   
  21:./Libraries/src/stm32f4xx_cryp_tdes.c ****    (#) Encrypt and decrypt using TDES in ECB Mode using CRYP_TDES_ECB() function.
  22:./Libraries/src/stm32f4xx_cryp_tdes.c ****   
  23:./Libraries/src/stm32f4xx_cryp_tdes.c ****    (#) Encrypt and decrypt using TDES in CBC Mode using CRYP_TDES_CBC() function.
  24:./Libraries/src/stm32f4xx_cryp_tdes.c ****   
  25:./Libraries/src/stm32f4xx_cryp_tdes.c **** @endverbatim
  26:./Libraries/src/stm32f4xx_cryp_tdes.c ****   *
  27:./Libraries/src/stm32f4xx_cryp_tdes.c ****   ******************************************************************************
  28:./Libraries/src/stm32f4xx_cryp_tdes.c ****   * @attention
  29:./Libraries/src/stm32f4xx_cryp_tdes.c ****   *
ARM GAS  /tmp/cctL9vQC.s 			page 2


  30:./Libraries/src/stm32f4xx_cryp_tdes.c ****   * <h2><center>&copy; COPYRIGHT 2016 STMicroelectronics</center></h2>
  31:./Libraries/src/stm32f4xx_cryp_tdes.c ****   *
  32:./Libraries/src/stm32f4xx_cryp_tdes.c ****   * Licensed under MCD-ST Liberty SW License Agreement V2, (the "License");
  33:./Libraries/src/stm32f4xx_cryp_tdes.c ****   * You may not use this file except in compliance with the License.
  34:./Libraries/src/stm32f4xx_cryp_tdes.c ****   * You may obtain a copy of the License at:
  35:./Libraries/src/stm32f4xx_cryp_tdes.c ****   *
  36:./Libraries/src/stm32f4xx_cryp_tdes.c ****   *        http://www.st.com/software_license_agreement_liberty_v2
  37:./Libraries/src/stm32f4xx_cryp_tdes.c ****   *
  38:./Libraries/src/stm32f4xx_cryp_tdes.c ****   * Unless required by applicable law or agreed to in writing, software 
  39:./Libraries/src/stm32f4xx_cryp_tdes.c ****   * distributed under the License is distributed on an "AS IS" BASIS, 
  40:./Libraries/src/stm32f4xx_cryp_tdes.c ****   * WITHOUT WARRANTIES OR CONDITIONS OF ANY KIND, either express or implied.
  41:./Libraries/src/stm32f4xx_cryp_tdes.c ****   * See the License for the specific language governing permissions and
  42:./Libraries/src/stm32f4xx_cryp_tdes.c ****   * limitations under the License.
  43:./Libraries/src/stm32f4xx_cryp_tdes.c ****   *
  44:./Libraries/src/stm32f4xx_cryp_tdes.c ****   ******************************************************************************
  45:./Libraries/src/stm32f4xx_cryp_tdes.c ****   */ 
  46:./Libraries/src/stm32f4xx_cryp_tdes.c **** 
  47:./Libraries/src/stm32f4xx_cryp_tdes.c **** /* Includes ------------------------------------------------------------------*/
  48:./Libraries/src/stm32f4xx_cryp_tdes.c **** #include "stm32f4xx_cryp.h"
  49:./Libraries/src/stm32f4xx_cryp_tdes.c **** 
  50:./Libraries/src/stm32f4xx_cryp_tdes.c **** 
  51:./Libraries/src/stm32f4xx_cryp_tdes.c **** /** @addtogroup STM32F4xx_StdPeriph_Driver
  52:./Libraries/src/stm32f4xx_cryp_tdes.c ****   * @{
  53:./Libraries/src/stm32f4xx_cryp_tdes.c ****   */
  54:./Libraries/src/stm32f4xx_cryp_tdes.c **** 
  55:./Libraries/src/stm32f4xx_cryp_tdes.c **** /** @defgroup CRYP 
  56:./Libraries/src/stm32f4xx_cryp_tdes.c ****   * @brief CRYP driver modules
  57:./Libraries/src/stm32f4xx_cryp_tdes.c ****   * @{
  58:./Libraries/src/stm32f4xx_cryp_tdes.c ****   */
  59:./Libraries/src/stm32f4xx_cryp_tdes.c **** 
  60:./Libraries/src/stm32f4xx_cryp_tdes.c **** /* Private typedef -----------------------------------------------------------*/
  61:./Libraries/src/stm32f4xx_cryp_tdes.c **** /* Private define ------------------------------------------------------------*/
  62:./Libraries/src/stm32f4xx_cryp_tdes.c **** #define TDESBUSY_TIMEOUT    ((uint32_t) 0x00010000)
  63:./Libraries/src/stm32f4xx_cryp_tdes.c **** 
  64:./Libraries/src/stm32f4xx_cryp_tdes.c **** /* Private macro -------------------------------------------------------------*/
  65:./Libraries/src/stm32f4xx_cryp_tdes.c **** /* Private variables ---------------------------------------------------------*/
  66:./Libraries/src/stm32f4xx_cryp_tdes.c **** /* Private function prototypes -----------------------------------------------*/
  67:./Libraries/src/stm32f4xx_cryp_tdes.c **** /* Private functions ---------------------------------------------------------*/
  68:./Libraries/src/stm32f4xx_cryp_tdes.c **** 
  69:./Libraries/src/stm32f4xx_cryp_tdes.c **** 
  70:./Libraries/src/stm32f4xx_cryp_tdes.c **** /** @defgroup CRYP_Private_Functions
  71:./Libraries/src/stm32f4xx_cryp_tdes.c ****   * @{
  72:./Libraries/src/stm32f4xx_cryp_tdes.c ****   */ 
  73:./Libraries/src/stm32f4xx_cryp_tdes.c **** 
  74:./Libraries/src/stm32f4xx_cryp_tdes.c **** /** @defgroup CRYP_Group7 High Level TDES functions
  75:./Libraries/src/stm32f4xx_cryp_tdes.c ****  *  @brief   High Level TDES functions 
  76:./Libraries/src/stm32f4xx_cryp_tdes.c ****  *
  77:./Libraries/src/stm32f4xx_cryp_tdes.c **** @verbatim   
  78:./Libraries/src/stm32f4xx_cryp_tdes.c ****  ===============================================================================
  79:./Libraries/src/stm32f4xx_cryp_tdes.c ****                       ##### High Level TDES functions #####
  80:./Libraries/src/stm32f4xx_cryp_tdes.c ****  ===============================================================================
  81:./Libraries/src/stm32f4xx_cryp_tdes.c **** 
  82:./Libraries/src/stm32f4xx_cryp_tdes.c **** @endverbatim
  83:./Libraries/src/stm32f4xx_cryp_tdes.c ****   * @{
  84:./Libraries/src/stm32f4xx_cryp_tdes.c ****   */
  85:./Libraries/src/stm32f4xx_cryp_tdes.c **** 
  86:./Libraries/src/stm32f4xx_cryp_tdes.c **** /**
ARM GAS  /tmp/cctL9vQC.s 			page 3


  87:./Libraries/src/stm32f4xx_cryp_tdes.c ****   * @brief  Encrypt and decrypt using TDES in ECB Mode
  88:./Libraries/src/stm32f4xx_cryp_tdes.c ****   * @param  Mode: encryption or decryption Mode.
  89:./Libraries/src/stm32f4xx_cryp_tdes.c ****   *           This parameter can be one of the following values:
  90:./Libraries/src/stm32f4xx_cryp_tdes.c ****   *            @arg MODE_ENCRYPT: Encryption
  91:./Libraries/src/stm32f4xx_cryp_tdes.c ****   *            @arg MODE_DECRYPT: Decryption
  92:./Libraries/src/stm32f4xx_cryp_tdes.c ****   * @param  Key: Key used for TDES algorithm.
  93:./Libraries/src/stm32f4xx_cryp_tdes.c ****   * @param  Ilength: length of the Input buffer, must be a multiple of 8.
  94:./Libraries/src/stm32f4xx_cryp_tdes.c ****   * @param  Input: pointer to the Input buffer.
  95:./Libraries/src/stm32f4xx_cryp_tdes.c ****   * @param  Output: pointer to the returned buffer.
  96:./Libraries/src/stm32f4xx_cryp_tdes.c ****   * @retval An ErrorStatus enumeration value:
  97:./Libraries/src/stm32f4xx_cryp_tdes.c ****   *          - SUCCESS: Operation done
  98:./Libraries/src/stm32f4xx_cryp_tdes.c ****   *          - ERROR: Operation failed
  99:./Libraries/src/stm32f4xx_cryp_tdes.c ****   */
 100:./Libraries/src/stm32f4xx_cryp_tdes.c **** ErrorStatus CRYP_TDES_ECB(uint8_t Mode, uint8_t Key[24], uint8_t *Input, 
 101:./Libraries/src/stm32f4xx_cryp_tdes.c ****                           uint32_t Ilength, uint8_t *Output)
 102:./Libraries/src/stm32f4xx_cryp_tdes.c **** {
  30              		.loc 1 102 1 view -0
  31              		.cfi_startproc
  32              		@ args = 4, pretend = 0, frame = 56
  33              		@ frame_needed = 0, uses_anonymous_args = 0
  34              		.loc 1 102 1 is_stmt 0 view .LVU1
  35 0000 2DE9F041 		push	{r4, r5, r6, r7, r8, lr}
  36              	.LCFI0:
  37              		.cfi_def_cfa_offset 24
  38              		.cfi_offset 4, -24
  39              		.cfi_offset 5, -20
  40              		.cfi_offset 6, -16
  41              		.cfi_offset 7, -12
  42              		.cfi_offset 8, -8
  43              		.cfi_offset 14, -4
  44 0004 8EB0     		sub	sp, sp, #56
  45              	.LCFI1:
  46              		.cfi_def_cfa_offset 80
  47 0006 0646     		mov	r6, r0
  48 0008 0D46     		mov	r5, r1
  49 000a 1F46     		mov	r7, r3
 103:./Libraries/src/stm32f4xx_cryp_tdes.c ****   CRYP_InitTypeDef TDES_CRYP_InitStructure;
  50              		.loc 1 103 3 is_stmt 1 view .LVU2
 104:./Libraries/src/stm32f4xx_cryp_tdes.c ****   CRYP_KeyInitTypeDef TDES_CRYP_KeyInitStructure;
  51              		.loc 1 104 3 view .LVU3
 105:./Libraries/src/stm32f4xx_cryp_tdes.c ****   __IO uint32_t counter = 0;
  52              		.loc 1 105 3 view .LVU4
  53              		.loc 1 105 17 is_stmt 0 view .LVU5
  54 000c 0023     		movs	r3, #0
  55              	.LVL1:
  56              		.loc 1 105 17 view .LVU6
  57 000e 0193     		str	r3, [sp, #4]
 106:./Libraries/src/stm32f4xx_cryp_tdes.c ****   uint32_t busystatus = 0;
  58              		.loc 1 106 3 is_stmt 1 view .LVU7
  59              	.LVL2:
 107:./Libraries/src/stm32f4xx_cryp_tdes.c ****   ErrorStatus status = SUCCESS;
  60              		.loc 1 107 3 view .LVU8
 108:./Libraries/src/stm32f4xx_cryp_tdes.c ****   uint32_t keyaddr    = (uint32_t)Key;
  61              		.loc 1 108 3 view .LVU9
 109:./Libraries/src/stm32f4xx_cryp_tdes.c ****   uint32_t inputaddr  = (uint32_t)Input;
  62              		.loc 1 109 3 view .LVU10
  63              		.loc 1 109 12 is_stmt 0 view .LVU11
ARM GAS  /tmp/cctL9vQC.s 			page 4


  64 0010 1446     		mov	r4, r2
  65              	.LVL3:
 110:./Libraries/src/stm32f4xx_cryp_tdes.c ****   uint32_t outputaddr = (uint32_t)Output;
  66              		.loc 1 110 3 is_stmt 1 view .LVU12
  67              		.loc 1 110 12 is_stmt 0 view .LVU13
  68 0012 DDF85080 		ldr	r8, [sp, #80]
  69              	.LVL4:
 111:./Libraries/src/stm32f4xx_cryp_tdes.c ****   uint32_t i = 0;
  70              		.loc 1 111 3 is_stmt 1 view .LVU14
 112:./Libraries/src/stm32f4xx_cryp_tdes.c **** 
 113:./Libraries/src/stm32f4xx_cryp_tdes.c ****   /* Crypto structures initialisation*/
 114:./Libraries/src/stm32f4xx_cryp_tdes.c ****   CRYP_KeyStructInit(&TDES_CRYP_KeyInitStructure);
  71              		.loc 1 114 3 view .LVU15
  72 0016 02A8     		add	r0, sp, #8
  73              	.LVL5:
  74              		.loc 1 114 3 is_stmt 0 view .LVU16
  75 0018 FFF7FEFF 		bl	CRYP_KeyStructInit
  76              	.LVL6:
 115:./Libraries/src/stm32f4xx_cryp_tdes.c **** 
 116:./Libraries/src/stm32f4xx_cryp_tdes.c ****   /* Crypto Init for Encryption process */
 117:./Libraries/src/stm32f4xx_cryp_tdes.c ****   if(Mode == MODE_ENCRYPT) /* TDES encryption */
  77              		.loc 1 117 3 is_stmt 1 view .LVU17
  78              		.loc 1 117 5 is_stmt 0 view .LVU18
  79 001c 012E     		cmp	r6, #1
  80 001e 29D0     		beq	.L13
 118:./Libraries/src/stm32f4xx_cryp_tdes.c ****   {
 119:./Libraries/src/stm32f4xx_cryp_tdes.c ****      TDES_CRYP_InitStructure.CRYP_AlgoDir = CRYP_AlgoDir_Encrypt;
 120:./Libraries/src/stm32f4xx_cryp_tdes.c ****   }
 121:./Libraries/src/stm32f4xx_cryp_tdes.c ****   else /*if(Mode == MODE_DECRYPT)*/ /* TDES decryption */
 122:./Libraries/src/stm32f4xx_cryp_tdes.c ****   {
 123:./Libraries/src/stm32f4xx_cryp_tdes.c ****      TDES_CRYP_InitStructure.CRYP_AlgoDir = CRYP_AlgoDir_Decrypt;
  81              		.loc 1 123 6 is_stmt 1 view .LVU19
  82              		.loc 1 123 43 is_stmt 0 view .LVU20
  83 0020 0423     		movs	r3, #4
  84 0022 0A93     		str	r3, [sp, #40]
  85              	.L3:
 124:./Libraries/src/stm32f4xx_cryp_tdes.c ****   }
 125:./Libraries/src/stm32f4xx_cryp_tdes.c **** 
 126:./Libraries/src/stm32f4xx_cryp_tdes.c ****   TDES_CRYP_InitStructure.CRYP_AlgoMode = CRYP_AlgoMode_TDES_ECB;
  86              		.loc 1 126 3 is_stmt 1 view .LVU21
  87              		.loc 1 126 41 is_stmt 0 view .LVU22
  88 0024 0023     		movs	r3, #0
  89 0026 0B93     		str	r3, [sp, #44]
 127:./Libraries/src/stm32f4xx_cryp_tdes.c ****   TDES_CRYP_InitStructure.CRYP_DataType = CRYP_DataType_8b;
  90              		.loc 1 127 3 is_stmt 1 view .LVU23
  91              		.loc 1 127 41 is_stmt 0 view .LVU24
  92 0028 8023     		movs	r3, #128
  93 002a 0C93     		str	r3, [sp, #48]
 128:./Libraries/src/stm32f4xx_cryp_tdes.c ****   CRYP_Init(&TDES_CRYP_InitStructure);
  94              		.loc 1 128 3 is_stmt 1 view .LVU25
  95 002c 0AA8     		add	r0, sp, #40
  96 002e FFF7FEFF 		bl	CRYP_Init
  97              	.LVL7:
 129:./Libraries/src/stm32f4xx_cryp_tdes.c **** 
 130:./Libraries/src/stm32f4xx_cryp_tdes.c ****   /* Key Initialisation */
 131:./Libraries/src/stm32f4xx_cryp_tdes.c ****   TDES_CRYP_KeyInitStructure.CRYP_Key1Left = __REV(*(uint32_t*)(keyaddr));
  98              		.loc 1 131 3 view .LVU26
ARM GAS  /tmp/cctL9vQC.s 			page 5


  99              		.loc 1 131 46 is_stmt 0 view .LVU27
 100 0032 2B68     		ldr	r3, [r5]
 101              	.LVL8:
 102              	.LBB30:
 103              	.LBI30:
 104              		.file 2 "./system/core_cmInstr.h"
   1:./system/core_cmInstr.h **** /**************************************************************************//**
   2:./system/core_cmInstr.h ****  * @file     core_cmInstr.h
   3:./system/core_cmInstr.h ****  * @brief    CMSIS Cortex-M Core Instruction Access Header File
   4:./system/core_cmInstr.h ****  * @version  V4.10
   5:./system/core_cmInstr.h ****  * @date     18. March 2015
   6:./system/core_cmInstr.h ****  *
   7:./system/core_cmInstr.h ****  * @note
   8:./system/core_cmInstr.h ****  *
   9:./system/core_cmInstr.h ****  ******************************************************************************/
  10:./system/core_cmInstr.h **** /* Copyright (c) 2009 - 2014 ARM LIMITED
  11:./system/core_cmInstr.h **** 
  12:./system/core_cmInstr.h ****    All rights reserved.
  13:./system/core_cmInstr.h ****    Redistribution and use in source and binary forms, with or without
  14:./system/core_cmInstr.h ****    modification, are permitted provided that the following conditions are met:
  15:./system/core_cmInstr.h ****    - Redistributions of source code must retain the above copyright
  16:./system/core_cmInstr.h ****      notice, this list of conditions and the following disclaimer.
  17:./system/core_cmInstr.h ****    - Redistributions in binary form must reproduce the above copyright
  18:./system/core_cmInstr.h ****      notice, this list of conditions and the following disclaimer in the
  19:./system/core_cmInstr.h ****      documentation and/or other materials provided with the distribution.
  20:./system/core_cmInstr.h ****    - Neither the name of ARM nor the names of its contributors may be used
  21:./system/core_cmInstr.h ****      to endorse or promote products derived from this software without
  22:./system/core_cmInstr.h ****      specific prior written permission.
  23:./system/core_cmInstr.h ****    *
  24:./system/core_cmInstr.h ****    THIS SOFTWARE IS PROVIDED BY THE COPYRIGHT HOLDERS AND CONTRIBUTORS "AS IS"
  25:./system/core_cmInstr.h ****    AND ANY EXPRESS OR IMPLIED WARRANTIES, INCLUDING, BUT NOT LIMITED TO, THE
  26:./system/core_cmInstr.h ****    IMPLIED WARRANTIES OF MERCHANTABILITY AND FITNESS FOR A PARTICULAR PURPOSE
  27:./system/core_cmInstr.h ****    ARE DISCLAIMED. IN NO EVENT SHALL COPYRIGHT HOLDERS AND CONTRIBUTORS BE
  28:./system/core_cmInstr.h ****    LIABLE FOR ANY DIRECT, INDIRECT, INCIDENTAL, SPECIAL, EXEMPLARY, OR
  29:./system/core_cmInstr.h ****    CONSEQUENTIAL DAMAGES (INCLUDING, BUT NOT LIMITED TO, PROCUREMENT OF
  30:./system/core_cmInstr.h ****    SUBSTITUTE GOODS OR SERVICES; LOSS OF USE, DATA, OR PROFITS; OR BUSINESS
  31:./system/core_cmInstr.h ****    INTERRUPTION) HOWEVER CAUSED AND ON ANY THEORY OF LIABILITY, WHETHER IN
  32:./system/core_cmInstr.h ****    CONTRACT, STRICT LIABILITY, OR TORT (INCLUDING NEGLIGENCE OR OTHERWISE)
  33:./system/core_cmInstr.h ****    ARISING IN ANY WAY OUT OF THE USE OF THIS SOFTWARE, EVEN IF ADVISED OF THE
  34:./system/core_cmInstr.h ****    POSSIBILITY OF SUCH DAMAGE.
  35:./system/core_cmInstr.h ****    ---------------------------------------------------------------------------*/
  36:./system/core_cmInstr.h **** 
  37:./system/core_cmInstr.h **** 
  38:./system/core_cmInstr.h **** #ifndef __CORE_CMINSTR_H
  39:./system/core_cmInstr.h **** #define __CORE_CMINSTR_H
  40:./system/core_cmInstr.h **** 
  41:./system/core_cmInstr.h **** 
  42:./system/core_cmInstr.h **** /* ##########################  Core Instruction Access  ######################### */
  43:./system/core_cmInstr.h **** /** \defgroup CMSIS_Core_InstructionInterface CMSIS Core Instruction Interface
  44:./system/core_cmInstr.h ****   Access to dedicated instructions
  45:./system/core_cmInstr.h ****   @{
  46:./system/core_cmInstr.h **** */
  47:./system/core_cmInstr.h **** 
  48:./system/core_cmInstr.h **** #if   defined ( __CC_ARM ) /*------------------RealView Compiler -----------------*/
  49:./system/core_cmInstr.h **** /* ARM armcc specific functions */
  50:./system/core_cmInstr.h **** 
  51:./system/core_cmInstr.h **** #if (__ARMCC_VERSION < 400677)
ARM GAS  /tmp/cctL9vQC.s 			page 6


  52:./system/core_cmInstr.h ****   #error "Please use ARM Compiler Toolchain V4.0.677 or later!"
  53:./system/core_cmInstr.h **** #endif
  54:./system/core_cmInstr.h **** 
  55:./system/core_cmInstr.h **** 
  56:./system/core_cmInstr.h **** /** \brief  No Operation
  57:./system/core_cmInstr.h **** 
  58:./system/core_cmInstr.h ****     No Operation does nothing. This instruction can be used for code alignment purposes.
  59:./system/core_cmInstr.h ****  */
  60:./system/core_cmInstr.h **** #define __NOP                             __nop
  61:./system/core_cmInstr.h **** 
  62:./system/core_cmInstr.h **** 
  63:./system/core_cmInstr.h **** /** \brief  Wait For Interrupt
  64:./system/core_cmInstr.h **** 
  65:./system/core_cmInstr.h ****     Wait For Interrupt is a hint instruction that suspends execution
  66:./system/core_cmInstr.h ****     until one of a number of events occurs.
  67:./system/core_cmInstr.h ****  */
  68:./system/core_cmInstr.h **** #define __WFI                             __wfi
  69:./system/core_cmInstr.h **** 
  70:./system/core_cmInstr.h **** 
  71:./system/core_cmInstr.h **** /** \brief  Wait For Event
  72:./system/core_cmInstr.h **** 
  73:./system/core_cmInstr.h ****     Wait For Event is a hint instruction that permits the processor to enter
  74:./system/core_cmInstr.h ****     a low-power state until one of a number of events occurs.
  75:./system/core_cmInstr.h ****  */
  76:./system/core_cmInstr.h **** #define __WFE                             __wfe
  77:./system/core_cmInstr.h **** 
  78:./system/core_cmInstr.h **** 
  79:./system/core_cmInstr.h **** /** \brief  Send Event
  80:./system/core_cmInstr.h **** 
  81:./system/core_cmInstr.h ****     Send Event is a hint instruction. It causes an event to be signaled to the CPU.
  82:./system/core_cmInstr.h ****  */
  83:./system/core_cmInstr.h **** #define __SEV                             __sev
  84:./system/core_cmInstr.h **** 
  85:./system/core_cmInstr.h **** 
  86:./system/core_cmInstr.h **** /** \brief  Instruction Synchronization Barrier
  87:./system/core_cmInstr.h **** 
  88:./system/core_cmInstr.h ****     Instruction Synchronization Barrier flushes the pipeline in the processor,
  89:./system/core_cmInstr.h ****     so that all instructions following the ISB are fetched from cache or
  90:./system/core_cmInstr.h ****     memory, after the instruction has been completed.
  91:./system/core_cmInstr.h ****  */
  92:./system/core_cmInstr.h **** #define __ISB() do {\
  93:./system/core_cmInstr.h ****                    __schedule_barrier();\
  94:./system/core_cmInstr.h ****                    __isb(0xF);\
  95:./system/core_cmInstr.h ****                    __schedule_barrier();\
  96:./system/core_cmInstr.h ****                 } while (0)
  97:./system/core_cmInstr.h **** 
  98:./system/core_cmInstr.h **** /** \brief  Data Synchronization Barrier
  99:./system/core_cmInstr.h **** 
 100:./system/core_cmInstr.h ****     This function acts as a special kind of Data Memory Barrier.
 101:./system/core_cmInstr.h ****     It completes when all explicit memory accesses before this instruction complete.
 102:./system/core_cmInstr.h ****  */
 103:./system/core_cmInstr.h **** #define __DSB() do {\
 104:./system/core_cmInstr.h ****                    __schedule_barrier();\
 105:./system/core_cmInstr.h ****                    __dsb(0xF);\
 106:./system/core_cmInstr.h ****                    __schedule_barrier();\
 107:./system/core_cmInstr.h ****                 } while (0)
 108:./system/core_cmInstr.h **** 
ARM GAS  /tmp/cctL9vQC.s 			page 7


 109:./system/core_cmInstr.h **** /** \brief  Data Memory Barrier
 110:./system/core_cmInstr.h **** 
 111:./system/core_cmInstr.h ****     This function ensures the apparent order of the explicit memory operations before
 112:./system/core_cmInstr.h ****     and after the instruction, without ensuring their completion.
 113:./system/core_cmInstr.h ****  */
 114:./system/core_cmInstr.h **** #define __DMB() do {\
 115:./system/core_cmInstr.h ****                    __schedule_barrier();\
 116:./system/core_cmInstr.h ****                    __dmb(0xF);\
 117:./system/core_cmInstr.h ****                    __schedule_barrier();\
 118:./system/core_cmInstr.h ****                 } while (0)
 119:./system/core_cmInstr.h **** 
 120:./system/core_cmInstr.h **** /** \brief  Reverse byte order (32 bit)
 121:./system/core_cmInstr.h **** 
 122:./system/core_cmInstr.h ****     This function reverses the byte order in integer value.
 123:./system/core_cmInstr.h **** 
 124:./system/core_cmInstr.h ****     \param [in]    value  Value to reverse
 125:./system/core_cmInstr.h ****     \return               Reversed value
 126:./system/core_cmInstr.h ****  */
 127:./system/core_cmInstr.h **** #define __REV                             __rev
 128:./system/core_cmInstr.h **** 
 129:./system/core_cmInstr.h **** 
 130:./system/core_cmInstr.h **** /** \brief  Reverse byte order (16 bit)
 131:./system/core_cmInstr.h **** 
 132:./system/core_cmInstr.h ****     This function reverses the byte order in two unsigned short values.
 133:./system/core_cmInstr.h **** 
 134:./system/core_cmInstr.h ****     \param [in]    value  Value to reverse
 135:./system/core_cmInstr.h ****     \return               Reversed value
 136:./system/core_cmInstr.h ****  */
 137:./system/core_cmInstr.h **** #ifndef __NO_EMBEDDED_ASM
 138:./system/core_cmInstr.h **** __attribute__((section(".rev16_text"))) __STATIC_INLINE __ASM uint32_t __REV16(uint32_t value)
 139:./system/core_cmInstr.h **** {
 140:./system/core_cmInstr.h ****   rev16 r0, r0
 141:./system/core_cmInstr.h ****   bx lr
 142:./system/core_cmInstr.h **** }
 143:./system/core_cmInstr.h **** #endif
 144:./system/core_cmInstr.h **** 
 145:./system/core_cmInstr.h **** /** \brief  Reverse byte order in signed short value
 146:./system/core_cmInstr.h **** 
 147:./system/core_cmInstr.h ****     This function reverses the byte order in a signed short value with sign extension to integer.
 148:./system/core_cmInstr.h **** 
 149:./system/core_cmInstr.h ****     \param [in]    value  Value to reverse
 150:./system/core_cmInstr.h ****     \return               Reversed value
 151:./system/core_cmInstr.h ****  */
 152:./system/core_cmInstr.h **** #ifndef __NO_EMBEDDED_ASM
 153:./system/core_cmInstr.h **** __attribute__((section(".revsh_text"))) __STATIC_INLINE __ASM int32_t __REVSH(int32_t value)
 154:./system/core_cmInstr.h **** {
 155:./system/core_cmInstr.h ****   revsh r0, r0
 156:./system/core_cmInstr.h ****   bx lr
 157:./system/core_cmInstr.h **** }
 158:./system/core_cmInstr.h **** #endif
 159:./system/core_cmInstr.h **** 
 160:./system/core_cmInstr.h **** 
 161:./system/core_cmInstr.h **** /** \brief  Rotate Right in unsigned value (32 bit)
 162:./system/core_cmInstr.h **** 
 163:./system/core_cmInstr.h ****     This function Rotate Right (immediate) provides the value of the contents of a register rotated
 164:./system/core_cmInstr.h **** 
 165:./system/core_cmInstr.h ****     \param [in]    value  Value to rotate
ARM GAS  /tmp/cctL9vQC.s 			page 8


 166:./system/core_cmInstr.h ****     \param [in]    value  Number of Bits to rotate
 167:./system/core_cmInstr.h ****     \return               Rotated value
 168:./system/core_cmInstr.h ****  */
 169:./system/core_cmInstr.h **** #define __ROR                             __ror
 170:./system/core_cmInstr.h **** 
 171:./system/core_cmInstr.h **** 
 172:./system/core_cmInstr.h **** /** \brief  Breakpoint
 173:./system/core_cmInstr.h **** 
 174:./system/core_cmInstr.h ****     This function causes the processor to enter Debug state.
 175:./system/core_cmInstr.h ****     Debug tools can use this to investigate system state when the instruction at a particular addre
 176:./system/core_cmInstr.h **** 
 177:./system/core_cmInstr.h ****     \param [in]    value  is ignored by the processor.
 178:./system/core_cmInstr.h ****                    If required, a debugger can use it to store additional information about the bre
 179:./system/core_cmInstr.h ****  */
 180:./system/core_cmInstr.h **** #define __BKPT(value)                       __breakpoint(value)
 181:./system/core_cmInstr.h **** 
 182:./system/core_cmInstr.h **** 
 183:./system/core_cmInstr.h **** /** \brief  Reverse bit order of value
 184:./system/core_cmInstr.h **** 
 185:./system/core_cmInstr.h ****     This function reverses the bit order of the given value.
 186:./system/core_cmInstr.h **** 
 187:./system/core_cmInstr.h ****     \param [in]    value  Value to reverse
 188:./system/core_cmInstr.h ****     \return               Reversed value
 189:./system/core_cmInstr.h ****  */
 190:./system/core_cmInstr.h **** #if       (__CORTEX_M >= 0x03) || (__CORTEX_SC >= 300)
 191:./system/core_cmInstr.h ****   #define __RBIT                          __rbit
 192:./system/core_cmInstr.h **** #else
 193:./system/core_cmInstr.h **** __attribute__((always_inline)) __STATIC_INLINE uint32_t __RBIT(uint32_t value)
 194:./system/core_cmInstr.h **** {
 195:./system/core_cmInstr.h ****   uint32_t result;
 196:./system/core_cmInstr.h ****   int32_t s = 4 /*sizeof(v)*/ * 8 - 1; // extra shift needed at end
 197:./system/core_cmInstr.h **** 
 198:./system/core_cmInstr.h ****   result = value;                      // r will be reversed bits of v; first get LSB of v
 199:./system/core_cmInstr.h ****   for (value >>= 1; value; value >>= 1)
 200:./system/core_cmInstr.h ****   {
 201:./system/core_cmInstr.h ****     result <<= 1;
 202:./system/core_cmInstr.h ****     result |= value & 1;
 203:./system/core_cmInstr.h ****     s--;
 204:./system/core_cmInstr.h ****   }
 205:./system/core_cmInstr.h ****   result <<= s;                       // shift when v's highest bits are zero
 206:./system/core_cmInstr.h ****   return(result);
 207:./system/core_cmInstr.h **** }
 208:./system/core_cmInstr.h **** #endif
 209:./system/core_cmInstr.h **** 
 210:./system/core_cmInstr.h **** 
 211:./system/core_cmInstr.h **** /** \brief  Count leading zeros
 212:./system/core_cmInstr.h **** 
 213:./system/core_cmInstr.h ****     This function counts the number of leading zeros of a data value.
 214:./system/core_cmInstr.h **** 
 215:./system/core_cmInstr.h ****     \param [in]  value  Value to count the leading zeros
 216:./system/core_cmInstr.h ****     \return             number of leading zeros in value
 217:./system/core_cmInstr.h ****  */
 218:./system/core_cmInstr.h **** #define __CLZ                             __clz
 219:./system/core_cmInstr.h **** 
 220:./system/core_cmInstr.h **** 
 221:./system/core_cmInstr.h **** #if       (__CORTEX_M >= 0x03) || (__CORTEX_SC >= 300)
 222:./system/core_cmInstr.h **** 
ARM GAS  /tmp/cctL9vQC.s 			page 9


 223:./system/core_cmInstr.h **** /** \brief  LDR Exclusive (8 bit)
 224:./system/core_cmInstr.h **** 
 225:./system/core_cmInstr.h ****     This function executes a exclusive LDR instruction for 8 bit value.
 226:./system/core_cmInstr.h **** 
 227:./system/core_cmInstr.h ****     \param [in]    ptr  Pointer to data
 228:./system/core_cmInstr.h ****     \return             value of type uint8_t at (*ptr)
 229:./system/core_cmInstr.h ****  */
 230:./system/core_cmInstr.h **** #define __LDREXB(ptr)                     ((uint8_t ) __ldrex(ptr))
 231:./system/core_cmInstr.h **** 
 232:./system/core_cmInstr.h **** 
 233:./system/core_cmInstr.h **** /** \brief  LDR Exclusive (16 bit)
 234:./system/core_cmInstr.h **** 
 235:./system/core_cmInstr.h ****     This function executes a exclusive LDR instruction for 16 bit values.
 236:./system/core_cmInstr.h **** 
 237:./system/core_cmInstr.h ****     \param [in]    ptr  Pointer to data
 238:./system/core_cmInstr.h ****     \return        value of type uint16_t at (*ptr)
 239:./system/core_cmInstr.h ****  */
 240:./system/core_cmInstr.h **** #define __LDREXH(ptr)                     ((uint16_t) __ldrex(ptr))
 241:./system/core_cmInstr.h **** 
 242:./system/core_cmInstr.h **** 
 243:./system/core_cmInstr.h **** /** \brief  LDR Exclusive (32 bit)
 244:./system/core_cmInstr.h **** 
 245:./system/core_cmInstr.h ****     This function executes a exclusive LDR instruction for 32 bit values.
 246:./system/core_cmInstr.h **** 
 247:./system/core_cmInstr.h ****     \param [in]    ptr  Pointer to data
 248:./system/core_cmInstr.h ****     \return        value of type uint32_t at (*ptr)
 249:./system/core_cmInstr.h ****  */
 250:./system/core_cmInstr.h **** #define __LDREXW(ptr)                     ((uint32_t ) __ldrex(ptr))
 251:./system/core_cmInstr.h **** 
 252:./system/core_cmInstr.h **** 
 253:./system/core_cmInstr.h **** /** \brief  STR Exclusive (8 bit)
 254:./system/core_cmInstr.h **** 
 255:./system/core_cmInstr.h ****     This function executes a exclusive STR instruction for 8 bit values.
 256:./system/core_cmInstr.h **** 
 257:./system/core_cmInstr.h ****     \param [in]  value  Value to store
 258:./system/core_cmInstr.h ****     \param [in]    ptr  Pointer to location
 259:./system/core_cmInstr.h ****     \return          0  Function succeeded
 260:./system/core_cmInstr.h ****     \return          1  Function failed
 261:./system/core_cmInstr.h ****  */
 262:./system/core_cmInstr.h **** #define __STREXB(value, ptr)              __strex(value, ptr)
 263:./system/core_cmInstr.h **** 
 264:./system/core_cmInstr.h **** 
 265:./system/core_cmInstr.h **** /** \brief  STR Exclusive (16 bit)
 266:./system/core_cmInstr.h **** 
 267:./system/core_cmInstr.h ****     This function executes a exclusive STR instruction for 16 bit values.
 268:./system/core_cmInstr.h **** 
 269:./system/core_cmInstr.h ****     \param [in]  value  Value to store
 270:./system/core_cmInstr.h ****     \param [in]    ptr  Pointer to location
 271:./system/core_cmInstr.h ****     \return          0  Function succeeded
 272:./system/core_cmInstr.h ****     \return          1  Function failed
 273:./system/core_cmInstr.h ****  */
 274:./system/core_cmInstr.h **** #define __STREXH(value, ptr)              __strex(value, ptr)
 275:./system/core_cmInstr.h **** 
 276:./system/core_cmInstr.h **** 
 277:./system/core_cmInstr.h **** /** \brief  STR Exclusive (32 bit)
 278:./system/core_cmInstr.h **** 
 279:./system/core_cmInstr.h ****     This function executes a exclusive STR instruction for 32 bit values.
ARM GAS  /tmp/cctL9vQC.s 			page 10


 280:./system/core_cmInstr.h **** 
 281:./system/core_cmInstr.h ****     \param [in]  value  Value to store
 282:./system/core_cmInstr.h ****     \param [in]    ptr  Pointer to location
 283:./system/core_cmInstr.h ****     \return          0  Function succeeded
 284:./system/core_cmInstr.h ****     \return          1  Function failed
 285:./system/core_cmInstr.h ****  */
 286:./system/core_cmInstr.h **** #define __STREXW(value, ptr)              __strex(value, ptr)
 287:./system/core_cmInstr.h **** 
 288:./system/core_cmInstr.h **** 
 289:./system/core_cmInstr.h **** /** \brief  Remove the exclusive lock
 290:./system/core_cmInstr.h **** 
 291:./system/core_cmInstr.h ****     This function removes the exclusive lock which is created by LDREX.
 292:./system/core_cmInstr.h **** 
 293:./system/core_cmInstr.h ****  */
 294:./system/core_cmInstr.h **** #define __CLREX                           __clrex
 295:./system/core_cmInstr.h **** 
 296:./system/core_cmInstr.h **** 
 297:./system/core_cmInstr.h **** /** \brief  Signed Saturate
 298:./system/core_cmInstr.h **** 
 299:./system/core_cmInstr.h ****     This function saturates a signed value.
 300:./system/core_cmInstr.h **** 
 301:./system/core_cmInstr.h ****     \param [in]  value  Value to be saturated
 302:./system/core_cmInstr.h ****     \param [in]    sat  Bit position to saturate to (1..32)
 303:./system/core_cmInstr.h ****     \return             Saturated value
 304:./system/core_cmInstr.h ****  */
 305:./system/core_cmInstr.h **** #define __SSAT                            __ssat
 306:./system/core_cmInstr.h **** 
 307:./system/core_cmInstr.h **** 
 308:./system/core_cmInstr.h **** /** \brief  Unsigned Saturate
 309:./system/core_cmInstr.h **** 
 310:./system/core_cmInstr.h ****     This function saturates an unsigned value.
 311:./system/core_cmInstr.h **** 
 312:./system/core_cmInstr.h ****     \param [in]  value  Value to be saturated
 313:./system/core_cmInstr.h ****     \param [in]    sat  Bit position to saturate to (0..31)
 314:./system/core_cmInstr.h ****     \return             Saturated value
 315:./system/core_cmInstr.h ****  */
 316:./system/core_cmInstr.h **** #define __USAT                            __usat
 317:./system/core_cmInstr.h **** 
 318:./system/core_cmInstr.h **** 
 319:./system/core_cmInstr.h **** /** \brief  Rotate Right with Extend (32 bit)
 320:./system/core_cmInstr.h **** 
 321:./system/core_cmInstr.h ****     This function moves each bit of a bitstring right by one bit.
 322:./system/core_cmInstr.h ****     The carry input is shifted in at the left end of the bitstring.
 323:./system/core_cmInstr.h **** 
 324:./system/core_cmInstr.h ****     \param [in]    value  Value to rotate
 325:./system/core_cmInstr.h ****     \return               Rotated value
 326:./system/core_cmInstr.h ****  */
 327:./system/core_cmInstr.h **** #ifndef __NO_EMBEDDED_ASM
 328:./system/core_cmInstr.h **** __attribute__((section(".rrx_text"))) __STATIC_INLINE __ASM uint32_t __RRX(uint32_t value)
 329:./system/core_cmInstr.h **** {
 330:./system/core_cmInstr.h ****   rrx r0, r0
 331:./system/core_cmInstr.h ****   bx lr
 332:./system/core_cmInstr.h **** }
 333:./system/core_cmInstr.h **** #endif
 334:./system/core_cmInstr.h **** 
 335:./system/core_cmInstr.h **** 
 336:./system/core_cmInstr.h **** /** \brief  LDRT Unprivileged (8 bit)
ARM GAS  /tmp/cctL9vQC.s 			page 11


 337:./system/core_cmInstr.h **** 
 338:./system/core_cmInstr.h ****     This function executes a Unprivileged LDRT instruction for 8 bit value.
 339:./system/core_cmInstr.h **** 
 340:./system/core_cmInstr.h ****     \param [in]    ptr  Pointer to data
 341:./system/core_cmInstr.h ****     \return             value of type uint8_t at (*ptr)
 342:./system/core_cmInstr.h ****  */
 343:./system/core_cmInstr.h **** #define __LDRBT(ptr)                      ((uint8_t )  __ldrt(ptr))
 344:./system/core_cmInstr.h **** 
 345:./system/core_cmInstr.h **** 
 346:./system/core_cmInstr.h **** /** \brief  LDRT Unprivileged (16 bit)
 347:./system/core_cmInstr.h **** 
 348:./system/core_cmInstr.h ****     This function executes a Unprivileged LDRT instruction for 16 bit values.
 349:./system/core_cmInstr.h **** 
 350:./system/core_cmInstr.h ****     \param [in]    ptr  Pointer to data
 351:./system/core_cmInstr.h ****     \return        value of type uint16_t at (*ptr)
 352:./system/core_cmInstr.h ****  */
 353:./system/core_cmInstr.h **** #define __LDRHT(ptr)                      ((uint16_t)  __ldrt(ptr))
 354:./system/core_cmInstr.h **** 
 355:./system/core_cmInstr.h **** 
 356:./system/core_cmInstr.h **** /** \brief  LDRT Unprivileged (32 bit)
 357:./system/core_cmInstr.h **** 
 358:./system/core_cmInstr.h ****     This function executes a Unprivileged LDRT instruction for 32 bit values.
 359:./system/core_cmInstr.h **** 
 360:./system/core_cmInstr.h ****     \param [in]    ptr  Pointer to data
 361:./system/core_cmInstr.h ****     \return        value of type uint32_t at (*ptr)
 362:./system/core_cmInstr.h ****  */
 363:./system/core_cmInstr.h **** #define __LDRT(ptr)                       ((uint32_t ) __ldrt(ptr))
 364:./system/core_cmInstr.h **** 
 365:./system/core_cmInstr.h **** 
 366:./system/core_cmInstr.h **** /** \brief  STRT Unprivileged (8 bit)
 367:./system/core_cmInstr.h **** 
 368:./system/core_cmInstr.h ****     This function executes a Unprivileged STRT instruction for 8 bit values.
 369:./system/core_cmInstr.h **** 
 370:./system/core_cmInstr.h ****     \param [in]  value  Value to store
 371:./system/core_cmInstr.h ****     \param [in]    ptr  Pointer to location
 372:./system/core_cmInstr.h ****  */
 373:./system/core_cmInstr.h **** #define __STRBT(value, ptr)               __strt(value, ptr)
 374:./system/core_cmInstr.h **** 
 375:./system/core_cmInstr.h **** 
 376:./system/core_cmInstr.h **** /** \brief  STRT Unprivileged (16 bit)
 377:./system/core_cmInstr.h **** 
 378:./system/core_cmInstr.h ****     This function executes a Unprivileged STRT instruction for 16 bit values.
 379:./system/core_cmInstr.h **** 
 380:./system/core_cmInstr.h ****     \param [in]  value  Value to store
 381:./system/core_cmInstr.h ****     \param [in]    ptr  Pointer to location
 382:./system/core_cmInstr.h ****  */
 383:./system/core_cmInstr.h **** #define __STRHT(value, ptr)               __strt(value, ptr)
 384:./system/core_cmInstr.h **** 
 385:./system/core_cmInstr.h **** 
 386:./system/core_cmInstr.h **** /** \brief  STRT Unprivileged (32 bit)
 387:./system/core_cmInstr.h **** 
 388:./system/core_cmInstr.h ****     This function executes a Unprivileged STRT instruction for 32 bit values.
 389:./system/core_cmInstr.h **** 
 390:./system/core_cmInstr.h ****     \param [in]  value  Value to store
 391:./system/core_cmInstr.h ****     \param [in]    ptr  Pointer to location
 392:./system/core_cmInstr.h ****  */
 393:./system/core_cmInstr.h **** #define __STRT(value, ptr)                __strt(value, ptr)
ARM GAS  /tmp/cctL9vQC.s 			page 12


 394:./system/core_cmInstr.h **** 
 395:./system/core_cmInstr.h **** #endif /* (__CORTEX_M >= 0x03) || (__CORTEX_SC >= 300) */
 396:./system/core_cmInstr.h **** 
 397:./system/core_cmInstr.h **** 
 398:./system/core_cmInstr.h **** #elif defined ( __GNUC__ ) /*------------------ GNU Compiler ---------------------*/
 399:./system/core_cmInstr.h **** /* GNU gcc specific functions */
 400:./system/core_cmInstr.h **** 
 401:./system/core_cmInstr.h **** /* Define macros for porting to both thumb1 and thumb2.
 402:./system/core_cmInstr.h ****  * For thumb1, use low register (r0-r7), specified by constrant "l"
 403:./system/core_cmInstr.h ****  * Otherwise, use general registers, specified by constrant "r" */
 404:./system/core_cmInstr.h **** #if defined (__thumb__) && !defined (__thumb2__)
 405:./system/core_cmInstr.h **** #define __CMSIS_GCC_OUT_REG(r) "=l" (r)
 406:./system/core_cmInstr.h **** #define __CMSIS_GCC_USE_REG(r) "l" (r)
 407:./system/core_cmInstr.h **** #else
 408:./system/core_cmInstr.h **** #define __CMSIS_GCC_OUT_REG(r) "=r" (r)
 409:./system/core_cmInstr.h **** #define __CMSIS_GCC_USE_REG(r) "r" (r)
 410:./system/core_cmInstr.h **** #endif
 411:./system/core_cmInstr.h **** 
 412:./system/core_cmInstr.h **** /** \brief  No Operation
 413:./system/core_cmInstr.h **** 
 414:./system/core_cmInstr.h ****     No Operation does nothing. This instruction can be used for code alignment purposes.
 415:./system/core_cmInstr.h ****  */
 416:./system/core_cmInstr.h **** __attribute__((always_inline)) __STATIC_INLINE void __NOP(void)
 417:./system/core_cmInstr.h **** {
 418:./system/core_cmInstr.h ****   __ASM volatile ("nop");
 419:./system/core_cmInstr.h **** }
 420:./system/core_cmInstr.h **** 
 421:./system/core_cmInstr.h **** 
 422:./system/core_cmInstr.h **** /** \brief  Wait For Interrupt
 423:./system/core_cmInstr.h **** 
 424:./system/core_cmInstr.h ****     Wait For Interrupt is a hint instruction that suspends execution
 425:./system/core_cmInstr.h ****     until one of a number of events occurs.
 426:./system/core_cmInstr.h ****  */
 427:./system/core_cmInstr.h **** __attribute__((always_inline)) __STATIC_INLINE void __WFI(void)
 428:./system/core_cmInstr.h **** {
 429:./system/core_cmInstr.h ****   __ASM volatile ("wfi");
 430:./system/core_cmInstr.h **** }
 431:./system/core_cmInstr.h **** 
 432:./system/core_cmInstr.h **** 
 433:./system/core_cmInstr.h **** /** \brief  Wait For Event
 434:./system/core_cmInstr.h **** 
 435:./system/core_cmInstr.h ****     Wait For Event is a hint instruction that permits the processor to enter
 436:./system/core_cmInstr.h ****     a low-power state until one of a number of events occurs.
 437:./system/core_cmInstr.h ****  */
 438:./system/core_cmInstr.h **** __attribute__((always_inline)) __STATIC_INLINE void __WFE(void)
 439:./system/core_cmInstr.h **** {
 440:./system/core_cmInstr.h ****   __ASM volatile ("wfe");
 441:./system/core_cmInstr.h **** }
 442:./system/core_cmInstr.h **** 
 443:./system/core_cmInstr.h **** 
 444:./system/core_cmInstr.h **** /** \brief  Send Event
 445:./system/core_cmInstr.h **** 
 446:./system/core_cmInstr.h ****     Send Event is a hint instruction. It causes an event to be signaled to the CPU.
 447:./system/core_cmInstr.h ****  */
 448:./system/core_cmInstr.h **** __attribute__((always_inline)) __STATIC_INLINE void __SEV(void)
 449:./system/core_cmInstr.h **** {
 450:./system/core_cmInstr.h ****   __ASM volatile ("sev");
ARM GAS  /tmp/cctL9vQC.s 			page 13


 451:./system/core_cmInstr.h **** }
 452:./system/core_cmInstr.h **** 
 453:./system/core_cmInstr.h **** 
 454:./system/core_cmInstr.h **** /** \brief  Instruction Synchronization Barrier
 455:./system/core_cmInstr.h **** 
 456:./system/core_cmInstr.h ****     Instruction Synchronization Barrier flushes the pipeline in the processor,
 457:./system/core_cmInstr.h ****     so that all instructions following the ISB are fetched from cache or
 458:./system/core_cmInstr.h ****     memory, after the instruction has been completed.
 459:./system/core_cmInstr.h ****  */
 460:./system/core_cmInstr.h **** __attribute__((always_inline)) __STATIC_INLINE void __ISB(void)
 461:./system/core_cmInstr.h **** {
 462:./system/core_cmInstr.h ****   __ASM volatile ("isb 0xF":::"memory");
 463:./system/core_cmInstr.h **** }
 464:./system/core_cmInstr.h **** 
 465:./system/core_cmInstr.h **** 
 466:./system/core_cmInstr.h **** /** \brief  Data Synchronization Barrier
 467:./system/core_cmInstr.h **** 
 468:./system/core_cmInstr.h ****     This function acts as a special kind of Data Memory Barrier.
 469:./system/core_cmInstr.h ****     It completes when all explicit memory accesses before this instruction complete.
 470:./system/core_cmInstr.h ****  */
 471:./system/core_cmInstr.h **** __attribute__((always_inline)) __STATIC_INLINE void __DSB(void)
 472:./system/core_cmInstr.h **** {
 473:./system/core_cmInstr.h ****   __ASM volatile ("dsb 0xF":::"memory");
 474:./system/core_cmInstr.h **** }
 475:./system/core_cmInstr.h **** 
 476:./system/core_cmInstr.h **** 
 477:./system/core_cmInstr.h **** /** \brief  Data Memory Barrier
 478:./system/core_cmInstr.h **** 
 479:./system/core_cmInstr.h ****     This function ensures the apparent order of the explicit memory operations before
 480:./system/core_cmInstr.h ****     and after the instruction, without ensuring their completion.
 481:./system/core_cmInstr.h ****  */
 482:./system/core_cmInstr.h **** __attribute__((always_inline)) __STATIC_INLINE void __DMB(void)
 483:./system/core_cmInstr.h **** {
 484:./system/core_cmInstr.h ****   __ASM volatile ("dmb 0xF":::"memory");
 485:./system/core_cmInstr.h **** }
 486:./system/core_cmInstr.h **** 
 487:./system/core_cmInstr.h **** 
 488:./system/core_cmInstr.h **** /** \brief  Reverse byte order (32 bit)
 489:./system/core_cmInstr.h **** 
 490:./system/core_cmInstr.h ****     This function reverses the byte order in integer value.
 491:./system/core_cmInstr.h **** 
 492:./system/core_cmInstr.h ****     \param [in]    value  Value to reverse
 493:./system/core_cmInstr.h ****     \return               Reversed value
 494:./system/core_cmInstr.h ****  */
 495:./system/core_cmInstr.h **** __attribute__((always_inline)) __STATIC_INLINE uint32_t __REV(uint32_t value)
 105              		.loc 2 495 57 is_stmt 1 view .LVU28
 106              	.LBB31:
 496:./system/core_cmInstr.h **** {
 497:./system/core_cmInstr.h **** #if (__GNUC__ > 4) || (__GNUC__ == 4 && __GNUC_MINOR__ >= 5)
 498:./system/core_cmInstr.h ****   return __builtin_bswap32(value);
 107              		.loc 2 498 3 view .LVU29
 108              		.loc 2 498 10 is_stmt 0 view .LVU30
 109 0034 1BBA     		rev	r3, r3
 110              	.LVL9:
 111              		.loc 2 498 10 view .LVU31
 112              	.LBE31:
 113              	.LBE30:
ARM GAS  /tmp/cctL9vQC.s 			page 14


 114              		.loc 1 131 44 discriminator 1 view .LVU32
 115 0036 0493     		str	r3, [sp, #16]
 132:./Libraries/src/stm32f4xx_cryp_tdes.c ****   keyaddr+=4;
 116              		.loc 1 132 3 is_stmt 1 view .LVU33
 117              	.LVL10:
 133:./Libraries/src/stm32f4xx_cryp_tdes.c ****   TDES_CRYP_KeyInitStructure.CRYP_Key1Right= __REV(*(uint32_t*)(keyaddr));
 118              		.loc 1 133 3 view .LVU34
 119              		.loc 1 133 46 is_stmt 0 view .LVU35
 120 0038 6B68     		ldr	r3, [r5, #4]
 121              	.LVL11:
 122              	.LBB32:
 123              	.LBI32:
 495:./system/core_cmInstr.h **** {
 124              		.loc 2 495 57 is_stmt 1 view .LVU36
 125              	.LBB33:
 126              		.loc 2 498 3 view .LVU37
 127              		.loc 2 498 10 is_stmt 0 view .LVU38
 128 003a 1BBA     		rev	r3, r3
 129              	.LVL12:
 130              		.loc 2 498 10 view .LVU39
 131              	.LBE33:
 132              	.LBE32:
 133              		.loc 1 133 44 discriminator 1 view .LVU40
 134 003c 0593     		str	r3, [sp, #20]
 134:./Libraries/src/stm32f4xx_cryp_tdes.c ****   keyaddr+=4;
 135              		.loc 1 134 3 is_stmt 1 view .LVU41
 136              	.LVL13:
 135:./Libraries/src/stm32f4xx_cryp_tdes.c ****   TDES_CRYP_KeyInitStructure.CRYP_Key2Left = __REV(*(uint32_t*)(keyaddr));
 137              		.loc 1 135 3 view .LVU42
 138              		.loc 1 135 46 is_stmt 0 view .LVU43
 139 003e AB68     		ldr	r3, [r5, #8]
 140              	.LVL14:
 141              	.LBB34:
 142              	.LBI34:
 495:./system/core_cmInstr.h **** {
 143              		.loc 2 495 57 is_stmt 1 view .LVU44
 144              	.LBB35:
 145              		.loc 2 498 3 view .LVU45
 146              		.loc 2 498 10 is_stmt 0 view .LVU46
 147 0040 1BBA     		rev	r3, r3
 148              	.LVL15:
 149              		.loc 2 498 10 view .LVU47
 150              	.LBE35:
 151              	.LBE34:
 152              		.loc 1 135 44 discriminator 1 view .LVU48
 153 0042 0693     		str	r3, [sp, #24]
 136:./Libraries/src/stm32f4xx_cryp_tdes.c ****   keyaddr+=4;
 154              		.loc 1 136 3 is_stmt 1 view .LVU49
 155              	.LVL16:
 137:./Libraries/src/stm32f4xx_cryp_tdes.c ****   TDES_CRYP_KeyInitStructure.CRYP_Key2Right= __REV(*(uint32_t*)(keyaddr));
 156              		.loc 1 137 3 view .LVU50
 157              		.loc 1 137 46 is_stmt 0 view .LVU51
 158 0044 EB68     		ldr	r3, [r5, #12]
 159              	.LVL17:
 160              	.LBB36:
 161              	.LBI36:
 495:./system/core_cmInstr.h **** {
ARM GAS  /tmp/cctL9vQC.s 			page 15


 162              		.loc 2 495 57 is_stmt 1 view .LVU52
 163              	.LBB37:
 164              		.loc 2 498 3 view .LVU53
 165              		.loc 2 498 10 is_stmt 0 view .LVU54
 166 0046 1BBA     		rev	r3, r3
 167              	.LVL18:
 168              		.loc 2 498 10 view .LVU55
 169              	.LBE37:
 170              	.LBE36:
 171              		.loc 1 137 44 discriminator 1 view .LVU56
 172 0048 0793     		str	r3, [sp, #28]
 138:./Libraries/src/stm32f4xx_cryp_tdes.c ****   keyaddr+=4;
 173              		.loc 1 138 3 is_stmt 1 view .LVU57
 174              	.LVL19:
 139:./Libraries/src/stm32f4xx_cryp_tdes.c ****   TDES_CRYP_KeyInitStructure.CRYP_Key3Left = __REV(*(uint32_t*)(keyaddr));
 175              		.loc 1 139 3 view .LVU58
 176              		.loc 1 139 46 is_stmt 0 view .LVU59
 177 004a 2B69     		ldr	r3, [r5, #16]
 178              	.LVL20:
 179              	.LBB38:
 180              	.LBI38:
 495:./system/core_cmInstr.h **** {
 181              		.loc 2 495 57 is_stmt 1 view .LVU60
 182              	.LBB39:
 183              		.loc 2 498 3 view .LVU61
 184              		.loc 2 498 10 is_stmt 0 view .LVU62
 185 004c 1BBA     		rev	r3, r3
 186              	.LVL21:
 187              		.loc 2 498 10 view .LVU63
 188              	.LBE39:
 189              	.LBE38:
 190              		.loc 1 139 44 discriminator 1 view .LVU64
 191 004e 0893     		str	r3, [sp, #32]
 140:./Libraries/src/stm32f4xx_cryp_tdes.c ****   keyaddr+=4;
 192              		.loc 1 140 3 is_stmt 1 view .LVU65
 193              	.LVL22:
 141:./Libraries/src/stm32f4xx_cryp_tdes.c ****   TDES_CRYP_KeyInitStructure.CRYP_Key3Right= __REV(*(uint32_t*)(keyaddr));
 194              		.loc 1 141 3 view .LVU66
 195              		.loc 1 141 46 is_stmt 0 view .LVU67
 196 0050 6B69     		ldr	r3, [r5, #20]
 197              	.LVL23:
 198              	.LBB40:
 199              	.LBI40:
 495:./system/core_cmInstr.h **** {
 200              		.loc 2 495 57 is_stmt 1 view .LVU68
 201              	.LBB41:
 202              		.loc 2 498 3 view .LVU69
 203              		.loc 2 498 10 is_stmt 0 view .LVU70
 204 0052 1BBA     		rev	r3, r3
 205              	.LVL24:
 206              		.loc 2 498 10 view .LVU71
 207              	.LBE41:
 208              	.LBE40:
 209              		.loc 1 141 44 discriminator 1 view .LVU72
 210 0054 0993     		str	r3, [sp, #36]
 142:./Libraries/src/stm32f4xx_cryp_tdes.c ****   CRYP_KeyInit(& TDES_CRYP_KeyInitStructure);
 211              		.loc 1 142 3 is_stmt 1 view .LVU73
ARM GAS  /tmp/cctL9vQC.s 			page 16


 212 0056 02A8     		add	r0, sp, #8
 213 0058 FFF7FEFF 		bl	CRYP_KeyInit
 214              	.LVL25:
 143:./Libraries/src/stm32f4xx_cryp_tdes.c **** 
 144:./Libraries/src/stm32f4xx_cryp_tdes.c ****   /* Flush IN/OUT FIFO */
 145:./Libraries/src/stm32f4xx_cryp_tdes.c ****   CRYP_FIFOFlush();
 215              		.loc 1 145 3 view .LVU74
 216 005c FFF7FEFF 		bl	CRYP_FIFOFlush
 217              	.LVL26:
 146:./Libraries/src/stm32f4xx_cryp_tdes.c **** 
 147:./Libraries/src/stm32f4xx_cryp_tdes.c ****   /* Enable Crypto processor */
 148:./Libraries/src/stm32f4xx_cryp_tdes.c ****   CRYP_Cmd(ENABLE);
 218              		.loc 1 148 3 view .LVU75
 219 0060 0120     		movs	r0, #1
 220 0062 FFF7FEFF 		bl	CRYP_Cmd
 221              	.LVL27:
 149:./Libraries/src/stm32f4xx_cryp_tdes.c **** 
 150:./Libraries/src/stm32f4xx_cryp_tdes.c ****   if(CRYP_GetCmdStatus() == DISABLE)
 222              		.loc 1 150 3 view .LVU76
 223              		.loc 1 150 6 is_stmt 0 view .LVU77
 224 0066 FFF7FEFF 		bl	CRYP_GetCmdStatus
 225              	.LVL28:
 226              		.loc 1 150 5 discriminator 1 view .LVU78
 227 006a 0646     		mov	r6, r0
 228              	.LVL29:
 229              		.loc 1 150 5 discriminator 1 view .LVU79
 230 006c 78B3     		cbz	r0, .L4
 151:./Libraries/src/stm32f4xx_cryp_tdes.c ****   {
 152:./Libraries/src/stm32f4xx_cryp_tdes.c ****     /* The CRYP peripheral clock is not enabled or the device doesn't embed 
 153:./Libraries/src/stm32f4xx_cryp_tdes.c ****     the CRYP peripheral (please check the device sales type. */
 154:./Libraries/src/stm32f4xx_cryp_tdes.c ****     status = ERROR;
 155:./Libraries/src/stm32f4xx_cryp_tdes.c ****   }
 156:./Libraries/src/stm32f4xx_cryp_tdes.c ****   else
 157:./Libraries/src/stm32f4xx_cryp_tdes.c ****   {
 158:./Libraries/src/stm32f4xx_cryp_tdes.c ****     for(i=0; ((i<Ilength) && (status != ERROR)); i+=8)
 231              		.loc 1 158 10 view .LVU80
 232 006e 0025     		movs	r5, #0
 233              	.LVL30:
 107:./Libraries/src/stm32f4xx_cryp_tdes.c ****   uint32_t keyaddr    = (uint32_t)Key;
 234              		.loc 1 107 15 view .LVU81
 235 0070 0126     		movs	r6, #1
 236 0072 05E0     		b	.L5
 237              	.LVL31:
 238              	.L13:
 119:./Libraries/src/stm32f4xx_cryp_tdes.c ****   }
 239              		.loc 1 119 6 is_stmt 1 view .LVU82
 119:./Libraries/src/stm32f4xx_cryp_tdes.c ****   }
 240              		.loc 1 119 43 is_stmt 0 view .LVU83
 241 0074 0023     		movs	r3, #0
 242 0076 0A93     		str	r3, [sp, #40]
 243 0078 D4E7     		b	.L3
 244              	.LVL32:
 245              	.L6:
 159:./Libraries/src/stm32f4xx_cryp_tdes.c ****     {
 160:./Libraries/src/stm32f4xx_cryp_tdes.c ****       /* Write the Input block in the Input FIFO */
 161:./Libraries/src/stm32f4xx_cryp_tdes.c ****       CRYP_DataIn(*(uint32_t*)(inputaddr));
 162:./Libraries/src/stm32f4xx_cryp_tdes.c ****       inputaddr+=4;
ARM GAS  /tmp/cctL9vQC.s 			page 17


 163:./Libraries/src/stm32f4xx_cryp_tdes.c ****       CRYP_DataIn(*(uint32_t*)(inputaddr));
 164:./Libraries/src/stm32f4xx_cryp_tdes.c ****       inputaddr+=4;
 165:./Libraries/src/stm32f4xx_cryp_tdes.c ****       
 166:./Libraries/src/stm32f4xx_cryp_tdes.c ****       /* Wait until the complete message has been processed */
 167:./Libraries/src/stm32f4xx_cryp_tdes.c ****       counter = 0;
 168:./Libraries/src/stm32f4xx_cryp_tdes.c ****       do
 169:./Libraries/src/stm32f4xx_cryp_tdes.c ****       {
 170:./Libraries/src/stm32f4xx_cryp_tdes.c ****         busystatus = CRYP_GetFlagStatus(CRYP_FLAG_BUSY);
 171:./Libraries/src/stm32f4xx_cryp_tdes.c ****         counter++;
 172:./Libraries/src/stm32f4xx_cryp_tdes.c ****       }while ((counter != TDESBUSY_TIMEOUT) && (busystatus != RESET));
 173:./Libraries/src/stm32f4xx_cryp_tdes.c ****       
 174:./Libraries/src/stm32f4xx_cryp_tdes.c ****       if (busystatus != RESET)
 246              		.loc 1 174 7 is_stmt 1 view .LVU84
 247              		.loc 1 174 10 is_stmt 0 view .LVU85
 248 007a D0B1     		cbz	r0, .L14
 175:./Libraries/src/stm32f4xx_cryp_tdes.c ****       {
 176:./Libraries/src/stm32f4xx_cryp_tdes.c ****         status = ERROR;
 249              		.loc 1 176 16 view .LVU86
 250 007c 0026     		movs	r6, #0
 251              	.LVL33:
 252              	.L8:
 158:./Libraries/src/stm32f4xx_cryp_tdes.c ****     {
 253              		.loc 1 158 51 is_stmt 1 discriminator 2 view .LVU87
 254 007e 0835     		adds	r5, r5, #8
 255              	.LVL34:
 256              	.L5:
 158:./Libraries/src/stm32f4xx_cryp_tdes.c ****     {
 257              		.loc 1 158 27 discriminator 1 view .LVU88
 258 0080 BD42     		cmp	r5, r7
 259 0082 21D2     		bcs	.L9
 158:./Libraries/src/stm32f4xx_cryp_tdes.c ****     {
 260              		.loc 1 158 27 is_stmt 0 discriminator 3 view .LVU89
 261 0084 06B3     		cbz	r6, .L9
 161:./Libraries/src/stm32f4xx_cryp_tdes.c ****       inputaddr+=4;
 262              		.loc 1 161 7 is_stmt 1 view .LVU90
 263 0086 2068     		ldr	r0, [r4]
 264 0088 FFF7FEFF 		bl	CRYP_DataIn
 265              	.LVL35:
 162:./Libraries/src/stm32f4xx_cryp_tdes.c ****       CRYP_DataIn(*(uint32_t*)(inputaddr));
 266              		.loc 1 162 7 view .LVU91
 163:./Libraries/src/stm32f4xx_cryp_tdes.c ****       inputaddr+=4;
 267              		.loc 1 163 7 view .LVU92
 268 008c 6068     		ldr	r0, [r4, #4]
 269 008e FFF7FEFF 		bl	CRYP_DataIn
 270              	.LVL36:
 164:./Libraries/src/stm32f4xx_cryp_tdes.c ****       
 271              		.loc 1 164 7 view .LVU93
 164:./Libraries/src/stm32f4xx_cryp_tdes.c ****       
 272              		.loc 1 164 16 is_stmt 0 view .LVU94
 273 0092 0834     		adds	r4, r4, #8
 274              	.LVL37:
 167:./Libraries/src/stm32f4xx_cryp_tdes.c ****       do
 275              		.loc 1 167 7 is_stmt 1 view .LVU95
 167:./Libraries/src/stm32f4xx_cryp_tdes.c ****       do
 276              		.loc 1 167 15 is_stmt 0 view .LVU96
 277 0094 0023     		movs	r3, #0
 278 0096 0193     		str	r3, [sp, #4]
ARM GAS  /tmp/cctL9vQC.s 			page 18


 279              	.L7:
 168:./Libraries/src/stm32f4xx_cryp_tdes.c ****       {
 280              		.loc 1 168 7 is_stmt 1 view .LVU97
 170:./Libraries/src/stm32f4xx_cryp_tdes.c ****         counter++;
 281              		.loc 1 170 9 view .LVU98
 170:./Libraries/src/stm32f4xx_cryp_tdes.c ****         counter++;
 282              		.loc 1 170 22 is_stmt 0 view .LVU99
 283 0098 1020     		movs	r0, #16
 284 009a FFF7FEFF 		bl	CRYP_GetFlagStatus
 285              	.LVL38:
 171:./Libraries/src/stm32f4xx_cryp_tdes.c ****       }while ((counter != TDESBUSY_TIMEOUT) && (busystatus != RESET));
 286              		.loc 1 171 9 is_stmt 1 view .LVU100
 171:./Libraries/src/stm32f4xx_cryp_tdes.c ****       }while ((counter != TDESBUSY_TIMEOUT) && (busystatus != RESET));
 287              		.loc 1 171 16 is_stmt 0 view .LVU101
 288 009e 0199     		ldr	r1, [sp, #4]
 289 00a0 0131     		adds	r1, r1, #1
 290 00a2 0191     		str	r1, [sp, #4]
 172:./Libraries/src/stm32f4xx_cryp_tdes.c ****       
 291              		.loc 1 172 45 is_stmt 1 discriminator 2 view .LVU102
 172:./Libraries/src/stm32f4xx_cryp_tdes.c ****       
 292              		.loc 1 172 24 is_stmt 0 discriminator 2 view .LVU103
 293 00a4 019B     		ldr	r3, [sp, #4]
 172:./Libraries/src/stm32f4xx_cryp_tdes.c ****       
 294              		.loc 1 172 45 discriminator 2 view .LVU104
 295 00a6 B3F5803F 		cmp	r3, #65536
 296 00aa E6D0     		beq	.L6
 172:./Libraries/src/stm32f4xx_cryp_tdes.c ****       
 297              		.loc 1 172 45 discriminator 1 view .LVU105
 298 00ac 0028     		cmp	r0, #0
 299 00ae F3D1     		bne	.L7
 300 00b0 E3E7     		b	.L6
 301              	.L14:
 177:./Libraries/src/stm32f4xx_cryp_tdes.c ****       }
 178:./Libraries/src/stm32f4xx_cryp_tdes.c ****       else
 179:./Libraries/src/stm32f4xx_cryp_tdes.c ****       {
 180:./Libraries/src/stm32f4xx_cryp_tdes.c ****         
 181:./Libraries/src/stm32f4xx_cryp_tdes.c ****         /* Read the Output block from the Output FIFO */
 182:./Libraries/src/stm32f4xx_cryp_tdes.c ****         *(uint32_t*)(outputaddr) = CRYP_DataOut();
 302              		.loc 1 182 9 is_stmt 1 view .LVU106
 303              		.loc 1 182 36 is_stmt 0 view .LVU107
 304 00b2 FFF7FEFF 		bl	CRYP_DataOut
 305              	.LVL39:
 306              		.loc 1 182 34 discriminator 1 view .LVU108
 307 00b6 C8F80000 		str	r0, [r8]
 183:./Libraries/src/stm32f4xx_cryp_tdes.c ****         outputaddr+=4;
 308              		.loc 1 183 9 is_stmt 1 view .LVU109
 309              	.LVL40:
 184:./Libraries/src/stm32f4xx_cryp_tdes.c ****         *(uint32_t*)(outputaddr) = CRYP_DataOut();
 310              		.loc 1 184 9 view .LVU110
 311              		.loc 1 184 36 is_stmt 0 view .LVU111
 312 00ba FFF7FEFF 		bl	CRYP_DataOut
 313              	.LVL41:
 314              		.loc 1 184 34 discriminator 1 view .LVU112
 315 00be C8F80400 		str	r0, [r8, #4]
 185:./Libraries/src/stm32f4xx_cryp_tdes.c ****         outputaddr+=4;
 316              		.loc 1 185 9 is_stmt 1 view .LVU113
 317              		.loc 1 185 19 is_stmt 0 view .LVU114
ARM GAS  /tmp/cctL9vQC.s 			page 19


 318 00c2 08F10808 		add	r8, r8, #8
 319              	.LVL42:
 320              		.loc 1 185 19 view .LVU115
 321 00c6 DAE7     		b	.L8
 322              	.LVL43:
 323              	.L9:
 186:./Libraries/src/stm32f4xx_cryp_tdes.c ****       }
 187:./Libraries/src/stm32f4xx_cryp_tdes.c ****     }
 188:./Libraries/src/stm32f4xx_cryp_tdes.c ****     
 189:./Libraries/src/stm32f4xx_cryp_tdes.c ****     /* Disable Crypto */
 190:./Libraries/src/stm32f4xx_cryp_tdes.c ****     CRYP_Cmd(DISABLE);
 324              		.loc 1 190 5 is_stmt 1 view .LVU116
 325 00c8 0020     		movs	r0, #0
 326 00ca FFF7FEFF 		bl	CRYP_Cmd
 327              	.LVL44:
 328              	.L4:
 191:./Libraries/src/stm32f4xx_cryp_tdes.c ****   }
 192:./Libraries/src/stm32f4xx_cryp_tdes.c ****   return status; 
 329              		.loc 1 192 3 view .LVU117
 193:./Libraries/src/stm32f4xx_cryp_tdes.c **** }
 330              		.loc 1 193 1 is_stmt 0 view .LVU118
 331 00ce 3046     		mov	r0, r6
 332 00d0 0EB0     		add	sp, sp, #56
 333              	.LCFI2:
 334              		.cfi_def_cfa_offset 24
 335              		@ sp needed
 336 00d2 BDE8F081 		pop	{r4, r5, r6, r7, r8, pc}
 337              		.loc 1 193 1 view .LVU119
 338              		.cfi_endproc
 339              	.LFE123:
 341              		.section	.text.CRYP_TDES_CBC,"ax",%progbits
 342              		.align	1
 343              		.global	CRYP_TDES_CBC
 344              		.syntax unified
 345              		.thumb
 346              		.thumb_func
 348              	CRYP_TDES_CBC:
 349              	.LVL45:
 350              	.LFB124:
 194:./Libraries/src/stm32f4xx_cryp_tdes.c **** 
 195:./Libraries/src/stm32f4xx_cryp_tdes.c **** /**
 196:./Libraries/src/stm32f4xx_cryp_tdes.c ****   * @brief  Encrypt and decrypt using TDES in CBC Mode
 197:./Libraries/src/stm32f4xx_cryp_tdes.c ****   * @param  Mode: encryption or decryption Mode.
 198:./Libraries/src/stm32f4xx_cryp_tdes.c ****   *           This parameter can be one of the following values:
 199:./Libraries/src/stm32f4xx_cryp_tdes.c ****   *            @arg MODE_ENCRYPT: Encryption
 200:./Libraries/src/stm32f4xx_cryp_tdes.c ****   *            @arg MODE_DECRYPT: Decryption
 201:./Libraries/src/stm32f4xx_cryp_tdes.c ****   * @param  Key: Key used for TDES algorithm.
 202:./Libraries/src/stm32f4xx_cryp_tdes.c ****   * @param  InitVectors: Initialisation Vectors used for TDES algorithm.
 203:./Libraries/src/stm32f4xx_cryp_tdes.c ****   * @param  Input: pointer to the Input buffer.
 204:./Libraries/src/stm32f4xx_cryp_tdes.c ****   * @param  Ilength: length of the Input buffer, must be a multiple of 8.
 205:./Libraries/src/stm32f4xx_cryp_tdes.c ****   * @param  Output: pointer to the returned buffer.
 206:./Libraries/src/stm32f4xx_cryp_tdes.c ****   * @retval An ErrorStatus enumeration value:
 207:./Libraries/src/stm32f4xx_cryp_tdes.c ****   *          - SUCCESS: Operation done
 208:./Libraries/src/stm32f4xx_cryp_tdes.c ****   *          - ERROR: Operation failed
 209:./Libraries/src/stm32f4xx_cryp_tdes.c ****   */
 210:./Libraries/src/stm32f4xx_cryp_tdes.c **** ErrorStatus CRYP_TDES_CBC(uint8_t Mode, uint8_t Key[24], uint8_t InitVectors[8],
 211:./Libraries/src/stm32f4xx_cryp_tdes.c ****                           uint8_t *Input, uint32_t Ilength, uint8_t *Output)
ARM GAS  /tmp/cctL9vQC.s 			page 20


 212:./Libraries/src/stm32f4xx_cryp_tdes.c **** {
 351              		.loc 1 212 1 is_stmt 1 view -0
 352              		.cfi_startproc
 353              		@ args = 8, pretend = 0, frame = 72
 354              		@ frame_needed = 0, uses_anonymous_args = 0
 355              		.loc 1 212 1 is_stmt 0 view .LVU121
 356 0000 2DE9F043 		push	{r4, r5, r6, r7, r8, r9, lr}
 357              	.LCFI3:
 358              		.cfi_def_cfa_offset 28
 359              		.cfi_offset 4, -28
 360              		.cfi_offset 5, -24
 361              		.cfi_offset 6, -20
 362              		.cfi_offset 7, -16
 363              		.cfi_offset 8, -12
 364              		.cfi_offset 9, -8
 365              		.cfi_offset 14, -4
 366 0004 93B0     		sub	sp, sp, #76
 367              	.LCFI4:
 368              		.cfi_def_cfa_offset 104
 369 0006 8146     		mov	r9, r0
 370 0008 0D46     		mov	r5, r1
 371 000a 1646     		mov	r6, r2
 372 000c DDF86880 		ldr	r8, [sp, #104]
 213:./Libraries/src/stm32f4xx_cryp_tdes.c ****   CRYP_InitTypeDef TDES_CRYP_InitStructure;
 373              		.loc 1 213 3 is_stmt 1 view .LVU122
 214:./Libraries/src/stm32f4xx_cryp_tdes.c ****   CRYP_KeyInitTypeDef TDES_CRYP_KeyInitStructure;
 374              		.loc 1 214 3 view .LVU123
 215:./Libraries/src/stm32f4xx_cryp_tdes.c ****   CRYP_IVInitTypeDef TDES_CRYP_IVInitStructure;
 375              		.loc 1 215 3 view .LVU124
 216:./Libraries/src/stm32f4xx_cryp_tdes.c ****   __IO uint32_t counter = 0;
 376              		.loc 1 216 3 view .LVU125
 377              		.loc 1 216 17 is_stmt 0 view .LVU126
 378 0010 0022     		movs	r2, #0
 379              	.LVL46:
 380              		.loc 1 216 17 view .LVU127
 381 0012 0192     		str	r2, [sp, #4]
 217:./Libraries/src/stm32f4xx_cryp_tdes.c ****   uint32_t busystatus = 0;
 382              		.loc 1 217 3 is_stmt 1 view .LVU128
 383              	.LVL47:
 218:./Libraries/src/stm32f4xx_cryp_tdes.c ****   ErrorStatus status = SUCCESS;
 384              		.loc 1 218 3 view .LVU129
 219:./Libraries/src/stm32f4xx_cryp_tdes.c ****   uint32_t keyaddr    = (uint32_t)Key;
 385              		.loc 1 219 3 view .LVU130
 220:./Libraries/src/stm32f4xx_cryp_tdes.c ****   uint32_t inputaddr  = (uint32_t)Input;
 386              		.loc 1 220 3 view .LVU131
 387              		.loc 1 220 12 is_stmt 0 view .LVU132
 388 0014 1C46     		mov	r4, r3
 389              	.LVL48:
 221:./Libraries/src/stm32f4xx_cryp_tdes.c ****   uint32_t outputaddr = (uint32_t)Output;
 390              		.loc 1 221 3 is_stmt 1 view .LVU133
 391              		.loc 1 221 12 is_stmt 0 view .LVU134
 392 0016 1B9F     		ldr	r7, [sp, #108]
 393              	.LVL49:
 222:./Libraries/src/stm32f4xx_cryp_tdes.c ****   uint32_t ivaddr     = (uint32_t)InitVectors;
 394              		.loc 1 222 3 is_stmt 1 view .LVU135
 223:./Libraries/src/stm32f4xx_cryp_tdes.c ****   uint32_t i = 0;
 395              		.loc 1 223 3 view .LVU136
ARM GAS  /tmp/cctL9vQC.s 			page 21


 224:./Libraries/src/stm32f4xx_cryp_tdes.c **** 
 225:./Libraries/src/stm32f4xx_cryp_tdes.c ****   /* Crypto structures initialisation*/
 226:./Libraries/src/stm32f4xx_cryp_tdes.c ****   CRYP_KeyStructInit(&TDES_CRYP_KeyInitStructure);
 396              		.loc 1 226 3 view .LVU137
 397 0018 06A8     		add	r0, sp, #24
 398              	.LVL50:
 399              		.loc 1 226 3 is_stmt 0 view .LVU138
 400 001a FFF7FEFF 		bl	CRYP_KeyStructInit
 401              	.LVL51:
 227:./Libraries/src/stm32f4xx_cryp_tdes.c **** 
 228:./Libraries/src/stm32f4xx_cryp_tdes.c ****   /* Crypto Init for Encryption process */
 229:./Libraries/src/stm32f4xx_cryp_tdes.c ****   if(Mode == MODE_ENCRYPT) /* TDES encryption */
 402              		.loc 1 229 3 is_stmt 1 view .LVU139
 403              		.loc 1 229 5 is_stmt 0 view .LVU140
 404 001e B9F1010F 		cmp	r9, #1
 405 0022 32D0     		beq	.L27
 230:./Libraries/src/stm32f4xx_cryp_tdes.c ****   {
 231:./Libraries/src/stm32f4xx_cryp_tdes.c ****     TDES_CRYP_InitStructure.CRYP_AlgoDir = CRYP_AlgoDir_Encrypt;
 232:./Libraries/src/stm32f4xx_cryp_tdes.c ****   }
 233:./Libraries/src/stm32f4xx_cryp_tdes.c ****   else
 234:./Libraries/src/stm32f4xx_cryp_tdes.c ****   {
 235:./Libraries/src/stm32f4xx_cryp_tdes.c ****     TDES_CRYP_InitStructure.CRYP_AlgoDir = CRYP_AlgoDir_Decrypt;
 406              		.loc 1 235 5 is_stmt 1 view .LVU141
 407              		.loc 1 235 42 is_stmt 0 view .LVU142
 408 0024 0423     		movs	r3, #4
 409 0026 0E93     		str	r3, [sp, #56]
 410              	.L17:
 236:./Libraries/src/stm32f4xx_cryp_tdes.c ****   }
 237:./Libraries/src/stm32f4xx_cryp_tdes.c ****   TDES_CRYP_InitStructure.CRYP_AlgoMode = CRYP_AlgoMode_TDES_CBC;
 411              		.loc 1 237 3 is_stmt 1 view .LVU143
 412              		.loc 1 237 41 is_stmt 0 view .LVU144
 413 0028 0823     		movs	r3, #8
 414 002a 0F93     		str	r3, [sp, #60]
 238:./Libraries/src/stm32f4xx_cryp_tdes.c ****   TDES_CRYP_InitStructure.CRYP_DataType = CRYP_DataType_8b;
 415              		.loc 1 238 3 is_stmt 1 view .LVU145
 416              		.loc 1 238 41 is_stmt 0 view .LVU146
 417 002c 8023     		movs	r3, #128
 418 002e 1093     		str	r3, [sp, #64]
 239:./Libraries/src/stm32f4xx_cryp_tdes.c **** 
 240:./Libraries/src/stm32f4xx_cryp_tdes.c ****   CRYP_Init(&TDES_CRYP_InitStructure);
 419              		.loc 1 240 3 is_stmt 1 view .LVU147
 420 0030 0EA8     		add	r0, sp, #56
 421 0032 FFF7FEFF 		bl	CRYP_Init
 422              	.LVL52:
 241:./Libraries/src/stm32f4xx_cryp_tdes.c **** 
 242:./Libraries/src/stm32f4xx_cryp_tdes.c ****   /* Key Initialisation */
 243:./Libraries/src/stm32f4xx_cryp_tdes.c ****   TDES_CRYP_KeyInitStructure.CRYP_Key1Left = __REV(*(uint32_t*)(keyaddr));
 423              		.loc 1 243 3 view .LVU148
 424              		.loc 1 243 46 is_stmt 0 view .LVU149
 425 0036 2B68     		ldr	r3, [r5]
 426              	.LVL53:
 427              	.LBB42:
 428              	.LBI42:
 495:./system/core_cmInstr.h **** {
 429              		.loc 2 495 57 is_stmt 1 view .LVU150
 430              	.LBB43:
 431              		.loc 2 498 3 view .LVU151
ARM GAS  /tmp/cctL9vQC.s 			page 22


 432              		.loc 2 498 10 is_stmt 0 view .LVU152
 433 0038 1BBA     		rev	r3, r3
 434              	.LVL54:
 435              		.loc 2 498 10 view .LVU153
 436              	.LBE43:
 437              	.LBE42:
 438              		.loc 1 243 44 discriminator 1 view .LVU154
 439 003a 0893     		str	r3, [sp, #32]
 244:./Libraries/src/stm32f4xx_cryp_tdes.c ****   keyaddr+=4;
 440              		.loc 1 244 3 is_stmt 1 view .LVU155
 441              	.LVL55:
 245:./Libraries/src/stm32f4xx_cryp_tdes.c ****   TDES_CRYP_KeyInitStructure.CRYP_Key1Right= __REV(*(uint32_t*)(keyaddr));
 442              		.loc 1 245 3 view .LVU156
 443              		.loc 1 245 46 is_stmt 0 view .LVU157
 444 003c 6B68     		ldr	r3, [r5, #4]
 445              	.LVL56:
 446              	.LBB44:
 447              	.LBI44:
 495:./system/core_cmInstr.h **** {
 448              		.loc 2 495 57 is_stmt 1 view .LVU158
 449              	.LBB45:
 450              		.loc 2 498 3 view .LVU159
 451              		.loc 2 498 10 is_stmt 0 view .LVU160
 452 003e 1BBA     		rev	r3, r3
 453              	.LVL57:
 454              		.loc 2 498 10 view .LVU161
 455              	.LBE45:
 456              	.LBE44:
 457              		.loc 1 245 44 discriminator 1 view .LVU162
 458 0040 0993     		str	r3, [sp, #36]
 246:./Libraries/src/stm32f4xx_cryp_tdes.c ****   keyaddr+=4;
 459              		.loc 1 246 3 is_stmt 1 view .LVU163
 460              	.LVL58:
 247:./Libraries/src/stm32f4xx_cryp_tdes.c ****   TDES_CRYP_KeyInitStructure.CRYP_Key2Left = __REV(*(uint32_t*)(keyaddr));
 461              		.loc 1 247 3 view .LVU164
 462              		.loc 1 247 46 is_stmt 0 view .LVU165
 463 0042 AB68     		ldr	r3, [r5, #8]
 464              	.LVL59:
 465              	.LBB46:
 466              	.LBI46:
 495:./system/core_cmInstr.h **** {
 467              		.loc 2 495 57 is_stmt 1 view .LVU166
 468              	.LBB47:
 469              		.loc 2 498 3 view .LVU167
 470              		.loc 2 498 10 is_stmt 0 view .LVU168
 471 0044 1BBA     		rev	r3, r3
 472              	.LVL60:
 473              		.loc 2 498 10 view .LVU169
 474              	.LBE47:
 475              	.LBE46:
 476              		.loc 1 247 44 discriminator 1 view .LVU170
 477 0046 0A93     		str	r3, [sp, #40]
 248:./Libraries/src/stm32f4xx_cryp_tdes.c ****   keyaddr+=4;
 478              		.loc 1 248 3 is_stmt 1 view .LVU171
 479              	.LVL61:
 249:./Libraries/src/stm32f4xx_cryp_tdes.c ****   TDES_CRYP_KeyInitStructure.CRYP_Key2Right= __REV(*(uint32_t*)(keyaddr));
 480              		.loc 1 249 3 view .LVU172
ARM GAS  /tmp/cctL9vQC.s 			page 23


 481              		.loc 1 249 46 is_stmt 0 view .LVU173
 482 0048 EB68     		ldr	r3, [r5, #12]
 483              	.LVL62:
 484              	.LBB48:
 485              	.LBI48:
 495:./system/core_cmInstr.h **** {
 486              		.loc 2 495 57 is_stmt 1 view .LVU174
 487              	.LBB49:
 488              		.loc 2 498 3 view .LVU175
 489              		.loc 2 498 10 is_stmt 0 view .LVU176
 490 004a 1BBA     		rev	r3, r3
 491              	.LVL63:
 492              		.loc 2 498 10 view .LVU177
 493              	.LBE49:
 494              	.LBE48:
 495              		.loc 1 249 44 discriminator 1 view .LVU178
 496 004c 0B93     		str	r3, [sp, #44]
 250:./Libraries/src/stm32f4xx_cryp_tdes.c ****   keyaddr+=4;
 497              		.loc 1 250 3 is_stmt 1 view .LVU179
 498              	.LVL64:
 251:./Libraries/src/stm32f4xx_cryp_tdes.c ****   TDES_CRYP_KeyInitStructure.CRYP_Key3Left = __REV(*(uint32_t*)(keyaddr));
 499              		.loc 1 251 3 view .LVU180
 500              		.loc 1 251 46 is_stmt 0 view .LVU181
 501 004e 2B69     		ldr	r3, [r5, #16]
 502              	.LVL65:
 503              	.LBB50:
 504              	.LBI50:
 495:./system/core_cmInstr.h **** {
 505              		.loc 2 495 57 is_stmt 1 view .LVU182
 506              	.LBB51:
 507              		.loc 2 498 3 view .LVU183
 508              		.loc 2 498 10 is_stmt 0 view .LVU184
 509 0050 1BBA     		rev	r3, r3
 510              	.LVL66:
 511              		.loc 2 498 10 view .LVU185
 512              	.LBE51:
 513              	.LBE50:
 514              		.loc 1 251 44 discriminator 1 view .LVU186
 515 0052 0C93     		str	r3, [sp, #48]
 252:./Libraries/src/stm32f4xx_cryp_tdes.c ****   keyaddr+=4;
 516              		.loc 1 252 3 is_stmt 1 view .LVU187
 517              	.LVL67:
 253:./Libraries/src/stm32f4xx_cryp_tdes.c ****   TDES_CRYP_KeyInitStructure.CRYP_Key3Right= __REV(*(uint32_t*)(keyaddr));
 518              		.loc 1 253 3 view .LVU188
 519              		.loc 1 253 46 is_stmt 0 view .LVU189
 520 0054 6B69     		ldr	r3, [r5, #20]
 521              	.LVL68:
 522              	.LBB52:
 523              	.LBI52:
 495:./system/core_cmInstr.h **** {
 524              		.loc 2 495 57 is_stmt 1 view .LVU190
 525              	.LBB53:
 526              		.loc 2 498 3 view .LVU191
 527              		.loc 2 498 10 is_stmt 0 view .LVU192
 528 0056 1BBA     		rev	r3, r3
 529              	.LVL69:
 530              		.loc 2 498 10 view .LVU193
ARM GAS  /tmp/cctL9vQC.s 			page 24


 531              	.LBE53:
 532              	.LBE52:
 533              		.loc 1 253 44 discriminator 1 view .LVU194
 534 0058 0D93     		str	r3, [sp, #52]
 254:./Libraries/src/stm32f4xx_cryp_tdes.c ****   CRYP_KeyInit(& TDES_CRYP_KeyInitStructure);
 535              		.loc 1 254 3 is_stmt 1 view .LVU195
 536 005a 06A8     		add	r0, sp, #24
 537 005c FFF7FEFF 		bl	CRYP_KeyInit
 538              	.LVL70:
 255:./Libraries/src/stm32f4xx_cryp_tdes.c ****   
 256:./Libraries/src/stm32f4xx_cryp_tdes.c ****   /* Initialization Vectors */
 257:./Libraries/src/stm32f4xx_cryp_tdes.c ****   TDES_CRYP_IVInitStructure.CRYP_IV0Left = __REV(*(uint32_t*)(ivaddr));
 539              		.loc 1 257 3 view .LVU196
 540              		.loc 1 257 44 is_stmt 0 view .LVU197
 541 0060 3368     		ldr	r3, [r6]
 542              	.LVL71:
 543              	.LBB54:
 544              	.LBI54:
 495:./system/core_cmInstr.h **** {
 545              		.loc 2 495 57 is_stmt 1 view .LVU198
 546              	.LBB55:
 547              		.loc 2 498 3 view .LVU199
 548              		.loc 2 498 10 is_stmt 0 view .LVU200
 549 0062 1BBA     		rev	r3, r3
 550              	.LVL72:
 551              		.loc 2 498 10 view .LVU201
 552              	.LBE55:
 553              	.LBE54:
 554              		.loc 1 257 42 discriminator 1 view .LVU202
 555 0064 0293     		str	r3, [sp, #8]
 258:./Libraries/src/stm32f4xx_cryp_tdes.c ****   ivaddr+=4;
 556              		.loc 1 258 3 is_stmt 1 view .LVU203
 557              	.LVL73:
 259:./Libraries/src/stm32f4xx_cryp_tdes.c ****   TDES_CRYP_IVInitStructure.CRYP_IV0Right= __REV(*(uint32_t*)(ivaddr));
 558              		.loc 1 259 3 view .LVU204
 559              		.loc 1 259 44 is_stmt 0 view .LVU205
 560 0066 7368     		ldr	r3, [r6, #4]
 561              	.LVL74:
 562              	.LBB56:
 563              	.LBI56:
 495:./system/core_cmInstr.h **** {
 564              		.loc 2 495 57 is_stmt 1 view .LVU206
 565              	.LBB57:
 566              		.loc 2 498 3 view .LVU207
 567              		.loc 2 498 10 is_stmt 0 view .LVU208
 568 0068 1BBA     		rev	r3, r3
 569              	.LVL75:
 570              		.loc 2 498 10 view .LVU209
 571              	.LBE57:
 572              	.LBE56:
 573              		.loc 1 259 42 discriminator 1 view .LVU210
 574 006a 0393     		str	r3, [sp, #12]
 260:./Libraries/src/stm32f4xx_cryp_tdes.c ****   CRYP_IVInit(&TDES_CRYP_IVInitStructure);
 575              		.loc 1 260 3 is_stmt 1 view .LVU211
 576 006c 02A8     		add	r0, sp, #8
 577 006e FFF7FEFF 		bl	CRYP_IVInit
 578              	.LVL76:
ARM GAS  /tmp/cctL9vQC.s 			page 25


 261:./Libraries/src/stm32f4xx_cryp_tdes.c ****   
 262:./Libraries/src/stm32f4xx_cryp_tdes.c ****   /* Flush IN/OUT FIFO */
 263:./Libraries/src/stm32f4xx_cryp_tdes.c ****   CRYP_FIFOFlush();
 579              		.loc 1 263 3 view .LVU212
 580 0072 FFF7FEFF 		bl	CRYP_FIFOFlush
 581              	.LVL77:
 264:./Libraries/src/stm32f4xx_cryp_tdes.c ****   
 265:./Libraries/src/stm32f4xx_cryp_tdes.c ****   /* Enable Crypto processor */
 266:./Libraries/src/stm32f4xx_cryp_tdes.c ****   CRYP_Cmd(ENABLE);
 582              		.loc 1 266 3 view .LVU213
 583 0076 0120     		movs	r0, #1
 584 0078 FFF7FEFF 		bl	CRYP_Cmd
 585              	.LVL78:
 267:./Libraries/src/stm32f4xx_cryp_tdes.c ****   
 268:./Libraries/src/stm32f4xx_cryp_tdes.c ****   if(CRYP_GetCmdStatus() == DISABLE)
 586              		.loc 1 268 3 view .LVU214
 587              		.loc 1 268 6 is_stmt 0 view .LVU215
 588 007c FFF7FEFF 		bl	CRYP_GetCmdStatus
 589              	.LVL79:
 590              		.loc 1 268 5 discriminator 1 view .LVU216
 591 0080 0646     		mov	r6, r0
 592              	.LVL80:
 593              		.loc 1 268 5 discriminator 1 view .LVU217
 594 0082 60B3     		cbz	r0, .L18
 269:./Libraries/src/stm32f4xx_cryp_tdes.c ****   {
 270:./Libraries/src/stm32f4xx_cryp_tdes.c ****     /* The CRYP peripheral clock is not enabled or the device doesn't embed 
 271:./Libraries/src/stm32f4xx_cryp_tdes.c ****     the CRYP peripheral (please check the device sales type. */
 272:./Libraries/src/stm32f4xx_cryp_tdes.c ****     status = ERROR;
 273:./Libraries/src/stm32f4xx_cryp_tdes.c ****   }
 274:./Libraries/src/stm32f4xx_cryp_tdes.c ****   else
 275:./Libraries/src/stm32f4xx_cryp_tdes.c ****   {
 276:./Libraries/src/stm32f4xx_cryp_tdes.c ****     for(i=0; ((i<Ilength) && (status != ERROR)); i+=8)
 595              		.loc 1 276 10 view .LVU218
 596 0084 0025     		movs	r5, #0
 597              	.LVL81:
 218:./Libraries/src/stm32f4xx_cryp_tdes.c ****   uint32_t keyaddr    = (uint32_t)Key;
 598              		.loc 1 218 15 view .LVU219
 599 0086 0126     		movs	r6, #1
 600 0088 05E0     		b	.L19
 601              	.LVL82:
 602              	.L27:
 231:./Libraries/src/stm32f4xx_cryp_tdes.c ****   }
 603              		.loc 1 231 5 is_stmt 1 view .LVU220
 231:./Libraries/src/stm32f4xx_cryp_tdes.c ****   }
 604              		.loc 1 231 42 is_stmt 0 view .LVU221
 605 008a 0023     		movs	r3, #0
 606 008c 0E93     		str	r3, [sp, #56]
 607 008e CBE7     		b	.L17
 608              	.LVL83:
 609              	.L20:
 277:./Libraries/src/stm32f4xx_cryp_tdes.c ****     {
 278:./Libraries/src/stm32f4xx_cryp_tdes.c ****       /* Write the Input block in the Input FIFO */
 279:./Libraries/src/stm32f4xx_cryp_tdes.c ****       CRYP_DataIn(*(uint32_t*)(inputaddr));
 280:./Libraries/src/stm32f4xx_cryp_tdes.c ****       inputaddr+=4;
 281:./Libraries/src/stm32f4xx_cryp_tdes.c ****       CRYP_DataIn(*(uint32_t*)(inputaddr));
 282:./Libraries/src/stm32f4xx_cryp_tdes.c ****       inputaddr+=4;
 283:./Libraries/src/stm32f4xx_cryp_tdes.c ****       
ARM GAS  /tmp/cctL9vQC.s 			page 26


 284:./Libraries/src/stm32f4xx_cryp_tdes.c ****       /* Wait until the complete message has been processed */
 285:./Libraries/src/stm32f4xx_cryp_tdes.c ****       counter = 0;
 286:./Libraries/src/stm32f4xx_cryp_tdes.c ****       do
 287:./Libraries/src/stm32f4xx_cryp_tdes.c ****       {
 288:./Libraries/src/stm32f4xx_cryp_tdes.c ****         busystatus = CRYP_GetFlagStatus(CRYP_FLAG_BUSY);
 289:./Libraries/src/stm32f4xx_cryp_tdes.c ****         counter++;
 290:./Libraries/src/stm32f4xx_cryp_tdes.c ****       }while ((counter != TDESBUSY_TIMEOUT) && (busystatus != RESET));
 291:./Libraries/src/stm32f4xx_cryp_tdes.c ****       
 292:./Libraries/src/stm32f4xx_cryp_tdes.c ****       if (busystatus != RESET)
 610              		.loc 1 292 7 is_stmt 1 view .LVU222
 611              		.loc 1 292 10 is_stmt 0 view .LVU223
 612 0090 D0B1     		cbz	r0, .L28
 293:./Libraries/src/stm32f4xx_cryp_tdes.c ****       {
 294:./Libraries/src/stm32f4xx_cryp_tdes.c ****         status = ERROR;
 613              		.loc 1 294 16 view .LVU224
 614 0092 0026     		movs	r6, #0
 615              	.LVL84:
 616              	.L22:
 276:./Libraries/src/stm32f4xx_cryp_tdes.c ****     {
 617              		.loc 1 276 51 is_stmt 1 discriminator 2 view .LVU225
 618 0094 0835     		adds	r5, r5, #8
 619              	.LVL85:
 620              	.L19:
 276:./Libraries/src/stm32f4xx_cryp_tdes.c ****     {
 621              		.loc 1 276 27 discriminator 1 view .LVU226
 622 0096 4545     		cmp	r5, r8
 623 0098 1ED2     		bcs	.L23
 276:./Libraries/src/stm32f4xx_cryp_tdes.c ****     {
 624              		.loc 1 276 27 is_stmt 0 discriminator 3 view .LVU227
 625 009a EEB1     		cbz	r6, .L23
 279:./Libraries/src/stm32f4xx_cryp_tdes.c ****       inputaddr+=4;
 626              		.loc 1 279 7 is_stmt 1 view .LVU228
 627 009c 2068     		ldr	r0, [r4]
 628 009e FFF7FEFF 		bl	CRYP_DataIn
 629              	.LVL86:
 280:./Libraries/src/stm32f4xx_cryp_tdes.c ****       CRYP_DataIn(*(uint32_t*)(inputaddr));
 630              		.loc 1 280 7 view .LVU229
 281:./Libraries/src/stm32f4xx_cryp_tdes.c ****       inputaddr+=4;
 631              		.loc 1 281 7 view .LVU230
 632 00a2 6068     		ldr	r0, [r4, #4]
 633 00a4 FFF7FEFF 		bl	CRYP_DataIn
 634              	.LVL87:
 282:./Libraries/src/stm32f4xx_cryp_tdes.c ****       
 635              		.loc 1 282 7 view .LVU231
 282:./Libraries/src/stm32f4xx_cryp_tdes.c ****       
 636              		.loc 1 282 16 is_stmt 0 view .LVU232
 637 00a8 0834     		adds	r4, r4, #8
 638              	.LVL88:
 285:./Libraries/src/stm32f4xx_cryp_tdes.c ****       do
 639              		.loc 1 285 7 is_stmt 1 view .LVU233
 285:./Libraries/src/stm32f4xx_cryp_tdes.c ****       do
 640              		.loc 1 285 15 is_stmt 0 view .LVU234
 641 00aa 0023     		movs	r3, #0
 642 00ac 0193     		str	r3, [sp, #4]
 643              	.L21:
 286:./Libraries/src/stm32f4xx_cryp_tdes.c ****       {
 644              		.loc 1 286 7 is_stmt 1 view .LVU235
ARM GAS  /tmp/cctL9vQC.s 			page 27


 288:./Libraries/src/stm32f4xx_cryp_tdes.c ****         counter++;
 645              		.loc 1 288 9 view .LVU236
 288:./Libraries/src/stm32f4xx_cryp_tdes.c ****         counter++;
 646              		.loc 1 288 22 is_stmt 0 view .LVU237
 647 00ae 1020     		movs	r0, #16
 648 00b0 FFF7FEFF 		bl	CRYP_GetFlagStatus
 649              	.LVL89:
 289:./Libraries/src/stm32f4xx_cryp_tdes.c ****       }while ((counter != TDESBUSY_TIMEOUT) && (busystatus != RESET));
 650              		.loc 1 289 9 is_stmt 1 view .LVU238
 289:./Libraries/src/stm32f4xx_cryp_tdes.c ****       }while ((counter != TDESBUSY_TIMEOUT) && (busystatus != RESET));
 651              		.loc 1 289 16 is_stmt 0 view .LVU239
 652 00b4 019A     		ldr	r2, [sp, #4]
 653 00b6 0132     		adds	r2, r2, #1
 654 00b8 0192     		str	r2, [sp, #4]
 290:./Libraries/src/stm32f4xx_cryp_tdes.c ****       
 655              		.loc 1 290 45 is_stmt 1 discriminator 2 view .LVU240
 290:./Libraries/src/stm32f4xx_cryp_tdes.c ****       
 656              		.loc 1 290 24 is_stmt 0 discriminator 2 view .LVU241
 657 00ba 019B     		ldr	r3, [sp, #4]
 290:./Libraries/src/stm32f4xx_cryp_tdes.c ****       
 658              		.loc 1 290 45 discriminator 2 view .LVU242
 659 00bc B3F5803F 		cmp	r3, #65536
 660 00c0 E6D0     		beq	.L20
 290:./Libraries/src/stm32f4xx_cryp_tdes.c ****       
 661              		.loc 1 290 45 discriminator 1 view .LVU243
 662 00c2 0028     		cmp	r0, #0
 663 00c4 F3D1     		bne	.L21
 664 00c6 E3E7     		b	.L20
 665              	.L28:
 295:./Libraries/src/stm32f4xx_cryp_tdes.c ****       }
 296:./Libraries/src/stm32f4xx_cryp_tdes.c ****       else
 297:./Libraries/src/stm32f4xx_cryp_tdes.c ****       {
 298:./Libraries/src/stm32f4xx_cryp_tdes.c ****         
 299:./Libraries/src/stm32f4xx_cryp_tdes.c ****         /* Read the Output block from the Output FIFO */
 300:./Libraries/src/stm32f4xx_cryp_tdes.c ****         *(uint32_t*)(outputaddr) = CRYP_DataOut();
 666              		.loc 1 300 9 is_stmt 1 view .LVU244
 667              		.loc 1 300 36 is_stmt 0 view .LVU245
 668 00c8 FFF7FEFF 		bl	CRYP_DataOut
 669              	.LVL90:
 670              		.loc 1 300 34 discriminator 1 view .LVU246
 671 00cc 3860     		str	r0, [r7]
 301:./Libraries/src/stm32f4xx_cryp_tdes.c ****         outputaddr+=4;
 672              		.loc 1 301 9 is_stmt 1 view .LVU247
 673              	.LVL91:
 302:./Libraries/src/stm32f4xx_cryp_tdes.c ****         *(uint32_t*)(outputaddr) = CRYP_DataOut();
 674              		.loc 1 302 9 view .LVU248
 675              		.loc 1 302 36 is_stmt 0 view .LVU249
 676 00ce FFF7FEFF 		bl	CRYP_DataOut
 677              	.LVL92:
 678              		.loc 1 302 34 discriminator 1 view .LVU250
 679 00d2 7860     		str	r0, [r7, #4]
 303:./Libraries/src/stm32f4xx_cryp_tdes.c ****         outputaddr+=4;
 680              		.loc 1 303 9 is_stmt 1 view .LVU251
 681              		.loc 1 303 19 is_stmt 0 view .LVU252
 682 00d4 0837     		adds	r7, r7, #8
 683              	.LVL93:
 684              		.loc 1 303 19 view .LVU253
ARM GAS  /tmp/cctL9vQC.s 			page 28


 685 00d6 DDE7     		b	.L22
 686              	.LVL94:
 687              	.L23:
 304:./Libraries/src/stm32f4xx_cryp_tdes.c ****       }
 305:./Libraries/src/stm32f4xx_cryp_tdes.c ****     }
 306:./Libraries/src/stm32f4xx_cryp_tdes.c ****     
 307:./Libraries/src/stm32f4xx_cryp_tdes.c ****     /* Disable Crypto */
 308:./Libraries/src/stm32f4xx_cryp_tdes.c ****     CRYP_Cmd(DISABLE);
 688              		.loc 1 308 5 is_stmt 1 view .LVU254
 689 00d8 0020     		movs	r0, #0
 690 00da FFF7FEFF 		bl	CRYP_Cmd
 691              	.LVL95:
 692              	.L18:
 309:./Libraries/src/stm32f4xx_cryp_tdes.c ****   }
 310:./Libraries/src/stm32f4xx_cryp_tdes.c ****   return status; 
 693              		.loc 1 310 3 view .LVU255
 311:./Libraries/src/stm32f4xx_cryp_tdes.c **** }
 694              		.loc 1 311 1 is_stmt 0 view .LVU256
 695 00de 3046     		mov	r0, r6
 696 00e0 13B0     		add	sp, sp, #76
 697              	.LCFI5:
 698              		.cfi_def_cfa_offset 28
 699              		@ sp needed
 700 00e2 BDE8F083 		pop	{r4, r5, r6, r7, r8, r9, pc}
 701              		.loc 1 311 1 view .LVU257
 702              		.cfi_endproc
 703              	.LFE124:
 705              		.text
 706              	.Letext0:
 707              		.file 3 "/opt/gcc-arm-none-eabi/arm-none-eabi/include/machine/_default_types.h"
 708              		.file 4 "/opt/gcc-arm-none-eabi/arm-none-eabi/include/sys/_stdint.h"
 709              		.file 5 "./system/stm32f4xx.h"
 710              		.file 6 "./Libraries/inc/stm32f4xx_cryp.h"
ARM GAS  /tmp/cctL9vQC.s 			page 29


DEFINED SYMBOLS
                            *ABS*:00000000 stm32f4xx_cryp_tdes.c
     /tmp/cctL9vQC.s:21     .text.CRYP_TDES_ECB:00000000 $t
     /tmp/cctL9vQC.s:27     .text.CRYP_TDES_ECB:00000000 CRYP_TDES_ECB
     /tmp/cctL9vQC.s:342    .text.CRYP_TDES_CBC:00000000 $t
     /tmp/cctL9vQC.s:348    .text.CRYP_TDES_CBC:00000000 CRYP_TDES_CBC

UNDEFINED SYMBOLS
CRYP_KeyStructInit
CRYP_Init
CRYP_KeyInit
CRYP_FIFOFlush
CRYP_Cmd
CRYP_GetCmdStatus
CRYP_DataIn
CRYP_GetFlagStatus
CRYP_DataOut
CRYP_IVInit
