ARM GAS  /tmp/ccIFt9K4.s 			page 1


   1              		.cpu cortex-m4
   2              		.arch armv7e-m
   3              		.fpu fpv4-sp-d16
   4              		.eabi_attribute 27, 1
   5              		.eabi_attribute 28, 1
   6              		.eabi_attribute 20, 1
   7              		.eabi_attribute 21, 1
   8              		.eabi_attribute 23, 3
   9              		.eabi_attribute 24, 1
  10              		.eabi_attribute 25, 1
  11              		.eabi_attribute 26, 1
  12              		.eabi_attribute 30, 1
  13              		.eabi_attribute 34, 1
  14              		.eabi_attribute 18, 4
  15              		.file	"stm32f4xx_cryp_des.c"
  16              		.text
  17              	.Ltext0:
  18              		.cfi_sections	.debug_frame
  19              		.file 1 "./Libraries/src/stm32f4xx_cryp_des.c"
  20              		.section	.text.CRYP_DES_ECB,"ax",%progbits
  21              		.align	1
  22              		.global	CRYP_DES_ECB
  23              		.syntax unified
  24              		.thumb
  25              		.thumb_func
  27              	CRYP_DES_ECB:
  28              	.LVL0:
  29              	.LFB123:
   1:./Libraries/src/stm32f4xx_cryp_des.c **** /**
   2:./Libraries/src/stm32f4xx_cryp_des.c ****   ******************************************************************************
   3:./Libraries/src/stm32f4xx_cryp_des.c ****   * @file    stm32f4xx_cryp_des.c
   4:./Libraries/src/stm32f4xx_cryp_des.c ****   * @author  MCD Application Team
   5:./Libraries/src/stm32f4xx_cryp_des.c ****   * @version V1.8.0
   6:./Libraries/src/stm32f4xx_cryp_des.c ****   * @date    04-November-2016
   7:./Libraries/src/stm32f4xx_cryp_des.c ****   * @brief   This file provides high level functions to encrypt and decrypt an 
   8:./Libraries/src/stm32f4xx_cryp_des.c ****   *          input message using DES in ECB/CBC modes.
   9:./Libraries/src/stm32f4xx_cryp_des.c ****   *          It uses the stm32f4xx_cryp.c/.h drivers to access the STM32F4xx CRYP
  10:./Libraries/src/stm32f4xx_cryp_des.c ****   *          peripheral.
  11:./Libraries/src/stm32f4xx_cryp_des.c ****   *
  12:./Libraries/src/stm32f4xx_cryp_des.c **** @verbatim
  13:./Libraries/src/stm32f4xx_cryp_des.c ****   
  14:./Libraries/src/stm32f4xx_cryp_des.c ****  ===================================================================
  15:./Libraries/src/stm32f4xx_cryp_des.c ****                   ##### How to use this driver #####
  16:./Libraries/src/stm32f4xx_cryp_des.c ****  ===================================================================
  17:./Libraries/src/stm32f4xx_cryp_des.c ****  [..] 
  18:./Libraries/src/stm32f4xx_cryp_des.c ****    (#) Enable The CRYP controller clock using 
  19:./Libraries/src/stm32f4xx_cryp_des.c ****        RCC_AHB2PeriphClockCmd(RCC_AHB2Periph_CRYP, ENABLE); function.
  20:./Libraries/src/stm32f4xx_cryp_des.c ****   
  21:./Libraries/src/stm32f4xx_cryp_des.c ****    (#) Encrypt and decrypt using DES in ECB Mode using CRYP_DES_ECB() function.
  22:./Libraries/src/stm32f4xx_cryp_des.c ****   
  23:./Libraries/src/stm32f4xx_cryp_des.c ****    (#) Encrypt and decrypt using DES in CBC Mode using CRYP_DES_CBC() function.
  24:./Libraries/src/stm32f4xx_cryp_des.c ****   
  25:./Libraries/src/stm32f4xx_cryp_des.c **** @endverbatim
  26:./Libraries/src/stm32f4xx_cryp_des.c ****   *
  27:./Libraries/src/stm32f4xx_cryp_des.c ****   ******************************************************************************
  28:./Libraries/src/stm32f4xx_cryp_des.c ****   * @attention
  29:./Libraries/src/stm32f4xx_cryp_des.c ****   *
ARM GAS  /tmp/ccIFt9K4.s 			page 2


  30:./Libraries/src/stm32f4xx_cryp_des.c ****   * <h2><center>&copy; COPYRIGHT 2016 STMicroelectronics</center></h2>
  31:./Libraries/src/stm32f4xx_cryp_des.c ****   *
  32:./Libraries/src/stm32f4xx_cryp_des.c ****   * Licensed under MCD-ST Liberty SW License Agreement V2, (the "License");
  33:./Libraries/src/stm32f4xx_cryp_des.c ****   * You may not use this file except in compliance with the License.
  34:./Libraries/src/stm32f4xx_cryp_des.c ****   * You may obtain a copy of the License at:
  35:./Libraries/src/stm32f4xx_cryp_des.c ****   *
  36:./Libraries/src/stm32f4xx_cryp_des.c ****   *        http://www.st.com/software_license_agreement_liberty_v2
  37:./Libraries/src/stm32f4xx_cryp_des.c ****   *
  38:./Libraries/src/stm32f4xx_cryp_des.c ****   * Unless required by applicable law or agreed to in writing, software 
  39:./Libraries/src/stm32f4xx_cryp_des.c ****   * distributed under the License is distributed on an "AS IS" BASIS, 
  40:./Libraries/src/stm32f4xx_cryp_des.c ****   * WITHOUT WARRANTIES OR CONDITIONS OF ANY KIND, either express or implied.
  41:./Libraries/src/stm32f4xx_cryp_des.c ****   * See the License for the specific language governing permissions and
  42:./Libraries/src/stm32f4xx_cryp_des.c ****   * limitations under the License.
  43:./Libraries/src/stm32f4xx_cryp_des.c ****   *
  44:./Libraries/src/stm32f4xx_cryp_des.c ****   ******************************************************************************
  45:./Libraries/src/stm32f4xx_cryp_des.c ****   */
  46:./Libraries/src/stm32f4xx_cryp_des.c **** 
  47:./Libraries/src/stm32f4xx_cryp_des.c **** /* Includes ------------------------------------------------------------------*/
  48:./Libraries/src/stm32f4xx_cryp_des.c **** #include "stm32f4xx_cryp.h"
  49:./Libraries/src/stm32f4xx_cryp_des.c **** 
  50:./Libraries/src/stm32f4xx_cryp_des.c **** 
  51:./Libraries/src/stm32f4xx_cryp_des.c **** /** @addtogroup STM32F4xx_StdPeriph_Driver
  52:./Libraries/src/stm32f4xx_cryp_des.c ****   * @{
  53:./Libraries/src/stm32f4xx_cryp_des.c ****   */
  54:./Libraries/src/stm32f4xx_cryp_des.c **** 
  55:./Libraries/src/stm32f4xx_cryp_des.c **** /** @defgroup CRYP 
  56:./Libraries/src/stm32f4xx_cryp_des.c ****   * @brief CRYP driver modules
  57:./Libraries/src/stm32f4xx_cryp_des.c ****   * @{
  58:./Libraries/src/stm32f4xx_cryp_des.c ****   */
  59:./Libraries/src/stm32f4xx_cryp_des.c **** 
  60:./Libraries/src/stm32f4xx_cryp_des.c **** /* Private typedef -----------------------------------------------------------*/
  61:./Libraries/src/stm32f4xx_cryp_des.c **** /* Private define ------------------------------------------------------------*/
  62:./Libraries/src/stm32f4xx_cryp_des.c **** #define DESBUSY_TIMEOUT    ((uint32_t) 0x00010000)
  63:./Libraries/src/stm32f4xx_cryp_des.c **** 
  64:./Libraries/src/stm32f4xx_cryp_des.c **** /* Private macro -------------------------------------------------------------*/
  65:./Libraries/src/stm32f4xx_cryp_des.c **** /* Private variables ---------------------------------------------------------*/
  66:./Libraries/src/stm32f4xx_cryp_des.c **** /* Private function prototypes -----------------------------------------------*/
  67:./Libraries/src/stm32f4xx_cryp_des.c **** /* Private functions ---------------------------------------------------------*/
  68:./Libraries/src/stm32f4xx_cryp_des.c **** 
  69:./Libraries/src/stm32f4xx_cryp_des.c **** 
  70:./Libraries/src/stm32f4xx_cryp_des.c **** /** @defgroup CRYP_Private_Functions
  71:./Libraries/src/stm32f4xx_cryp_des.c ****   * @{
  72:./Libraries/src/stm32f4xx_cryp_des.c ****   */ 
  73:./Libraries/src/stm32f4xx_cryp_des.c **** 
  74:./Libraries/src/stm32f4xx_cryp_des.c **** /** @defgroup CRYP_Group8 High Level DES functions
  75:./Libraries/src/stm32f4xx_cryp_des.c ****  *  @brief   High Level DES functions 
  76:./Libraries/src/stm32f4xx_cryp_des.c ****  *
  77:./Libraries/src/stm32f4xx_cryp_des.c **** @verbatim   
  78:./Libraries/src/stm32f4xx_cryp_des.c ****  ===============================================================================
  79:./Libraries/src/stm32f4xx_cryp_des.c ****                        ##### High Level DES functions #####
  80:./Libraries/src/stm32f4xx_cryp_des.c ****  ===============================================================================
  81:./Libraries/src/stm32f4xx_cryp_des.c **** @endverbatim
  82:./Libraries/src/stm32f4xx_cryp_des.c ****   * @{
  83:./Libraries/src/stm32f4xx_cryp_des.c ****   */
  84:./Libraries/src/stm32f4xx_cryp_des.c **** 
  85:./Libraries/src/stm32f4xx_cryp_des.c **** /**
  86:./Libraries/src/stm32f4xx_cryp_des.c ****   * @brief  Encrypt and decrypt using DES in ECB Mode
ARM GAS  /tmp/ccIFt9K4.s 			page 3


  87:./Libraries/src/stm32f4xx_cryp_des.c ****   * @param  Mode: encryption or decryption Mode.
  88:./Libraries/src/stm32f4xx_cryp_des.c ****   *           This parameter can be one of the following values:
  89:./Libraries/src/stm32f4xx_cryp_des.c ****   *            @arg MODE_ENCRYPT: Encryption
  90:./Libraries/src/stm32f4xx_cryp_des.c ****   *            @arg MODE_DECRYPT: Decryption
  91:./Libraries/src/stm32f4xx_cryp_des.c ****   * @param  Key: Key used for DES algorithm.
  92:./Libraries/src/stm32f4xx_cryp_des.c ****   * @param  Ilength: length of the Input buffer, must be a multiple of 8.
  93:./Libraries/src/stm32f4xx_cryp_des.c ****   * @param  Input: pointer to the Input buffer.
  94:./Libraries/src/stm32f4xx_cryp_des.c ****   * @param  Output: pointer to the returned buffer.
  95:./Libraries/src/stm32f4xx_cryp_des.c ****   * @retval An ErrorStatus enumeration value:
  96:./Libraries/src/stm32f4xx_cryp_des.c ****   *          - SUCCESS: Operation done
  97:./Libraries/src/stm32f4xx_cryp_des.c ****   *          - ERROR: Operation failed
  98:./Libraries/src/stm32f4xx_cryp_des.c ****   */
  99:./Libraries/src/stm32f4xx_cryp_des.c **** ErrorStatus CRYP_DES_ECB(uint8_t Mode, uint8_t Key[8], uint8_t *Input, 
 100:./Libraries/src/stm32f4xx_cryp_des.c ****                          uint32_t Ilength, uint8_t *Output)
 101:./Libraries/src/stm32f4xx_cryp_des.c **** {
  30              		.loc 1 101 1 view -0
  31              		.cfi_startproc
  32              		@ args = 4, pretend = 0, frame = 56
  33              		@ frame_needed = 0, uses_anonymous_args = 0
  34              		.loc 1 101 1 is_stmt 0 view .LVU1
  35 0000 2DE9F041 		push	{r4, r5, r6, r7, r8, lr}
  36              	.LCFI0:
  37              		.cfi_def_cfa_offset 24
  38              		.cfi_offset 4, -24
  39              		.cfi_offset 5, -20
  40              		.cfi_offset 6, -16
  41              		.cfi_offset 7, -12
  42              		.cfi_offset 8, -8
  43              		.cfi_offset 14, -4
  44 0004 8EB0     		sub	sp, sp, #56
  45              	.LCFI1:
  46              		.cfi_def_cfa_offset 80
  47 0006 0646     		mov	r6, r0
  48 0008 0D46     		mov	r5, r1
  49 000a 1F46     		mov	r7, r3
 102:./Libraries/src/stm32f4xx_cryp_des.c ****   CRYP_InitTypeDef DES_CRYP_InitStructure;
  50              		.loc 1 102 3 is_stmt 1 view .LVU2
 103:./Libraries/src/stm32f4xx_cryp_des.c ****   CRYP_KeyInitTypeDef DES_CRYP_KeyInitStructure;
  51              		.loc 1 103 3 view .LVU3
 104:./Libraries/src/stm32f4xx_cryp_des.c ****   __IO uint32_t counter = 0;
  52              		.loc 1 104 3 view .LVU4
  53              		.loc 1 104 17 is_stmt 0 view .LVU5
  54 000c 0023     		movs	r3, #0
  55              	.LVL1:
  56              		.loc 1 104 17 view .LVU6
  57 000e 0193     		str	r3, [sp, #4]
 105:./Libraries/src/stm32f4xx_cryp_des.c ****   uint32_t busystatus = 0;
  58              		.loc 1 105 3 is_stmt 1 view .LVU7
  59              	.LVL2:
 106:./Libraries/src/stm32f4xx_cryp_des.c ****   ErrorStatus status = SUCCESS;
  60              		.loc 1 106 3 view .LVU8
 107:./Libraries/src/stm32f4xx_cryp_des.c ****   uint32_t keyaddr    = (uint32_t)Key;
  61              		.loc 1 107 3 view .LVU9
 108:./Libraries/src/stm32f4xx_cryp_des.c ****   uint32_t inputaddr  = (uint32_t)Input;
  62              		.loc 1 108 3 view .LVU10
  63              		.loc 1 108 12 is_stmt 0 view .LVU11
  64 0010 1446     		mov	r4, r2
ARM GAS  /tmp/ccIFt9K4.s 			page 4


  65              	.LVL3:
 109:./Libraries/src/stm32f4xx_cryp_des.c ****   uint32_t outputaddr = (uint32_t)Output;
  66              		.loc 1 109 3 is_stmt 1 view .LVU12
  67              		.loc 1 109 12 is_stmt 0 view .LVU13
  68 0012 DDF85080 		ldr	r8, [sp, #80]
  69              	.LVL4:
 110:./Libraries/src/stm32f4xx_cryp_des.c ****   uint32_t i = 0;
  70              		.loc 1 110 3 is_stmt 1 view .LVU14
 111:./Libraries/src/stm32f4xx_cryp_des.c **** 
 112:./Libraries/src/stm32f4xx_cryp_des.c ****   /* Crypto structures initialisation*/
 113:./Libraries/src/stm32f4xx_cryp_des.c ****   CRYP_KeyStructInit(&DES_CRYP_KeyInitStructure);
  71              		.loc 1 113 3 view .LVU15
  72 0016 02A8     		add	r0, sp, #8
  73              	.LVL5:
  74              		.loc 1 113 3 is_stmt 0 view .LVU16
  75 0018 FFF7FEFF 		bl	CRYP_KeyStructInit
  76              	.LVL6:
 114:./Libraries/src/stm32f4xx_cryp_des.c **** 
 115:./Libraries/src/stm32f4xx_cryp_des.c ****   /* Crypto Init for Encryption process */
 116:./Libraries/src/stm32f4xx_cryp_des.c ****   if( Mode == MODE_ENCRYPT ) /* DES encryption */
  77              		.loc 1 116 3 is_stmt 1 view .LVU17
  78              		.loc 1 116 5 is_stmt 0 view .LVU18
  79 001c 012E     		cmp	r6, #1
  80 001e 1DD0     		beq	.L13
 117:./Libraries/src/stm32f4xx_cryp_des.c ****   {
 118:./Libraries/src/stm32f4xx_cryp_des.c ****      DES_CRYP_InitStructure.CRYP_AlgoDir  = CRYP_AlgoDir_Encrypt;
 119:./Libraries/src/stm32f4xx_cryp_des.c ****   }
 120:./Libraries/src/stm32f4xx_cryp_des.c ****   else/* if( Mode == MODE_DECRYPT )*/ /* DES decryption */
 121:./Libraries/src/stm32f4xx_cryp_des.c ****   {      
 122:./Libraries/src/stm32f4xx_cryp_des.c ****      DES_CRYP_InitStructure.CRYP_AlgoDir  = CRYP_AlgoDir_Decrypt;
  81              		.loc 1 122 6 is_stmt 1 view .LVU19
  82              		.loc 1 122 43 is_stmt 0 view .LVU20
  83 0020 0423     		movs	r3, #4
  84 0022 0A93     		str	r3, [sp, #40]
  85              	.L3:
 123:./Libraries/src/stm32f4xx_cryp_des.c ****   }
 124:./Libraries/src/stm32f4xx_cryp_des.c **** 
 125:./Libraries/src/stm32f4xx_cryp_des.c ****   DES_CRYP_InitStructure.CRYP_AlgoMode = CRYP_AlgoMode_DES_ECB;
  86              		.loc 1 125 3 is_stmt 1 view .LVU21
  87              		.loc 1 125 40 is_stmt 0 view .LVU22
  88 0024 1023     		movs	r3, #16
  89 0026 0B93     		str	r3, [sp, #44]
 126:./Libraries/src/stm32f4xx_cryp_des.c ****   DES_CRYP_InitStructure.CRYP_DataType = CRYP_DataType_8b;
  90              		.loc 1 126 3 is_stmt 1 view .LVU23
  91              		.loc 1 126 40 is_stmt 0 view .LVU24
  92 0028 8023     		movs	r3, #128
  93 002a 0C93     		str	r3, [sp, #48]
 127:./Libraries/src/stm32f4xx_cryp_des.c ****   CRYP_Init(&DES_CRYP_InitStructure);
  94              		.loc 1 127 3 is_stmt 1 view .LVU25
  95 002c 0AA8     		add	r0, sp, #40
  96 002e FFF7FEFF 		bl	CRYP_Init
  97              	.LVL7:
 128:./Libraries/src/stm32f4xx_cryp_des.c **** 
 129:./Libraries/src/stm32f4xx_cryp_des.c ****   /* Key Initialisation */
 130:./Libraries/src/stm32f4xx_cryp_des.c ****   DES_CRYP_KeyInitStructure.CRYP_Key1Left = __REV(*(uint32_t*)(keyaddr));
  98              		.loc 1 130 3 view .LVU26
  99              		.loc 1 130 45 is_stmt 0 view .LVU27
ARM GAS  /tmp/ccIFt9K4.s 			page 5


 100 0032 2B68     		ldr	r3, [r5]
 101              	.LVL8:
 102              	.LBB14:
 103              	.LBI14:
 104              		.file 2 "./system/core_cmInstr.h"
   1:./system/core_cmInstr.h **** /**************************************************************************//**
   2:./system/core_cmInstr.h ****  * @file     core_cmInstr.h
   3:./system/core_cmInstr.h ****  * @brief    CMSIS Cortex-M Core Instruction Access Header File
   4:./system/core_cmInstr.h ****  * @version  V4.10
   5:./system/core_cmInstr.h ****  * @date     18. March 2015
   6:./system/core_cmInstr.h ****  *
   7:./system/core_cmInstr.h ****  * @note
   8:./system/core_cmInstr.h ****  *
   9:./system/core_cmInstr.h ****  ******************************************************************************/
  10:./system/core_cmInstr.h **** /* Copyright (c) 2009 - 2014 ARM LIMITED
  11:./system/core_cmInstr.h **** 
  12:./system/core_cmInstr.h ****    All rights reserved.
  13:./system/core_cmInstr.h ****    Redistribution and use in source and binary forms, with or without
  14:./system/core_cmInstr.h ****    modification, are permitted provided that the following conditions are met:
  15:./system/core_cmInstr.h ****    - Redistributions of source code must retain the above copyright
  16:./system/core_cmInstr.h ****      notice, this list of conditions and the following disclaimer.
  17:./system/core_cmInstr.h ****    - Redistributions in binary form must reproduce the above copyright
  18:./system/core_cmInstr.h ****      notice, this list of conditions and the following disclaimer in the
  19:./system/core_cmInstr.h ****      documentation and/or other materials provided with the distribution.
  20:./system/core_cmInstr.h ****    - Neither the name of ARM nor the names of its contributors may be used
  21:./system/core_cmInstr.h ****      to endorse or promote products derived from this software without
  22:./system/core_cmInstr.h ****      specific prior written permission.
  23:./system/core_cmInstr.h ****    *
  24:./system/core_cmInstr.h ****    THIS SOFTWARE IS PROVIDED BY THE COPYRIGHT HOLDERS AND CONTRIBUTORS "AS IS"
  25:./system/core_cmInstr.h ****    AND ANY EXPRESS OR IMPLIED WARRANTIES, INCLUDING, BUT NOT LIMITED TO, THE
  26:./system/core_cmInstr.h ****    IMPLIED WARRANTIES OF MERCHANTABILITY AND FITNESS FOR A PARTICULAR PURPOSE
  27:./system/core_cmInstr.h ****    ARE DISCLAIMED. IN NO EVENT SHALL COPYRIGHT HOLDERS AND CONTRIBUTORS BE
  28:./system/core_cmInstr.h ****    LIABLE FOR ANY DIRECT, INDIRECT, INCIDENTAL, SPECIAL, EXEMPLARY, OR
  29:./system/core_cmInstr.h ****    CONSEQUENTIAL DAMAGES (INCLUDING, BUT NOT LIMITED TO, PROCUREMENT OF
  30:./system/core_cmInstr.h ****    SUBSTITUTE GOODS OR SERVICES; LOSS OF USE, DATA, OR PROFITS; OR BUSINESS
  31:./system/core_cmInstr.h ****    INTERRUPTION) HOWEVER CAUSED AND ON ANY THEORY OF LIABILITY, WHETHER IN
  32:./system/core_cmInstr.h ****    CONTRACT, STRICT LIABILITY, OR TORT (INCLUDING NEGLIGENCE OR OTHERWISE)
  33:./system/core_cmInstr.h ****    ARISING IN ANY WAY OUT OF THE USE OF THIS SOFTWARE, EVEN IF ADVISED OF THE
  34:./system/core_cmInstr.h ****    POSSIBILITY OF SUCH DAMAGE.
  35:./system/core_cmInstr.h ****    ---------------------------------------------------------------------------*/
  36:./system/core_cmInstr.h **** 
  37:./system/core_cmInstr.h **** 
  38:./system/core_cmInstr.h **** #ifndef __CORE_CMINSTR_H
  39:./system/core_cmInstr.h **** #define __CORE_CMINSTR_H
  40:./system/core_cmInstr.h **** 
  41:./system/core_cmInstr.h **** 
  42:./system/core_cmInstr.h **** /* ##########################  Core Instruction Access  ######################### */
  43:./system/core_cmInstr.h **** /** \defgroup CMSIS_Core_InstructionInterface CMSIS Core Instruction Interface
  44:./system/core_cmInstr.h ****   Access to dedicated instructions
  45:./system/core_cmInstr.h ****   @{
  46:./system/core_cmInstr.h **** */
  47:./system/core_cmInstr.h **** 
  48:./system/core_cmInstr.h **** #if   defined ( __CC_ARM ) /*------------------RealView Compiler -----------------*/
  49:./system/core_cmInstr.h **** /* ARM armcc specific functions */
  50:./system/core_cmInstr.h **** 
  51:./system/core_cmInstr.h **** #if (__ARMCC_VERSION < 400677)
  52:./system/core_cmInstr.h ****   #error "Please use ARM Compiler Toolchain V4.0.677 or later!"
ARM GAS  /tmp/ccIFt9K4.s 			page 6


  53:./system/core_cmInstr.h **** #endif
  54:./system/core_cmInstr.h **** 
  55:./system/core_cmInstr.h **** 
  56:./system/core_cmInstr.h **** /** \brief  No Operation
  57:./system/core_cmInstr.h **** 
  58:./system/core_cmInstr.h ****     No Operation does nothing. This instruction can be used for code alignment purposes.
  59:./system/core_cmInstr.h ****  */
  60:./system/core_cmInstr.h **** #define __NOP                             __nop
  61:./system/core_cmInstr.h **** 
  62:./system/core_cmInstr.h **** 
  63:./system/core_cmInstr.h **** /** \brief  Wait For Interrupt
  64:./system/core_cmInstr.h **** 
  65:./system/core_cmInstr.h ****     Wait For Interrupt is a hint instruction that suspends execution
  66:./system/core_cmInstr.h ****     until one of a number of events occurs.
  67:./system/core_cmInstr.h ****  */
  68:./system/core_cmInstr.h **** #define __WFI                             __wfi
  69:./system/core_cmInstr.h **** 
  70:./system/core_cmInstr.h **** 
  71:./system/core_cmInstr.h **** /** \brief  Wait For Event
  72:./system/core_cmInstr.h **** 
  73:./system/core_cmInstr.h ****     Wait For Event is a hint instruction that permits the processor to enter
  74:./system/core_cmInstr.h ****     a low-power state until one of a number of events occurs.
  75:./system/core_cmInstr.h ****  */
  76:./system/core_cmInstr.h **** #define __WFE                             __wfe
  77:./system/core_cmInstr.h **** 
  78:./system/core_cmInstr.h **** 
  79:./system/core_cmInstr.h **** /** \brief  Send Event
  80:./system/core_cmInstr.h **** 
  81:./system/core_cmInstr.h ****     Send Event is a hint instruction. It causes an event to be signaled to the CPU.
  82:./system/core_cmInstr.h ****  */
  83:./system/core_cmInstr.h **** #define __SEV                             __sev
  84:./system/core_cmInstr.h **** 
  85:./system/core_cmInstr.h **** 
  86:./system/core_cmInstr.h **** /** \brief  Instruction Synchronization Barrier
  87:./system/core_cmInstr.h **** 
  88:./system/core_cmInstr.h ****     Instruction Synchronization Barrier flushes the pipeline in the processor,
  89:./system/core_cmInstr.h ****     so that all instructions following the ISB are fetched from cache or
  90:./system/core_cmInstr.h ****     memory, after the instruction has been completed.
  91:./system/core_cmInstr.h ****  */
  92:./system/core_cmInstr.h **** #define __ISB() do {\
  93:./system/core_cmInstr.h ****                    __schedule_barrier();\
  94:./system/core_cmInstr.h ****                    __isb(0xF);\
  95:./system/core_cmInstr.h ****                    __schedule_barrier();\
  96:./system/core_cmInstr.h ****                 } while (0)
  97:./system/core_cmInstr.h **** 
  98:./system/core_cmInstr.h **** /** \brief  Data Synchronization Barrier
  99:./system/core_cmInstr.h **** 
 100:./system/core_cmInstr.h ****     This function acts as a special kind of Data Memory Barrier.
 101:./system/core_cmInstr.h ****     It completes when all explicit memory accesses before this instruction complete.
 102:./system/core_cmInstr.h ****  */
 103:./system/core_cmInstr.h **** #define __DSB() do {\
 104:./system/core_cmInstr.h ****                    __schedule_barrier();\
 105:./system/core_cmInstr.h ****                    __dsb(0xF);\
 106:./system/core_cmInstr.h ****                    __schedule_barrier();\
 107:./system/core_cmInstr.h ****                 } while (0)
 108:./system/core_cmInstr.h **** 
 109:./system/core_cmInstr.h **** /** \brief  Data Memory Barrier
ARM GAS  /tmp/ccIFt9K4.s 			page 7


 110:./system/core_cmInstr.h **** 
 111:./system/core_cmInstr.h ****     This function ensures the apparent order of the explicit memory operations before
 112:./system/core_cmInstr.h ****     and after the instruction, without ensuring their completion.
 113:./system/core_cmInstr.h ****  */
 114:./system/core_cmInstr.h **** #define __DMB() do {\
 115:./system/core_cmInstr.h ****                    __schedule_barrier();\
 116:./system/core_cmInstr.h ****                    __dmb(0xF);\
 117:./system/core_cmInstr.h ****                    __schedule_barrier();\
 118:./system/core_cmInstr.h ****                 } while (0)
 119:./system/core_cmInstr.h **** 
 120:./system/core_cmInstr.h **** /** \brief  Reverse byte order (32 bit)
 121:./system/core_cmInstr.h **** 
 122:./system/core_cmInstr.h ****     This function reverses the byte order in integer value.
 123:./system/core_cmInstr.h **** 
 124:./system/core_cmInstr.h ****     \param [in]    value  Value to reverse
 125:./system/core_cmInstr.h ****     \return               Reversed value
 126:./system/core_cmInstr.h ****  */
 127:./system/core_cmInstr.h **** #define __REV                             __rev
 128:./system/core_cmInstr.h **** 
 129:./system/core_cmInstr.h **** 
 130:./system/core_cmInstr.h **** /** \brief  Reverse byte order (16 bit)
 131:./system/core_cmInstr.h **** 
 132:./system/core_cmInstr.h ****     This function reverses the byte order in two unsigned short values.
 133:./system/core_cmInstr.h **** 
 134:./system/core_cmInstr.h ****     \param [in]    value  Value to reverse
 135:./system/core_cmInstr.h ****     \return               Reversed value
 136:./system/core_cmInstr.h ****  */
 137:./system/core_cmInstr.h **** #ifndef __NO_EMBEDDED_ASM
 138:./system/core_cmInstr.h **** __attribute__((section(".rev16_text"))) __STATIC_INLINE __ASM uint32_t __REV16(uint32_t value)
 139:./system/core_cmInstr.h **** {
 140:./system/core_cmInstr.h ****   rev16 r0, r0
 141:./system/core_cmInstr.h ****   bx lr
 142:./system/core_cmInstr.h **** }
 143:./system/core_cmInstr.h **** #endif
 144:./system/core_cmInstr.h **** 
 145:./system/core_cmInstr.h **** /** \brief  Reverse byte order in signed short value
 146:./system/core_cmInstr.h **** 
 147:./system/core_cmInstr.h ****     This function reverses the byte order in a signed short value with sign extension to integer.
 148:./system/core_cmInstr.h **** 
 149:./system/core_cmInstr.h ****     \param [in]    value  Value to reverse
 150:./system/core_cmInstr.h ****     \return               Reversed value
 151:./system/core_cmInstr.h ****  */
 152:./system/core_cmInstr.h **** #ifndef __NO_EMBEDDED_ASM
 153:./system/core_cmInstr.h **** __attribute__((section(".revsh_text"))) __STATIC_INLINE __ASM int32_t __REVSH(int32_t value)
 154:./system/core_cmInstr.h **** {
 155:./system/core_cmInstr.h ****   revsh r0, r0
 156:./system/core_cmInstr.h ****   bx lr
 157:./system/core_cmInstr.h **** }
 158:./system/core_cmInstr.h **** #endif
 159:./system/core_cmInstr.h **** 
 160:./system/core_cmInstr.h **** 
 161:./system/core_cmInstr.h **** /** \brief  Rotate Right in unsigned value (32 bit)
 162:./system/core_cmInstr.h **** 
 163:./system/core_cmInstr.h ****     This function Rotate Right (immediate) provides the value of the contents of a register rotated
 164:./system/core_cmInstr.h **** 
 165:./system/core_cmInstr.h ****     \param [in]    value  Value to rotate
 166:./system/core_cmInstr.h ****     \param [in]    value  Number of Bits to rotate
ARM GAS  /tmp/ccIFt9K4.s 			page 8


 167:./system/core_cmInstr.h ****     \return               Rotated value
 168:./system/core_cmInstr.h ****  */
 169:./system/core_cmInstr.h **** #define __ROR                             __ror
 170:./system/core_cmInstr.h **** 
 171:./system/core_cmInstr.h **** 
 172:./system/core_cmInstr.h **** /** \brief  Breakpoint
 173:./system/core_cmInstr.h **** 
 174:./system/core_cmInstr.h ****     This function causes the processor to enter Debug state.
 175:./system/core_cmInstr.h ****     Debug tools can use this to investigate system state when the instruction at a particular addre
 176:./system/core_cmInstr.h **** 
 177:./system/core_cmInstr.h ****     \param [in]    value  is ignored by the processor.
 178:./system/core_cmInstr.h ****                    If required, a debugger can use it to store additional information about the bre
 179:./system/core_cmInstr.h ****  */
 180:./system/core_cmInstr.h **** #define __BKPT(value)                       __breakpoint(value)
 181:./system/core_cmInstr.h **** 
 182:./system/core_cmInstr.h **** 
 183:./system/core_cmInstr.h **** /** \brief  Reverse bit order of value
 184:./system/core_cmInstr.h **** 
 185:./system/core_cmInstr.h ****     This function reverses the bit order of the given value.
 186:./system/core_cmInstr.h **** 
 187:./system/core_cmInstr.h ****     \param [in]    value  Value to reverse
 188:./system/core_cmInstr.h ****     \return               Reversed value
 189:./system/core_cmInstr.h ****  */
 190:./system/core_cmInstr.h **** #if       (__CORTEX_M >= 0x03) || (__CORTEX_SC >= 300)
 191:./system/core_cmInstr.h ****   #define __RBIT                          __rbit
 192:./system/core_cmInstr.h **** #else
 193:./system/core_cmInstr.h **** __attribute__((always_inline)) __STATIC_INLINE uint32_t __RBIT(uint32_t value)
 194:./system/core_cmInstr.h **** {
 195:./system/core_cmInstr.h ****   uint32_t result;
 196:./system/core_cmInstr.h ****   int32_t s = 4 /*sizeof(v)*/ * 8 - 1; // extra shift needed at end
 197:./system/core_cmInstr.h **** 
 198:./system/core_cmInstr.h ****   result = value;                      // r will be reversed bits of v; first get LSB of v
 199:./system/core_cmInstr.h ****   for (value >>= 1; value; value >>= 1)
 200:./system/core_cmInstr.h ****   {
 201:./system/core_cmInstr.h ****     result <<= 1;
 202:./system/core_cmInstr.h ****     result |= value & 1;
 203:./system/core_cmInstr.h ****     s--;
 204:./system/core_cmInstr.h ****   }
 205:./system/core_cmInstr.h ****   result <<= s;                       // shift when v's highest bits are zero
 206:./system/core_cmInstr.h ****   return(result);
 207:./system/core_cmInstr.h **** }
 208:./system/core_cmInstr.h **** #endif
 209:./system/core_cmInstr.h **** 
 210:./system/core_cmInstr.h **** 
 211:./system/core_cmInstr.h **** /** \brief  Count leading zeros
 212:./system/core_cmInstr.h **** 
 213:./system/core_cmInstr.h ****     This function counts the number of leading zeros of a data value.
 214:./system/core_cmInstr.h **** 
 215:./system/core_cmInstr.h ****     \param [in]  value  Value to count the leading zeros
 216:./system/core_cmInstr.h ****     \return             number of leading zeros in value
 217:./system/core_cmInstr.h ****  */
 218:./system/core_cmInstr.h **** #define __CLZ                             __clz
 219:./system/core_cmInstr.h **** 
 220:./system/core_cmInstr.h **** 
 221:./system/core_cmInstr.h **** #if       (__CORTEX_M >= 0x03) || (__CORTEX_SC >= 300)
 222:./system/core_cmInstr.h **** 
 223:./system/core_cmInstr.h **** /** \brief  LDR Exclusive (8 bit)
ARM GAS  /tmp/ccIFt9K4.s 			page 9


 224:./system/core_cmInstr.h **** 
 225:./system/core_cmInstr.h ****     This function executes a exclusive LDR instruction for 8 bit value.
 226:./system/core_cmInstr.h **** 
 227:./system/core_cmInstr.h ****     \param [in]    ptr  Pointer to data
 228:./system/core_cmInstr.h ****     \return             value of type uint8_t at (*ptr)
 229:./system/core_cmInstr.h ****  */
 230:./system/core_cmInstr.h **** #define __LDREXB(ptr)                     ((uint8_t ) __ldrex(ptr))
 231:./system/core_cmInstr.h **** 
 232:./system/core_cmInstr.h **** 
 233:./system/core_cmInstr.h **** /** \brief  LDR Exclusive (16 bit)
 234:./system/core_cmInstr.h **** 
 235:./system/core_cmInstr.h ****     This function executes a exclusive LDR instruction for 16 bit values.
 236:./system/core_cmInstr.h **** 
 237:./system/core_cmInstr.h ****     \param [in]    ptr  Pointer to data
 238:./system/core_cmInstr.h ****     \return        value of type uint16_t at (*ptr)
 239:./system/core_cmInstr.h ****  */
 240:./system/core_cmInstr.h **** #define __LDREXH(ptr)                     ((uint16_t) __ldrex(ptr))
 241:./system/core_cmInstr.h **** 
 242:./system/core_cmInstr.h **** 
 243:./system/core_cmInstr.h **** /** \brief  LDR Exclusive (32 bit)
 244:./system/core_cmInstr.h **** 
 245:./system/core_cmInstr.h ****     This function executes a exclusive LDR instruction for 32 bit values.
 246:./system/core_cmInstr.h **** 
 247:./system/core_cmInstr.h ****     \param [in]    ptr  Pointer to data
 248:./system/core_cmInstr.h ****     \return        value of type uint32_t at (*ptr)
 249:./system/core_cmInstr.h ****  */
 250:./system/core_cmInstr.h **** #define __LDREXW(ptr)                     ((uint32_t ) __ldrex(ptr))
 251:./system/core_cmInstr.h **** 
 252:./system/core_cmInstr.h **** 
 253:./system/core_cmInstr.h **** /** \brief  STR Exclusive (8 bit)
 254:./system/core_cmInstr.h **** 
 255:./system/core_cmInstr.h ****     This function executes a exclusive STR instruction for 8 bit values.
 256:./system/core_cmInstr.h **** 
 257:./system/core_cmInstr.h ****     \param [in]  value  Value to store
 258:./system/core_cmInstr.h ****     \param [in]    ptr  Pointer to location
 259:./system/core_cmInstr.h ****     \return          0  Function succeeded
 260:./system/core_cmInstr.h ****     \return          1  Function failed
 261:./system/core_cmInstr.h ****  */
 262:./system/core_cmInstr.h **** #define __STREXB(value, ptr)              __strex(value, ptr)
 263:./system/core_cmInstr.h **** 
 264:./system/core_cmInstr.h **** 
 265:./system/core_cmInstr.h **** /** \brief  STR Exclusive (16 bit)
 266:./system/core_cmInstr.h **** 
 267:./system/core_cmInstr.h ****     This function executes a exclusive STR instruction for 16 bit values.
 268:./system/core_cmInstr.h **** 
 269:./system/core_cmInstr.h ****     \param [in]  value  Value to store
 270:./system/core_cmInstr.h ****     \param [in]    ptr  Pointer to location
 271:./system/core_cmInstr.h ****     \return          0  Function succeeded
 272:./system/core_cmInstr.h ****     \return          1  Function failed
 273:./system/core_cmInstr.h ****  */
 274:./system/core_cmInstr.h **** #define __STREXH(value, ptr)              __strex(value, ptr)
 275:./system/core_cmInstr.h **** 
 276:./system/core_cmInstr.h **** 
 277:./system/core_cmInstr.h **** /** \brief  STR Exclusive (32 bit)
 278:./system/core_cmInstr.h **** 
 279:./system/core_cmInstr.h ****     This function executes a exclusive STR instruction for 32 bit values.
 280:./system/core_cmInstr.h **** 
ARM GAS  /tmp/ccIFt9K4.s 			page 10


 281:./system/core_cmInstr.h ****     \param [in]  value  Value to store
 282:./system/core_cmInstr.h ****     \param [in]    ptr  Pointer to location
 283:./system/core_cmInstr.h ****     \return          0  Function succeeded
 284:./system/core_cmInstr.h ****     \return          1  Function failed
 285:./system/core_cmInstr.h ****  */
 286:./system/core_cmInstr.h **** #define __STREXW(value, ptr)              __strex(value, ptr)
 287:./system/core_cmInstr.h **** 
 288:./system/core_cmInstr.h **** 
 289:./system/core_cmInstr.h **** /** \brief  Remove the exclusive lock
 290:./system/core_cmInstr.h **** 
 291:./system/core_cmInstr.h ****     This function removes the exclusive lock which is created by LDREX.
 292:./system/core_cmInstr.h **** 
 293:./system/core_cmInstr.h ****  */
 294:./system/core_cmInstr.h **** #define __CLREX                           __clrex
 295:./system/core_cmInstr.h **** 
 296:./system/core_cmInstr.h **** 
 297:./system/core_cmInstr.h **** /** \brief  Signed Saturate
 298:./system/core_cmInstr.h **** 
 299:./system/core_cmInstr.h ****     This function saturates a signed value.
 300:./system/core_cmInstr.h **** 
 301:./system/core_cmInstr.h ****     \param [in]  value  Value to be saturated
 302:./system/core_cmInstr.h ****     \param [in]    sat  Bit position to saturate to (1..32)
 303:./system/core_cmInstr.h ****     \return             Saturated value
 304:./system/core_cmInstr.h ****  */
 305:./system/core_cmInstr.h **** #define __SSAT                            __ssat
 306:./system/core_cmInstr.h **** 
 307:./system/core_cmInstr.h **** 
 308:./system/core_cmInstr.h **** /** \brief  Unsigned Saturate
 309:./system/core_cmInstr.h **** 
 310:./system/core_cmInstr.h ****     This function saturates an unsigned value.
 311:./system/core_cmInstr.h **** 
 312:./system/core_cmInstr.h ****     \param [in]  value  Value to be saturated
 313:./system/core_cmInstr.h ****     \param [in]    sat  Bit position to saturate to (0..31)
 314:./system/core_cmInstr.h ****     \return             Saturated value
 315:./system/core_cmInstr.h ****  */
 316:./system/core_cmInstr.h **** #define __USAT                            __usat
 317:./system/core_cmInstr.h **** 
 318:./system/core_cmInstr.h **** 
 319:./system/core_cmInstr.h **** /** \brief  Rotate Right with Extend (32 bit)
 320:./system/core_cmInstr.h **** 
 321:./system/core_cmInstr.h ****     This function moves each bit of a bitstring right by one bit.
 322:./system/core_cmInstr.h ****     The carry input is shifted in at the left end of the bitstring.
 323:./system/core_cmInstr.h **** 
 324:./system/core_cmInstr.h ****     \param [in]    value  Value to rotate
 325:./system/core_cmInstr.h ****     \return               Rotated value
 326:./system/core_cmInstr.h ****  */
 327:./system/core_cmInstr.h **** #ifndef __NO_EMBEDDED_ASM
 328:./system/core_cmInstr.h **** __attribute__((section(".rrx_text"))) __STATIC_INLINE __ASM uint32_t __RRX(uint32_t value)
 329:./system/core_cmInstr.h **** {
 330:./system/core_cmInstr.h ****   rrx r0, r0
 331:./system/core_cmInstr.h ****   bx lr
 332:./system/core_cmInstr.h **** }
 333:./system/core_cmInstr.h **** #endif
 334:./system/core_cmInstr.h **** 
 335:./system/core_cmInstr.h **** 
 336:./system/core_cmInstr.h **** /** \brief  LDRT Unprivileged (8 bit)
 337:./system/core_cmInstr.h **** 
ARM GAS  /tmp/ccIFt9K4.s 			page 11


 338:./system/core_cmInstr.h ****     This function executes a Unprivileged LDRT instruction for 8 bit value.
 339:./system/core_cmInstr.h **** 
 340:./system/core_cmInstr.h ****     \param [in]    ptr  Pointer to data
 341:./system/core_cmInstr.h ****     \return             value of type uint8_t at (*ptr)
 342:./system/core_cmInstr.h ****  */
 343:./system/core_cmInstr.h **** #define __LDRBT(ptr)                      ((uint8_t )  __ldrt(ptr))
 344:./system/core_cmInstr.h **** 
 345:./system/core_cmInstr.h **** 
 346:./system/core_cmInstr.h **** /** \brief  LDRT Unprivileged (16 bit)
 347:./system/core_cmInstr.h **** 
 348:./system/core_cmInstr.h ****     This function executes a Unprivileged LDRT instruction for 16 bit values.
 349:./system/core_cmInstr.h **** 
 350:./system/core_cmInstr.h ****     \param [in]    ptr  Pointer to data
 351:./system/core_cmInstr.h ****     \return        value of type uint16_t at (*ptr)
 352:./system/core_cmInstr.h ****  */
 353:./system/core_cmInstr.h **** #define __LDRHT(ptr)                      ((uint16_t)  __ldrt(ptr))
 354:./system/core_cmInstr.h **** 
 355:./system/core_cmInstr.h **** 
 356:./system/core_cmInstr.h **** /** \brief  LDRT Unprivileged (32 bit)
 357:./system/core_cmInstr.h **** 
 358:./system/core_cmInstr.h ****     This function executes a Unprivileged LDRT instruction for 32 bit values.
 359:./system/core_cmInstr.h **** 
 360:./system/core_cmInstr.h ****     \param [in]    ptr  Pointer to data
 361:./system/core_cmInstr.h ****     \return        value of type uint32_t at (*ptr)
 362:./system/core_cmInstr.h ****  */
 363:./system/core_cmInstr.h **** #define __LDRT(ptr)                       ((uint32_t ) __ldrt(ptr))
 364:./system/core_cmInstr.h **** 
 365:./system/core_cmInstr.h **** 
 366:./system/core_cmInstr.h **** /** \brief  STRT Unprivileged (8 bit)
 367:./system/core_cmInstr.h **** 
 368:./system/core_cmInstr.h ****     This function executes a Unprivileged STRT instruction for 8 bit values.
 369:./system/core_cmInstr.h **** 
 370:./system/core_cmInstr.h ****     \param [in]  value  Value to store
 371:./system/core_cmInstr.h ****     \param [in]    ptr  Pointer to location
 372:./system/core_cmInstr.h ****  */
 373:./system/core_cmInstr.h **** #define __STRBT(value, ptr)               __strt(value, ptr)
 374:./system/core_cmInstr.h **** 
 375:./system/core_cmInstr.h **** 
 376:./system/core_cmInstr.h **** /** \brief  STRT Unprivileged (16 bit)
 377:./system/core_cmInstr.h **** 
 378:./system/core_cmInstr.h ****     This function executes a Unprivileged STRT instruction for 16 bit values.
 379:./system/core_cmInstr.h **** 
 380:./system/core_cmInstr.h ****     \param [in]  value  Value to store
 381:./system/core_cmInstr.h ****     \param [in]    ptr  Pointer to location
 382:./system/core_cmInstr.h ****  */
 383:./system/core_cmInstr.h **** #define __STRHT(value, ptr)               __strt(value, ptr)
 384:./system/core_cmInstr.h **** 
 385:./system/core_cmInstr.h **** 
 386:./system/core_cmInstr.h **** /** \brief  STRT Unprivileged (32 bit)
 387:./system/core_cmInstr.h **** 
 388:./system/core_cmInstr.h ****     This function executes a Unprivileged STRT instruction for 32 bit values.
 389:./system/core_cmInstr.h **** 
 390:./system/core_cmInstr.h ****     \param [in]  value  Value to store
 391:./system/core_cmInstr.h ****     \param [in]    ptr  Pointer to location
 392:./system/core_cmInstr.h ****  */
 393:./system/core_cmInstr.h **** #define __STRT(value, ptr)                __strt(value, ptr)
 394:./system/core_cmInstr.h **** 
ARM GAS  /tmp/ccIFt9K4.s 			page 12


 395:./system/core_cmInstr.h **** #endif /* (__CORTEX_M >= 0x03) || (__CORTEX_SC >= 300) */
 396:./system/core_cmInstr.h **** 
 397:./system/core_cmInstr.h **** 
 398:./system/core_cmInstr.h **** #elif defined ( __GNUC__ ) /*------------------ GNU Compiler ---------------------*/
 399:./system/core_cmInstr.h **** /* GNU gcc specific functions */
 400:./system/core_cmInstr.h **** 
 401:./system/core_cmInstr.h **** /* Define macros for porting to both thumb1 and thumb2.
 402:./system/core_cmInstr.h ****  * For thumb1, use low register (r0-r7), specified by constrant "l"
 403:./system/core_cmInstr.h ****  * Otherwise, use general registers, specified by constrant "r" */
 404:./system/core_cmInstr.h **** #if defined (__thumb__) && !defined (__thumb2__)
 405:./system/core_cmInstr.h **** #define __CMSIS_GCC_OUT_REG(r) "=l" (r)
 406:./system/core_cmInstr.h **** #define __CMSIS_GCC_USE_REG(r) "l" (r)
 407:./system/core_cmInstr.h **** #else
 408:./system/core_cmInstr.h **** #define __CMSIS_GCC_OUT_REG(r) "=r" (r)
 409:./system/core_cmInstr.h **** #define __CMSIS_GCC_USE_REG(r) "r" (r)
 410:./system/core_cmInstr.h **** #endif
 411:./system/core_cmInstr.h **** 
 412:./system/core_cmInstr.h **** /** \brief  No Operation
 413:./system/core_cmInstr.h **** 
 414:./system/core_cmInstr.h ****     No Operation does nothing. This instruction can be used for code alignment purposes.
 415:./system/core_cmInstr.h ****  */
 416:./system/core_cmInstr.h **** __attribute__((always_inline)) __STATIC_INLINE void __NOP(void)
 417:./system/core_cmInstr.h **** {
 418:./system/core_cmInstr.h ****   __ASM volatile ("nop");
 419:./system/core_cmInstr.h **** }
 420:./system/core_cmInstr.h **** 
 421:./system/core_cmInstr.h **** 
 422:./system/core_cmInstr.h **** /** \brief  Wait For Interrupt
 423:./system/core_cmInstr.h **** 
 424:./system/core_cmInstr.h ****     Wait For Interrupt is a hint instruction that suspends execution
 425:./system/core_cmInstr.h ****     until one of a number of events occurs.
 426:./system/core_cmInstr.h ****  */
 427:./system/core_cmInstr.h **** __attribute__((always_inline)) __STATIC_INLINE void __WFI(void)
 428:./system/core_cmInstr.h **** {
 429:./system/core_cmInstr.h ****   __ASM volatile ("wfi");
 430:./system/core_cmInstr.h **** }
 431:./system/core_cmInstr.h **** 
 432:./system/core_cmInstr.h **** 
 433:./system/core_cmInstr.h **** /** \brief  Wait For Event
 434:./system/core_cmInstr.h **** 
 435:./system/core_cmInstr.h ****     Wait For Event is a hint instruction that permits the processor to enter
 436:./system/core_cmInstr.h ****     a low-power state until one of a number of events occurs.
 437:./system/core_cmInstr.h ****  */
 438:./system/core_cmInstr.h **** __attribute__((always_inline)) __STATIC_INLINE void __WFE(void)
 439:./system/core_cmInstr.h **** {
 440:./system/core_cmInstr.h ****   __ASM volatile ("wfe");
 441:./system/core_cmInstr.h **** }
 442:./system/core_cmInstr.h **** 
 443:./system/core_cmInstr.h **** 
 444:./system/core_cmInstr.h **** /** \brief  Send Event
 445:./system/core_cmInstr.h **** 
 446:./system/core_cmInstr.h ****     Send Event is a hint instruction. It causes an event to be signaled to the CPU.
 447:./system/core_cmInstr.h ****  */
 448:./system/core_cmInstr.h **** __attribute__((always_inline)) __STATIC_INLINE void __SEV(void)
 449:./system/core_cmInstr.h **** {
 450:./system/core_cmInstr.h ****   __ASM volatile ("sev");
 451:./system/core_cmInstr.h **** }
ARM GAS  /tmp/ccIFt9K4.s 			page 13


 452:./system/core_cmInstr.h **** 
 453:./system/core_cmInstr.h **** 
 454:./system/core_cmInstr.h **** /** \brief  Instruction Synchronization Barrier
 455:./system/core_cmInstr.h **** 
 456:./system/core_cmInstr.h ****     Instruction Synchronization Barrier flushes the pipeline in the processor,
 457:./system/core_cmInstr.h ****     so that all instructions following the ISB are fetched from cache or
 458:./system/core_cmInstr.h ****     memory, after the instruction has been completed.
 459:./system/core_cmInstr.h ****  */
 460:./system/core_cmInstr.h **** __attribute__((always_inline)) __STATIC_INLINE void __ISB(void)
 461:./system/core_cmInstr.h **** {
 462:./system/core_cmInstr.h ****   __ASM volatile ("isb 0xF":::"memory");
 463:./system/core_cmInstr.h **** }
 464:./system/core_cmInstr.h **** 
 465:./system/core_cmInstr.h **** 
 466:./system/core_cmInstr.h **** /** \brief  Data Synchronization Barrier
 467:./system/core_cmInstr.h **** 
 468:./system/core_cmInstr.h ****     This function acts as a special kind of Data Memory Barrier.
 469:./system/core_cmInstr.h ****     It completes when all explicit memory accesses before this instruction complete.
 470:./system/core_cmInstr.h ****  */
 471:./system/core_cmInstr.h **** __attribute__((always_inline)) __STATIC_INLINE void __DSB(void)
 472:./system/core_cmInstr.h **** {
 473:./system/core_cmInstr.h ****   __ASM volatile ("dsb 0xF":::"memory");
 474:./system/core_cmInstr.h **** }
 475:./system/core_cmInstr.h **** 
 476:./system/core_cmInstr.h **** 
 477:./system/core_cmInstr.h **** /** \brief  Data Memory Barrier
 478:./system/core_cmInstr.h **** 
 479:./system/core_cmInstr.h ****     This function ensures the apparent order of the explicit memory operations before
 480:./system/core_cmInstr.h ****     and after the instruction, without ensuring their completion.
 481:./system/core_cmInstr.h ****  */
 482:./system/core_cmInstr.h **** __attribute__((always_inline)) __STATIC_INLINE void __DMB(void)
 483:./system/core_cmInstr.h **** {
 484:./system/core_cmInstr.h ****   __ASM volatile ("dmb 0xF":::"memory");
 485:./system/core_cmInstr.h **** }
 486:./system/core_cmInstr.h **** 
 487:./system/core_cmInstr.h **** 
 488:./system/core_cmInstr.h **** /** \brief  Reverse byte order (32 bit)
 489:./system/core_cmInstr.h **** 
 490:./system/core_cmInstr.h ****     This function reverses the byte order in integer value.
 491:./system/core_cmInstr.h **** 
 492:./system/core_cmInstr.h ****     \param [in]    value  Value to reverse
 493:./system/core_cmInstr.h ****     \return               Reversed value
 494:./system/core_cmInstr.h ****  */
 495:./system/core_cmInstr.h **** __attribute__((always_inline)) __STATIC_INLINE uint32_t __REV(uint32_t value)
 105              		.loc 2 495 57 is_stmt 1 view .LVU28
 106              	.LBB15:
 496:./system/core_cmInstr.h **** {
 497:./system/core_cmInstr.h **** #if (__GNUC__ > 4) || (__GNUC__ == 4 && __GNUC_MINOR__ >= 5)
 498:./system/core_cmInstr.h ****   return __builtin_bswap32(value);
 107              		.loc 2 498 3 view .LVU29
 108              		.loc 2 498 10 is_stmt 0 view .LVU30
 109 0034 1BBA     		rev	r3, r3
 110              	.LVL9:
 111              		.loc 2 498 10 view .LVU31
 112              	.LBE15:
 113              	.LBE14:
 114              		.loc 1 130 43 discriminator 1 view .LVU32
ARM GAS  /tmp/ccIFt9K4.s 			page 14


 115 0036 0493     		str	r3, [sp, #16]
 131:./Libraries/src/stm32f4xx_cryp_des.c ****   keyaddr+=4;
 116              		.loc 1 131 3 is_stmt 1 view .LVU33
 117              	.LVL10:
 132:./Libraries/src/stm32f4xx_cryp_des.c ****   DES_CRYP_KeyInitStructure.CRYP_Key1Right= __REV(*(uint32_t*)(keyaddr));
 118              		.loc 1 132 3 view .LVU34
 119              		.loc 1 132 45 is_stmt 0 view .LVU35
 120 0038 6B68     		ldr	r3, [r5, #4]
 121              	.LVL11:
 122              	.LBB16:
 123              	.LBI16:
 495:./system/core_cmInstr.h **** {
 124              		.loc 2 495 57 is_stmt 1 view .LVU36
 125              	.LBB17:
 126              		.loc 2 498 3 view .LVU37
 127              		.loc 2 498 10 is_stmt 0 view .LVU38
 128 003a 1BBA     		rev	r3, r3
 129              	.LVL12:
 130              		.loc 2 498 10 view .LVU39
 131              	.LBE17:
 132              	.LBE16:
 133              		.loc 1 132 43 discriminator 1 view .LVU40
 134 003c 0593     		str	r3, [sp, #20]
 133:./Libraries/src/stm32f4xx_cryp_des.c ****   CRYP_KeyInit(& DES_CRYP_KeyInitStructure);
 135              		.loc 1 133 3 is_stmt 1 view .LVU41
 136 003e 02A8     		add	r0, sp, #8
 137 0040 FFF7FEFF 		bl	CRYP_KeyInit
 138              	.LVL13:
 134:./Libraries/src/stm32f4xx_cryp_des.c **** 
 135:./Libraries/src/stm32f4xx_cryp_des.c ****   /* Flush IN/OUT FIFO */
 136:./Libraries/src/stm32f4xx_cryp_des.c ****   CRYP_FIFOFlush();
 139              		.loc 1 136 3 view .LVU42
 140 0044 FFF7FEFF 		bl	CRYP_FIFOFlush
 141              	.LVL14:
 137:./Libraries/src/stm32f4xx_cryp_des.c **** 
 138:./Libraries/src/stm32f4xx_cryp_des.c ****   /* Enable Crypto processor */
 139:./Libraries/src/stm32f4xx_cryp_des.c ****   CRYP_Cmd(ENABLE);
 142              		.loc 1 139 3 view .LVU43
 143 0048 0120     		movs	r0, #1
 144 004a FFF7FEFF 		bl	CRYP_Cmd
 145              	.LVL15:
 140:./Libraries/src/stm32f4xx_cryp_des.c **** 
 141:./Libraries/src/stm32f4xx_cryp_des.c ****   if(CRYP_GetCmdStatus() == DISABLE)
 146              		.loc 1 141 3 view .LVU44
 147              		.loc 1 141 6 is_stmt 0 view .LVU45
 148 004e FFF7FEFF 		bl	CRYP_GetCmdStatus
 149              	.LVL16:
 150              		.loc 1 141 5 discriminator 1 view .LVU46
 151 0052 0646     		mov	r6, r0
 152              	.LVL17:
 153              		.loc 1 141 5 discriminator 1 view .LVU47
 154 0054 78B3     		cbz	r0, .L4
 142:./Libraries/src/stm32f4xx_cryp_des.c ****   {
 143:./Libraries/src/stm32f4xx_cryp_des.c ****     /* The CRYP peripheral clock is not enabled or the device doesn't embed 
 144:./Libraries/src/stm32f4xx_cryp_des.c ****     the CRYP peripheral (please check the device sales type. */
 145:./Libraries/src/stm32f4xx_cryp_des.c ****     status = ERROR;
 146:./Libraries/src/stm32f4xx_cryp_des.c ****   }
ARM GAS  /tmp/ccIFt9K4.s 			page 15


 147:./Libraries/src/stm32f4xx_cryp_des.c ****   else
 148:./Libraries/src/stm32f4xx_cryp_des.c ****   {
 149:./Libraries/src/stm32f4xx_cryp_des.c ****     for(i=0; ((i<Ilength) && (status != ERROR)); i+=8)
 155              		.loc 1 149 10 view .LVU48
 156 0056 0025     		movs	r5, #0
 157              	.LVL18:
 106:./Libraries/src/stm32f4xx_cryp_des.c ****   uint32_t keyaddr    = (uint32_t)Key;
 158              		.loc 1 106 15 view .LVU49
 159 0058 0126     		movs	r6, #1
 160 005a 05E0     		b	.L5
 161              	.LVL19:
 162              	.L13:
 118:./Libraries/src/stm32f4xx_cryp_des.c ****   }
 163              		.loc 1 118 6 is_stmt 1 view .LVU50
 118:./Libraries/src/stm32f4xx_cryp_des.c ****   }
 164              		.loc 1 118 43 is_stmt 0 view .LVU51
 165 005c 0023     		movs	r3, #0
 166 005e 0A93     		str	r3, [sp, #40]
 167 0060 E0E7     		b	.L3
 168              	.LVL20:
 169              	.L6:
 150:./Libraries/src/stm32f4xx_cryp_des.c ****     {
 151:./Libraries/src/stm32f4xx_cryp_des.c ****       
 152:./Libraries/src/stm32f4xx_cryp_des.c ****       /* Write the Input block in the Input FIFO */
 153:./Libraries/src/stm32f4xx_cryp_des.c ****       CRYP_DataIn(*(uint32_t*)(inputaddr));
 154:./Libraries/src/stm32f4xx_cryp_des.c ****       inputaddr+=4;
 155:./Libraries/src/stm32f4xx_cryp_des.c ****       CRYP_DataIn(*(uint32_t*)(inputaddr));
 156:./Libraries/src/stm32f4xx_cryp_des.c ****       inputaddr+=4;
 157:./Libraries/src/stm32f4xx_cryp_des.c ****       
 158:./Libraries/src/stm32f4xx_cryp_des.c ****       /* Wait until the complete message has been processed */
 159:./Libraries/src/stm32f4xx_cryp_des.c ****       counter = 0;
 160:./Libraries/src/stm32f4xx_cryp_des.c ****       do
 161:./Libraries/src/stm32f4xx_cryp_des.c ****       {
 162:./Libraries/src/stm32f4xx_cryp_des.c ****         busystatus = CRYP_GetFlagStatus(CRYP_FLAG_BUSY);
 163:./Libraries/src/stm32f4xx_cryp_des.c ****         counter++;
 164:./Libraries/src/stm32f4xx_cryp_des.c ****       }while ((counter != DESBUSY_TIMEOUT) && (busystatus != RESET));
 165:./Libraries/src/stm32f4xx_cryp_des.c ****       
 166:./Libraries/src/stm32f4xx_cryp_des.c ****       if (busystatus != RESET)
 170              		.loc 1 166 7 is_stmt 1 view .LVU52
 171              		.loc 1 166 10 is_stmt 0 view .LVU53
 172 0062 D0B1     		cbz	r0, .L14
 167:./Libraries/src/stm32f4xx_cryp_des.c ****       {
 168:./Libraries/src/stm32f4xx_cryp_des.c ****         status = ERROR;
 173              		.loc 1 168 16 view .LVU54
 174 0064 0026     		movs	r6, #0
 175              	.LVL21:
 176              	.L8:
 149:./Libraries/src/stm32f4xx_cryp_des.c ****     {
 177              		.loc 1 149 51 is_stmt 1 discriminator 2 view .LVU55
 178 0066 0835     		adds	r5, r5, #8
 179              	.LVL22:
 180              	.L5:
 149:./Libraries/src/stm32f4xx_cryp_des.c ****     {
 181              		.loc 1 149 27 discriminator 1 view .LVU56
 182 0068 BD42     		cmp	r5, r7
 183 006a 21D2     		bcs	.L9
 149:./Libraries/src/stm32f4xx_cryp_des.c ****     {
ARM GAS  /tmp/ccIFt9K4.s 			page 16


 184              		.loc 1 149 27 is_stmt 0 discriminator 3 view .LVU57
 185 006c 06B3     		cbz	r6, .L9
 153:./Libraries/src/stm32f4xx_cryp_des.c ****       inputaddr+=4;
 186              		.loc 1 153 7 is_stmt 1 view .LVU58
 187 006e 2068     		ldr	r0, [r4]
 188 0070 FFF7FEFF 		bl	CRYP_DataIn
 189              	.LVL23:
 154:./Libraries/src/stm32f4xx_cryp_des.c ****       CRYP_DataIn(*(uint32_t*)(inputaddr));
 190              		.loc 1 154 7 view .LVU59
 155:./Libraries/src/stm32f4xx_cryp_des.c ****       inputaddr+=4;
 191              		.loc 1 155 7 view .LVU60
 192 0074 6068     		ldr	r0, [r4, #4]
 193 0076 FFF7FEFF 		bl	CRYP_DataIn
 194              	.LVL24:
 156:./Libraries/src/stm32f4xx_cryp_des.c ****       
 195              		.loc 1 156 7 view .LVU61
 156:./Libraries/src/stm32f4xx_cryp_des.c ****       
 196              		.loc 1 156 16 is_stmt 0 view .LVU62
 197 007a 0834     		adds	r4, r4, #8
 198              	.LVL25:
 159:./Libraries/src/stm32f4xx_cryp_des.c ****       do
 199              		.loc 1 159 7 is_stmt 1 view .LVU63
 159:./Libraries/src/stm32f4xx_cryp_des.c ****       do
 200              		.loc 1 159 15 is_stmt 0 view .LVU64
 201 007c 0023     		movs	r3, #0
 202 007e 0193     		str	r3, [sp, #4]
 203              	.L7:
 160:./Libraries/src/stm32f4xx_cryp_des.c ****       {
 204              		.loc 1 160 7 is_stmt 1 view .LVU65
 162:./Libraries/src/stm32f4xx_cryp_des.c ****         counter++;
 205              		.loc 1 162 9 view .LVU66
 162:./Libraries/src/stm32f4xx_cryp_des.c ****         counter++;
 206              		.loc 1 162 22 is_stmt 0 view .LVU67
 207 0080 1020     		movs	r0, #16
 208 0082 FFF7FEFF 		bl	CRYP_GetFlagStatus
 209              	.LVL26:
 163:./Libraries/src/stm32f4xx_cryp_des.c ****       }while ((counter != DESBUSY_TIMEOUT) && (busystatus != RESET));
 210              		.loc 1 163 9 is_stmt 1 view .LVU68
 163:./Libraries/src/stm32f4xx_cryp_des.c ****       }while ((counter != DESBUSY_TIMEOUT) && (busystatus != RESET));
 211              		.loc 1 163 16 is_stmt 0 view .LVU69
 212 0086 0199     		ldr	r1, [sp, #4]
 213 0088 0131     		adds	r1, r1, #1
 214 008a 0191     		str	r1, [sp, #4]
 164:./Libraries/src/stm32f4xx_cryp_des.c ****       
 215              		.loc 1 164 44 is_stmt 1 discriminator 2 view .LVU70
 164:./Libraries/src/stm32f4xx_cryp_des.c ****       
 216              		.loc 1 164 24 is_stmt 0 discriminator 2 view .LVU71
 217 008c 019B     		ldr	r3, [sp, #4]
 164:./Libraries/src/stm32f4xx_cryp_des.c ****       
 218              		.loc 1 164 44 discriminator 2 view .LVU72
 219 008e B3F5803F 		cmp	r3, #65536
 220 0092 E6D0     		beq	.L6
 164:./Libraries/src/stm32f4xx_cryp_des.c ****       
 221              		.loc 1 164 44 discriminator 1 view .LVU73
 222 0094 0028     		cmp	r0, #0
 223 0096 F3D1     		bne	.L7
 224 0098 E3E7     		b	.L6
ARM GAS  /tmp/ccIFt9K4.s 			page 17


 225              	.L14:
 169:./Libraries/src/stm32f4xx_cryp_des.c ****       }
 170:./Libraries/src/stm32f4xx_cryp_des.c ****       else
 171:./Libraries/src/stm32f4xx_cryp_des.c ****       {
 172:./Libraries/src/stm32f4xx_cryp_des.c ****         
 173:./Libraries/src/stm32f4xx_cryp_des.c ****         /* Read the Output block from the Output FIFO */
 174:./Libraries/src/stm32f4xx_cryp_des.c ****         *(uint32_t*)(outputaddr) = CRYP_DataOut();
 226              		.loc 1 174 9 is_stmt 1 view .LVU74
 227              		.loc 1 174 36 is_stmt 0 view .LVU75
 228 009a FFF7FEFF 		bl	CRYP_DataOut
 229              	.LVL27:
 230              		.loc 1 174 34 discriminator 1 view .LVU76
 231 009e C8F80000 		str	r0, [r8]
 175:./Libraries/src/stm32f4xx_cryp_des.c ****         outputaddr+=4;
 232              		.loc 1 175 9 is_stmt 1 view .LVU77
 233              	.LVL28:
 176:./Libraries/src/stm32f4xx_cryp_des.c ****         *(uint32_t*)(outputaddr) = CRYP_DataOut();
 234              		.loc 1 176 9 view .LVU78
 235              		.loc 1 176 36 is_stmt 0 view .LVU79
 236 00a2 FFF7FEFF 		bl	CRYP_DataOut
 237              	.LVL29:
 238              		.loc 1 176 34 discriminator 1 view .LVU80
 239 00a6 C8F80400 		str	r0, [r8, #4]
 177:./Libraries/src/stm32f4xx_cryp_des.c ****         outputaddr+=4;
 240              		.loc 1 177 9 is_stmt 1 view .LVU81
 241              		.loc 1 177 19 is_stmt 0 view .LVU82
 242 00aa 08F10808 		add	r8, r8, #8
 243              	.LVL30:
 244              		.loc 1 177 19 view .LVU83
 245 00ae DAE7     		b	.L8
 246              	.LVL31:
 247              	.L9:
 178:./Libraries/src/stm32f4xx_cryp_des.c ****       }
 179:./Libraries/src/stm32f4xx_cryp_des.c ****     }
 180:./Libraries/src/stm32f4xx_cryp_des.c ****     
 181:./Libraries/src/stm32f4xx_cryp_des.c ****     /* Disable Crypto */
 182:./Libraries/src/stm32f4xx_cryp_des.c ****     CRYP_Cmd(DISABLE);
 248              		.loc 1 182 5 is_stmt 1 view .LVU84
 249 00b0 0020     		movs	r0, #0
 250 00b2 FFF7FEFF 		bl	CRYP_Cmd
 251              	.LVL32:
 252              	.L4:
 183:./Libraries/src/stm32f4xx_cryp_des.c ****   }
 184:./Libraries/src/stm32f4xx_cryp_des.c ****   return status; 
 253              		.loc 1 184 3 view .LVU85
 185:./Libraries/src/stm32f4xx_cryp_des.c **** }
 254              		.loc 1 185 1 is_stmt 0 view .LVU86
 255 00b6 3046     		mov	r0, r6
 256 00b8 0EB0     		add	sp, sp, #56
 257              	.LCFI2:
 258              		.cfi_def_cfa_offset 24
 259              		@ sp needed
 260 00ba BDE8F081 		pop	{r4, r5, r6, r7, r8, pc}
 261              		.loc 1 185 1 view .LVU87
 262              		.cfi_endproc
 263              	.LFE123:
 265              		.section	.text.CRYP_DES_CBC,"ax",%progbits
ARM GAS  /tmp/ccIFt9K4.s 			page 18


 266              		.align	1
 267              		.global	CRYP_DES_CBC
 268              		.syntax unified
 269              		.thumb
 270              		.thumb_func
 272              	CRYP_DES_CBC:
 273              	.LVL33:
 274              	.LFB124:
 186:./Libraries/src/stm32f4xx_cryp_des.c **** 
 187:./Libraries/src/stm32f4xx_cryp_des.c **** /**
 188:./Libraries/src/stm32f4xx_cryp_des.c ****   * @brief  Encrypt and decrypt using DES in CBC Mode
 189:./Libraries/src/stm32f4xx_cryp_des.c ****   * @param  Mode: encryption or decryption Mode.
 190:./Libraries/src/stm32f4xx_cryp_des.c ****   *          This parameter can be one of the following values:
 191:./Libraries/src/stm32f4xx_cryp_des.c ****   *            @arg MODE_ENCRYPT: Encryption
 192:./Libraries/src/stm32f4xx_cryp_des.c ****   *            @arg MODE_DECRYPT: Decryption
 193:./Libraries/src/stm32f4xx_cryp_des.c ****   * @param  Key: Key used for DES algorithm.
 194:./Libraries/src/stm32f4xx_cryp_des.c ****   * @param  InitVectors: Initialisation Vectors used for DES algorithm.
 195:./Libraries/src/stm32f4xx_cryp_des.c ****   * @param  Ilength: length of the Input buffer, must be a multiple of 8.
 196:./Libraries/src/stm32f4xx_cryp_des.c ****   * @param  Input: pointer to the Input buffer.
 197:./Libraries/src/stm32f4xx_cryp_des.c ****   * @param  Output: pointer to the returned buffer.
 198:./Libraries/src/stm32f4xx_cryp_des.c ****   * @retval An ErrorStatus enumeration value:
 199:./Libraries/src/stm32f4xx_cryp_des.c ****   *          - SUCCESS: Operation done
 200:./Libraries/src/stm32f4xx_cryp_des.c ****   *          - ERROR: Operation failed
 201:./Libraries/src/stm32f4xx_cryp_des.c ****   */
 202:./Libraries/src/stm32f4xx_cryp_des.c **** ErrorStatus CRYP_DES_CBC(uint8_t Mode, uint8_t Key[8], uint8_t InitVectors[8],
 203:./Libraries/src/stm32f4xx_cryp_des.c ****                          uint8_t *Input, uint32_t Ilength, uint8_t *Output)
 204:./Libraries/src/stm32f4xx_cryp_des.c **** {
 275              		.loc 1 204 1 is_stmt 1 view -0
 276              		.cfi_startproc
 277              		@ args = 8, pretend = 0, frame = 72
 278              		@ frame_needed = 0, uses_anonymous_args = 0
 279              		.loc 1 204 1 is_stmt 0 view .LVU89
 280 0000 2DE9F043 		push	{r4, r5, r6, r7, r8, r9, lr}
 281              	.LCFI3:
 282              		.cfi_def_cfa_offset 28
 283              		.cfi_offset 4, -28
 284              		.cfi_offset 5, -24
 285              		.cfi_offset 6, -20
 286              		.cfi_offset 7, -16
 287              		.cfi_offset 8, -12
 288              		.cfi_offset 9, -8
 289              		.cfi_offset 14, -4
 290 0004 93B0     		sub	sp, sp, #76
 291              	.LCFI4:
 292              		.cfi_def_cfa_offset 104
 293 0006 8146     		mov	r9, r0
 294 0008 0E46     		mov	r6, r1
 295 000a 1546     		mov	r5, r2
 296 000c DDF86880 		ldr	r8, [sp, #104]
 205:./Libraries/src/stm32f4xx_cryp_des.c ****   CRYP_InitTypeDef DES_CRYP_InitStructure;
 297              		.loc 1 205 3 is_stmt 1 view .LVU90
 206:./Libraries/src/stm32f4xx_cryp_des.c ****   CRYP_KeyInitTypeDef DES_CRYP_KeyInitStructure;
 298              		.loc 1 206 3 view .LVU91
 207:./Libraries/src/stm32f4xx_cryp_des.c ****   CRYP_IVInitTypeDef DES_CRYP_IVInitStructure;
 299              		.loc 1 207 3 view .LVU92
 208:./Libraries/src/stm32f4xx_cryp_des.c ****   __IO uint32_t counter = 0;
 300              		.loc 1 208 3 view .LVU93
ARM GAS  /tmp/ccIFt9K4.s 			page 19


 301              		.loc 1 208 17 is_stmt 0 view .LVU94
 302 0010 0022     		movs	r2, #0
 303              	.LVL34:
 304              		.loc 1 208 17 view .LVU95
 305 0012 0192     		str	r2, [sp, #4]
 209:./Libraries/src/stm32f4xx_cryp_des.c ****   uint32_t busystatus = 0;
 306              		.loc 1 209 3 is_stmt 1 view .LVU96
 307              	.LVL35:
 210:./Libraries/src/stm32f4xx_cryp_des.c ****   ErrorStatus status = SUCCESS;
 308              		.loc 1 210 3 view .LVU97
 211:./Libraries/src/stm32f4xx_cryp_des.c ****   uint32_t keyaddr    = (uint32_t)Key;
 309              		.loc 1 211 3 view .LVU98
 212:./Libraries/src/stm32f4xx_cryp_des.c ****   uint32_t inputaddr  = (uint32_t)Input;
 310              		.loc 1 212 3 view .LVU99
 311              		.loc 1 212 12 is_stmt 0 view .LVU100
 312 0014 1C46     		mov	r4, r3
 313              	.LVL36:
 213:./Libraries/src/stm32f4xx_cryp_des.c ****   uint32_t outputaddr = (uint32_t)Output;
 314              		.loc 1 213 3 is_stmt 1 view .LVU101
 315              		.loc 1 213 12 is_stmt 0 view .LVU102
 316 0016 1B9F     		ldr	r7, [sp, #108]
 317              	.LVL37:
 214:./Libraries/src/stm32f4xx_cryp_des.c ****   uint32_t ivaddr     = (uint32_t)InitVectors;
 318              		.loc 1 214 3 is_stmt 1 view .LVU103
 215:./Libraries/src/stm32f4xx_cryp_des.c ****   uint32_t i = 0;
 319              		.loc 1 215 3 view .LVU104
 216:./Libraries/src/stm32f4xx_cryp_des.c **** 
 217:./Libraries/src/stm32f4xx_cryp_des.c ****   /* Crypto structures initialisation*/
 218:./Libraries/src/stm32f4xx_cryp_des.c ****   CRYP_KeyStructInit(&DES_CRYP_KeyInitStructure);
 320              		.loc 1 218 3 view .LVU105
 321 0018 06A8     		add	r0, sp, #24
 322              	.LVL38:
 323              		.loc 1 218 3 is_stmt 0 view .LVU106
 324 001a FFF7FEFF 		bl	CRYP_KeyStructInit
 325              	.LVL39:
 219:./Libraries/src/stm32f4xx_cryp_des.c **** 
 220:./Libraries/src/stm32f4xx_cryp_des.c ****   /* Crypto Init for Encryption process */
 221:./Libraries/src/stm32f4xx_cryp_des.c ****   if(Mode == MODE_ENCRYPT) /* DES encryption */
 326              		.loc 1 221 3 is_stmt 1 view .LVU107
 327              		.loc 1 221 5 is_stmt 0 view .LVU108
 328 001e B9F1010F 		cmp	r9, #1
 329 0022 26D0     		beq	.L27
 222:./Libraries/src/stm32f4xx_cryp_des.c ****   {
 223:./Libraries/src/stm32f4xx_cryp_des.c ****      DES_CRYP_InitStructure.CRYP_AlgoDir  = CRYP_AlgoDir_Encrypt;
 224:./Libraries/src/stm32f4xx_cryp_des.c ****   }
 225:./Libraries/src/stm32f4xx_cryp_des.c ****   else /*if(Mode == MODE_DECRYPT)*/ /* DES decryption */
 226:./Libraries/src/stm32f4xx_cryp_des.c ****   {
 227:./Libraries/src/stm32f4xx_cryp_des.c ****      DES_CRYP_InitStructure.CRYP_AlgoDir  = CRYP_AlgoDir_Decrypt;
 330              		.loc 1 227 6 is_stmt 1 view .LVU109
 331              		.loc 1 227 43 is_stmt 0 view .LVU110
 332 0024 0423     		movs	r3, #4
 333 0026 0E93     		str	r3, [sp, #56]
 334              	.L17:
 228:./Libraries/src/stm32f4xx_cryp_des.c ****   }
 229:./Libraries/src/stm32f4xx_cryp_des.c **** 
 230:./Libraries/src/stm32f4xx_cryp_des.c ****   DES_CRYP_InitStructure.CRYP_AlgoMode = CRYP_AlgoMode_DES_CBC;
 335              		.loc 1 230 3 is_stmt 1 view .LVU111
ARM GAS  /tmp/ccIFt9K4.s 			page 20


 336              		.loc 1 230 40 is_stmt 0 view .LVU112
 337 0028 1823     		movs	r3, #24
 338 002a 0F93     		str	r3, [sp, #60]
 231:./Libraries/src/stm32f4xx_cryp_des.c ****   DES_CRYP_InitStructure.CRYP_DataType = CRYP_DataType_8b;
 339              		.loc 1 231 3 is_stmt 1 view .LVU113
 340              		.loc 1 231 40 is_stmt 0 view .LVU114
 341 002c 8023     		movs	r3, #128
 342 002e 1093     		str	r3, [sp, #64]
 232:./Libraries/src/stm32f4xx_cryp_des.c ****   CRYP_Init(&DES_CRYP_InitStructure);
 343              		.loc 1 232 3 is_stmt 1 view .LVU115
 344 0030 0EA8     		add	r0, sp, #56
 345 0032 FFF7FEFF 		bl	CRYP_Init
 346              	.LVL40:
 233:./Libraries/src/stm32f4xx_cryp_des.c **** 
 234:./Libraries/src/stm32f4xx_cryp_des.c ****   /* Key Initialisation */
 235:./Libraries/src/stm32f4xx_cryp_des.c ****   DES_CRYP_KeyInitStructure.CRYP_Key1Left = __REV(*(uint32_t*)(keyaddr));
 347              		.loc 1 235 3 view .LVU116
 348              		.loc 1 235 45 is_stmt 0 view .LVU117
 349 0036 3368     		ldr	r3, [r6]
 350              	.LVL41:
 351              	.LBB18:
 352              	.LBI18:
 495:./system/core_cmInstr.h **** {
 353              		.loc 2 495 57 is_stmt 1 view .LVU118
 354              	.LBB19:
 355              		.loc 2 498 3 view .LVU119
 356              		.loc 2 498 10 is_stmt 0 view .LVU120
 357 0038 1BBA     		rev	r3, r3
 358              	.LVL42:
 359              		.loc 2 498 10 view .LVU121
 360              	.LBE19:
 361              	.LBE18:
 362              		.loc 1 235 43 discriminator 1 view .LVU122
 363 003a 0893     		str	r3, [sp, #32]
 236:./Libraries/src/stm32f4xx_cryp_des.c ****   keyaddr+=4;
 364              		.loc 1 236 3 is_stmt 1 view .LVU123
 365              	.LVL43:
 237:./Libraries/src/stm32f4xx_cryp_des.c ****   DES_CRYP_KeyInitStructure.CRYP_Key1Right= __REV(*(uint32_t*)(keyaddr));
 366              		.loc 1 237 3 view .LVU124
 367              		.loc 1 237 45 is_stmt 0 view .LVU125
 368 003c 7368     		ldr	r3, [r6, #4]
 369              	.LVL44:
 370              	.LBB20:
 371              	.LBI20:
 495:./system/core_cmInstr.h **** {
 372              		.loc 2 495 57 is_stmt 1 view .LVU126
 373              	.LBB21:
 374              		.loc 2 498 3 view .LVU127
 375              		.loc 2 498 10 is_stmt 0 view .LVU128
 376 003e 1BBA     		rev	r3, r3
 377              	.LVL45:
 378              		.loc 2 498 10 view .LVU129
 379              	.LBE21:
 380              	.LBE20:
 381              		.loc 1 237 43 discriminator 1 view .LVU130
 382 0040 0993     		str	r3, [sp, #36]
 238:./Libraries/src/stm32f4xx_cryp_des.c ****   CRYP_KeyInit(& DES_CRYP_KeyInitStructure);
ARM GAS  /tmp/ccIFt9K4.s 			page 21


 383              		.loc 1 238 3 is_stmt 1 view .LVU131
 384 0042 06A8     		add	r0, sp, #24
 385 0044 FFF7FEFF 		bl	CRYP_KeyInit
 386              	.LVL46:
 239:./Libraries/src/stm32f4xx_cryp_des.c **** 
 240:./Libraries/src/stm32f4xx_cryp_des.c ****   /* Initialization Vectors */
 241:./Libraries/src/stm32f4xx_cryp_des.c ****   DES_CRYP_IVInitStructure.CRYP_IV0Left = __REV(*(uint32_t*)(ivaddr));
 387              		.loc 1 241 3 view .LVU132
 388              		.loc 1 241 43 is_stmt 0 view .LVU133
 389 0048 2B68     		ldr	r3, [r5]
 390              	.LVL47:
 391              	.LBB22:
 392              	.LBI22:
 495:./system/core_cmInstr.h **** {
 393              		.loc 2 495 57 is_stmt 1 view .LVU134
 394              	.LBB23:
 395              		.loc 2 498 3 view .LVU135
 396              		.loc 2 498 10 is_stmt 0 view .LVU136
 397 004a 1BBA     		rev	r3, r3
 398              	.LVL48:
 399              		.loc 2 498 10 view .LVU137
 400              	.LBE23:
 401              	.LBE22:
 402              		.loc 1 241 41 discriminator 1 view .LVU138
 403 004c 0293     		str	r3, [sp, #8]
 242:./Libraries/src/stm32f4xx_cryp_des.c ****   ivaddr+=4;
 404              		.loc 1 242 3 is_stmt 1 view .LVU139
 405              	.LVL49:
 243:./Libraries/src/stm32f4xx_cryp_des.c ****   DES_CRYP_IVInitStructure.CRYP_IV0Right= __REV(*(uint32_t*)(ivaddr));
 406              		.loc 1 243 3 view .LVU140
 407              		.loc 1 243 43 is_stmt 0 view .LVU141
 408 004e 6B68     		ldr	r3, [r5, #4]
 409              	.LVL50:
 410              	.LBB24:
 411              	.LBI24:
 495:./system/core_cmInstr.h **** {
 412              		.loc 2 495 57 is_stmt 1 view .LVU142
 413              	.LBB25:
 414              		.loc 2 498 3 view .LVU143
 415              		.loc 2 498 10 is_stmt 0 view .LVU144
 416 0050 1BBA     		rev	r3, r3
 417              	.LVL51:
 418              		.loc 2 498 10 view .LVU145
 419              	.LBE25:
 420              	.LBE24:
 421              		.loc 1 243 41 discriminator 1 view .LVU146
 422 0052 0393     		str	r3, [sp, #12]
 244:./Libraries/src/stm32f4xx_cryp_des.c ****   CRYP_IVInit(&DES_CRYP_IVInitStructure);
 423              		.loc 1 244 3 is_stmt 1 view .LVU147
 424 0054 02A8     		add	r0, sp, #8
 425 0056 FFF7FEFF 		bl	CRYP_IVInit
 426              	.LVL52:
 245:./Libraries/src/stm32f4xx_cryp_des.c **** 
 246:./Libraries/src/stm32f4xx_cryp_des.c ****   /* Flush IN/OUT FIFO */
 247:./Libraries/src/stm32f4xx_cryp_des.c ****   CRYP_FIFOFlush();
 427              		.loc 1 247 3 view .LVU148
 428 005a FFF7FEFF 		bl	CRYP_FIFOFlush
ARM GAS  /tmp/ccIFt9K4.s 			page 22


 429              	.LVL53:
 248:./Libraries/src/stm32f4xx_cryp_des.c ****   
 249:./Libraries/src/stm32f4xx_cryp_des.c ****   /* Enable Crypto processor */
 250:./Libraries/src/stm32f4xx_cryp_des.c ****   CRYP_Cmd(ENABLE);
 430              		.loc 1 250 3 view .LVU149
 431 005e 0120     		movs	r0, #1
 432 0060 FFF7FEFF 		bl	CRYP_Cmd
 433              	.LVL54:
 251:./Libraries/src/stm32f4xx_cryp_des.c **** 
 252:./Libraries/src/stm32f4xx_cryp_des.c ****   if(CRYP_GetCmdStatus() == DISABLE)
 434              		.loc 1 252 3 view .LVU150
 435              		.loc 1 252 6 is_stmt 0 view .LVU151
 436 0064 FFF7FEFF 		bl	CRYP_GetCmdStatus
 437              	.LVL55:
 438              		.loc 1 252 5 discriminator 1 view .LVU152
 439 0068 0646     		mov	r6, r0
 440              	.LVL56:
 441              		.loc 1 252 5 discriminator 1 view .LVU153
 442 006a 60B3     		cbz	r0, .L18
 253:./Libraries/src/stm32f4xx_cryp_des.c ****   {
 254:./Libraries/src/stm32f4xx_cryp_des.c ****     /* The CRYP peripheral clock is not enabled or the device doesn't embed 
 255:./Libraries/src/stm32f4xx_cryp_des.c ****     the CRYP peripheral (please check the device sales type. */
 256:./Libraries/src/stm32f4xx_cryp_des.c ****     status = ERROR;
 257:./Libraries/src/stm32f4xx_cryp_des.c ****   }
 258:./Libraries/src/stm32f4xx_cryp_des.c ****   else
 259:./Libraries/src/stm32f4xx_cryp_des.c ****   {
 260:./Libraries/src/stm32f4xx_cryp_des.c ****     for(i=0; ((i<Ilength) && (status != ERROR)); i+=8)
 443              		.loc 1 260 10 view .LVU154
 444 006c 0025     		movs	r5, #0
 445              	.LVL57:
 210:./Libraries/src/stm32f4xx_cryp_des.c ****   uint32_t keyaddr    = (uint32_t)Key;
 446              		.loc 1 210 15 view .LVU155
 447 006e 0126     		movs	r6, #1
 448 0070 05E0     		b	.L19
 449              	.LVL58:
 450              	.L27:
 223:./Libraries/src/stm32f4xx_cryp_des.c ****   }
 451              		.loc 1 223 6 is_stmt 1 view .LVU156
 223:./Libraries/src/stm32f4xx_cryp_des.c ****   }
 452              		.loc 1 223 43 is_stmt 0 view .LVU157
 453 0072 0023     		movs	r3, #0
 454 0074 0E93     		str	r3, [sp, #56]
 455 0076 D7E7     		b	.L17
 456              	.LVL59:
 457              	.L20:
 261:./Libraries/src/stm32f4xx_cryp_des.c ****     {
 262:./Libraries/src/stm32f4xx_cryp_des.c ****       /* Write the Input block in the Input FIFO */
 263:./Libraries/src/stm32f4xx_cryp_des.c ****       CRYP_DataIn(*(uint32_t*)(inputaddr));
 264:./Libraries/src/stm32f4xx_cryp_des.c ****       inputaddr+=4;
 265:./Libraries/src/stm32f4xx_cryp_des.c ****       CRYP_DataIn(*(uint32_t*)(inputaddr));
 266:./Libraries/src/stm32f4xx_cryp_des.c ****       inputaddr+=4;
 267:./Libraries/src/stm32f4xx_cryp_des.c ****       
 268:./Libraries/src/stm32f4xx_cryp_des.c ****       /* Wait until the complete message has been processed */
 269:./Libraries/src/stm32f4xx_cryp_des.c ****       counter = 0;
 270:./Libraries/src/stm32f4xx_cryp_des.c ****       do
 271:./Libraries/src/stm32f4xx_cryp_des.c ****       {
 272:./Libraries/src/stm32f4xx_cryp_des.c ****         busystatus = CRYP_GetFlagStatus(CRYP_FLAG_BUSY);
ARM GAS  /tmp/ccIFt9K4.s 			page 23


 273:./Libraries/src/stm32f4xx_cryp_des.c ****         counter++;
 274:./Libraries/src/stm32f4xx_cryp_des.c ****       }while ((counter != DESBUSY_TIMEOUT) && (busystatus != RESET));
 275:./Libraries/src/stm32f4xx_cryp_des.c ****       
 276:./Libraries/src/stm32f4xx_cryp_des.c ****       if (busystatus != RESET)
 458              		.loc 1 276 7 is_stmt 1 view .LVU158
 459              		.loc 1 276 10 is_stmt 0 view .LVU159
 460 0078 D0B1     		cbz	r0, .L28
 277:./Libraries/src/stm32f4xx_cryp_des.c ****       {
 278:./Libraries/src/stm32f4xx_cryp_des.c ****         status = ERROR;
 461              		.loc 1 278 16 view .LVU160
 462 007a 0026     		movs	r6, #0
 463              	.LVL60:
 464              	.L22:
 260:./Libraries/src/stm32f4xx_cryp_des.c ****     {
 465              		.loc 1 260 51 is_stmt 1 discriminator 2 view .LVU161
 466 007c 0835     		adds	r5, r5, #8
 467              	.LVL61:
 468              	.L19:
 260:./Libraries/src/stm32f4xx_cryp_des.c ****     {
 469              		.loc 1 260 27 discriminator 1 view .LVU162
 470 007e 4545     		cmp	r5, r8
 471 0080 1ED2     		bcs	.L23
 260:./Libraries/src/stm32f4xx_cryp_des.c ****     {
 472              		.loc 1 260 27 is_stmt 0 discriminator 3 view .LVU163
 473 0082 EEB1     		cbz	r6, .L23
 263:./Libraries/src/stm32f4xx_cryp_des.c ****       inputaddr+=4;
 474              		.loc 1 263 7 is_stmt 1 view .LVU164
 475 0084 2068     		ldr	r0, [r4]
 476 0086 FFF7FEFF 		bl	CRYP_DataIn
 477              	.LVL62:
 264:./Libraries/src/stm32f4xx_cryp_des.c ****       CRYP_DataIn(*(uint32_t*)(inputaddr));
 478              		.loc 1 264 7 view .LVU165
 265:./Libraries/src/stm32f4xx_cryp_des.c ****       inputaddr+=4;
 479              		.loc 1 265 7 view .LVU166
 480 008a 6068     		ldr	r0, [r4, #4]
 481 008c FFF7FEFF 		bl	CRYP_DataIn
 482              	.LVL63:
 266:./Libraries/src/stm32f4xx_cryp_des.c ****       
 483              		.loc 1 266 7 view .LVU167
 266:./Libraries/src/stm32f4xx_cryp_des.c ****       
 484              		.loc 1 266 16 is_stmt 0 view .LVU168
 485 0090 0834     		adds	r4, r4, #8
 486              	.LVL64:
 269:./Libraries/src/stm32f4xx_cryp_des.c ****       do
 487              		.loc 1 269 7 is_stmt 1 view .LVU169
 269:./Libraries/src/stm32f4xx_cryp_des.c ****       do
 488              		.loc 1 269 15 is_stmt 0 view .LVU170
 489 0092 0023     		movs	r3, #0
 490 0094 0193     		str	r3, [sp, #4]
 491              	.L21:
 270:./Libraries/src/stm32f4xx_cryp_des.c ****       {
 492              		.loc 1 270 7 is_stmt 1 view .LVU171
 272:./Libraries/src/stm32f4xx_cryp_des.c ****         counter++;
 493              		.loc 1 272 9 view .LVU172
 272:./Libraries/src/stm32f4xx_cryp_des.c ****         counter++;
 494              		.loc 1 272 22 is_stmt 0 view .LVU173
 495 0096 1020     		movs	r0, #16
ARM GAS  /tmp/ccIFt9K4.s 			page 24


 496 0098 FFF7FEFF 		bl	CRYP_GetFlagStatus
 497              	.LVL65:
 273:./Libraries/src/stm32f4xx_cryp_des.c ****       }while ((counter != DESBUSY_TIMEOUT) && (busystatus != RESET));
 498              		.loc 1 273 9 is_stmt 1 view .LVU174
 273:./Libraries/src/stm32f4xx_cryp_des.c ****       }while ((counter != DESBUSY_TIMEOUT) && (busystatus != RESET));
 499              		.loc 1 273 16 is_stmt 0 view .LVU175
 500 009c 019A     		ldr	r2, [sp, #4]
 501 009e 0132     		adds	r2, r2, #1
 502 00a0 0192     		str	r2, [sp, #4]
 274:./Libraries/src/stm32f4xx_cryp_des.c ****       
 503              		.loc 1 274 44 is_stmt 1 discriminator 2 view .LVU176
 274:./Libraries/src/stm32f4xx_cryp_des.c ****       
 504              		.loc 1 274 24 is_stmt 0 discriminator 2 view .LVU177
 505 00a2 019B     		ldr	r3, [sp, #4]
 274:./Libraries/src/stm32f4xx_cryp_des.c ****       
 506              		.loc 1 274 44 discriminator 2 view .LVU178
 507 00a4 B3F5803F 		cmp	r3, #65536
 508 00a8 E6D0     		beq	.L20
 274:./Libraries/src/stm32f4xx_cryp_des.c ****       
 509              		.loc 1 274 44 discriminator 1 view .LVU179
 510 00aa 0028     		cmp	r0, #0
 511 00ac F3D1     		bne	.L21
 512 00ae E3E7     		b	.L20
 513              	.L28:
 279:./Libraries/src/stm32f4xx_cryp_des.c ****       }
 280:./Libraries/src/stm32f4xx_cryp_des.c ****       else
 281:./Libraries/src/stm32f4xx_cryp_des.c ****       {
 282:./Libraries/src/stm32f4xx_cryp_des.c ****         /* Read the Output block from the Output FIFO */
 283:./Libraries/src/stm32f4xx_cryp_des.c ****         *(uint32_t*)(outputaddr) = CRYP_DataOut();
 514              		.loc 1 283 9 is_stmt 1 view .LVU180
 515              		.loc 1 283 36 is_stmt 0 view .LVU181
 516 00b0 FFF7FEFF 		bl	CRYP_DataOut
 517              	.LVL66:
 518              		.loc 1 283 34 discriminator 1 view .LVU182
 519 00b4 3860     		str	r0, [r7]
 284:./Libraries/src/stm32f4xx_cryp_des.c ****         outputaddr+=4;
 520              		.loc 1 284 9 is_stmt 1 view .LVU183
 521              	.LVL67:
 285:./Libraries/src/stm32f4xx_cryp_des.c ****         *(uint32_t*)(outputaddr) = CRYP_DataOut();
 522              		.loc 1 285 9 view .LVU184
 523              		.loc 1 285 36 is_stmt 0 view .LVU185
 524 00b6 FFF7FEFF 		bl	CRYP_DataOut
 525              	.LVL68:
 526              		.loc 1 285 34 discriminator 1 view .LVU186
 527 00ba 7860     		str	r0, [r7, #4]
 286:./Libraries/src/stm32f4xx_cryp_des.c ****         outputaddr+=4;
 528              		.loc 1 286 9 is_stmt 1 view .LVU187
 529              		.loc 1 286 19 is_stmt 0 view .LVU188
 530 00bc 0837     		adds	r7, r7, #8
 531              	.LVL69:
 532              		.loc 1 286 19 view .LVU189
 533 00be DDE7     		b	.L22
 534              	.LVL70:
 535              	.L23:
 287:./Libraries/src/stm32f4xx_cryp_des.c ****       }
 288:./Libraries/src/stm32f4xx_cryp_des.c ****     }
 289:./Libraries/src/stm32f4xx_cryp_des.c ****     
ARM GAS  /tmp/ccIFt9K4.s 			page 25


 290:./Libraries/src/stm32f4xx_cryp_des.c ****     /* Disable Crypto */
 291:./Libraries/src/stm32f4xx_cryp_des.c ****     CRYP_Cmd(DISABLE);
 536              		.loc 1 291 5 is_stmt 1 view .LVU190
 537 00c0 0020     		movs	r0, #0
 538 00c2 FFF7FEFF 		bl	CRYP_Cmd
 539              	.LVL71:
 540              	.L18:
 292:./Libraries/src/stm32f4xx_cryp_des.c ****   }
 293:./Libraries/src/stm32f4xx_cryp_des.c ****   return status; 
 541              		.loc 1 293 3 view .LVU191
 294:./Libraries/src/stm32f4xx_cryp_des.c **** }
 542              		.loc 1 294 1 is_stmt 0 view .LVU192
 543 00c6 3046     		mov	r0, r6
 544 00c8 13B0     		add	sp, sp, #76
 545              	.LCFI5:
 546              		.cfi_def_cfa_offset 28
 547              		@ sp needed
 548 00ca BDE8F083 		pop	{r4, r5, r6, r7, r8, r9, pc}
 549              		.loc 1 294 1 view .LVU193
 550              		.cfi_endproc
 551              	.LFE124:
 553              		.text
 554              	.Letext0:
 555              		.file 3 "/opt/gcc-arm-none-eabi/arm-none-eabi/include/machine/_default_types.h"
 556              		.file 4 "/opt/gcc-arm-none-eabi/arm-none-eabi/include/sys/_stdint.h"
 557              		.file 5 "./system/stm32f4xx.h"
 558              		.file 6 "./Libraries/inc/stm32f4xx_cryp.h"
ARM GAS  /tmp/ccIFt9K4.s 			page 26


DEFINED SYMBOLS
                            *ABS*:00000000 stm32f4xx_cryp_des.c
     /tmp/ccIFt9K4.s:21     .text.CRYP_DES_ECB:00000000 $t
     /tmp/ccIFt9K4.s:27     .text.CRYP_DES_ECB:00000000 CRYP_DES_ECB
     /tmp/ccIFt9K4.s:266    .text.CRYP_DES_CBC:00000000 $t
     /tmp/ccIFt9K4.s:272    .text.CRYP_DES_CBC:00000000 CRYP_DES_CBC

UNDEFINED SYMBOLS
CRYP_KeyStructInit
CRYP_Init
CRYP_KeyInit
CRYP_FIFOFlush
CRYP_Cmd
CRYP_GetCmdStatus
CRYP_DataIn
CRYP_GetFlagStatus
CRYP_DataOut
CRYP_IVInit
