ARM GAS  /tmp/ccPcbn3J.s 			page 1


   1              		.cpu cortex-m4
   2              		.arch armv7e-m
   3              		.fpu fpv4-sp-d16
   4              		.eabi_attribute 27, 1
   5              		.eabi_attribute 28, 1
   6              		.eabi_attribute 20, 1
   7              		.eabi_attribute 21, 1
   8              		.eabi_attribute 23, 3
   9              		.eabi_attribute 24, 1
  10              		.eabi_attribute 25, 1
  11              		.eabi_attribute 26, 1
  12              		.eabi_attribute 30, 1
  13              		.eabi_attribute 34, 1
  14              		.eabi_attribute 18, 4
  15              		.file	"stm32f4xx_gpio.c"
  16              		.text
  17              	.Ltext0:
  18              		.cfi_sections	.debug_frame
  19              		.file 1 "./Libraries/src/stm32f4xx_gpio.c"
  20              		.section	.text.GPIO_DeInit,"ax",%progbits
  21              		.align	1
  22              		.global	GPIO_DeInit
  23              		.syntax unified
  24              		.thumb
  25              		.thumb_func
  27              	GPIO_DeInit:
  28              	.LVL0:
  29              	.LFB123:
   1:./Libraries/src/stm32f4xx_gpio.c **** /**
   2:./Libraries/src/stm32f4xx_gpio.c ****   ******************************************************************************
   3:./Libraries/src/stm32f4xx_gpio.c ****   * @file    stm32f4xx_gpio.c
   4:./Libraries/src/stm32f4xx_gpio.c ****   * @author  MCD Application Team
   5:./Libraries/src/stm32f4xx_gpio.c ****   * @version V1.8.0
   6:./Libraries/src/stm32f4xx_gpio.c ****   * @date    04-November-2016
   7:./Libraries/src/stm32f4xx_gpio.c ****   * @brief   This file provides firmware functions to manage the following 
   8:./Libraries/src/stm32f4xx_gpio.c ****   *          functionalities of the GPIO peripheral:           
   9:./Libraries/src/stm32f4xx_gpio.c ****   *           + Initialization and Configuration
  10:./Libraries/src/stm32f4xx_gpio.c ****   *           + GPIO Read and Write
  11:./Libraries/src/stm32f4xx_gpio.c ****   *           + GPIO Alternate functions configuration
  12:./Libraries/src/stm32f4xx_gpio.c ****   * 
  13:./Libraries/src/stm32f4xx_gpio.c **** @verbatim  
  14:./Libraries/src/stm32f4xx_gpio.c ****  ===============================================================================
  15:./Libraries/src/stm32f4xx_gpio.c ****                       ##### How to use this driver #####
  16:./Libraries/src/stm32f4xx_gpio.c ****  ===============================================================================       
  17:./Libraries/src/stm32f4xx_gpio.c ****  [..]             
  18:./Libraries/src/stm32f4xx_gpio.c ****    (#) Enable the GPIO AHB clock using the following function
  19:./Libraries/src/stm32f4xx_gpio.c ****        RCC_AHB1PeriphClockCmd(RCC_AHB1Periph_GPIOx, ENABLE);
  20:./Libraries/src/stm32f4xx_gpio.c ****                
  21:./Libraries/src/stm32f4xx_gpio.c ****    (#) Configure the GPIO pin(s) using GPIO_Init()
  22:./Libraries/src/stm32f4xx_gpio.c ****        Four possible configuration are available for each pin:
  23:./Libraries/src/stm32f4xx_gpio.c ****        (++) Input: Floating, Pull-up, Pull-down.
  24:./Libraries/src/stm32f4xx_gpio.c ****        (++) Output: Push-Pull (Pull-up, Pull-down or no Pull)
  25:./Libraries/src/stm32f4xx_gpio.c ****             Open Drain (Pull-up, Pull-down or no Pull). In output mode, the speed 
  26:./Libraries/src/stm32f4xx_gpio.c ****             is configurable: 2 MHz, 25 MHz, 50 MHz or 100 MHz.
  27:./Libraries/src/stm32f4xx_gpio.c ****        (++) Alternate Function: Push-Pull (Pull-up, Pull-down or no Pull) Open 
  28:./Libraries/src/stm32f4xx_gpio.c ****             Drain (Pull-up, Pull-down or no Pull).
  29:./Libraries/src/stm32f4xx_gpio.c ****        (++) Analog: required mode when a pin is to be used as ADC channel or DAC 
ARM GAS  /tmp/ccPcbn3J.s 			page 2


  30:./Libraries/src/stm32f4xx_gpio.c ****             output.
  31:./Libraries/src/stm32f4xx_gpio.c ****    
  32:./Libraries/src/stm32f4xx_gpio.c ****    (#) Peripherals alternate function:
  33:./Libraries/src/stm32f4xx_gpio.c ****        (++) For ADC and DAC, configure the desired pin in analog mode using 
  34:./Libraries/src/stm32f4xx_gpio.c ****             GPIO_InitStruct->GPIO_Mode = GPIO_Mode_AN;
  35:./Libraries/src/stm32f4xx_gpio.c ****             (+++) For other peripherals (TIM, USART...):
  36:./Libraries/src/stm32f4xx_gpio.c ****             (+++) Connect the pin to the desired peripherals' Alternate 
  37:./Libraries/src/stm32f4xx_gpio.c ****                      Function (AF) using GPIO_PinAFConfig() function
  38:./Libraries/src/stm32f4xx_gpio.c ****             (+++) Configure the desired pin in alternate function mode using
  39:./Libraries/src/stm32f4xx_gpio.c ****                      GPIO_InitStruct->GPIO_Mode = GPIO_Mode_AF
  40:./Libraries/src/stm32f4xx_gpio.c ****             (+++) Select the type, pull-up/pull-down and output speed via 
  41:./Libraries/src/stm32f4xx_gpio.c ****                      GPIO_PuPd, GPIO_OType and GPIO_Speed members
  42:./Libraries/src/stm32f4xx_gpio.c ****             (+++) Call GPIO_Init() function
  43:./Libraries/src/stm32f4xx_gpio.c ****           
  44:./Libraries/src/stm32f4xx_gpio.c ****    (#) To get the level of a pin configured in input mode use GPIO_ReadInputDataBit()
  45:./Libraries/src/stm32f4xx_gpio.c ****             
  46:./Libraries/src/stm32f4xx_gpio.c ****    (#) To set/reset the level of a pin configured in output mode use 
  47:./Libraries/src/stm32f4xx_gpio.c ****        GPIO_SetBits()/GPIO_ResetBits()
  48:./Libraries/src/stm32f4xx_gpio.c ****                  
  49:./Libraries/src/stm32f4xx_gpio.c ****    (#) During and just after reset, the alternate functions are not 
  50:./Libraries/src/stm32f4xx_gpio.c ****        active and the GPIO pins are configured in input floating mode (except JTAG
  51:./Libraries/src/stm32f4xx_gpio.c ****        pins).
  52:./Libraries/src/stm32f4xx_gpio.c ****   
  53:./Libraries/src/stm32f4xx_gpio.c ****    (#) The LSE oscillator pins OSC32_IN and OSC32_OUT can be used as general purpose 
  54:./Libraries/src/stm32f4xx_gpio.c ****        (PC14 and PC15, respectively) when the LSE oscillator is off. The LSE has 
  55:./Libraries/src/stm32f4xx_gpio.c ****        priority over the GPIO function.
  56:./Libraries/src/stm32f4xx_gpio.c ****   
  57:./Libraries/src/stm32f4xx_gpio.c ****    (#) The HSE oscillator pins OSC_IN/OSC_OUT can be used as 
  58:./Libraries/src/stm32f4xx_gpio.c ****        general purpose PH0 and PH1, respectively, when the HSE oscillator is off. 
  59:./Libraries/src/stm32f4xx_gpio.c ****        The HSE has priority over the GPIO function.
  60:./Libraries/src/stm32f4xx_gpio.c ****                
  61:./Libraries/src/stm32f4xx_gpio.c **** @endverbatim        
  62:./Libraries/src/stm32f4xx_gpio.c ****   *
  63:./Libraries/src/stm32f4xx_gpio.c ****   ******************************************************************************
  64:./Libraries/src/stm32f4xx_gpio.c ****   * @attention
  65:./Libraries/src/stm32f4xx_gpio.c ****   *
  66:./Libraries/src/stm32f4xx_gpio.c ****   * <h2><center>&copy; COPYRIGHT 2016 STMicroelectronics</center></h2>
  67:./Libraries/src/stm32f4xx_gpio.c ****   *
  68:./Libraries/src/stm32f4xx_gpio.c ****   * Licensed under MCD-ST Liberty SW License Agreement V2, (the "License");
  69:./Libraries/src/stm32f4xx_gpio.c ****   * You may not use this file except in compliance with the License.
  70:./Libraries/src/stm32f4xx_gpio.c ****   * You may obtain a copy of the License at:
  71:./Libraries/src/stm32f4xx_gpio.c ****   *
  72:./Libraries/src/stm32f4xx_gpio.c ****   *        http://www.st.com/software_license_agreement_liberty_v2
  73:./Libraries/src/stm32f4xx_gpio.c ****   *
  74:./Libraries/src/stm32f4xx_gpio.c ****   * Unless required by applicable law or agreed to in writing, software 
  75:./Libraries/src/stm32f4xx_gpio.c ****   * distributed under the License is distributed on an "AS IS" BASIS, 
  76:./Libraries/src/stm32f4xx_gpio.c ****   * WITHOUT WARRANTIES OR CONDITIONS OF ANY KIND, either express or implied.
  77:./Libraries/src/stm32f4xx_gpio.c ****   * See the License for the specific language governing permissions and
  78:./Libraries/src/stm32f4xx_gpio.c ****   * limitations under the License.
  79:./Libraries/src/stm32f4xx_gpio.c ****   *
  80:./Libraries/src/stm32f4xx_gpio.c ****   ******************************************************************************
  81:./Libraries/src/stm32f4xx_gpio.c ****   */
  82:./Libraries/src/stm32f4xx_gpio.c **** 
  83:./Libraries/src/stm32f4xx_gpio.c **** /* Includes ------------------------------------------------------------------*/
  84:./Libraries/src/stm32f4xx_gpio.c **** #include "stm32f4xx_gpio.h"
  85:./Libraries/src/stm32f4xx_gpio.c **** #include "stm32f4xx_rcc.h"
  86:./Libraries/src/stm32f4xx_gpio.c **** 
ARM GAS  /tmp/ccPcbn3J.s 			page 3


  87:./Libraries/src/stm32f4xx_gpio.c **** /** @addtogroup STM32F4xx_StdPeriph_Driver
  88:./Libraries/src/stm32f4xx_gpio.c ****   * @{
  89:./Libraries/src/stm32f4xx_gpio.c ****   */
  90:./Libraries/src/stm32f4xx_gpio.c **** 
  91:./Libraries/src/stm32f4xx_gpio.c **** /** @defgroup GPIO 
  92:./Libraries/src/stm32f4xx_gpio.c ****   * @brief GPIO driver modules
  93:./Libraries/src/stm32f4xx_gpio.c ****   * @{
  94:./Libraries/src/stm32f4xx_gpio.c ****   */ 
  95:./Libraries/src/stm32f4xx_gpio.c **** 
  96:./Libraries/src/stm32f4xx_gpio.c **** /* Private typedef -----------------------------------------------------------*/
  97:./Libraries/src/stm32f4xx_gpio.c **** /* Private define ------------------------------------------------------------*/
  98:./Libraries/src/stm32f4xx_gpio.c **** /* Private macro -------------------------------------------------------------*/
  99:./Libraries/src/stm32f4xx_gpio.c **** /* Private variables ---------------------------------------------------------*/
 100:./Libraries/src/stm32f4xx_gpio.c **** /* Private function prototypes -----------------------------------------------*/
 101:./Libraries/src/stm32f4xx_gpio.c **** /* Private functions ---------------------------------------------------------*/
 102:./Libraries/src/stm32f4xx_gpio.c **** 
 103:./Libraries/src/stm32f4xx_gpio.c **** /** @defgroup GPIO_Private_Functions
 104:./Libraries/src/stm32f4xx_gpio.c ****   * @{
 105:./Libraries/src/stm32f4xx_gpio.c ****   */ 
 106:./Libraries/src/stm32f4xx_gpio.c **** 
 107:./Libraries/src/stm32f4xx_gpio.c **** /** @defgroup GPIO_Group1 Initialization and Configuration
 108:./Libraries/src/stm32f4xx_gpio.c ****  *  @brief   Initialization and Configuration
 109:./Libraries/src/stm32f4xx_gpio.c ****  *
 110:./Libraries/src/stm32f4xx_gpio.c **** @verbatim   
 111:./Libraries/src/stm32f4xx_gpio.c ****  ===============================================================================
 112:./Libraries/src/stm32f4xx_gpio.c ****                  ##### Initialization and Configuration #####
 113:./Libraries/src/stm32f4xx_gpio.c ****  ===============================================================================  
 114:./Libraries/src/stm32f4xx_gpio.c **** 
 115:./Libraries/src/stm32f4xx_gpio.c **** @endverbatim
 116:./Libraries/src/stm32f4xx_gpio.c ****   * @{
 117:./Libraries/src/stm32f4xx_gpio.c ****   */
 118:./Libraries/src/stm32f4xx_gpio.c **** 
 119:./Libraries/src/stm32f4xx_gpio.c **** /**
 120:./Libraries/src/stm32f4xx_gpio.c ****   * @brief  De-initializes the GPIOx peripheral registers to their default reset values.
 121:./Libraries/src/stm32f4xx_gpio.c ****   * @note   By default, The GPIO pins are configured in input floating mode (except JTAG pins).
 122:./Libraries/src/stm32f4xx_gpio.c ****   * @param  GPIOx: where x can be (A..K) to select the GPIO peripheral for STM32F405xx/407xx and ST
 123:./Libraries/src/stm32f4xx_gpio.c ****   *                      x can be (A..I) to select the GPIO peripheral for STM32F42xxx/43xxx device
 124:./Libraries/src/stm32f4xx_gpio.c ****   *                      x can be (A, B, C, D and H) to select the GPIO peripheral for STM32F401xx 
 125:./Libraries/src/stm32f4xx_gpio.c ****   * @retval None
 126:./Libraries/src/stm32f4xx_gpio.c ****   */
 127:./Libraries/src/stm32f4xx_gpio.c **** void GPIO_DeInit(GPIO_TypeDef* GPIOx)
 128:./Libraries/src/stm32f4xx_gpio.c **** {
  30              		.loc 1 128 1 view -0
  31              		.cfi_startproc
  32              		@ args = 0, pretend = 0, frame = 0
  33              		@ frame_needed = 0, uses_anonymous_args = 0
  34              		.loc 1 128 1 is_stmt 0 view .LVU1
  35 0000 08B5     		push	{r3, lr}
  36              	.LCFI0:
  37              		.cfi_def_cfa_offset 8
  38              		.cfi_offset 3, -8
  39              		.cfi_offset 14, -4
 129:./Libraries/src/stm32f4xx_gpio.c ****   /* Check the parameters */
 130:./Libraries/src/stm32f4xx_gpio.c ****   assert_param(IS_GPIO_ALL_PERIPH(GPIOx));
  40              		.loc 1 130 3 is_stmt 1 view .LVU2
 131:./Libraries/src/stm32f4xx_gpio.c **** 
 132:./Libraries/src/stm32f4xx_gpio.c ****   if (GPIOx == GPIOA)
ARM GAS  /tmp/ccPcbn3J.s 			page 4


  41              		.loc 1 132 3 view .LVU3
  42              		.loc 1 132 6 is_stmt 0 view .LVU4
  43 0002 454B     		ldr	r3, .L24
  44 0004 9842     		cmp	r0, r3
  45 0006 28D0     		beq	.L14
 133:./Libraries/src/stm32f4xx_gpio.c ****   {
 134:./Libraries/src/stm32f4xx_gpio.c ****     RCC_AHB1PeriphResetCmd(RCC_AHB1Periph_GPIOA, ENABLE);
 135:./Libraries/src/stm32f4xx_gpio.c ****     RCC_AHB1PeriphResetCmd(RCC_AHB1Periph_GPIOA, DISABLE);
 136:./Libraries/src/stm32f4xx_gpio.c ****   }
 137:./Libraries/src/stm32f4xx_gpio.c ****   else if (GPIOx == GPIOB)
  46              		.loc 1 137 8 is_stmt 1 view .LVU5
  47              		.loc 1 137 11 is_stmt 0 view .LVU6
  48 0008 444B     		ldr	r3, .L24+4
  49 000a 9842     		cmp	r0, r3
  50 000c 2ED0     		beq	.L15
 138:./Libraries/src/stm32f4xx_gpio.c ****   {
 139:./Libraries/src/stm32f4xx_gpio.c ****     RCC_AHB1PeriphResetCmd(RCC_AHB1Periph_GPIOB, ENABLE);
 140:./Libraries/src/stm32f4xx_gpio.c ****     RCC_AHB1PeriphResetCmd(RCC_AHB1Periph_GPIOB, DISABLE);
 141:./Libraries/src/stm32f4xx_gpio.c ****   }
 142:./Libraries/src/stm32f4xx_gpio.c ****   else if (GPIOx == GPIOC)
  51              		.loc 1 142 8 is_stmt 1 view .LVU7
  52              		.loc 1 142 11 is_stmt 0 view .LVU8
  53 000e 444B     		ldr	r3, .L24+8
  54 0010 9842     		cmp	r0, r3
  55 0012 34D0     		beq	.L16
 143:./Libraries/src/stm32f4xx_gpio.c ****   {
 144:./Libraries/src/stm32f4xx_gpio.c ****     RCC_AHB1PeriphResetCmd(RCC_AHB1Periph_GPIOC, ENABLE);
 145:./Libraries/src/stm32f4xx_gpio.c ****     RCC_AHB1PeriphResetCmd(RCC_AHB1Periph_GPIOC, DISABLE);
 146:./Libraries/src/stm32f4xx_gpio.c ****   }
 147:./Libraries/src/stm32f4xx_gpio.c ****   else if (GPIOx == GPIOD)
  56              		.loc 1 147 8 is_stmt 1 view .LVU9
  57              		.loc 1 147 11 is_stmt 0 view .LVU10
  58 0014 434B     		ldr	r3, .L24+12
  59 0016 9842     		cmp	r0, r3
  60 0018 3AD0     		beq	.L17
 148:./Libraries/src/stm32f4xx_gpio.c ****   {
 149:./Libraries/src/stm32f4xx_gpio.c ****     RCC_AHB1PeriphResetCmd(RCC_AHB1Periph_GPIOD, ENABLE);
 150:./Libraries/src/stm32f4xx_gpio.c ****     RCC_AHB1PeriphResetCmd(RCC_AHB1Periph_GPIOD, DISABLE);
 151:./Libraries/src/stm32f4xx_gpio.c ****   }
 152:./Libraries/src/stm32f4xx_gpio.c ****   else if (GPIOx == GPIOE)
  61              		.loc 1 152 8 is_stmt 1 view .LVU11
  62              		.loc 1 152 11 is_stmt 0 view .LVU12
  63 001a 434B     		ldr	r3, .L24+16
  64 001c 9842     		cmp	r0, r3
  65 001e 40D0     		beq	.L18
 153:./Libraries/src/stm32f4xx_gpio.c ****   {
 154:./Libraries/src/stm32f4xx_gpio.c ****     RCC_AHB1PeriphResetCmd(RCC_AHB1Periph_GPIOE, ENABLE);
 155:./Libraries/src/stm32f4xx_gpio.c ****     RCC_AHB1PeriphResetCmd(RCC_AHB1Periph_GPIOE, DISABLE);
 156:./Libraries/src/stm32f4xx_gpio.c ****   }
 157:./Libraries/src/stm32f4xx_gpio.c ****   else if (GPIOx == GPIOF)
  66              		.loc 1 157 8 is_stmt 1 view .LVU13
  67              		.loc 1 157 11 is_stmt 0 view .LVU14
  68 0020 424B     		ldr	r3, .L24+20
  69 0022 9842     		cmp	r0, r3
  70 0024 46D0     		beq	.L19
 158:./Libraries/src/stm32f4xx_gpio.c ****   {
 159:./Libraries/src/stm32f4xx_gpio.c ****     RCC_AHB1PeriphResetCmd(RCC_AHB1Periph_GPIOF, ENABLE);
ARM GAS  /tmp/ccPcbn3J.s 			page 5


 160:./Libraries/src/stm32f4xx_gpio.c ****     RCC_AHB1PeriphResetCmd(RCC_AHB1Periph_GPIOF, DISABLE);
 161:./Libraries/src/stm32f4xx_gpio.c ****   }
 162:./Libraries/src/stm32f4xx_gpio.c ****   else if (GPIOx == GPIOG)
  71              		.loc 1 162 8 is_stmt 1 view .LVU15
  72              		.loc 1 162 11 is_stmt 0 view .LVU16
  73 0026 424B     		ldr	r3, .L24+24
  74 0028 9842     		cmp	r0, r3
  75 002a 4CD0     		beq	.L20
 163:./Libraries/src/stm32f4xx_gpio.c ****   {
 164:./Libraries/src/stm32f4xx_gpio.c ****     RCC_AHB1PeriphResetCmd(RCC_AHB1Periph_GPIOG, ENABLE);
 165:./Libraries/src/stm32f4xx_gpio.c ****     RCC_AHB1PeriphResetCmd(RCC_AHB1Periph_GPIOG, DISABLE);
 166:./Libraries/src/stm32f4xx_gpio.c ****   }
 167:./Libraries/src/stm32f4xx_gpio.c ****   else if (GPIOx == GPIOH)
  76              		.loc 1 167 8 is_stmt 1 view .LVU17
  77              		.loc 1 167 11 is_stmt 0 view .LVU18
  78 002c 414B     		ldr	r3, .L24+28
  79 002e 9842     		cmp	r0, r3
  80 0030 52D0     		beq	.L21
 168:./Libraries/src/stm32f4xx_gpio.c ****   {
 169:./Libraries/src/stm32f4xx_gpio.c ****     RCC_AHB1PeriphResetCmd(RCC_AHB1Periph_GPIOH, ENABLE);
 170:./Libraries/src/stm32f4xx_gpio.c ****     RCC_AHB1PeriphResetCmd(RCC_AHB1Periph_GPIOH, DISABLE);
 171:./Libraries/src/stm32f4xx_gpio.c ****   }
 172:./Libraries/src/stm32f4xx_gpio.c **** 
 173:./Libraries/src/stm32f4xx_gpio.c ****   else if (GPIOx == GPIOI)
  81              		.loc 1 173 8 is_stmt 1 view .LVU19
  82              		.loc 1 173 11 is_stmt 0 view .LVU20
  83 0032 414B     		ldr	r3, .L24+32
  84 0034 9842     		cmp	r0, r3
  85 0036 58D0     		beq	.L22
 174:./Libraries/src/stm32f4xx_gpio.c ****   {
 175:./Libraries/src/stm32f4xx_gpio.c ****     RCC_AHB1PeriphResetCmd(RCC_AHB1Periph_GPIOI, ENABLE);
 176:./Libraries/src/stm32f4xx_gpio.c ****     RCC_AHB1PeriphResetCmd(RCC_AHB1Periph_GPIOI, DISABLE);
 177:./Libraries/src/stm32f4xx_gpio.c ****   }
 178:./Libraries/src/stm32f4xx_gpio.c ****   else if (GPIOx == GPIOJ)
  86              		.loc 1 178 8 is_stmt 1 view .LVU21
  87              		.loc 1 178 11 is_stmt 0 view .LVU22
  88 0038 404B     		ldr	r3, .L24+36
  89 003a 9842     		cmp	r0, r3
  90 003c 60D0     		beq	.L23
 179:./Libraries/src/stm32f4xx_gpio.c ****   {
 180:./Libraries/src/stm32f4xx_gpio.c ****     RCC_AHB1PeriphResetCmd(RCC_AHB1Periph_GPIOJ, ENABLE);
 181:./Libraries/src/stm32f4xx_gpio.c ****     RCC_AHB1PeriphResetCmd(RCC_AHB1Periph_GPIOJ, DISABLE);
 182:./Libraries/src/stm32f4xx_gpio.c ****   }
 183:./Libraries/src/stm32f4xx_gpio.c ****   else
 184:./Libraries/src/stm32f4xx_gpio.c ****   {
 185:./Libraries/src/stm32f4xx_gpio.c ****     if (GPIOx == GPIOK)
  91              		.loc 1 185 5 is_stmt 1 view .LVU23
  92              		.loc 1 185 8 is_stmt 0 view .LVU24
  93 003e 404B     		ldr	r3, .L24+40
  94 0040 9842     		cmp	r0, r3
  95 0042 12D1     		bne	.L1
 186:./Libraries/src/stm32f4xx_gpio.c ****     {
 187:./Libraries/src/stm32f4xx_gpio.c ****       RCC_AHB1PeriphResetCmd(RCC_AHB1Periph_GPIOK, ENABLE);
  96              		.loc 1 187 7 is_stmt 1 view .LVU25
  97 0044 0121     		movs	r1, #1
  98 0046 4FF48060 		mov	r0, #1024
  99              	.LVL1:
ARM GAS  /tmp/ccPcbn3J.s 			page 6


 100              		.loc 1 187 7 is_stmt 0 view .LVU26
 101 004a FFF7FEFF 		bl	RCC_AHB1PeriphResetCmd
 102              	.LVL2:
 188:./Libraries/src/stm32f4xx_gpio.c ****       RCC_AHB1PeriphResetCmd(RCC_AHB1Periph_GPIOK, DISABLE);
 103              		.loc 1 188 7 is_stmt 1 view .LVU27
 104 004e 0021     		movs	r1, #0
 105 0050 4FF48060 		mov	r0, #1024
 106 0054 FFF7FEFF 		bl	RCC_AHB1PeriphResetCmd
 107              	.LVL3:
 189:./Libraries/src/stm32f4xx_gpio.c ****     }
 190:./Libraries/src/stm32f4xx_gpio.c ****   }
 191:./Libraries/src/stm32f4xx_gpio.c **** }
 108              		.loc 1 191 1 is_stmt 0 view .LVU28
 109 0058 07E0     		b	.L1
 110              	.LVL4:
 111              	.L14:
 134:./Libraries/src/stm32f4xx_gpio.c ****     RCC_AHB1PeriphResetCmd(RCC_AHB1Periph_GPIOA, DISABLE);
 112              		.loc 1 134 5 is_stmt 1 view .LVU29
 113 005a 0121     		movs	r1, #1
 114 005c 0846     		mov	r0, r1
 115              	.LVL5:
 134:./Libraries/src/stm32f4xx_gpio.c ****     RCC_AHB1PeriphResetCmd(RCC_AHB1Periph_GPIOA, DISABLE);
 116              		.loc 1 134 5 is_stmt 0 view .LVU30
 117 005e FFF7FEFF 		bl	RCC_AHB1PeriphResetCmd
 118              	.LVL6:
 135:./Libraries/src/stm32f4xx_gpio.c ****   }
 119              		.loc 1 135 5 is_stmt 1 view .LVU31
 120 0062 0021     		movs	r1, #0
 121 0064 0120     		movs	r0, #1
 122 0066 FFF7FEFF 		bl	RCC_AHB1PeriphResetCmd
 123              	.LVL7:
 124              	.L1:
 125              		.loc 1 191 1 is_stmt 0 view .LVU32
 126 006a 08BD     		pop	{r3, pc}
 127              	.LVL8:
 128              	.L15:
 139:./Libraries/src/stm32f4xx_gpio.c ****     RCC_AHB1PeriphResetCmd(RCC_AHB1Periph_GPIOB, DISABLE);
 129              		.loc 1 139 5 is_stmt 1 view .LVU33
 130 006c 0121     		movs	r1, #1
 131 006e 0220     		movs	r0, #2
 132              	.LVL9:
 139:./Libraries/src/stm32f4xx_gpio.c ****     RCC_AHB1PeriphResetCmd(RCC_AHB1Periph_GPIOB, DISABLE);
 133              		.loc 1 139 5 is_stmt 0 view .LVU34
 134 0070 FFF7FEFF 		bl	RCC_AHB1PeriphResetCmd
 135              	.LVL10:
 140:./Libraries/src/stm32f4xx_gpio.c ****   }
 136              		.loc 1 140 5 is_stmt 1 view .LVU35
 137 0074 0021     		movs	r1, #0
 138 0076 0220     		movs	r0, #2
 139 0078 FFF7FEFF 		bl	RCC_AHB1PeriphResetCmd
 140              	.LVL11:
 141 007c F5E7     		b	.L1
 142              	.LVL12:
 143              	.L16:
 144:./Libraries/src/stm32f4xx_gpio.c ****     RCC_AHB1PeriphResetCmd(RCC_AHB1Periph_GPIOC, DISABLE);
 144              		.loc 1 144 5 view .LVU36
 145 007e 0121     		movs	r1, #1
ARM GAS  /tmp/ccPcbn3J.s 			page 7


 146 0080 0420     		movs	r0, #4
 147              	.LVL13:
 144:./Libraries/src/stm32f4xx_gpio.c ****     RCC_AHB1PeriphResetCmd(RCC_AHB1Periph_GPIOC, DISABLE);
 148              		.loc 1 144 5 is_stmt 0 view .LVU37
 149 0082 FFF7FEFF 		bl	RCC_AHB1PeriphResetCmd
 150              	.LVL14:
 145:./Libraries/src/stm32f4xx_gpio.c ****   }
 151              		.loc 1 145 5 is_stmt 1 view .LVU38
 152 0086 0021     		movs	r1, #0
 153 0088 0420     		movs	r0, #4
 154 008a FFF7FEFF 		bl	RCC_AHB1PeriphResetCmd
 155              	.LVL15:
 156 008e ECE7     		b	.L1
 157              	.LVL16:
 158              	.L17:
 149:./Libraries/src/stm32f4xx_gpio.c ****     RCC_AHB1PeriphResetCmd(RCC_AHB1Periph_GPIOD, DISABLE);
 159              		.loc 1 149 5 view .LVU39
 160 0090 0121     		movs	r1, #1
 161 0092 0820     		movs	r0, #8
 162              	.LVL17:
 149:./Libraries/src/stm32f4xx_gpio.c ****     RCC_AHB1PeriphResetCmd(RCC_AHB1Periph_GPIOD, DISABLE);
 163              		.loc 1 149 5 is_stmt 0 view .LVU40
 164 0094 FFF7FEFF 		bl	RCC_AHB1PeriphResetCmd
 165              	.LVL18:
 150:./Libraries/src/stm32f4xx_gpio.c ****   }
 166              		.loc 1 150 5 is_stmt 1 view .LVU41
 167 0098 0021     		movs	r1, #0
 168 009a 0820     		movs	r0, #8
 169 009c FFF7FEFF 		bl	RCC_AHB1PeriphResetCmd
 170              	.LVL19:
 171 00a0 E3E7     		b	.L1
 172              	.LVL20:
 173              	.L18:
 154:./Libraries/src/stm32f4xx_gpio.c ****     RCC_AHB1PeriphResetCmd(RCC_AHB1Periph_GPIOE, DISABLE);
 174              		.loc 1 154 5 view .LVU42
 175 00a2 0121     		movs	r1, #1
 176 00a4 1020     		movs	r0, #16
 177              	.LVL21:
 154:./Libraries/src/stm32f4xx_gpio.c ****     RCC_AHB1PeriphResetCmd(RCC_AHB1Periph_GPIOE, DISABLE);
 178              		.loc 1 154 5 is_stmt 0 view .LVU43
 179 00a6 FFF7FEFF 		bl	RCC_AHB1PeriphResetCmd
 180              	.LVL22:
 155:./Libraries/src/stm32f4xx_gpio.c ****   }
 181              		.loc 1 155 5 is_stmt 1 view .LVU44
 182 00aa 0021     		movs	r1, #0
 183 00ac 1020     		movs	r0, #16
 184 00ae FFF7FEFF 		bl	RCC_AHB1PeriphResetCmd
 185              	.LVL23:
 186 00b2 DAE7     		b	.L1
 187              	.LVL24:
 188              	.L19:
 159:./Libraries/src/stm32f4xx_gpio.c ****     RCC_AHB1PeriphResetCmd(RCC_AHB1Periph_GPIOF, DISABLE);
 189              		.loc 1 159 5 view .LVU45
 190 00b4 0121     		movs	r1, #1
 191 00b6 2020     		movs	r0, #32
 192              	.LVL25:
 159:./Libraries/src/stm32f4xx_gpio.c ****     RCC_AHB1PeriphResetCmd(RCC_AHB1Periph_GPIOF, DISABLE);
ARM GAS  /tmp/ccPcbn3J.s 			page 8


 193              		.loc 1 159 5 is_stmt 0 view .LVU46
 194 00b8 FFF7FEFF 		bl	RCC_AHB1PeriphResetCmd
 195              	.LVL26:
 160:./Libraries/src/stm32f4xx_gpio.c ****   }
 196              		.loc 1 160 5 is_stmt 1 view .LVU47
 197 00bc 0021     		movs	r1, #0
 198 00be 2020     		movs	r0, #32
 199 00c0 FFF7FEFF 		bl	RCC_AHB1PeriphResetCmd
 200              	.LVL27:
 201 00c4 D1E7     		b	.L1
 202              	.LVL28:
 203              	.L20:
 164:./Libraries/src/stm32f4xx_gpio.c ****     RCC_AHB1PeriphResetCmd(RCC_AHB1Periph_GPIOG, DISABLE);
 204              		.loc 1 164 5 view .LVU48
 205 00c6 0121     		movs	r1, #1
 206 00c8 4020     		movs	r0, #64
 207              	.LVL29:
 164:./Libraries/src/stm32f4xx_gpio.c ****     RCC_AHB1PeriphResetCmd(RCC_AHB1Periph_GPIOG, DISABLE);
 208              		.loc 1 164 5 is_stmt 0 view .LVU49
 209 00ca FFF7FEFF 		bl	RCC_AHB1PeriphResetCmd
 210              	.LVL30:
 165:./Libraries/src/stm32f4xx_gpio.c ****   }
 211              		.loc 1 165 5 is_stmt 1 view .LVU50
 212 00ce 0021     		movs	r1, #0
 213 00d0 4020     		movs	r0, #64
 214 00d2 FFF7FEFF 		bl	RCC_AHB1PeriphResetCmd
 215              	.LVL31:
 216 00d6 C8E7     		b	.L1
 217              	.LVL32:
 218              	.L21:
 169:./Libraries/src/stm32f4xx_gpio.c ****     RCC_AHB1PeriphResetCmd(RCC_AHB1Periph_GPIOH, DISABLE);
 219              		.loc 1 169 5 view .LVU51
 220 00d8 0121     		movs	r1, #1
 221 00da 8020     		movs	r0, #128
 222              	.LVL33:
 169:./Libraries/src/stm32f4xx_gpio.c ****     RCC_AHB1PeriphResetCmd(RCC_AHB1Periph_GPIOH, DISABLE);
 223              		.loc 1 169 5 is_stmt 0 view .LVU52
 224 00dc FFF7FEFF 		bl	RCC_AHB1PeriphResetCmd
 225              	.LVL34:
 170:./Libraries/src/stm32f4xx_gpio.c ****   }
 226              		.loc 1 170 5 is_stmt 1 view .LVU53
 227 00e0 0021     		movs	r1, #0
 228 00e2 8020     		movs	r0, #128
 229 00e4 FFF7FEFF 		bl	RCC_AHB1PeriphResetCmd
 230              	.LVL35:
 231 00e8 BFE7     		b	.L1
 232              	.LVL36:
 233              	.L22:
 175:./Libraries/src/stm32f4xx_gpio.c ****     RCC_AHB1PeriphResetCmd(RCC_AHB1Periph_GPIOI, DISABLE);
 234              		.loc 1 175 5 view .LVU54
 235 00ea 0121     		movs	r1, #1
 236 00ec 4FF48070 		mov	r0, #256
 237              	.LVL37:
 175:./Libraries/src/stm32f4xx_gpio.c ****     RCC_AHB1PeriphResetCmd(RCC_AHB1Periph_GPIOI, DISABLE);
 238              		.loc 1 175 5 is_stmt 0 view .LVU55
 239 00f0 FFF7FEFF 		bl	RCC_AHB1PeriphResetCmd
 240              	.LVL38:
ARM GAS  /tmp/ccPcbn3J.s 			page 9


 176:./Libraries/src/stm32f4xx_gpio.c ****   }
 241              		.loc 1 176 5 is_stmt 1 view .LVU56
 242 00f4 0021     		movs	r1, #0
 243 00f6 4FF48070 		mov	r0, #256
 244 00fa FFF7FEFF 		bl	RCC_AHB1PeriphResetCmd
 245              	.LVL39:
 246 00fe B4E7     		b	.L1
 247              	.LVL40:
 248              	.L23:
 180:./Libraries/src/stm32f4xx_gpio.c ****     RCC_AHB1PeriphResetCmd(RCC_AHB1Periph_GPIOJ, DISABLE);
 249              		.loc 1 180 5 view .LVU57
 250 0100 0121     		movs	r1, #1
 251 0102 4FF40070 		mov	r0, #512
 252              	.LVL41:
 180:./Libraries/src/stm32f4xx_gpio.c ****     RCC_AHB1PeriphResetCmd(RCC_AHB1Periph_GPIOJ, DISABLE);
 253              		.loc 1 180 5 is_stmt 0 view .LVU58
 254 0106 FFF7FEFF 		bl	RCC_AHB1PeriphResetCmd
 255              	.LVL42:
 181:./Libraries/src/stm32f4xx_gpio.c ****   }
 256              		.loc 1 181 5 is_stmt 1 view .LVU59
 257 010a 0021     		movs	r1, #0
 258 010c 4FF40070 		mov	r0, #512
 259 0110 FFF7FEFF 		bl	RCC_AHB1PeriphResetCmd
 260              	.LVL43:
 261 0114 A9E7     		b	.L1
 262              	.L25:
 263 0116 00BF     		.align	2
 264              	.L24:
 265 0118 00000240 		.word	1073872896
 266 011c 00040240 		.word	1073873920
 267 0120 00080240 		.word	1073874944
 268 0124 000C0240 		.word	1073875968
 269 0128 00100240 		.word	1073876992
 270 012c 00140240 		.word	1073878016
 271 0130 00180240 		.word	1073879040
 272 0134 001C0240 		.word	1073880064
 273 0138 00200240 		.word	1073881088
 274 013c 00240240 		.word	1073882112
 275 0140 00280240 		.word	1073883136
 276              		.cfi_endproc
 277              	.LFE123:
 279              		.section	.text.GPIO_Init,"ax",%progbits
 280              		.align	1
 281              		.global	GPIO_Init
 282              		.syntax unified
 283              		.thumb
 284              		.thumb_func
 286              	GPIO_Init:
 287              	.LVL44:
 288              	.LFB124:
 192:./Libraries/src/stm32f4xx_gpio.c **** 
 193:./Libraries/src/stm32f4xx_gpio.c **** /**
 194:./Libraries/src/stm32f4xx_gpio.c ****   * @brief  Initializes the GPIOx peripheral according to the specified parameters in the GPIO_Init
 195:./Libraries/src/stm32f4xx_gpio.c ****   * @param  GPIOx: where x can be (A..K) to select the GPIO peripheral for STM32F405xx/407xx and ST
 196:./Libraries/src/stm32f4xx_gpio.c ****   *                      x can be (A..I) to select the GPIO peripheral for STM32F42xxx/43xxx device
 197:./Libraries/src/stm32f4xx_gpio.c ****   *                      x can be (A, B, C, D and H) to select the GPIO peripheral for STM32F401xx 
 198:./Libraries/src/stm32f4xx_gpio.c ****   * @param  GPIO_InitStruct: pointer to a GPIO_InitTypeDef structure that contains
ARM GAS  /tmp/ccPcbn3J.s 			page 10


 199:./Libraries/src/stm32f4xx_gpio.c ****   *         the configuration information for the specified GPIO peripheral.
 200:./Libraries/src/stm32f4xx_gpio.c ****   * @retval None
 201:./Libraries/src/stm32f4xx_gpio.c ****   */
 202:./Libraries/src/stm32f4xx_gpio.c **** void GPIO_Init(GPIO_TypeDef* GPIOx, GPIO_InitTypeDef* GPIO_InitStruct)
 203:./Libraries/src/stm32f4xx_gpio.c **** {
 289              		.loc 1 203 1 view -0
 290              		.cfi_startproc
 291              		@ args = 0, pretend = 0, frame = 0
 292              		@ frame_needed = 0, uses_anonymous_args = 0
 204:./Libraries/src/stm32f4xx_gpio.c ****   uint32_t pinpos = 0x00, pos = 0x00 , currentpin = 0x00;
 293              		.loc 1 204 3 view .LVU61
 205:./Libraries/src/stm32f4xx_gpio.c **** 
 206:./Libraries/src/stm32f4xx_gpio.c ****   /* Check the parameters */
 207:./Libraries/src/stm32f4xx_gpio.c ****   assert_param(IS_GPIO_ALL_PERIPH(GPIOx));
 294              		.loc 1 207 3 view .LVU62
 208:./Libraries/src/stm32f4xx_gpio.c ****   assert_param(IS_GPIO_PIN(GPIO_InitStruct->GPIO_Pin));
 295              		.loc 1 208 3 view .LVU63
 209:./Libraries/src/stm32f4xx_gpio.c ****   assert_param(IS_GPIO_MODE(GPIO_InitStruct->GPIO_Mode));
 296              		.loc 1 209 3 view .LVU64
 210:./Libraries/src/stm32f4xx_gpio.c ****   assert_param(IS_GPIO_PUPD(GPIO_InitStruct->GPIO_PuPd));
 297              		.loc 1 210 3 view .LVU65
 211:./Libraries/src/stm32f4xx_gpio.c **** 
 212:./Libraries/src/stm32f4xx_gpio.c ****   /* ------------------------- Configure the port pins ---------------- */
 213:./Libraries/src/stm32f4xx_gpio.c ****   /*-- GPIO Mode Configuration --*/
 214:./Libraries/src/stm32f4xx_gpio.c ****   for (pinpos = 0x00; pinpos < 0x10; pinpos++)
 298              		.loc 1 214 3 view .LVU66
 299              		.loc 1 214 15 is_stmt 0 view .LVU67
 300 0000 0022     		movs	r2, #0
 301              	.LVL45:
 302              		.loc 1 214 30 is_stmt 1 discriminator 1 view .LVU68
 303 0002 0F2A     		cmp	r2, #15
 304 0004 4DD8     		bhi	.L34
 203:./Libraries/src/stm32f4xx_gpio.c ****   uint32_t pinpos = 0x00, pos = 0x00 , currentpin = 0x00;
 305              		.loc 1 203 1 is_stmt 0 view .LVU69
 306 0006 10B5     		push	{r4, lr}
 307              	.LCFI1:
 308              		.cfi_def_cfa_offset 8
 309              		.cfi_offset 4, -8
 310              		.cfi_offset 14, -4
 311 0008 14E0     		b	.L30
 312              	.LVL46:
 313              	.L29:
 215:./Libraries/src/stm32f4xx_gpio.c ****   {
 216:./Libraries/src/stm32f4xx_gpio.c ****     pos = ((uint32_t)0x01) << pinpos;
 217:./Libraries/src/stm32f4xx_gpio.c ****     /* Get the port pins position */
 218:./Libraries/src/stm32f4xx_gpio.c ****     currentpin = (GPIO_InitStruct->GPIO_Pin) & pos;
 219:./Libraries/src/stm32f4xx_gpio.c **** 
 220:./Libraries/src/stm32f4xx_gpio.c ****     if (currentpin == pos)
 221:./Libraries/src/stm32f4xx_gpio.c ****     {
 222:./Libraries/src/stm32f4xx_gpio.c ****       GPIOx->MODER  &= ~(GPIO_MODER_MODER0 << (pinpos * 2));
 223:./Libraries/src/stm32f4xx_gpio.c ****       GPIOx->MODER |= (((uint32_t)GPIO_InitStruct->GPIO_Mode) << (pinpos * 2));
 224:./Libraries/src/stm32f4xx_gpio.c **** 
 225:./Libraries/src/stm32f4xx_gpio.c ****       if ((GPIO_InitStruct->GPIO_Mode == GPIO_Mode_OUT) || (GPIO_InitStruct->GPIO_Mode == GPIO_Mode
 226:./Libraries/src/stm32f4xx_gpio.c ****       {
 227:./Libraries/src/stm32f4xx_gpio.c ****         /* Check Speed mode parameters */
 228:./Libraries/src/stm32f4xx_gpio.c ****         assert_param(IS_GPIO_SPEED(GPIO_InitStruct->GPIO_Speed));
 229:./Libraries/src/stm32f4xx_gpio.c **** 
ARM GAS  /tmp/ccPcbn3J.s 			page 11


 230:./Libraries/src/stm32f4xx_gpio.c ****         /* Speed mode configuration */
 231:./Libraries/src/stm32f4xx_gpio.c ****         GPIOx->OSPEEDR &= ~(GPIO_OSPEEDER_OSPEEDR0 << (pinpos * 2));
 232:./Libraries/src/stm32f4xx_gpio.c ****         GPIOx->OSPEEDR |= ((uint32_t)(GPIO_InitStruct->GPIO_Speed) << (pinpos * 2));
 233:./Libraries/src/stm32f4xx_gpio.c **** 
 234:./Libraries/src/stm32f4xx_gpio.c ****         /* Check Output mode parameters */
 235:./Libraries/src/stm32f4xx_gpio.c ****         assert_param(IS_GPIO_OTYPE(GPIO_InitStruct->GPIO_OType));
 236:./Libraries/src/stm32f4xx_gpio.c **** 
 237:./Libraries/src/stm32f4xx_gpio.c ****         /* Output mode configuration*/
 238:./Libraries/src/stm32f4xx_gpio.c ****         GPIOx->OTYPER  &= ~((GPIO_OTYPER_OT_0) << ((uint16_t)pinpos)) ;
 239:./Libraries/src/stm32f4xx_gpio.c ****         GPIOx->OTYPER |= (uint16_t)(((uint16_t)GPIO_InitStruct->GPIO_OType) << ((uint16_t)pinpos));
 240:./Libraries/src/stm32f4xx_gpio.c ****       }
 241:./Libraries/src/stm32f4xx_gpio.c **** 
 242:./Libraries/src/stm32f4xx_gpio.c ****       /* Pull-up Pull down resistor configuration*/
 243:./Libraries/src/stm32f4xx_gpio.c ****       GPIOx->PUPDR &= ~(GPIO_PUPDR_PUPDR0 << ((uint16_t)pinpos * 2));
 314              		.loc 1 243 7 is_stmt 1 view .LVU70
 315              		.loc 1 243 12 is_stmt 0 view .LVU71
 316 000a C368     		ldr	r3, [r0, #12]
 317              		.loc 1 243 47 view .LVU72
 318 000c 94B2     		uxth	r4, r2
 319              		.loc 1 243 64 view .LVU73
 320 000e 6400     		lsls	r4, r4, #1
 321              		.loc 1 243 43 view .LVU74
 322 0010 4FF0030E 		mov	lr, #3
 323 0014 0EFA04FE 		lsl	lr, lr, r4
 324              		.loc 1 243 20 view .LVU75
 325 0018 23EA0E03 		bic	r3, r3, lr
 326 001c C360     		str	r3, [r0, #12]
 244:./Libraries/src/stm32f4xx_gpio.c ****       GPIOx->PUPDR |= (((uint32_t)GPIO_InitStruct->GPIO_PuPd) << (pinpos * 2));
 327              		.loc 1 244 7 is_stmt 1 view .LVU76
 328              		.loc 1 244 12 is_stmt 0 view .LVU77
 329 001e C368     		ldr	r3, [r0, #12]
 330              		.loc 1 244 50 view .LVU78
 331 0020 91F807E0 		ldrb	lr, [r1, #7]	@ zero_extendqisi2
 332              		.loc 1 244 63 view .LVU79
 333 0024 0EFA0CFC 		lsl	ip, lr, ip
 334              		.loc 1 244 20 view .LVU80
 335 0028 43EA0C03 		orr	r3, r3, ip
 336 002c C360     		str	r3, [r0, #12]
 337              	.L28:
 214:./Libraries/src/stm32f4xx_gpio.c ****   {
 338              		.loc 1 214 44 is_stmt 1 discriminator 2 view .LVU81
 339 002e 0132     		adds	r2, r2, #1
 340              	.LVL47:
 214:./Libraries/src/stm32f4xx_gpio.c ****   {
 341              		.loc 1 214 30 discriminator 1 view .LVU82
 342 0030 0F2A     		cmp	r2, #15
 343 0032 35D8     		bhi	.L35
 344              	.LVL48:
 345              	.L30:
 216:./Libraries/src/stm32f4xx_gpio.c ****     /* Get the port pins position */
 346              		.loc 1 216 5 view .LVU83
 216:./Libraries/src/stm32f4xx_gpio.c ****     /* Get the port pins position */
 347              		.loc 1 216 9 is_stmt 0 view .LVU84
 348 0034 0123     		movs	r3, #1
 349 0036 9340     		lsls	r3, r3, r2
 350              	.LVL49:
 218:./Libraries/src/stm32f4xx_gpio.c **** 
ARM GAS  /tmp/ccPcbn3J.s 			page 12


 351              		.loc 1 218 5 is_stmt 1 view .LVU85
 220:./Libraries/src/stm32f4xx_gpio.c ****     {
 352              		.loc 1 220 5 view .LVU86
 220:./Libraries/src/stm32f4xx_gpio.c ****     {
 353              		.loc 1 220 8 is_stmt 0 view .LVU87
 354 0038 0C68     		ldr	r4, [r1]
 355 003a A343     		bics	r3, r3, r4
 356              	.LVL50:
 220:./Libraries/src/stm32f4xx_gpio.c ****     {
 357              		.loc 1 220 8 view .LVU88
 358 003c F7D1     		bne	.L28
 222:./Libraries/src/stm32f4xx_gpio.c ****       GPIOx->MODER |= (((uint32_t)GPIO_InitStruct->GPIO_Mode) << (pinpos * 2));
 359              		.loc 1 222 7 is_stmt 1 view .LVU89
 222:./Libraries/src/stm32f4xx_gpio.c ****       GPIOx->MODER |= (((uint32_t)GPIO_InitStruct->GPIO_Mode) << (pinpos * 2));
 360              		.loc 1 222 12 is_stmt 0 view .LVU90
 361 003e 0468     		ldr	r4, [r0]
 222:./Libraries/src/stm32f4xx_gpio.c ****       GPIOx->MODER |= (((uint32_t)GPIO_InitStruct->GPIO_Mode) << (pinpos * 2));
 362              		.loc 1 222 55 view .LVU91
 363 0040 4FEA420C 		lsl	ip, r2, #1
 222:./Libraries/src/stm32f4xx_gpio.c ****       GPIOx->MODER |= (((uint32_t)GPIO_InitStruct->GPIO_Mode) << (pinpos * 2));
 364              		.loc 1 222 44 view .LVU92
 365 0044 0323     		movs	r3, #3
 366 0046 03FA0CF3 		lsl	r3, r3, ip
 222:./Libraries/src/stm32f4xx_gpio.c ****       GPIOx->MODER |= (((uint32_t)GPIO_InitStruct->GPIO_Mode) << (pinpos * 2));
 367              		.loc 1 222 24 view .LVU93
 368 004a 6FEA030E 		mvn	lr, r3
 222:./Libraries/src/stm32f4xx_gpio.c ****       GPIOx->MODER |= (((uint32_t)GPIO_InitStruct->GPIO_Mode) << (pinpos * 2));
 369              		.loc 1 222 21 view .LVU94
 370 004e 24EA0303 		bic	r3, r4, r3
 371 0052 0360     		str	r3, [r0]
 372              	.LVL51:
 223:./Libraries/src/stm32f4xx_gpio.c **** 
 373              		.loc 1 223 7 is_stmt 1 view .LVU95
 223:./Libraries/src/stm32f4xx_gpio.c **** 
 374              		.loc 1 223 12 is_stmt 0 view .LVU96
 375 0054 0368     		ldr	r3, [r0]
 223:./Libraries/src/stm32f4xx_gpio.c **** 
 376              		.loc 1 223 50 view .LVU97
 377 0056 0C79     		ldrb	r4, [r1, #4]	@ zero_extendqisi2
 223:./Libraries/src/stm32f4xx_gpio.c **** 
 378              		.loc 1 223 63 view .LVU98
 379 0058 04FA0CF4 		lsl	r4, r4, ip
 223:./Libraries/src/stm32f4xx_gpio.c **** 
 380              		.loc 1 223 20 view .LVU99
 381 005c 2343     		orrs	r3, r3, r4
 382 005e 0360     		str	r3, [r0]
 225:./Libraries/src/stm32f4xx_gpio.c ****       {
 383              		.loc 1 225 7 is_stmt 1 view .LVU100
 225:./Libraries/src/stm32f4xx_gpio.c ****       {
 384              		.loc 1 225 27 is_stmt 0 view .LVU101
 385 0060 0B79     		ldrb	r3, [r1, #4]	@ zero_extendqisi2
 225:./Libraries/src/stm32f4xx_gpio.c ****       {
 386              		.loc 1 225 57 view .LVU102
 387 0062 013B     		subs	r3, r3, #1
 388 0064 DBB2     		uxtb	r3, r3
 225:./Libraries/src/stm32f4xx_gpio.c ****       {
 389              		.loc 1 225 10 view .LVU103
ARM GAS  /tmp/ccPcbn3J.s 			page 13


 390 0066 012B     		cmp	r3, #1
 391 0068 CFD8     		bhi	.L29
 228:./Libraries/src/stm32f4xx_gpio.c **** 
 392              		.loc 1 228 9 is_stmt 1 view .LVU104
 231:./Libraries/src/stm32f4xx_gpio.c ****         GPIOx->OSPEEDR |= ((uint32_t)(GPIO_InitStruct->GPIO_Speed) << (pinpos * 2));
 393              		.loc 1 231 9 view .LVU105
 231:./Libraries/src/stm32f4xx_gpio.c ****         GPIOx->OSPEEDR |= ((uint32_t)(GPIO_InitStruct->GPIO_Speed) << (pinpos * 2));
 394              		.loc 1 231 14 is_stmt 0 view .LVU106
 395 006a 8368     		ldr	r3, [r0, #8]
 231:./Libraries/src/stm32f4xx_gpio.c ****         GPIOx->OSPEEDR |= ((uint32_t)(GPIO_InitStruct->GPIO_Speed) << (pinpos * 2));
 396              		.loc 1 231 24 view .LVU107
 397 006c 0EEA0303 		and	r3, lr, r3
 398 0070 8360     		str	r3, [r0, #8]
 232:./Libraries/src/stm32f4xx_gpio.c **** 
 399              		.loc 1 232 9 is_stmt 1 view .LVU108
 232:./Libraries/src/stm32f4xx_gpio.c **** 
 400              		.loc 1 232 14 is_stmt 0 view .LVU109
 401 0072 8368     		ldr	r3, [r0, #8]
 232:./Libraries/src/stm32f4xx_gpio.c **** 
 402              		.loc 1 232 54 view .LVU110
 403 0074 4C79     		ldrb	r4, [r1, #5]	@ zero_extendqisi2
 232:./Libraries/src/stm32f4xx_gpio.c **** 
 404              		.loc 1 232 68 view .LVU111
 405 0076 04FA0CF4 		lsl	r4, r4, ip
 232:./Libraries/src/stm32f4xx_gpio.c **** 
 406              		.loc 1 232 24 view .LVU112
 407 007a 2343     		orrs	r3, r3, r4
 408 007c 8360     		str	r3, [r0, #8]
 235:./Libraries/src/stm32f4xx_gpio.c **** 
 409              		.loc 1 235 9 is_stmt 1 view .LVU113
 238:./Libraries/src/stm32f4xx_gpio.c ****         GPIOx->OTYPER |= (uint16_t)(((uint16_t)GPIO_InitStruct->GPIO_OType) << ((uint16_t)pinpos));
 410              		.loc 1 238 9 view .LVU114
 238:./Libraries/src/stm32f4xx_gpio.c ****         GPIOx->OTYPER |= (uint16_t)(((uint16_t)GPIO_InitStruct->GPIO_OType) << ((uint16_t)pinpos));
 411              		.loc 1 238 14 is_stmt 0 view .LVU115
 412 007e 4368     		ldr	r3, [r0, #4]
 238:./Libraries/src/stm32f4xx_gpio.c ****         GPIOx->OTYPER |= (uint16_t)(((uint16_t)GPIO_InitStruct->GPIO_OType) << ((uint16_t)pinpos));
 413              		.loc 1 238 52 view .LVU116
 414 0080 1FFA82FE 		uxth	lr, r2
 238:./Libraries/src/stm32f4xx_gpio.c ****         GPIOx->OTYPER |= (uint16_t)(((uint16_t)GPIO_InitStruct->GPIO_OType) << ((uint16_t)pinpos));
 415              		.loc 1 238 48 view .LVU117
 416 0084 0124     		movs	r4, #1
 417              	.LVL52:
 238:./Libraries/src/stm32f4xx_gpio.c ****         GPIOx->OTYPER |= (uint16_t)(((uint16_t)GPIO_InitStruct->GPIO_OType) << ((uint16_t)pinpos));
 418              		.loc 1 238 48 view .LVU118
 419 0086 04FA0EF4 		lsl	r4, r4, lr
 420              	.LVL53:
 238:./Libraries/src/stm32f4xx_gpio.c ****         GPIOx->OTYPER |= (uint16_t)(((uint16_t)GPIO_InitStruct->GPIO_OType) << ((uint16_t)pinpos));
 421              		.loc 1 238 24 view .LVU119
 422 008a 23EA0403 		bic	r3, r3, r4
 423 008e 4360     		str	r3, [r0, #4]
 239:./Libraries/src/stm32f4xx_gpio.c ****       }
 424              		.loc 1 239 9 is_stmt 1 view .LVU120
 239:./Libraries/src/stm32f4xx_gpio.c ****       }
 425              		.loc 1 239 14 is_stmt 0 view .LVU121
 426 0090 4468     		ldr	r4, [r0, #4]
 239:./Libraries/src/stm32f4xx_gpio.c ****       }
 427              		.loc 1 239 63 view .LVU122
ARM GAS  /tmp/ccPcbn3J.s 			page 14


 428 0092 8B79     		ldrb	r3, [r1, #6]	@ zero_extendqisi2
 239:./Libraries/src/stm32f4xx_gpio.c ****       }
 429              		.loc 1 239 77 view .LVU123
 430 0094 03FA0EF3 		lsl	r3, r3, lr
 239:./Libraries/src/stm32f4xx_gpio.c ****       }
 431              		.loc 1 239 26 view .LVU124
 432 0098 9BB2     		uxth	r3, r3
 239:./Libraries/src/stm32f4xx_gpio.c ****       }
 433              		.loc 1 239 23 view .LVU125
 434 009a 2343     		orrs	r3, r3, r4
 435 009c 4360     		str	r3, [r0, #4]
 436 009e B4E7     		b	.L29
 437              	.LVL54:
 438              	.L35:
 245:./Libraries/src/stm32f4xx_gpio.c ****     }
 246:./Libraries/src/stm32f4xx_gpio.c ****   }
 247:./Libraries/src/stm32f4xx_gpio.c **** }
 439              		.loc 1 247 1 view .LVU126
 440 00a0 10BD     		pop	{r4, pc}
 441              	.LVL55:
 442              	.L34:
 443              	.LCFI2:
 444              		.cfi_def_cfa_offset 0
 445              		.cfi_restore 4
 446              		.cfi_restore 14
 447              		.loc 1 247 1 view .LVU127
 448 00a2 7047     		bx	lr
 449              		.cfi_endproc
 450              	.LFE124:
 452              		.section	.text.GPIO_StructInit,"ax",%progbits
 453              		.align	1
 454              		.global	GPIO_StructInit
 455              		.syntax unified
 456              		.thumb
 457              		.thumb_func
 459              	GPIO_StructInit:
 460              	.LVL56:
 461              	.LFB125:
 248:./Libraries/src/stm32f4xx_gpio.c **** 
 249:./Libraries/src/stm32f4xx_gpio.c **** /**
 250:./Libraries/src/stm32f4xx_gpio.c ****   * @brief  Fills each GPIO_InitStruct member with its default value.
 251:./Libraries/src/stm32f4xx_gpio.c ****   * @param  GPIO_InitStruct : pointer to a GPIO_InitTypeDef structure which will be initialized.
 252:./Libraries/src/stm32f4xx_gpio.c ****   * @retval None
 253:./Libraries/src/stm32f4xx_gpio.c ****   */
 254:./Libraries/src/stm32f4xx_gpio.c **** void GPIO_StructInit(GPIO_InitTypeDef* GPIO_InitStruct)
 255:./Libraries/src/stm32f4xx_gpio.c **** {
 462              		.loc 1 255 1 is_stmt 1 view -0
 463              		.cfi_startproc
 464              		@ args = 0, pretend = 0, frame = 0
 465              		@ frame_needed = 0, uses_anonymous_args = 0
 466              		@ link register save eliminated.
 256:./Libraries/src/stm32f4xx_gpio.c ****   /* Reset GPIO init structure parameters values */
 257:./Libraries/src/stm32f4xx_gpio.c ****   GPIO_InitStruct->GPIO_Pin  = GPIO_Pin_All;
 467              		.loc 1 257 3 view .LVU129
 468              		.loc 1 257 30 is_stmt 0 view .LVU130
 469 0000 4FF6FF73 		movw	r3, #65535
 470 0004 0360     		str	r3, [r0]
ARM GAS  /tmp/ccPcbn3J.s 			page 15


 258:./Libraries/src/stm32f4xx_gpio.c ****   GPIO_InitStruct->GPIO_Mode = GPIO_Mode_IN;
 471              		.loc 1 258 3 is_stmt 1 view .LVU131
 472              		.loc 1 258 30 is_stmt 0 view .LVU132
 473 0006 0023     		movs	r3, #0
 474 0008 0371     		strb	r3, [r0, #4]
 259:./Libraries/src/stm32f4xx_gpio.c ****   GPIO_InitStruct->GPIO_Speed = GPIO_Speed_2MHz;
 475              		.loc 1 259 3 is_stmt 1 view .LVU133
 476              		.loc 1 259 31 is_stmt 0 view .LVU134
 477 000a 4371     		strb	r3, [r0, #5]
 260:./Libraries/src/stm32f4xx_gpio.c ****   GPIO_InitStruct->GPIO_OType = GPIO_OType_PP;
 478              		.loc 1 260 3 is_stmt 1 view .LVU135
 479              		.loc 1 260 31 is_stmt 0 view .LVU136
 480 000c 8371     		strb	r3, [r0, #6]
 261:./Libraries/src/stm32f4xx_gpio.c ****   GPIO_InitStruct->GPIO_PuPd = GPIO_PuPd_NOPULL;
 481              		.loc 1 261 3 is_stmt 1 view .LVU137
 482              		.loc 1 261 30 is_stmt 0 view .LVU138
 483 000e C371     		strb	r3, [r0, #7]
 262:./Libraries/src/stm32f4xx_gpio.c **** }
 484              		.loc 1 262 1 view .LVU139
 485 0010 7047     		bx	lr
 486              		.cfi_endproc
 487              	.LFE125:
 489              		.section	.text.GPIO_PinLockConfig,"ax",%progbits
 490              		.align	1
 491              		.global	GPIO_PinLockConfig
 492              		.syntax unified
 493              		.thumb
 494              		.thumb_func
 496              	GPIO_PinLockConfig:
 497              	.LVL57:
 498              	.LFB126:
 263:./Libraries/src/stm32f4xx_gpio.c **** 
 264:./Libraries/src/stm32f4xx_gpio.c **** /**
 265:./Libraries/src/stm32f4xx_gpio.c ****   * @brief  Locks GPIO Pins configuration registers.
 266:./Libraries/src/stm32f4xx_gpio.c ****   * @note   The locked registers are GPIOx_MODER, GPIOx_OTYPER, GPIOx_OSPEEDR,
 267:./Libraries/src/stm32f4xx_gpio.c ****   *         GPIOx_PUPDR, GPIOx_AFRL and GPIOx_AFRH.
 268:./Libraries/src/stm32f4xx_gpio.c ****   * @note   The configuration of the locked GPIO pins can no longer be modified
 269:./Libraries/src/stm32f4xx_gpio.c ****   *         until the next reset.
 270:./Libraries/src/stm32f4xx_gpio.c ****   * @param  GPIOx: where x can be (A..K) to select the GPIO peripheral for STM32F405xx/407xx and ST
 271:./Libraries/src/stm32f4xx_gpio.c ****   *                      x can be (A..I) to select the GPIO peripheral for STM32F42xxx/43xxx device
 272:./Libraries/src/stm32f4xx_gpio.c ****   *                      x can be (A, B, C, D and H) to select the GPIO peripheral for STM32F401xx 
 273:./Libraries/src/stm32f4xx_gpio.c ****   * @param  GPIO_Pin: specifies the port bit to be locked.
 274:./Libraries/src/stm32f4xx_gpio.c ****   *          This parameter can be any combination of GPIO_Pin_x where x can be (0..15).
 275:./Libraries/src/stm32f4xx_gpio.c ****   * @retval None
 276:./Libraries/src/stm32f4xx_gpio.c ****   */
 277:./Libraries/src/stm32f4xx_gpio.c **** void GPIO_PinLockConfig(GPIO_TypeDef* GPIOx, uint16_t GPIO_Pin)
 278:./Libraries/src/stm32f4xx_gpio.c **** {
 499              		.loc 1 278 1 is_stmt 1 view -0
 500              		.cfi_startproc
 501              		@ args = 0, pretend = 0, frame = 8
 502              		@ frame_needed = 0, uses_anonymous_args = 0
 503              		@ link register save eliminated.
 504              		.loc 1 278 1 is_stmt 0 view .LVU141
 505 0000 82B0     		sub	sp, sp, #8
 506              	.LCFI3:
 507              		.cfi_def_cfa_offset 8
 279:./Libraries/src/stm32f4xx_gpio.c ****   __IO uint32_t tmp = 0x00010000;
ARM GAS  /tmp/ccPcbn3J.s 			page 16


 508              		.loc 1 279 3 is_stmt 1 view .LVU142
 509              		.loc 1 279 17 is_stmt 0 view .LVU143
 510 0002 4FF48033 		mov	r3, #65536
 511 0006 0193     		str	r3, [sp, #4]
 280:./Libraries/src/stm32f4xx_gpio.c **** 
 281:./Libraries/src/stm32f4xx_gpio.c ****   /* Check the parameters */
 282:./Libraries/src/stm32f4xx_gpio.c ****   assert_param(IS_GPIO_ALL_PERIPH(GPIOx));
 512              		.loc 1 282 3 is_stmt 1 view .LVU144
 283:./Libraries/src/stm32f4xx_gpio.c ****   assert_param(IS_GPIO_PIN(GPIO_Pin));
 513              		.loc 1 283 3 view .LVU145
 284:./Libraries/src/stm32f4xx_gpio.c **** 
 285:./Libraries/src/stm32f4xx_gpio.c ****   tmp |= GPIO_Pin;
 514              		.loc 1 285 3 view .LVU146
 515              		.loc 1 285 7 is_stmt 0 view .LVU147
 516 0008 019B     		ldr	r3, [sp, #4]
 517 000a 0B43     		orrs	r3, r3, r1
 518 000c 0193     		str	r3, [sp, #4]
 286:./Libraries/src/stm32f4xx_gpio.c ****   /* Set LCKK bit */
 287:./Libraries/src/stm32f4xx_gpio.c ****   GPIOx->LCKR = tmp;
 519              		.loc 1 287 3 is_stmt 1 view .LVU148
 520              		.loc 1 287 15 is_stmt 0 view .LVU149
 521 000e 019B     		ldr	r3, [sp, #4]
 522 0010 C361     		str	r3, [r0, #28]
 288:./Libraries/src/stm32f4xx_gpio.c ****   /* Reset LCKK bit */
 289:./Libraries/src/stm32f4xx_gpio.c ****   GPIOx->LCKR =  GPIO_Pin;
 523              		.loc 1 289 3 is_stmt 1 view .LVU150
 524              		.loc 1 289 15 is_stmt 0 view .LVU151
 525 0012 C161     		str	r1, [r0, #28]
 290:./Libraries/src/stm32f4xx_gpio.c ****   /* Set LCKK bit */
 291:./Libraries/src/stm32f4xx_gpio.c ****   GPIOx->LCKR = tmp;
 526              		.loc 1 291 3 is_stmt 1 view .LVU152
 527              		.loc 1 291 15 is_stmt 0 view .LVU153
 528 0014 019B     		ldr	r3, [sp, #4]
 529 0016 C361     		str	r3, [r0, #28]
 292:./Libraries/src/stm32f4xx_gpio.c ****   /* Read LCKK bit*/
 293:./Libraries/src/stm32f4xx_gpio.c ****   tmp = GPIOx->LCKR;
 530              		.loc 1 293 3 is_stmt 1 view .LVU154
 531              		.loc 1 293 14 is_stmt 0 view .LVU155
 532 0018 C369     		ldr	r3, [r0, #28]
 533              		.loc 1 293 7 view .LVU156
 534 001a 0193     		str	r3, [sp, #4]
 294:./Libraries/src/stm32f4xx_gpio.c ****   /* Read LCKK bit*/
 295:./Libraries/src/stm32f4xx_gpio.c ****   tmp = GPIOx->LCKR;
 535              		.loc 1 295 3 is_stmt 1 view .LVU157
 536              		.loc 1 295 14 is_stmt 0 view .LVU158
 537 001c C369     		ldr	r3, [r0, #28]
 538              		.loc 1 295 7 view .LVU159
 539 001e 0193     		str	r3, [sp, #4]
 296:./Libraries/src/stm32f4xx_gpio.c **** }
 540              		.loc 1 296 1 view .LVU160
 541 0020 02B0     		add	sp, sp, #8
 542              	.LCFI4:
 543              		.cfi_def_cfa_offset 0
 544              		@ sp needed
 545 0022 7047     		bx	lr
 546              		.cfi_endproc
 547              	.LFE126:
ARM GAS  /tmp/ccPcbn3J.s 			page 17


 549              		.section	.text.GPIO_ReadInputDataBit,"ax",%progbits
 550              		.align	1
 551              		.global	GPIO_ReadInputDataBit
 552              		.syntax unified
 553              		.thumb
 554              		.thumb_func
 556              	GPIO_ReadInputDataBit:
 557              	.LVL58:
 558              	.LFB127:
 297:./Libraries/src/stm32f4xx_gpio.c **** 
 298:./Libraries/src/stm32f4xx_gpio.c **** /**
 299:./Libraries/src/stm32f4xx_gpio.c ****   * @}
 300:./Libraries/src/stm32f4xx_gpio.c ****   */
 301:./Libraries/src/stm32f4xx_gpio.c **** 
 302:./Libraries/src/stm32f4xx_gpio.c **** /** @defgroup GPIO_Group2 GPIO Read and Write
 303:./Libraries/src/stm32f4xx_gpio.c ****  *  @brief   GPIO Read and Write
 304:./Libraries/src/stm32f4xx_gpio.c ****  *
 305:./Libraries/src/stm32f4xx_gpio.c **** @verbatim   
 306:./Libraries/src/stm32f4xx_gpio.c ****  ===============================================================================
 307:./Libraries/src/stm32f4xx_gpio.c ****                          ##### GPIO Read and Write #####
 308:./Libraries/src/stm32f4xx_gpio.c ****  ===============================================================================  
 309:./Libraries/src/stm32f4xx_gpio.c **** 
 310:./Libraries/src/stm32f4xx_gpio.c **** @endverbatim
 311:./Libraries/src/stm32f4xx_gpio.c ****   * @{
 312:./Libraries/src/stm32f4xx_gpio.c ****   */
 313:./Libraries/src/stm32f4xx_gpio.c **** 
 314:./Libraries/src/stm32f4xx_gpio.c **** /**
 315:./Libraries/src/stm32f4xx_gpio.c ****   * @brief  Reads the specified input port pin.
 316:./Libraries/src/stm32f4xx_gpio.c ****   * @param  GPIOx: where x can be (A..K) to select the GPIO peripheral for STM32F405xx/407xx and ST
 317:./Libraries/src/stm32f4xx_gpio.c ****   *                      x can be (A..I) to select the GPIO peripheral for STM32F42xxx/43xxx device
 318:./Libraries/src/stm32f4xx_gpio.c ****   *                      x can be (A, B, C, D and H) to select the GPIO peripheral for STM32F401xx 
 319:./Libraries/src/stm32f4xx_gpio.c ****   * @param  GPIO_Pin: specifies the port bit to read.
 320:./Libraries/src/stm32f4xx_gpio.c ****   *         This parameter can be GPIO_Pin_x where x can be (0..15).
 321:./Libraries/src/stm32f4xx_gpio.c ****   * @retval The input port pin value.
 322:./Libraries/src/stm32f4xx_gpio.c ****   */
 323:./Libraries/src/stm32f4xx_gpio.c **** uint8_t GPIO_ReadInputDataBit(GPIO_TypeDef* GPIOx, uint16_t GPIO_Pin)
 324:./Libraries/src/stm32f4xx_gpio.c **** {
 559              		.loc 1 324 1 is_stmt 1 view -0
 560              		.cfi_startproc
 561              		@ args = 0, pretend = 0, frame = 0
 562              		@ frame_needed = 0, uses_anonymous_args = 0
 563              		@ link register save eliminated.
 325:./Libraries/src/stm32f4xx_gpio.c ****   uint8_t bitstatus = 0x00;
 564              		.loc 1 325 3 view .LVU162
 326:./Libraries/src/stm32f4xx_gpio.c **** 
 327:./Libraries/src/stm32f4xx_gpio.c ****   /* Check the parameters */
 328:./Libraries/src/stm32f4xx_gpio.c ****   assert_param(IS_GPIO_ALL_PERIPH(GPIOx));
 565              		.loc 1 328 3 view .LVU163
 329:./Libraries/src/stm32f4xx_gpio.c ****   assert_param(IS_GET_GPIO_PIN(GPIO_Pin));
 566              		.loc 1 329 3 view .LVU164
 330:./Libraries/src/stm32f4xx_gpio.c **** 
 331:./Libraries/src/stm32f4xx_gpio.c ****   if ((GPIOx->IDR & GPIO_Pin) != (uint32_t)Bit_RESET)
 567              		.loc 1 331 3 view .LVU165
 568              		.loc 1 331 13 is_stmt 0 view .LVU166
 569 0000 0369     		ldr	r3, [r0, #16]
 570              		.loc 1 331 6 view .LVU167
 571 0002 1942     		tst	r1, r3
ARM GAS  /tmp/ccPcbn3J.s 			page 18


 572 0004 01D0     		beq	.L41
 332:./Libraries/src/stm32f4xx_gpio.c ****   {
 333:./Libraries/src/stm32f4xx_gpio.c ****     bitstatus = (uint8_t)Bit_SET;
 573              		.loc 1 333 15 view .LVU168
 574 0006 0120     		movs	r0, #1
 575              	.LVL59:
 576              		.loc 1 333 15 view .LVU169
 577 0008 7047     		bx	lr
 578              	.LVL60:
 579              	.L41:
 334:./Libraries/src/stm32f4xx_gpio.c ****   }
 335:./Libraries/src/stm32f4xx_gpio.c ****   else
 336:./Libraries/src/stm32f4xx_gpio.c ****   {
 337:./Libraries/src/stm32f4xx_gpio.c ****     bitstatus = (uint8_t)Bit_RESET;
 580              		.loc 1 337 15 view .LVU170
 581 000a 0020     		movs	r0, #0
 582              	.LVL61:
 338:./Libraries/src/stm32f4xx_gpio.c ****   }
 339:./Libraries/src/stm32f4xx_gpio.c ****   return bitstatus;
 583              		.loc 1 339 3 is_stmt 1 view .LVU171
 340:./Libraries/src/stm32f4xx_gpio.c **** }
 584              		.loc 1 340 1 is_stmt 0 view .LVU172
 585 000c 7047     		bx	lr
 586              		.cfi_endproc
 587              	.LFE127:
 589              		.section	.text.GPIO_ReadInputData,"ax",%progbits
 590              		.align	1
 591              		.global	GPIO_ReadInputData
 592              		.syntax unified
 593              		.thumb
 594              		.thumb_func
 596              	GPIO_ReadInputData:
 597              	.LVL62:
 598              	.LFB128:
 341:./Libraries/src/stm32f4xx_gpio.c **** 
 342:./Libraries/src/stm32f4xx_gpio.c **** /**
 343:./Libraries/src/stm32f4xx_gpio.c ****   * @brief  Reads the specified GPIO input data port.
 344:./Libraries/src/stm32f4xx_gpio.c ****   * @param  GPIOx: where x can be (A..K) to select the GPIO peripheral for STM32F405xx/407xx and ST
 345:./Libraries/src/stm32f4xx_gpio.c ****   *                      x can be (A..I) to select the GPIO peripheral for STM32F42xxx/43xxx device
 346:./Libraries/src/stm32f4xx_gpio.c ****   *                      x can be (A, B, C, D and H) to select the GPIO peripheral for STM32F401xx 
 347:./Libraries/src/stm32f4xx_gpio.c ****   * @retval GPIO input data port value.
 348:./Libraries/src/stm32f4xx_gpio.c ****   */
 349:./Libraries/src/stm32f4xx_gpio.c **** uint16_t GPIO_ReadInputData(GPIO_TypeDef* GPIOx)
 350:./Libraries/src/stm32f4xx_gpio.c **** {
 599              		.loc 1 350 1 is_stmt 1 view -0
 600              		.cfi_startproc
 601              		@ args = 0, pretend = 0, frame = 0
 602              		@ frame_needed = 0, uses_anonymous_args = 0
 603              		@ link register save eliminated.
 351:./Libraries/src/stm32f4xx_gpio.c ****   /* Check the parameters */
 352:./Libraries/src/stm32f4xx_gpio.c ****   assert_param(IS_GPIO_ALL_PERIPH(GPIOx));
 604              		.loc 1 352 3 view .LVU174
 353:./Libraries/src/stm32f4xx_gpio.c **** 
 354:./Libraries/src/stm32f4xx_gpio.c ****   return ((uint16_t)GPIOx->IDR);
 605              		.loc 1 354 3 view .LVU175
 606              		.loc 1 354 26 is_stmt 0 view .LVU176
 607 0000 0069     		ldr	r0, [r0, #16]
ARM GAS  /tmp/ccPcbn3J.s 			page 19


 608              	.LVL63:
 355:./Libraries/src/stm32f4xx_gpio.c **** }
 609              		.loc 1 355 1 view .LVU177
 610 0002 80B2     		uxth	r0, r0
 611 0004 7047     		bx	lr
 612              		.cfi_endproc
 613              	.LFE128:
 615              		.section	.text.GPIO_ReadOutputDataBit,"ax",%progbits
 616              		.align	1
 617              		.global	GPIO_ReadOutputDataBit
 618              		.syntax unified
 619              		.thumb
 620              		.thumb_func
 622              	GPIO_ReadOutputDataBit:
 623              	.LVL64:
 624              	.LFB129:
 356:./Libraries/src/stm32f4xx_gpio.c **** 
 357:./Libraries/src/stm32f4xx_gpio.c **** /**
 358:./Libraries/src/stm32f4xx_gpio.c ****   * @brief  Reads the specified output data port bit.
 359:./Libraries/src/stm32f4xx_gpio.c ****   * @param  GPIOx: where x can be (A..K) to select the GPIO peripheral for STM32F405xx/407xx and ST
 360:./Libraries/src/stm32f4xx_gpio.c ****   *                      x can be (A..I) to select the GPIO peripheral for STM32F42xxx/43xxx device
 361:./Libraries/src/stm32f4xx_gpio.c ****   *                      x can be (A, B, C, D and H) to select the GPIO peripheral for STM32F401xx 
 362:./Libraries/src/stm32f4xx_gpio.c ****   * @param  GPIO_Pin: specifies the port bit to read.
 363:./Libraries/src/stm32f4xx_gpio.c ****   *          This parameter can be GPIO_Pin_x where x can be (0..15).
 364:./Libraries/src/stm32f4xx_gpio.c ****   * @retval The output port pin value.
 365:./Libraries/src/stm32f4xx_gpio.c ****   */
 366:./Libraries/src/stm32f4xx_gpio.c **** uint8_t GPIO_ReadOutputDataBit(GPIO_TypeDef* GPIOx, uint16_t GPIO_Pin)
 367:./Libraries/src/stm32f4xx_gpio.c **** {
 625              		.loc 1 367 1 is_stmt 1 view -0
 626              		.cfi_startproc
 627              		@ args = 0, pretend = 0, frame = 0
 628              		@ frame_needed = 0, uses_anonymous_args = 0
 629              		@ link register save eliminated.
 368:./Libraries/src/stm32f4xx_gpio.c ****   uint8_t bitstatus = 0x00;
 630              		.loc 1 368 3 view .LVU179
 369:./Libraries/src/stm32f4xx_gpio.c **** 
 370:./Libraries/src/stm32f4xx_gpio.c ****   /* Check the parameters */
 371:./Libraries/src/stm32f4xx_gpio.c ****   assert_param(IS_GPIO_ALL_PERIPH(GPIOx));
 631              		.loc 1 371 3 view .LVU180
 372:./Libraries/src/stm32f4xx_gpio.c ****   assert_param(IS_GET_GPIO_PIN(GPIO_Pin));
 632              		.loc 1 372 3 view .LVU181
 373:./Libraries/src/stm32f4xx_gpio.c **** 
 374:./Libraries/src/stm32f4xx_gpio.c ****   if (((GPIOx->ODR) & GPIO_Pin) != (uint32_t)Bit_RESET)
 633              		.loc 1 374 3 view .LVU182
 634              		.loc 1 374 14 is_stmt 0 view .LVU183
 635 0000 4369     		ldr	r3, [r0, #20]
 636              		.loc 1 374 6 view .LVU184
 637 0002 1942     		tst	r1, r3
 638 0004 01D0     		beq	.L45
 375:./Libraries/src/stm32f4xx_gpio.c ****   {
 376:./Libraries/src/stm32f4xx_gpio.c ****     bitstatus = (uint8_t)Bit_SET;
 639              		.loc 1 376 15 view .LVU185
 640 0006 0120     		movs	r0, #1
 641              	.LVL65:
 642              		.loc 1 376 15 view .LVU186
 643 0008 7047     		bx	lr
 644              	.LVL66:
ARM GAS  /tmp/ccPcbn3J.s 			page 20


 645              	.L45:
 377:./Libraries/src/stm32f4xx_gpio.c ****   }
 378:./Libraries/src/stm32f4xx_gpio.c ****   else
 379:./Libraries/src/stm32f4xx_gpio.c ****   {
 380:./Libraries/src/stm32f4xx_gpio.c ****     bitstatus = (uint8_t)Bit_RESET;
 646              		.loc 1 380 15 view .LVU187
 647 000a 0020     		movs	r0, #0
 648              	.LVL67:
 381:./Libraries/src/stm32f4xx_gpio.c ****   }
 382:./Libraries/src/stm32f4xx_gpio.c ****   return bitstatus;
 649              		.loc 1 382 3 is_stmt 1 view .LVU188
 383:./Libraries/src/stm32f4xx_gpio.c **** }
 650              		.loc 1 383 1 is_stmt 0 view .LVU189
 651 000c 7047     		bx	lr
 652              		.cfi_endproc
 653              	.LFE129:
 655              		.section	.text.GPIO_ReadOutputData,"ax",%progbits
 656              		.align	1
 657              		.global	GPIO_ReadOutputData
 658              		.syntax unified
 659              		.thumb
 660              		.thumb_func
 662              	GPIO_ReadOutputData:
 663              	.LVL68:
 664              	.LFB130:
 384:./Libraries/src/stm32f4xx_gpio.c **** 
 385:./Libraries/src/stm32f4xx_gpio.c **** /**
 386:./Libraries/src/stm32f4xx_gpio.c ****   * @brief  Reads the specified GPIO output data port.
 387:./Libraries/src/stm32f4xx_gpio.c ****   * @param  GPIOx: where x can be (A..K) to select the GPIO peripheral for STM32F405xx/407xx and ST
 388:./Libraries/src/stm32f4xx_gpio.c ****   *                      x can be (A..I) to select the GPIO peripheral for STM32F42xxx/43xxx device
 389:./Libraries/src/stm32f4xx_gpio.c ****   *                      x can be (A, B, C, D and H) to select the GPIO peripheral for STM32F401xx 
 390:./Libraries/src/stm32f4xx_gpio.c ****   * @retval GPIO output data port value.
 391:./Libraries/src/stm32f4xx_gpio.c ****   */
 392:./Libraries/src/stm32f4xx_gpio.c **** uint16_t GPIO_ReadOutputData(GPIO_TypeDef* GPIOx)
 393:./Libraries/src/stm32f4xx_gpio.c **** {
 665              		.loc 1 393 1 is_stmt 1 view -0
 666              		.cfi_startproc
 667              		@ args = 0, pretend = 0, frame = 0
 668              		@ frame_needed = 0, uses_anonymous_args = 0
 669              		@ link register save eliminated.
 394:./Libraries/src/stm32f4xx_gpio.c ****   /* Check the parameters */
 395:./Libraries/src/stm32f4xx_gpio.c ****   assert_param(IS_GPIO_ALL_PERIPH(GPIOx));
 670              		.loc 1 395 3 view .LVU191
 396:./Libraries/src/stm32f4xx_gpio.c **** 
 397:./Libraries/src/stm32f4xx_gpio.c ****   return ((uint16_t)GPIOx->ODR);
 671              		.loc 1 397 3 view .LVU192
 672              		.loc 1 397 26 is_stmt 0 view .LVU193
 673 0000 4069     		ldr	r0, [r0, #20]
 674              	.LVL69:
 398:./Libraries/src/stm32f4xx_gpio.c **** }
 675              		.loc 1 398 1 view .LVU194
 676 0002 80B2     		uxth	r0, r0
 677 0004 7047     		bx	lr
 678              		.cfi_endproc
 679              	.LFE130:
 681              		.section	.text.GPIO_SetBits,"ax",%progbits
 682              		.align	1
ARM GAS  /tmp/ccPcbn3J.s 			page 21


 683              		.global	GPIO_SetBits
 684              		.syntax unified
 685              		.thumb
 686              		.thumb_func
 688              	GPIO_SetBits:
 689              	.LVL70:
 690              	.LFB131:
 399:./Libraries/src/stm32f4xx_gpio.c **** 
 400:./Libraries/src/stm32f4xx_gpio.c **** /**
 401:./Libraries/src/stm32f4xx_gpio.c ****   * @brief  Sets the selected data port bits.
 402:./Libraries/src/stm32f4xx_gpio.c ****   * @note   This functions uses GPIOx_BSRR register to allow atomic read/modify 
 403:./Libraries/src/stm32f4xx_gpio.c ****   *         accesses. In this way, there is no risk of an IRQ occurring between
 404:./Libraries/src/stm32f4xx_gpio.c ****   *         the read and the modify access.
 405:./Libraries/src/stm32f4xx_gpio.c ****   * @param  GPIOx: where x can be (A..K) to select the GPIO peripheral for STM32F405xx/407xx and ST
 406:./Libraries/src/stm32f4xx_gpio.c ****   *                      x can be (A..I) to select the GPIO peripheral for STM32F42xxx/43xxx device
 407:./Libraries/src/stm32f4xx_gpio.c ****   *                      x can be (A, B, C, D and H) to select the GPIO peripheral for STM32F401xx 
 408:./Libraries/src/stm32f4xx_gpio.c ****   * @param  GPIO_Pin: specifies the port bits to be written.
 409:./Libraries/src/stm32f4xx_gpio.c ****   *          This parameter can be any combination of GPIO_Pin_x where x can be (0..15).
 410:./Libraries/src/stm32f4xx_gpio.c ****   * @retval None
 411:./Libraries/src/stm32f4xx_gpio.c ****   */
 412:./Libraries/src/stm32f4xx_gpio.c **** void GPIO_SetBits(GPIO_TypeDef* GPIOx, uint16_t GPIO_Pin)
 413:./Libraries/src/stm32f4xx_gpio.c **** {
 691              		.loc 1 413 1 is_stmt 1 view -0
 692              		.cfi_startproc
 693              		@ args = 0, pretend = 0, frame = 0
 694              		@ frame_needed = 0, uses_anonymous_args = 0
 695              		@ link register save eliminated.
 414:./Libraries/src/stm32f4xx_gpio.c ****   /* Check the parameters */
 415:./Libraries/src/stm32f4xx_gpio.c ****   assert_param(IS_GPIO_ALL_PERIPH(GPIOx));
 696              		.loc 1 415 3 view .LVU196
 416:./Libraries/src/stm32f4xx_gpio.c ****   assert_param(IS_GPIO_PIN(GPIO_Pin));
 697              		.loc 1 416 3 view .LVU197
 417:./Libraries/src/stm32f4xx_gpio.c **** 
 418:./Libraries/src/stm32f4xx_gpio.c ****   GPIOx->BSRRL = GPIO_Pin;
 698              		.loc 1 418 3 view .LVU198
 699              		.loc 1 418 16 is_stmt 0 view .LVU199
 700 0000 0183     		strh	r1, [r0, #24]	@ movhi
 419:./Libraries/src/stm32f4xx_gpio.c **** }
 701              		.loc 1 419 1 view .LVU200
 702 0002 7047     		bx	lr
 703              		.cfi_endproc
 704              	.LFE131:
 706              		.section	.text.GPIO_ResetBits,"ax",%progbits
 707              		.align	1
 708              		.global	GPIO_ResetBits
 709              		.syntax unified
 710              		.thumb
 711              		.thumb_func
 713              	GPIO_ResetBits:
 714              	.LVL71:
 715              	.LFB132:
 420:./Libraries/src/stm32f4xx_gpio.c **** 
 421:./Libraries/src/stm32f4xx_gpio.c **** /**
 422:./Libraries/src/stm32f4xx_gpio.c ****   * @brief  Clears the selected data port bits.
 423:./Libraries/src/stm32f4xx_gpio.c ****   * @note   This functions uses GPIOx_BSRR register to allow atomic read/modify 
 424:./Libraries/src/stm32f4xx_gpio.c ****   *         accesses. In this way, there is no risk of an IRQ occurring between
 425:./Libraries/src/stm32f4xx_gpio.c ****   *         the read and the modify access.
ARM GAS  /tmp/ccPcbn3J.s 			page 22


 426:./Libraries/src/stm32f4xx_gpio.c ****   * @param  GPIOx: where x can be (A..K) to select the GPIO peripheral for STM32F405xx/407xx and ST
 427:./Libraries/src/stm32f4xx_gpio.c ****   *                      x can be (A..I) to select the GPIO peripheral for STM32F42xxx/43xxx device
 428:./Libraries/src/stm32f4xx_gpio.c ****   *                      x can be (A, B, C, D and H) to select the GPIO peripheral for STM32F401xx 
 429:./Libraries/src/stm32f4xx_gpio.c ****   * @param  GPIO_Pin: specifies the port bits to be written.
 430:./Libraries/src/stm32f4xx_gpio.c ****   *          This parameter can be any combination of GPIO_Pin_x where x can be (0..15).
 431:./Libraries/src/stm32f4xx_gpio.c ****   * @retval None
 432:./Libraries/src/stm32f4xx_gpio.c ****   */
 433:./Libraries/src/stm32f4xx_gpio.c **** void GPIO_ResetBits(GPIO_TypeDef* GPIOx, uint16_t GPIO_Pin)
 434:./Libraries/src/stm32f4xx_gpio.c **** {
 716              		.loc 1 434 1 is_stmt 1 view -0
 717              		.cfi_startproc
 718              		@ args = 0, pretend = 0, frame = 0
 719              		@ frame_needed = 0, uses_anonymous_args = 0
 720              		@ link register save eliminated.
 435:./Libraries/src/stm32f4xx_gpio.c ****   /* Check the parameters */
 436:./Libraries/src/stm32f4xx_gpio.c ****   assert_param(IS_GPIO_ALL_PERIPH(GPIOx));
 721              		.loc 1 436 3 view .LVU202
 437:./Libraries/src/stm32f4xx_gpio.c ****   assert_param(IS_GPIO_PIN(GPIO_Pin));
 722              		.loc 1 437 3 view .LVU203
 438:./Libraries/src/stm32f4xx_gpio.c **** 
 439:./Libraries/src/stm32f4xx_gpio.c ****   GPIOx->BSRRH = GPIO_Pin;
 723              		.loc 1 439 3 view .LVU204
 724              		.loc 1 439 16 is_stmt 0 view .LVU205
 725 0000 4183     		strh	r1, [r0, #26]	@ movhi
 440:./Libraries/src/stm32f4xx_gpio.c **** }
 726              		.loc 1 440 1 view .LVU206
 727 0002 7047     		bx	lr
 728              		.cfi_endproc
 729              	.LFE132:
 731              		.section	.text.GPIO_WriteBit,"ax",%progbits
 732              		.align	1
 733              		.global	GPIO_WriteBit
 734              		.syntax unified
 735              		.thumb
 736              		.thumb_func
 738              	GPIO_WriteBit:
 739              	.LVL72:
 740              	.LFB133:
 441:./Libraries/src/stm32f4xx_gpio.c **** 
 442:./Libraries/src/stm32f4xx_gpio.c **** /**
 443:./Libraries/src/stm32f4xx_gpio.c ****   * @brief  Sets or clears the selected data port bit.
 444:./Libraries/src/stm32f4xx_gpio.c ****   * @param  GPIOx: where x can be (A..K) to select the GPIO peripheral for STM32F405xx/407xx and ST
 445:./Libraries/src/stm32f4xx_gpio.c ****   *                      x can be (A..I) to select the GPIO peripheral for STM32F42xxx/43xxx device
 446:./Libraries/src/stm32f4xx_gpio.c ****   *                      x can be (A, B, C, D and H) to select the GPIO peripheral for STM32F401xx 
 447:./Libraries/src/stm32f4xx_gpio.c ****   * @param  GPIO_Pin: specifies the port bit to be written.
 448:./Libraries/src/stm32f4xx_gpio.c ****   *          This parameter can be one of GPIO_Pin_x where x can be (0..15).
 449:./Libraries/src/stm32f4xx_gpio.c ****   * @param  BitVal: specifies the value to be written to the selected bit.
 450:./Libraries/src/stm32f4xx_gpio.c ****   *          This parameter can be one of the BitAction enum values:
 451:./Libraries/src/stm32f4xx_gpio.c ****   *            @arg Bit_RESET: to clear the port pin
 452:./Libraries/src/stm32f4xx_gpio.c ****   *            @arg Bit_SET: to set the port pin
 453:./Libraries/src/stm32f4xx_gpio.c ****   * @retval None
 454:./Libraries/src/stm32f4xx_gpio.c ****   */
 455:./Libraries/src/stm32f4xx_gpio.c **** void GPIO_WriteBit(GPIO_TypeDef* GPIOx, uint16_t GPIO_Pin, BitAction BitVal)
 456:./Libraries/src/stm32f4xx_gpio.c **** {
 741              		.loc 1 456 1 is_stmt 1 view -0
 742              		.cfi_startproc
 743              		@ args = 0, pretend = 0, frame = 0
ARM GAS  /tmp/ccPcbn3J.s 			page 23


 744              		@ frame_needed = 0, uses_anonymous_args = 0
 745              		@ link register save eliminated.
 457:./Libraries/src/stm32f4xx_gpio.c ****   /* Check the parameters */
 458:./Libraries/src/stm32f4xx_gpio.c ****   assert_param(IS_GPIO_ALL_PERIPH(GPIOx));
 746              		.loc 1 458 3 view .LVU208
 459:./Libraries/src/stm32f4xx_gpio.c ****   assert_param(IS_GET_GPIO_PIN(GPIO_Pin));
 747              		.loc 1 459 3 view .LVU209
 460:./Libraries/src/stm32f4xx_gpio.c ****   assert_param(IS_GPIO_BIT_ACTION(BitVal));
 748              		.loc 1 460 3 view .LVU210
 461:./Libraries/src/stm32f4xx_gpio.c **** 
 462:./Libraries/src/stm32f4xx_gpio.c ****   if (BitVal != Bit_RESET)
 749              		.loc 1 462 3 view .LVU211
 750              		.loc 1 462 6 is_stmt 0 view .LVU212
 751 0000 0AB1     		cbz	r2, .L50
 463:./Libraries/src/stm32f4xx_gpio.c ****   {
 464:./Libraries/src/stm32f4xx_gpio.c ****     GPIOx->BSRRL = GPIO_Pin;
 752              		.loc 1 464 5 is_stmt 1 view .LVU213
 753              		.loc 1 464 18 is_stmt 0 view .LVU214
 754 0002 0183     		strh	r1, [r0, #24]	@ movhi
 755 0004 7047     		bx	lr
 756              	.L50:
 465:./Libraries/src/stm32f4xx_gpio.c ****   }
 466:./Libraries/src/stm32f4xx_gpio.c ****   else
 467:./Libraries/src/stm32f4xx_gpio.c ****   {
 468:./Libraries/src/stm32f4xx_gpio.c ****     GPIOx->BSRRH = GPIO_Pin ;
 757              		.loc 1 468 5 is_stmt 1 view .LVU215
 758              		.loc 1 468 18 is_stmt 0 view .LVU216
 759 0006 4183     		strh	r1, [r0, #26]	@ movhi
 469:./Libraries/src/stm32f4xx_gpio.c ****   }
 470:./Libraries/src/stm32f4xx_gpio.c **** }
 760              		.loc 1 470 1 view .LVU217
 761 0008 7047     		bx	lr
 762              		.cfi_endproc
 763              	.LFE133:
 765              		.section	.text.GPIO_Write,"ax",%progbits
 766              		.align	1
 767              		.global	GPIO_Write
 768              		.syntax unified
 769              		.thumb
 770              		.thumb_func
 772              	GPIO_Write:
 773              	.LVL73:
 774              	.LFB134:
 471:./Libraries/src/stm32f4xx_gpio.c **** 
 472:./Libraries/src/stm32f4xx_gpio.c **** /**
 473:./Libraries/src/stm32f4xx_gpio.c ****   * @brief  Writes data to the specified GPIO data port.
 474:./Libraries/src/stm32f4xx_gpio.c ****   * @param  GPIOx: where x can be (A..K) to select the GPIO peripheral for STM32F405xx/407xx and ST
 475:./Libraries/src/stm32f4xx_gpio.c ****   *                      x can be (A..I) to select the GPIO peripheral for STM32F42xxx/43xxx device
 476:./Libraries/src/stm32f4xx_gpio.c ****   *                      x can be (A, B, C, D and H) to select the GPIO peripheral for STM32F401xx 
 477:./Libraries/src/stm32f4xx_gpio.c ****   * @param  PortVal: specifies the value to be written to the port output data register.
 478:./Libraries/src/stm32f4xx_gpio.c ****   * @retval None
 479:./Libraries/src/stm32f4xx_gpio.c ****   */
 480:./Libraries/src/stm32f4xx_gpio.c **** void GPIO_Write(GPIO_TypeDef* GPIOx, uint16_t PortVal)
 481:./Libraries/src/stm32f4xx_gpio.c **** {
 775              		.loc 1 481 1 is_stmt 1 view -0
 776              		.cfi_startproc
 777              		@ args = 0, pretend = 0, frame = 0
ARM GAS  /tmp/ccPcbn3J.s 			page 24


 778              		@ frame_needed = 0, uses_anonymous_args = 0
 779              		@ link register save eliminated.
 482:./Libraries/src/stm32f4xx_gpio.c ****   /* Check the parameters */
 483:./Libraries/src/stm32f4xx_gpio.c ****   assert_param(IS_GPIO_ALL_PERIPH(GPIOx));
 780              		.loc 1 483 3 view .LVU219
 484:./Libraries/src/stm32f4xx_gpio.c **** 
 485:./Libraries/src/stm32f4xx_gpio.c ****   GPIOx->ODR = PortVal;
 781              		.loc 1 485 3 view .LVU220
 782              		.loc 1 485 14 is_stmt 0 view .LVU221
 783 0000 4161     		str	r1, [r0, #20]
 486:./Libraries/src/stm32f4xx_gpio.c **** }
 784              		.loc 1 486 1 view .LVU222
 785 0002 7047     		bx	lr
 786              		.cfi_endproc
 787              	.LFE134:
 789              		.section	.text.GPIO_ToggleBits,"ax",%progbits
 790              		.align	1
 791              		.global	GPIO_ToggleBits
 792              		.syntax unified
 793              		.thumb
 794              		.thumb_func
 796              	GPIO_ToggleBits:
 797              	.LVL74:
 798              	.LFB135:
 487:./Libraries/src/stm32f4xx_gpio.c **** 
 488:./Libraries/src/stm32f4xx_gpio.c **** /**
 489:./Libraries/src/stm32f4xx_gpio.c ****   * @brief  Toggles the specified GPIO pins..
 490:./Libraries/src/stm32f4xx_gpio.c ****   * @param  GPIOx: where x can be (A..K) to select the GPIO peripheral for STM32F405xx/407xx and ST
 491:./Libraries/src/stm32f4xx_gpio.c ****   *                      x can be (A..I) to select the GPIO peripheral for STM32F42xxx/43xxx device
 492:./Libraries/src/stm32f4xx_gpio.c ****   *                      x can be (A, B, C, D and H) to select the GPIO peripheral for STM32F401xx 
 493:./Libraries/src/stm32f4xx_gpio.c ****   * @param  GPIO_Pin: Specifies the pins to be toggled.
 494:./Libraries/src/stm32f4xx_gpio.c ****   * @retval None
 495:./Libraries/src/stm32f4xx_gpio.c ****   */
 496:./Libraries/src/stm32f4xx_gpio.c **** void GPIO_ToggleBits(GPIO_TypeDef* GPIOx, uint16_t GPIO_Pin)
 497:./Libraries/src/stm32f4xx_gpio.c **** {
 799              		.loc 1 497 1 is_stmt 1 view -0
 800              		.cfi_startproc
 801              		@ args = 0, pretend = 0, frame = 0
 802              		@ frame_needed = 0, uses_anonymous_args = 0
 803              		@ link register save eliminated.
 498:./Libraries/src/stm32f4xx_gpio.c ****   /* Check the parameters */
 499:./Libraries/src/stm32f4xx_gpio.c ****   assert_param(IS_GPIO_ALL_PERIPH(GPIOx));
 804              		.loc 1 499 3 view .LVU224
 500:./Libraries/src/stm32f4xx_gpio.c **** 
 501:./Libraries/src/stm32f4xx_gpio.c ****   GPIOx->ODR ^= GPIO_Pin;
 805              		.loc 1 501 3 view .LVU225
 806              		.loc 1 501 8 is_stmt 0 view .LVU226
 807 0000 4369     		ldr	r3, [r0, #20]
 808              		.loc 1 501 14 view .LVU227
 809 0002 5940     		eors	r1, r1, r3
 810              	.LVL75:
 811              		.loc 1 501 14 view .LVU228
 812 0004 4161     		str	r1, [r0, #20]
 502:./Libraries/src/stm32f4xx_gpio.c **** }
 813              		.loc 1 502 1 view .LVU229
 814 0006 7047     		bx	lr
 815              		.cfi_endproc
ARM GAS  /tmp/ccPcbn3J.s 			page 25


 816              	.LFE135:
 818              		.section	.text.GPIO_PinAFConfig,"ax",%progbits
 819              		.align	1
 820              		.global	GPIO_PinAFConfig
 821              		.syntax unified
 822              		.thumb
 823              		.thumb_func
 825              	GPIO_PinAFConfig:
 826              	.LVL76:
 827              	.LFB136:
 503:./Libraries/src/stm32f4xx_gpio.c **** 
 504:./Libraries/src/stm32f4xx_gpio.c **** /**
 505:./Libraries/src/stm32f4xx_gpio.c ****   * @}
 506:./Libraries/src/stm32f4xx_gpio.c ****   */
 507:./Libraries/src/stm32f4xx_gpio.c **** 
 508:./Libraries/src/stm32f4xx_gpio.c **** /** @defgroup GPIO_Group3 GPIO Alternate functions configuration function
 509:./Libraries/src/stm32f4xx_gpio.c ****  *  @brief   GPIO Alternate functions configuration function
 510:./Libraries/src/stm32f4xx_gpio.c ****  *
 511:./Libraries/src/stm32f4xx_gpio.c **** @verbatim   
 512:./Libraries/src/stm32f4xx_gpio.c ****  ===============================================================================
 513:./Libraries/src/stm32f4xx_gpio.c ****            ##### GPIO Alternate functions configuration function #####
 514:./Libraries/src/stm32f4xx_gpio.c ****  ===============================================================================  
 515:./Libraries/src/stm32f4xx_gpio.c **** 
 516:./Libraries/src/stm32f4xx_gpio.c **** @endverbatim
 517:./Libraries/src/stm32f4xx_gpio.c ****   * @{
 518:./Libraries/src/stm32f4xx_gpio.c ****   */
 519:./Libraries/src/stm32f4xx_gpio.c **** 
 520:./Libraries/src/stm32f4xx_gpio.c **** /**
 521:./Libraries/src/stm32f4xx_gpio.c ****   * @brief  Changes the mapping of the specified pin.
 522:./Libraries/src/stm32f4xx_gpio.c ****   * @param  GPIOx: where x can be (A..K) to select the GPIO peripheral for STM32F405xx/407xx and ST
 523:./Libraries/src/stm32f4xx_gpio.c ****   *                      x can be (A..I) to select the GPIO peripheral for STM32F42xxx/43xxx device
 524:./Libraries/src/stm32f4xx_gpio.c ****   *                      x can be (A, B, C, D and H) to select the GPIO peripheral for STM32F401xx 
 525:./Libraries/src/stm32f4xx_gpio.c ****   * @param  GPIO_PinSource: specifies the pin for the Alternate function.
 526:./Libraries/src/stm32f4xx_gpio.c ****   *         This parameter can be GPIO_PinSourcex where x can be (0..15).
 527:./Libraries/src/stm32f4xx_gpio.c ****   * @param  GPIO_AFSelection: selects the pin to used as Alternate function.
 528:./Libraries/src/stm32f4xx_gpio.c ****   *          This parameter can be one of the following values:
 529:./Libraries/src/stm32f4xx_gpio.c ****   *            @arg GPIO_AF_RTC_50Hz: Connect RTC_50Hz pin to AF0 (default after reset) 
 530:./Libraries/src/stm32f4xx_gpio.c ****   *            @arg GPIO_AF_MCO: Connect MCO pin (MCO1 and MCO2) to AF0 (default after reset) 
 531:./Libraries/src/stm32f4xx_gpio.c ****   *            @arg GPIO_AF_TAMPER: Connect TAMPER pins (TAMPER_1 and TAMPER_2) to AF0 (default aft
 532:./Libraries/src/stm32f4xx_gpio.c ****   *            @arg GPIO_AF_SWJ: Connect SWJ pins (SWD and JTAG)to AF0 (default after reset) 
 533:./Libraries/src/stm32f4xx_gpio.c ****   *            @arg GPIO_AF_TRACE: Connect TRACE pins to AF0 (default after reset)
 534:./Libraries/src/stm32f4xx_gpio.c ****   *            @arg GPIO_AF_TIM1: Connect TIM1 pins to AF1
 535:./Libraries/src/stm32f4xx_gpio.c ****   *            @arg GPIO_AF_TIM2: Connect TIM2 pins to AF1
 536:./Libraries/src/stm32f4xx_gpio.c ****   *            @arg GPIO_AF_TIM3: Connect TIM3 pins to AF2
 537:./Libraries/src/stm32f4xx_gpio.c ****   *            @arg GPIO_AF_TIM4: Connect TIM4 pins to AF2
 538:./Libraries/src/stm32f4xx_gpio.c ****   *            @arg GPIO_AF_TIM5: Connect TIM5 pins to AF2
 539:./Libraries/src/stm32f4xx_gpio.c ****   *            @arg GPIO_AF_TIM8: Connect TIM8 pins to AF3
 540:./Libraries/src/stm32f4xx_gpio.c ****   *            @arg GPIO_AF_TIM9: Connect TIM9 pins to AF3
 541:./Libraries/src/stm32f4xx_gpio.c ****   *            @arg GPIO_AF_TIM10: Connect TIM10 pins to AF3
 542:./Libraries/src/stm32f4xx_gpio.c ****   *            @arg GPIO_AF_TIM11: Connect TIM11 pins to AF3
 543:./Libraries/src/stm32f4xx_gpio.c ****   *            @arg GPIO_AF_I2C1: Connect I2C1 pins to AF4
 544:./Libraries/src/stm32f4xx_gpio.c ****   *            @arg GPIO_AF_I2C2: Connect I2C2 pins to AF4
 545:./Libraries/src/stm32f4xx_gpio.c ****   *            @arg GPIO_AF_I2C3: Connect I2C3 pins to AF4
 546:./Libraries/src/stm32f4xx_gpio.c ****   *            @arg GPIO_AF_SPI1: Connect SPI1 pins to AF5
 547:./Libraries/src/stm32f4xx_gpio.c ****   *            @arg GPIO_AF_SPI2: Connect SPI2/I2S2 pins to AF5
 548:./Libraries/src/stm32f4xx_gpio.c ****   *            @arg GPIO_AF_SPI4: Connect SPI4 pins to AF5 
 549:./Libraries/src/stm32f4xx_gpio.c ****   *            @arg GPIO_AF_SPI5: Connect SPI5 pins to AF5 
ARM GAS  /tmp/ccPcbn3J.s 			page 26


 550:./Libraries/src/stm32f4xx_gpio.c ****   *            @arg GPIO_AF_SPI6: Connect SPI6 pins to AF5
 551:./Libraries/src/stm32f4xx_gpio.c ****   *            @arg GPIO_AF_SAI1: Connect SAI1 pins to AF6 for STM32F42xxx/43xxx devices.       
 552:./Libraries/src/stm32f4xx_gpio.c ****   *            @arg GPIO_AF_SPI3: Connect SPI3/I2S3 pins to AF6
 553:./Libraries/src/stm32f4xx_gpio.c ****   *            @arg GPIO_AF_I2S3ext: Connect I2S3ext pins to AF7
 554:./Libraries/src/stm32f4xx_gpio.c ****   *            @arg GPIO_AF_USART1: Connect USART1 pins to AF7
 555:./Libraries/src/stm32f4xx_gpio.c ****   *            @arg GPIO_AF_USART2: Connect USART2 pins to AF7
 556:./Libraries/src/stm32f4xx_gpio.c ****   *            @arg GPIO_AF_USART3: Connect USART3 pins to AF7
 557:./Libraries/src/stm32f4xx_gpio.c ****   *            @arg GPIO_AF_UART4: Connect UART4 pins to AF8
 558:./Libraries/src/stm32f4xx_gpio.c ****   *            @arg GPIO_AF_UART5: Connect UART5 pins to AF8
 559:./Libraries/src/stm32f4xx_gpio.c ****   *            @arg GPIO_AF_USART6: Connect USART6 pins to AF8
 560:./Libraries/src/stm32f4xx_gpio.c ****   *            @arg GPIO_AF_UART7: Connect UART7 pins to AF8
 561:./Libraries/src/stm32f4xx_gpio.c ****   *            @arg GPIO_AF_UART8: Connect UART8 pins to AF8
 562:./Libraries/src/stm32f4xx_gpio.c ****   *            @arg GPIO_AF_CAN1: Connect CAN1 pins to AF9
 563:./Libraries/src/stm32f4xx_gpio.c ****   *            @arg GPIO_AF_CAN2: Connect CAN2 pins to AF9
 564:./Libraries/src/stm32f4xx_gpio.c ****   *            @arg GPIO_AF_TIM12: Connect TIM12 pins to AF9
 565:./Libraries/src/stm32f4xx_gpio.c ****   *            @arg GPIO_AF_TIM13: Connect TIM13 pins to AF9
 566:./Libraries/src/stm32f4xx_gpio.c ****   *            @arg GPIO_AF_TIM14: Connect TIM14 pins to AF9
 567:./Libraries/src/stm32f4xx_gpio.c ****   *            @arg GPIO_AF_OTG_FS: Connect OTG_FS pins to AF10
 568:./Libraries/src/stm32f4xx_gpio.c ****   *            @arg GPIO_AF_OTG_HS: Connect OTG_HS pins to AF10
 569:./Libraries/src/stm32f4xx_gpio.c ****   *            @arg GPIO_AF_ETH: Connect ETHERNET pins to AF11
 570:./Libraries/src/stm32f4xx_gpio.c ****   *            @arg GPIO_AF_FSMC: Connect FSMC pins to AF12 
 571:./Libraries/src/stm32f4xx_gpio.c ****   *            @arg GPIO_AF_FMC: Connect FMC pins to AF12 for STM32F42xxx/43xxx devices.   
 572:./Libraries/src/stm32f4xx_gpio.c ****   *            @arg GPIO_AF_OTG_HS_FS: Connect OTG HS (configured in FS) pins to AF12
 573:./Libraries/src/stm32f4xx_gpio.c ****   *            @arg GPIO_AF_SDIO: Connect SDIO pins to AF12
 574:./Libraries/src/stm32f4xx_gpio.c ****   *            @arg GPIO_AF_DCMI: Connect DCMI pins to AF13
 575:./Libraries/src/stm32f4xx_gpio.c ****   *            @arg GPIO_AF_LTDC: Connect LTDC pins to AF14 for STM32F429xx/439xx devices. 
 576:./Libraries/src/stm32f4xx_gpio.c ****   *            @arg GPIO_AF_EVENTOUT: Connect EVENTOUT pins to AF15
 577:./Libraries/src/stm32f4xx_gpio.c ****   * @retval None
 578:./Libraries/src/stm32f4xx_gpio.c ****   */
 579:./Libraries/src/stm32f4xx_gpio.c **** void GPIO_PinAFConfig(GPIO_TypeDef* GPIOx, uint16_t GPIO_PinSource, uint8_t GPIO_AF)
 580:./Libraries/src/stm32f4xx_gpio.c **** {
 828              		.loc 1 580 1 is_stmt 1 view -0
 829              		.cfi_startproc
 830              		@ args = 0, pretend = 0, frame = 0
 831              		@ frame_needed = 0, uses_anonymous_args = 0
 832              		@ link register save eliminated.
 833              		.loc 1 580 1 is_stmt 0 view .LVU231
 834 0000 10B4     		push	{r4}
 835              	.LCFI5:
 836              		.cfi_def_cfa_offset 4
 837              		.cfi_offset 4, -4
 581:./Libraries/src/stm32f4xx_gpio.c ****   uint32_t temp = 0x00;
 838              		.loc 1 581 3 is_stmt 1 view .LVU232
 839              	.LVL77:
 582:./Libraries/src/stm32f4xx_gpio.c ****   uint32_t temp_2 = 0x00;
 840              		.loc 1 582 3 view .LVU233
 583:./Libraries/src/stm32f4xx_gpio.c ****   
 584:./Libraries/src/stm32f4xx_gpio.c ****   /* Check the parameters */
 585:./Libraries/src/stm32f4xx_gpio.c ****   assert_param(IS_GPIO_ALL_PERIPH(GPIOx));
 841              		.loc 1 585 3 view .LVU234
 586:./Libraries/src/stm32f4xx_gpio.c ****   assert_param(IS_GPIO_PIN_SOURCE(GPIO_PinSource));
 842              		.loc 1 586 3 view .LVU235
 587:./Libraries/src/stm32f4xx_gpio.c ****   assert_param(IS_GPIO_AF(GPIO_AF));
 843              		.loc 1 587 3 view .LVU236
 588:./Libraries/src/stm32f4xx_gpio.c ****   
 589:./Libraries/src/stm32f4xx_gpio.c ****   temp = ((uint32_t)(GPIO_AF) << ((uint32_t)((uint32_t)GPIO_PinSource & (uint32_t)0x07) * 4)) ;
 844              		.loc 1 589 3 view .LVU237
ARM GAS  /tmp/ccPcbn3J.s 			page 27


 845              		.loc 1 589 35 is_stmt 0 view .LVU238
 846 0002 01F00703 		and	r3, r1, #7
 847              		.loc 1 589 89 view .LVU239
 848 0006 9B00     		lsls	r3, r3, #2
 849              		.loc 1 589 8 view .LVU240
 850 0008 9A40     		lsls	r2, r2, r3
 851              	.LVL78:
 590:./Libraries/src/stm32f4xx_gpio.c ****   GPIOx->AFR[GPIO_PinSource >> 0x03] &= ~((uint32_t)0xF << ((uint32_t)((uint32_t)GPIO_PinSource & (
 852              		.loc 1 590 3 is_stmt 1 view .LVU241
 853              		.loc 1 590 13 is_stmt 0 view .LVU242
 854 000a C908     		lsrs	r1, r1, #3
 855              	.LVL79:
 856              		.loc 1 590 13 view .LVU243
 857 000c 0831     		adds	r1, r1, #8
 858 000e 50F82140 		ldr	r4, [r0, r1, lsl #2]
 859              		.loc 1 590 57 view .LVU244
 860 0012 4FF00F0C 		mov	ip, #15
 861 0016 0CFA03F3 		lsl	r3, ip, r3
 862              		.loc 1 590 38 view .LVU245
 863 001a 24EA0303 		bic	r3, r4, r3
 864 001e 40F82130 		str	r3, [r0, r1, lsl #2]
 591:./Libraries/src/stm32f4xx_gpio.c ****   temp_2 = GPIOx->AFR[GPIO_PinSource >> 0x03] | temp;
 865              		.loc 1 591 3 is_stmt 1 view .LVU246
 866              		.loc 1 591 22 is_stmt 0 view .LVU247
 867 0022 50F82130 		ldr	r3, [r0, r1, lsl #2]
 868              		.loc 1 591 10 view .LVU248
 869 0026 1343     		orrs	r3, r3, r2
 870              	.LVL80:
 592:./Libraries/src/stm32f4xx_gpio.c ****   GPIOx->AFR[GPIO_PinSource >> 0x03] = temp_2;
 871              		.loc 1 592 3 is_stmt 1 view .LVU249
 872              		.loc 1 592 38 is_stmt 0 view .LVU250
 873 0028 40F82130 		str	r3, [r0, r1, lsl #2]
 593:./Libraries/src/stm32f4xx_gpio.c **** }
 874              		.loc 1 593 1 view .LVU251
 875 002c 5DF8044B 		ldr	r4, [sp], #4
 876              	.LCFI6:
 877              		.cfi_restore 4
 878              		.cfi_def_cfa_offset 0
 879 0030 7047     		bx	lr
 880              		.cfi_endproc
 881              	.LFE136:
 883              		.text
 884              	.Letext0:
 885              		.file 2 "/opt/gcc-arm-none-eabi/arm-none-eabi/include/machine/_default_types.h"
 886              		.file 3 "/opt/gcc-arm-none-eabi/arm-none-eabi/include/sys/_stdint.h"
 887              		.file 4 "./system/stm32f4xx.h"
 888              		.file 5 "./Libraries/inc/stm32f4xx_gpio.h"
 889              		.file 6 "./Libraries/inc/stm32f4xx_rcc.h"
ARM GAS  /tmp/ccPcbn3J.s 			page 28


DEFINED SYMBOLS
                            *ABS*:00000000 stm32f4xx_gpio.c
     /tmp/ccPcbn3J.s:21     .text.GPIO_DeInit:00000000 $t
     /tmp/ccPcbn3J.s:27     .text.GPIO_DeInit:00000000 GPIO_DeInit
     /tmp/ccPcbn3J.s:265    .text.GPIO_DeInit:00000118 $d
     /tmp/ccPcbn3J.s:280    .text.GPIO_Init:00000000 $t
     /tmp/ccPcbn3J.s:286    .text.GPIO_Init:00000000 GPIO_Init
     /tmp/ccPcbn3J.s:453    .text.GPIO_StructInit:00000000 $t
     /tmp/ccPcbn3J.s:459    .text.GPIO_StructInit:00000000 GPIO_StructInit
     /tmp/ccPcbn3J.s:490    .text.GPIO_PinLockConfig:00000000 $t
     /tmp/ccPcbn3J.s:496    .text.GPIO_PinLockConfig:00000000 GPIO_PinLockConfig
     /tmp/ccPcbn3J.s:550    .text.GPIO_ReadInputDataBit:00000000 $t
     /tmp/ccPcbn3J.s:556    .text.GPIO_ReadInputDataBit:00000000 GPIO_ReadInputDataBit
     /tmp/ccPcbn3J.s:590    .text.GPIO_ReadInputData:00000000 $t
     /tmp/ccPcbn3J.s:596    .text.GPIO_ReadInputData:00000000 GPIO_ReadInputData
     /tmp/ccPcbn3J.s:616    .text.GPIO_ReadOutputDataBit:00000000 $t
     /tmp/ccPcbn3J.s:622    .text.GPIO_ReadOutputDataBit:00000000 GPIO_ReadOutputDataBit
     /tmp/ccPcbn3J.s:656    .text.GPIO_ReadOutputData:00000000 $t
     /tmp/ccPcbn3J.s:662    .text.GPIO_ReadOutputData:00000000 GPIO_ReadOutputData
     /tmp/ccPcbn3J.s:682    .text.GPIO_SetBits:00000000 $t
     /tmp/ccPcbn3J.s:688    .text.GPIO_SetBits:00000000 GPIO_SetBits
     /tmp/ccPcbn3J.s:707    .text.GPIO_ResetBits:00000000 $t
     /tmp/ccPcbn3J.s:713    .text.GPIO_ResetBits:00000000 GPIO_ResetBits
     /tmp/ccPcbn3J.s:732    .text.GPIO_WriteBit:00000000 $t
     /tmp/ccPcbn3J.s:738    .text.GPIO_WriteBit:00000000 GPIO_WriteBit
     /tmp/ccPcbn3J.s:766    .text.GPIO_Write:00000000 $t
     /tmp/ccPcbn3J.s:772    .text.GPIO_Write:00000000 GPIO_Write
     /tmp/ccPcbn3J.s:790    .text.GPIO_ToggleBits:00000000 $t
     /tmp/ccPcbn3J.s:796    .text.GPIO_ToggleBits:00000000 GPIO_ToggleBits
     /tmp/ccPcbn3J.s:819    .text.GPIO_PinAFConfig:00000000 $t
     /tmp/ccPcbn3J.s:825    .text.GPIO_PinAFConfig:00000000 GPIO_PinAFConfig

UNDEFINED SYMBOLS
RCC_AHB1PeriphResetCmd
