ARM GAS  /tmp/ccjEqnGq.s 			page 1


   1              		.cpu cortex-m4
   2              		.arch armv7e-m
   3              		.fpu fpv4-sp-d16
   4              		.eabi_attribute 27, 1
   5              		.eabi_attribute 28, 1
   6              		.eabi_attribute 20, 1
   7              		.eabi_attribute 21, 1
   8              		.eabi_attribute 23, 3
   9              		.eabi_attribute 24, 1
  10              		.eabi_attribute 25, 1
  11              		.eabi_attribute 26, 1
  12              		.eabi_attribute 30, 1
  13              		.eabi_attribute 34, 1
  14              		.eabi_attribute 18, 4
  15              		.file	"stm32f4xx_flash_ramfunc.c"
  16              		.text
  17              	.Ltext0:
  18              		.cfi_sections	.debug_frame
  19              		.file 1 "./Libraries/src/stm32f4xx_flash_ramfunc.c"
  20              		.section	.RamFunc,"ax",%progbits
  21              		.align	1
  22              		.global	FLASH_FlashInterfaceCmd
  23              		.syntax unified
  24              		.thumb
  25              		.thumb_func
  27              	FLASH_FlashInterfaceCmd:
  28              	.LVL0:
  29              	.LFB123:
   1:./Libraries/src/stm32f4xx_flash_ramfunc.c **** /**
   2:./Libraries/src/stm32f4xx_flash_ramfunc.c ****   ******************************************************************************
   3:./Libraries/src/stm32f4xx_flash_ramfunc.c ****   * @file    stm32f4xx_flash_ramfunc.c
   4:./Libraries/src/stm32f4xx_flash_ramfunc.c ****   * @author  MCD Application Team
   5:./Libraries/src/stm32f4xx_flash_ramfunc.c ****   * @version V1.8.0
   6:./Libraries/src/stm32f4xx_flash_ramfunc.c ****   * @date    04-November-2016
   7:./Libraries/src/stm32f4xx_flash_ramfunc.c ****   * @brief   FLASH RAMFUNC module driver.
   8:./Libraries/src/stm32f4xx_flash_ramfunc.c ****   *          This file provides a FLASH firmware functions which should be 
   9:./Libraries/src/stm32f4xx_flash_ramfunc.c ****   *          executed from internal SRAM
  10:./Libraries/src/stm32f4xx_flash_ramfunc.c ****   *            + Stop/Start the flash interface while System Run
  11:./Libraries/src/stm32f4xx_flash_ramfunc.c ****   *            + Enable/Disable the flash sleep while System Run
  12:./Libraries/src/stm32f4xx_flash_ramfunc.c ****   *  
  13:./Libraries/src/stm32f4xx_flash_ramfunc.c ****  @verbatim    
  14:./Libraries/src/stm32f4xx_flash_ramfunc.c ****  ==============================================================================
  15:./Libraries/src/stm32f4xx_flash_ramfunc.c ****                     ##### APIs executed from Internal RAM #####
  16:./Libraries/src/stm32f4xx_flash_ramfunc.c ****   ==============================================================================
  17:./Libraries/src/stm32f4xx_flash_ramfunc.c ****   [..]
  18:./Libraries/src/stm32f4xx_flash_ramfunc.c ****     *** ARM Compiler ***
  19:./Libraries/src/stm32f4xx_flash_ramfunc.c ****     --------------------
  20:./Libraries/src/stm32f4xx_flash_ramfunc.c ****     [..] RAM functions are defined using the toolchain options. 
  21:./Libraries/src/stm32f4xx_flash_ramfunc.c ****          Functions that are be executed in RAM should reside in a separate
  22:./Libraries/src/stm32f4xx_flash_ramfunc.c ****          source module. Using the 'Options for File' dialog you can simply change
  23:./Libraries/src/stm32f4xx_flash_ramfunc.c ****          the 'Code / Const' area of a module to a memory space in physical RAM.
  24:./Libraries/src/stm32f4xx_flash_ramfunc.c ****          Available memory areas are declared in the 'Target' tab of the 
  25:./Libraries/src/stm32f4xx_flash_ramfunc.c ****          Options for Target' dialog.
  26:./Libraries/src/stm32f4xx_flash_ramfunc.c **** 
  27:./Libraries/src/stm32f4xx_flash_ramfunc.c ****     *** ICCARM Compiler ***
  28:./Libraries/src/stm32f4xx_flash_ramfunc.c ****     -----------------------
  29:./Libraries/src/stm32f4xx_flash_ramfunc.c ****     [..] RAM functions are defined using a specific toolchain keyword "__ramfunc".
ARM GAS  /tmp/ccjEqnGq.s 			page 2


  30:./Libraries/src/stm32f4xx_flash_ramfunc.c **** 
  31:./Libraries/src/stm32f4xx_flash_ramfunc.c ****     *** GNU Compiler ***
  32:./Libraries/src/stm32f4xx_flash_ramfunc.c ****     --------------------
  33:./Libraries/src/stm32f4xx_flash_ramfunc.c ****     [..] RAM functions are defined using a specific toolchain attribute
  34:./Libraries/src/stm32f4xx_flash_ramfunc.c ****          "__attribute__((section(".RamFunc")))".
  35:./Libraries/src/stm32f4xx_flash_ramfunc.c ****   
  36:./Libraries/src/stm32f4xx_flash_ramfunc.c ****   @endverbatim
  37:./Libraries/src/stm32f4xx_flash_ramfunc.c ****   ******************************************************************************
  38:./Libraries/src/stm32f4xx_flash_ramfunc.c ****   * @attention
  39:./Libraries/src/stm32f4xx_flash_ramfunc.c ****   *
  40:./Libraries/src/stm32f4xx_flash_ramfunc.c ****   * <h2><center>&copy; COPYRIGHT 2016 STMicroelectronics</center></h2>
  41:./Libraries/src/stm32f4xx_flash_ramfunc.c ****   *
  42:./Libraries/src/stm32f4xx_flash_ramfunc.c ****   * Licensed under MCD-ST Liberty SW License Agreement V2, (the "License");
  43:./Libraries/src/stm32f4xx_flash_ramfunc.c ****   * You may not use this file except in compliance with the License.
  44:./Libraries/src/stm32f4xx_flash_ramfunc.c ****   * You may obtain a copy of the License at:
  45:./Libraries/src/stm32f4xx_flash_ramfunc.c ****   *
  46:./Libraries/src/stm32f4xx_flash_ramfunc.c ****   *        http://www.st.com/software_license_agreement_liberty_v2
  47:./Libraries/src/stm32f4xx_flash_ramfunc.c ****   *
  48:./Libraries/src/stm32f4xx_flash_ramfunc.c ****   * Unless required by applicable law or agreed to in writing, software 
  49:./Libraries/src/stm32f4xx_flash_ramfunc.c ****   * distributed under the License is distributed on an "AS IS" BASIS, 
  50:./Libraries/src/stm32f4xx_flash_ramfunc.c ****   * WITHOUT WARRANTIES OR CONDITIONS OF ANY KIND, either express or implied.
  51:./Libraries/src/stm32f4xx_flash_ramfunc.c ****   * See the License for the specific language governing permissions and
  52:./Libraries/src/stm32f4xx_flash_ramfunc.c ****   * limitations under the License.
  53:./Libraries/src/stm32f4xx_flash_ramfunc.c ****   *
  54:./Libraries/src/stm32f4xx_flash_ramfunc.c ****   ******************************************************************************
  55:./Libraries/src/stm32f4xx_flash_ramfunc.c ****   */
  56:./Libraries/src/stm32f4xx_flash_ramfunc.c **** 
  57:./Libraries/src/stm32f4xx_flash_ramfunc.c **** /* Includes ------------------------------------------------------------------*/
  58:./Libraries/src/stm32f4xx_flash_ramfunc.c **** #include "stm32f4xx_flash_ramfunc.h"
  59:./Libraries/src/stm32f4xx_flash_ramfunc.c **** 
  60:./Libraries/src/stm32f4xx_flash_ramfunc.c **** /** @addtogroup STM32F4xx_StdPeriph_Driver
  61:./Libraries/src/stm32f4xx_flash_ramfunc.c ****   * @{
  62:./Libraries/src/stm32f4xx_flash_ramfunc.c ****   */
  63:./Libraries/src/stm32f4xx_flash_ramfunc.c **** 
  64:./Libraries/src/stm32f4xx_flash_ramfunc.c **** /** @defgroup FLASH RAMFUNC 
  65:./Libraries/src/stm32f4xx_flash_ramfunc.c ****   * @brief FLASH RAMFUNC driver modules
  66:./Libraries/src/stm32f4xx_flash_ramfunc.c ****   * @{
  67:./Libraries/src/stm32f4xx_flash_ramfunc.c ****   */ 
  68:./Libraries/src/stm32f4xx_flash_ramfunc.c **** 
  69:./Libraries/src/stm32f4xx_flash_ramfunc.c **** /* Private typedef -----------------------------------------------------------*/
  70:./Libraries/src/stm32f4xx_flash_ramfunc.c **** /* Private define ------------------------------------------------------------*/
  71:./Libraries/src/stm32f4xx_flash_ramfunc.c **** /* Private macro -------------------------------------------------------------*/
  72:./Libraries/src/stm32f4xx_flash_ramfunc.c **** /* Private variables ---------------------------------------------------------*/
  73:./Libraries/src/stm32f4xx_flash_ramfunc.c **** /* Private function prototypes -----------------------------------------------*/
  74:./Libraries/src/stm32f4xx_flash_ramfunc.c **** /* Private functions ---------------------------------------------------------*/
  75:./Libraries/src/stm32f4xx_flash_ramfunc.c **** 
  76:./Libraries/src/stm32f4xx_flash_ramfunc.c **** /** @defgroup FLASH_RAMFUNC_Private_Functions
  77:./Libraries/src/stm32f4xx_flash_ramfunc.c ****   * @{
  78:./Libraries/src/stm32f4xx_flash_ramfunc.c ****   */
  79:./Libraries/src/stm32f4xx_flash_ramfunc.c **** 
  80:./Libraries/src/stm32f4xx_flash_ramfunc.c **** /** @defgroup FLASH_RAMFUNC_Group1 Peripheral features functions executed from internal RAM 
  81:./Libraries/src/stm32f4xx_flash_ramfunc.c ****   *  @brief Peripheral Extended features functions 
  82:./Libraries/src/stm32f4xx_flash_ramfunc.c ****   *
  83:./Libraries/src/stm32f4xx_flash_ramfunc.c **** @verbatim   
  84:./Libraries/src/stm32f4xx_flash_ramfunc.c **** 
  85:./Libraries/src/stm32f4xx_flash_ramfunc.c ****  ===============================================================================
  86:./Libraries/src/stm32f4xx_flash_ramfunc.c ****                       ##### ramfunc functions #####
ARM GAS  /tmp/ccjEqnGq.s 			page 3


  87:./Libraries/src/stm32f4xx_flash_ramfunc.c ****  ===============================================================================
  88:./Libraries/src/stm32f4xx_flash_ramfunc.c ****     [..]
  89:./Libraries/src/stm32f4xx_flash_ramfunc.c ****     This subsection provides a set of functions that should be executed from RAM 
  90:./Libraries/src/stm32f4xx_flash_ramfunc.c ****     transfers.
  91:./Libraries/src/stm32f4xx_flash_ramfunc.c ****     
  92:./Libraries/src/stm32f4xx_flash_ramfunc.c **** @endverbatim
  93:./Libraries/src/stm32f4xx_flash_ramfunc.c ****   * @{
  94:./Libraries/src/stm32f4xx_flash_ramfunc.c ****   */
  95:./Libraries/src/stm32f4xx_flash_ramfunc.c **** 
  96:./Libraries/src/stm32f4xx_flash_ramfunc.c **** /**
  97:./Libraries/src/stm32f4xx_flash_ramfunc.c ****   * @brief Start/Stop the flash interface while System Run
  98:./Libraries/src/stm32f4xx_flash_ramfunc.c ****   * @note  This mode is only available for STM32F411xx devices. 
  99:./Libraries/src/stm32f4xx_flash_ramfunc.c ****   * @note  This mode could n't be set while executing with the flash itself. 
 100:./Libraries/src/stm32f4xx_flash_ramfunc.c ****   *        It should be done with specific routine executed from RAM.     
 101:./Libraries/src/stm32f4xx_flash_ramfunc.c ****   * @param  NewState: new state of the Smart Card mode.
 102:./Libraries/src/stm32f4xx_flash_ramfunc.c ****   *          This parameter can be: ENABLE or DISABLE.  
 103:./Libraries/src/stm32f4xx_flash_ramfunc.c ****   * @retval None
 104:./Libraries/src/stm32f4xx_flash_ramfunc.c ****   */
 105:./Libraries/src/stm32f4xx_flash_ramfunc.c **** __RAM_FUNC FLASH_FlashInterfaceCmd(FunctionalState NewState)
 106:./Libraries/src/stm32f4xx_flash_ramfunc.c **** {
  30              		.loc 1 106 1 view -0
  31              		.cfi_startproc
  32              		@ args = 0, pretend = 0, frame = 0
  33              		@ frame_needed = 0, uses_anonymous_args = 0
  34              		@ link register save eliminated.
 107:./Libraries/src/stm32f4xx_flash_ramfunc.c ****   if (NewState != DISABLE)
  35              		.loc 1 107 3 view .LVU1
  36              		.loc 1 107 6 is_stmt 0 view .LVU2
  37 0000 28B1     		cbz	r0, .L2
 108:./Libraries/src/stm32f4xx_flash_ramfunc.c ****   {
 109:./Libraries/src/stm32f4xx_flash_ramfunc.c ****     /* Start the flash interface while System Run */
 110:./Libraries/src/stm32f4xx_flash_ramfunc.c ****     CLEAR_BIT(PWR->CR, PWR_CR_FISSR);
  38              		.loc 1 110 5 is_stmt 1 view .LVU3
  39 0002 064A     		ldr	r2, .L4
  40 0004 1368     		ldr	r3, [r2]
  41 0006 23F40013 		bic	r3, r3, #2097152
  42 000a 1360     		str	r3, [r2]
  43 000c 7047     		bx	lr
  44              	.L2:
 111:./Libraries/src/stm32f4xx_flash_ramfunc.c ****   }
 112:./Libraries/src/stm32f4xx_flash_ramfunc.c ****   else
 113:./Libraries/src/stm32f4xx_flash_ramfunc.c ****   {
 114:./Libraries/src/stm32f4xx_flash_ramfunc.c ****     /* Stop the flash interface while System Run */  
 115:./Libraries/src/stm32f4xx_flash_ramfunc.c ****     SET_BIT(PWR->CR, PWR_CR_FISSR);
  45              		.loc 1 115 5 view .LVU4
  46 000e 034A     		ldr	r2, .L4
  47 0010 1368     		ldr	r3, [r2]
  48 0012 43F40013 		orr	r3, r3, #2097152
  49 0016 1360     		str	r3, [r2]
 116:./Libraries/src/stm32f4xx_flash_ramfunc.c ****   }
 117:./Libraries/src/stm32f4xx_flash_ramfunc.c **** }
  50              		.loc 1 117 1 is_stmt 0 view .LVU5
  51 0018 7047     		bx	lr
  52              	.L5:
  53 001a 00BF     		.align	2
  54              	.L4:
  55 001c 00700040 		.word	1073770496
ARM GAS  /tmp/ccjEqnGq.s 			page 4


  56              		.cfi_endproc
  57              	.LFE123:
  59              		.align	1
  60              		.global	FLASH_FlashSleepModeCmd
  61              		.syntax unified
  62              		.thumb
  63              		.thumb_func
  65              	FLASH_FlashSleepModeCmd:
  66              	.LVL1:
  67              	.LFB124:
 118:./Libraries/src/stm32f4xx_flash_ramfunc.c **** 
 119:./Libraries/src/stm32f4xx_flash_ramfunc.c **** /**
 120:./Libraries/src/stm32f4xx_flash_ramfunc.c ****   * @brief Enable/Disable the flash sleep while System Run
 121:./Libraries/src/stm32f4xx_flash_ramfunc.c ****   * @note  This mode is only available for STM32F411xx devices. 
 122:./Libraries/src/stm32f4xx_flash_ramfunc.c ****   * @note  This mode could n't be set while executing with the flash itself. 
 123:./Libraries/src/stm32f4xx_flash_ramfunc.c ****   *        It should be done with specific routine executed from RAM.     
 124:./Libraries/src/stm32f4xx_flash_ramfunc.c ****   * @param  NewState: new state of the Smart Card mode.
 125:./Libraries/src/stm32f4xx_flash_ramfunc.c ****   *          This parameter can be: ENABLE or DISABLE.  
 126:./Libraries/src/stm32f4xx_flash_ramfunc.c ****   * @retval None
 127:./Libraries/src/stm32f4xx_flash_ramfunc.c ****   */
 128:./Libraries/src/stm32f4xx_flash_ramfunc.c **** __RAM_FUNC FLASH_FlashSleepModeCmd(FunctionalState NewState)
 129:./Libraries/src/stm32f4xx_flash_ramfunc.c **** {
  68              		.loc 1 129 1 is_stmt 1 view -0
  69              		.cfi_startproc
  70              		@ args = 0, pretend = 0, frame = 0
  71              		@ frame_needed = 0, uses_anonymous_args = 0
  72              		@ link register save eliminated.
 130:./Libraries/src/stm32f4xx_flash_ramfunc.c ****   if (NewState != DISABLE)
  73              		.loc 1 130 3 view .LVU7
  74              		.loc 1 130 6 is_stmt 0 view .LVU8
  75 0020 28B1     		cbz	r0, .L7
 131:./Libraries/src/stm32f4xx_flash_ramfunc.c ****   {
 132:./Libraries/src/stm32f4xx_flash_ramfunc.c ****     /* Enable the flash sleep while System Run */
 133:./Libraries/src/stm32f4xx_flash_ramfunc.c ****     SET_BIT(PWR->CR, PWR_CR_FMSSR);
  76              		.loc 1 133 5 is_stmt 1 view .LVU9
  77 0022 064A     		ldr	r2, .L9
  78 0024 1368     		ldr	r3, [r2]
  79 0026 43F48013 		orr	r3, r3, #1048576
  80 002a 1360     		str	r3, [r2]
  81 002c 7047     		bx	lr
  82              	.L7:
 134:./Libraries/src/stm32f4xx_flash_ramfunc.c ****   }
 135:./Libraries/src/stm32f4xx_flash_ramfunc.c ****   else
 136:./Libraries/src/stm32f4xx_flash_ramfunc.c ****   {
 137:./Libraries/src/stm32f4xx_flash_ramfunc.c ****     /* Disable the flash sleep while System Run */
 138:./Libraries/src/stm32f4xx_flash_ramfunc.c ****     CLEAR_BIT(PWR->CR, PWR_CR_FMSSR);
  83              		.loc 1 138 5 view .LVU10
  84 002e 034A     		ldr	r2, .L9
  85 0030 1368     		ldr	r3, [r2]
  86 0032 23F48013 		bic	r3, r3, #1048576
  87 0036 1360     		str	r3, [r2]
 139:./Libraries/src/stm32f4xx_flash_ramfunc.c ****   }
 140:./Libraries/src/stm32f4xx_flash_ramfunc.c **** }
  88              		.loc 1 140 1 is_stmt 0 view .LVU11
  89 0038 7047     		bx	lr
  90              	.L10:
  91 003a 00BF     		.align	2
ARM GAS  /tmp/ccjEqnGq.s 			page 5


  92              	.L9:
  93 003c 00700040 		.word	1073770496
  94              		.cfi_endproc
  95              	.LFE124:
  97              		.text
  98              	.Letext0:
  99              		.file 2 "/opt/gcc-arm-none-eabi/arm-none-eabi/include/machine/_default_types.h"
 100              		.file 3 "/opt/gcc-arm-none-eabi/arm-none-eabi/include/sys/_stdint.h"
 101              		.file 4 "./system/stm32f4xx.h"
ARM GAS  /tmp/ccjEqnGq.s 			page 6


DEFINED SYMBOLS
                            *ABS*:00000000 stm32f4xx_flash_ramfunc.c
     /tmp/ccjEqnGq.s:21     .RamFunc:00000000 $t
     /tmp/ccjEqnGq.s:27     .RamFunc:00000000 FLASH_FlashInterfaceCmd
     /tmp/ccjEqnGq.s:55     .RamFunc:0000001c $d
     /tmp/ccjEqnGq.s:59     .RamFunc:00000020 $t
     /tmp/ccjEqnGq.s:65     .RamFunc:00000020 FLASH_FlashSleepModeCmd
     /tmp/ccjEqnGq.s:93     .RamFunc:0000003c $d

NO UNDEFINED SYMBOLS
