Component: ARM Compiler 5.06 update 5 (build 528) Tool: armlink [4d35e2]

==============================================================================

Section Cross References

    startup.o(STACK) refers (Special) to heapauxi.o(.text) for __use_two_region_memory
    startup.o(HEAP) refers (Special) to heapauxi.o(.text) for __use_two_region_memory
    startup.o(RESET) refers (Special) to heapauxi.o(.text) for __use_two_region_memory
    startup.o(RESET) refers to startup.o(STACK) for __initial_sp
    startup.o(RESET) refers to startup.o(.text) for Reset_Handler
    startup.o(RESET) refers to os_cpu_a.o(.text) for PendSV_Handler
    startup.o(RESET) refers to os_cpu_c.o(i.SysTick_Handler) for SysTick_Handler
    startup.o(RESET) refers to ppm.o(i.TIM3_IRQHandler) for TIM3_IRQHandler
    startup.o(RESET) refers to bluetooth.o(i.USART1_IRQHandler) for USART1_IRQHandler
    startup.o(.text) refers (Special) to heapauxi.o(.text) for __use_two_region_memory
    startup.o(.text) refers to main.o(i.mymain) for mymain
    startup.o(.text) refers to os_cpu_a.o(.text) for mySystemInit
    startup.o(.text) refers to system.o(.text) for myScaterload
    startup.o(.text) refers to startup.o(HEAP) for Heap_Mem
    startup.o(.text) refers to startup.o(STACK) for Stack_Mem
    main.o(i.mymain) refers to led.o(i.led_init) for led_init
    main.o(i.mymain) refers to final.o(i.ALL_Init) for ALL_Init
    main.o(i.mymain) refers to os_core.o(i.OSInit) for OSInit
    main.o(i.mymain) refers to os_task.o(i.OSTaskCreate) for OSTaskCreate
    main.o(i.mymain) refers to os_core.o(i.OSStart) for OSStart
    main.o(i.mymain) refers to main.o(.bss) for led1stk
    main.o(i.mymain) refers to mytask.o(i.Task1) for Task1
    main.o(i.mymain) refers to mytask.o(i.Task2) for Task2
    main.o(i.mymain) refers to mytask.o(i.Task_RCControl) for Task_RCControl
    main.o(i.mymain) refers to mytask.o(i.Task_Display) for Task_Display
    mytask.o(i.Task1) refers to led.o(i.led_on) for led_on
    mytask.o(i.Task1) refers to os_time.o(i.OSTimeDly) for OSTimeDly
    mytask.o(i.Task2) refers to led.o(i.led_off) for led_off
    mytask.o(i.Task2) refers to os_time.o(i.OSTimeDly) for OSTimeDly
    mytask.o(i.Task_Display) refers to final.o(i.GY86_Show) for GY86_Show
    mytask.o(i.Task_Display) refers to os_time.o(i.OSTimeDly) for OSTimeDly
    mytask.o(i.Task_RCControl) refers to final.o(i.PWM_TEST) for PWM_TEST
    mytask.o(i.Task_RCControl) refers to os_time.o(i.OSTimeDly) for OSTimeDly
    delay.o(i.Delay_ms) refers to delay.o(i.Delay_us) for Delay_us
    delay.o(i.Delay_s) refers to delay.o(i.Delay_ms) for Delay_ms
    delay.o(i.TIM_DELAY_INIT) refers to stm32f4xx_rcc.o(i.RCC_APB1PeriphClockCmd) for RCC_APB1PeriphClockCmd
    delay.o(i.TIM_DELAY_INIT) refers to stm32f4xx_tim.o(i.TIM_TimeBaseInit) for TIM_TimeBaseInit
    delay.o(i.TIM_DELAY_INIT) refers to stm32f4xx_tim.o(i.TIM_Cmd) for TIM_Cmd
    os_cpu_a.o(.text) refers to os_core.o(.data) for OSTCBCur
    os_cpu_c.o(i.OSTaskStkInit) refers to os_task.o(i.OS_TaskReturn) for OS_TaskReturn
    os_cpu_c.o(i.SysTick_Handler) refers to os_cpu_a.o(.text) for OS_CPU_SR_Save
    os_cpu_c.o(i.SysTick_Handler) refers to os_core.o(i.OSIntEnter) for OSIntEnter
    os_cpu_c.o(i.SysTick_Handler) refers to os_core.o(i.OSTimeTick) for OSTimeTick
    os_cpu_c.o(i.SysTick_Handler) refers to os_core.o(i.OSIntExit) for OSIntExit
    os_core.o(i.OSEventNameGet) refers to os_cpu_a.o(.text) for OS_CPU_SR_Save
    os_core.o(i.OSEventNameGet) refers to os_core.o(i.OS_StrLen) for OS_StrLen
    os_core.o(i.OSEventNameGet) refers to os_core.o(.data) for OSIntNesting
    os_core.o(i.OSEventNameSet) refers to os_cpu_a.o(.text) for OS_CPU_SR_Save
    os_core.o(i.OSEventNameSet) refers to os_core.o(.data) for OSIntNesting
    os_core.o(i.OSEventPendMulti) refers to os_cpu_a.o(.text) for OS_CPU_SR_Save
    os_core.o(i.OSEventPendMulti) refers to os_core.o(i.OS_EventTaskWaitMulti) for OS_EventTaskWaitMulti
    os_core.o(i.OSEventPendMulti) refers to os_core.o(i.OS_Sched) for OS_Sched
    os_core.o(i.OSEventPendMulti) refers to os_core.o(i.OS_EventTaskRemoveMulti) for OS_EventTaskRemoveMulti
    os_core.o(i.OSEventPendMulti) refers to os_core.o(.data) for OSIntNesting
    os_core.o(i.OSInit) refers to os_cpu_c.o(i.OSInitHookBegin) for OSInitHookBegin
    os_core.o(i.OSInit) refers to os_core.o(i.OS_InitMisc) for OS_InitMisc
    os_core.o(i.OSInit) refers to os_core.o(i.OS_InitRdyList) for OS_InitRdyList
    os_core.o(i.OSInit) refers to os_core.o(i.OS_InitTCBList) for OS_InitTCBList
    os_core.o(i.OSInit) refers to os_core.o(i.OS_InitEventList) for OS_InitEventList
    os_core.o(i.OSInit) refers to os_flag.o(i.OS_FlagInit) for OS_FlagInit
    os_core.o(i.OSInit) refers to os_mem.o(i.OS_MemInit) for OS_MemInit
    os_core.o(i.OSInit) refers to os_q.o(i.OS_QInit) for OS_QInit
    os_core.o(i.OSInit) refers to os_core.o(i.OS_InitTaskIdle) for OS_InitTaskIdle
[...]
    0x08003434   0x08003434   0x00000024   Code   RO         2633    i.DCMI_CROPCmd      stm32f4xx_dcmi.o
    0x08003458   0x08003458   0x00000020   Code   RO         2634    i.DCMI_CROPConfig   stm32f4xx_dcmi.o
    0x08003478   0x08003478   0x00000024   Code   RO         2635    i.DCMI_CaptureCmd   stm32f4xx_dcmi.o
    0x0800349c   0x0800349c   0x0000000c   Code   RO         2636    i.DCMI_ClearFlag    stm32f4xx_dcmi.o
    0x080034a8   0x080034a8   0x0000000c   Code   RO         2637    i.DCMI_ClearITPendingBit  stm32f4xx_dcmi.o
    0x080034b4   0x080034b4   0x00000024   Code   RO         2638    i.DCMI_Cmd          stm32f4xx_dcmi.o
    0x080034d8   0x080034d8   0x0000001c   Code   RO         2639    i.DCMI_DeInit       stm32f4xx_dcmi.o
    0x080034f4   0x080034f4   0x00000034   Code   RO         2640    i.DCMI_GetFlagStatus  stm32f4xx_dcmi.o
    0x08003528   0x08003528   0x0000001c   Code   RO         2641    i.DCMI_GetITStatus  stm32f4xx_dcmi.o
    0x08003544   0x08003544   0x00000024   Code   RO         2642    i.DCMI_ITConfig     stm32f4xx_dcmi.o
    0x08003568   0x08003568   0x00000040   Code   RO         2643    i.DCMI_Init         stm32f4xx_dcmi.o
    0x080035a8   0x080035a8   0x00000024   Code   RO         2644    i.DCMI_JPEGCmd      stm32f4xx_dcmi.o
    0x080035cc   0x080035cc   0x0000000c   Code   RO         2645    i.DCMI_ReadData     stm32f4xx_dcmi.o
    0x080035d8   0x080035d8   0x00000020   Code   RO         2646    i.DCMI_SetEmbeddedSynchroCodes  stm32f4xx_dcmi.o
    0x080035f8   0x080035f8   0x00000012   Code   RO         2647    i.DCMI_StructInit   stm32f4xx_dcmi.o
    0x0800360a   0x0800360a   0x00000002   PAD
    0x0800360c   0x0800360c   0x00000014   Code   RO         2897    i.DMA2D_AbortTransfer  stm32f4xx_dma2d.o
    0x08003620   0x08003620   0x000000b8   Code   RO         2898    i.DMA2D_BGConfig    stm32f4xx_dma2d.o
    0x080036d8   0x080036d8   0x00000024   Code   RO         2899    i.DMA2D_BGStart     stm32f4xx_dma2d.o
    0x080036fc   0x080036fc   0x0000001a   Code   RO         2900    i.DMA2D_BG_StructInit  stm32f4xx_dma2d.o
    0x08003716   0x08003716   0x00000002   PAD
    0x08003718   0x08003718   0x0000000c   Code   RO         2901    i.DMA2D_ClearFlag   stm32f4xx_dma2d.o
    0x08003724   0x08003724   0x0000000c   Code   RO         2902    i.DMA2D_ClearITPendingBit  stm32f4xx_dma2d.o
    0x08003730   0x08003730   0x00000016   Code   RO         2903    i.DMA2D_DeInit      stm32f4xx_dma2d.o
    0x08003746   0x08003746   0x00000002   PAD
    0x08003748   0x08003748   0x00000038   Code   RO         2904    i.DMA2D_DeadTimeConfig  stm32f4xx_dma2d.o
    0x08003780   0x08003780   0x000000b8   Code   RO         2905    i.DMA2D_FGConfig    stm32f4xx_dma2d.o
    0x08003838   0x08003838   0x00000024   Code   RO         2906    i.DMA2D_FGStart     stm32f4xx_dma2d.o
    0x0800385c   0x0800385c   0x0000001a   Code   RO         2907    i.DMA2D_FG_StructInit  stm32f4xx_dma2d.o
    0x08003876   0x08003876   0x00000002   PAD
    0x08003878   0x08003878   0x00000018   Code   RO         2908    i.DMA2D_GetFlagStatus  stm32f4xx_dma2d.o
    0x08003890   0x08003890   0x0000002c   Code   RO         2909    i.DMA2D_GetITStatus  stm32f4xx_dma2d.o
    0x080038bc   0x080038bc   0x00000020   Code   RO         2910    i.DMA2D_ITConfig    stm32f4xx_dma2d.o
    0x080038dc   0x080038dc   0x000000e4   Code   RO         2911    i.DMA2D_Init        stm32f4xx_dma2d.o
    0x080039c0   0x080039c0   0x0000000c   Code   RO         2912    i.DMA2D_LineWatermarkConfig  stm32f4xx_dma2d.o
    0x080039cc   0x080039cc   0x00000014   Code   RO         2913    i.DMA2D_StartTransfer  stm32f4xx_dma2d.o
    0x080039e0   0x080039e0   0x00000018   Code   RO         2914    i.DMA2D_StructInit  stm32f4xx_dma2d.o
    0x080039f8   0x080039f8   0x00000024   Code   RO         2915    i.DMA2D_Suspend     stm32f4xx_dma2d.o
    0x08003a1c   0x08003a1c   0x00000034   Code   RO         2765    i.DMA_ClearFlag     stm32f4xx_dma.o
    0x08003a50   0x08003a50   0x00000034   Code   RO         2766    i.DMA_ClearITPendingBit  stm32f4xx_dma.o
    0x08003a84   0x08003a84   0x00000016   Code   RO         2767    i.DMA_Cmd           stm32f4xx_dma.o
    0x08003a9a   0x08003a9a   0x00000002   PAD
    0x08003a9c   0x08003a9c   0x00000158   Code   RO         2768    i.DMA_DeInit        stm32f4xx_dma.o
    0x08003bf4   0x08003bf4   0x00000016   Code   RO         2769    i.DMA_DoubleBufferModeCmd  stm32f4xx_dma.o
    0x08003c0a   0x08003c0a   0x00000018   Code   RO         2770    i.DMA_DoubleBufferModeConfig  stm32f4xx_dma.o
    0x08003c22   0x08003c22   0x00000016   Code   RO         2771    i.DMA_FlowControllerConfig  stm32f4xx_dma.o
    0x08003c38   0x08003c38   0x00000014   Code   RO         2772    i.DMA_GetCmdStatus  stm32f4xx_dma.o
    0x08003c4c   0x08003c4c   0x00000008   Code   RO         2773    i.DMA_GetCurrDataCounter  stm32f4xx_dma.o
    0x08003c54   0x08003c54   0x00000014   Code   RO         2774    i.DMA_GetCurrentMemoryTarget  stm32f4xx_dma.o
    0x08003c68   0x08003c68   0x0000000c   Code   RO         2775    i.DMA_GetFIFOStatus  stm32f4xx_dma.o
    0x08003c74   0x08003c74   0x00000044   Code   RO         2776    i.DMA_GetFlagStatus  stm32f4xx_dma.o
    0x08003cb8   0x08003cb8   0x00000064   Code   RO         2777    i.DMA_GetITStatus   stm32f4xx_dma.o
    0x08003d1c   0x08003d1c   0x0000003a   Code   RO         2778    i.DMA_ITConfig      stm32f4xx_dma.o
    0x08003d56   0x08003d56   0x00000002   PAD
    0x08003d58   0x08003d58   0x00000058   Code   RO         2779    i.DMA_Init          stm32f4xx_dma.o
    0x08003db0   0x08003db0   0x0000000a   Code   RO         2780    i.DMA_MemoryTargetConfig  stm32f4xx_dma.o
    0x08003dba   0x08003dba   0x00000016   Code   RO         2781    i.DMA_PeriphIncOffsetSizeConfig  stm32f4xx_dma.o
    0x08003dd0   0x08003dd0   0x00000004   Code   RO         2782    i.DMA_SetCurrDataCounter  stm32f4xx_dma.o
    0x08003dd4   0x08003dd4   0x00000022   Code   RO         2783    i.DMA_StructInit    stm32f4xx_dma.o
    0x08003df6   0x08003df6   0x00000018   Code   RO          204    i.Delay_ms          delay.o
    0x08003e0e   0x08003e0e   0x00000018   Code   RO          205    i.Delay_s           delay.o
    0x08003e26   0x08003e26   0x0000001e   Code   RO          206    i.Delay_us          delay.o
    0x08003e44   0x08003e44   0x0000000c   Code   RO         3053    i.EXTI_ClearFlag    stm32f4xx_exti.o
    0x08003e50   0x08003e50   0x0000000c   Code   RO         3054    i.EXTI_ClearITPendingBit  stm32f4xx_exti.o
    0x08003e5c   0x08003e5c   0x00000024   Code   RO         3055    i.EXTI_DeInit       stm32f4xx_exti.o
    0x08003e80   0x08003e80   0x00000010   Code   RO         3056    i.EXTI_GenerateSWInterrupt  stm32f4xx_exti.o
    0x08003e90   0x08003e90   0x00000018   Code   RO         3057    i.EXTI_GetFlagStatus  stm32f4xx_exti.o
    0x08003ea8   0x08003ea8   0x00000018   Code   RO         3058    i.EXTI_GetITStatus  stm32f4xx_exti.o
    0x08003ec0   0x08003ec0   0x00000094   Code   RO         3059    i.EXTI_Init         stm32f4xx_exti.o
    0x08003f54   0x08003f54   0x00000010   Code   RO         3060    i.EXTI_StructInit   stm32f4xx_exti.o
    0x08003f64   0x08003f64   0x0000000c   Code   RO         3119    i.FLASH_ClearFlag   stm32f4xx_flash.o
    0x08003f70   0x08003f70   0x00000024   Code   RO         3120    i.FLASH_DataCacheCmd  stm32f4xx_flash.o
    0x08003f94   0x08003f94   0x00000014   Code   RO         3121    i.FLASH_DataCacheReset  stm32f4xx_flash.o
    0x08003fa8   0x08003fa8   0x0000006c   Code   RO         3122    i.FLASH_EraseAllBank1Sectors  stm32f4xx_flash.o
    0x08004014   0x08004014   0x0000006c   Code   RO         3123    i.FLASH_EraseAllBank2Sectors  stm32f4xx_flash.o
    0x08004080   0x08004080   0x0000006c   Code   RO         3124    i.FLASH_EraseAllSectors  stm32f4xx_flash.o
    0x080040ec   0x080040ec   0x00000088   Code   RO         3125    i.FLASH_EraseSector  stm32f4xx_flash.o
    0x08004174   0x08004174   0x00000024   Code   RO         3377    i.FLASH_FlashInterfaceCmd  stm32f4xx_flash_ramfunc.o
    0x08004198   0x08004198   0x00000024   Code   RO         3378    i.FLASH_FlashSleepModeCmd  stm32f4xx_flash_ramfunc.o
    0x080041bc   0x080041bc   0x00000018   Code   RO         3126    i.FLASH_GetFlagStatus  stm32f4xx_flash.o
    0x080041d4   0x080041d4   0x00000054   Code   RO         3127    i.FLASH_GetStatus   stm32f4xx_flash.o
    0x08004228   0x08004228   0x00000020   Code   RO         3128    i.FLASH_ITConfig    stm32f4xx_flash.o
    0x08004248   0x08004248   0x00000024   Code   RO         3129    i.FLASH_InstructionCacheCmd  stm32f4xx_flash.o
    0x0800426c   0x0800426c   0x00000014   Code   RO         3130    i.FLASH_InstructionCacheReset  stm32f4xx_flash.o
    0x08004280   0x08004280   0x00000014   Code   RO         3131    i.FLASH_Lock        stm32f4xx_flash.o
    0x08004294   0x08004294   0x0000001c   Code   RO         3132    i.FLASH_OB_BORConfig  stm32f4xx_flash.o
    0x080042b0   0x080042b0   0x0000001c   Code   RO         3133    i.FLASH_OB_BootConfig  stm32f4xx_flash.o
    0x080042cc   0x080042cc   0x00000010   Code   RO         3134    i.FLASH_OB_GetBOR   stm32f4xx_flash.o
    0x080042dc   0x080042dc   0x0000000c   Code   RO         3135    i.FLASH_OB_GetPCROP  stm32f4xx_flash.o
    0x080042e8   0x080042e8   0x0000000c   Code   RO         3136    i.FLASH_OB_GetPCROP1  stm32f4xx_flash.o
    0x080042f4   0x080042f4   0x00000018   Code   RO         3137    i.FLASH_OB_GetRDP   stm32f4xx_flash.o
    0x0800430c   0x0800430c   0x00000010   Code   RO         3138    i.FLASH_OB_GetUser  stm32f4xx_flash.o
    0x0800431c   0x0800431c   0x0000000c   Code   RO         3139    i.FLASH_OB_GetWRP   stm32f4xx_flash.o
    0x08004328   0x08004328   0x0000000c   Code   RO         3140    i.FLASH_OB_GetWRP1  stm32f4xx_flash.o
    0x08004334   0x08004334   0x00000020   Code   RO         3141    i.FLASH_OB_Launch   stm32f4xx_flash.o
    0x08004354   0x08004354   0x00000014   Code   RO         3142    i.FLASH_OB_Lock     stm32f4xx_flash.o
    0x08004368   0x08004368   0x00000034   Code   RO         3143    i.FLASH_OB_PCROP1Config  stm32f4xx_flash.o
    0x0800439c   0x0800439c   0x00000034   Code   RO         3144    i.FLASH_OB_PCROPConfig  stm32f4xx_flash.o
    0x080043d0   0x080043d0   0x00000018   Code   RO         3145    i.FLASH_OB_PCROPSelectionConfig  stm32f4xx_flash.o
    0x080043e8   0x080043e8   0x0000001c   Code   RO         3146    i.FLASH_OB_RDPConfig  stm32f4xx_flash.o
    0x08004404   0x08004404   0x00000024   Code   RO         3147    i.FLASH_OB_Unlock   stm32f4xx_flash.o
    0x08004428   0x08004428   0x00000030   Code   RO         3148    i.FLASH_OB_UserConfig  stm32f4xx_flash.o
    0x08004458   0x08004458   0x00000034   Code   RO         3149    i.FLASH_OB_WRP1Config  stm32f4xx_flash.o
    0x0800448c   0x0800448c   0x00000034   Code   RO         3150    i.FLASH_OB_WRPConfig  stm32f4xx_flash.o
    0x080044c0   0x080044c0   0x00000024   Code   RO         3151    i.FLASH_PrefetchBufferCmd  stm32f4xx_flash.o
    0x080044e4   0x080044e4   0x0000004c   Code   RO         3152    i.FLASH_ProgramByte  stm32f4xx_flash.o
    0x08004530   0x08004530   0x00000054   Code   RO         3153    i.FLASH_ProgramDoubleWord  stm32f4xx_flash.o
    0x08004584   0x08004584   0x00000050   Code   RO         3154    i.FLASH_ProgramHalfWord  stm32f4xx_flash.o
    0x080045d4   0x080045d4   0x00000050   Code   RO         3155    i.FLASH_ProgramWord  stm32f4xx_flash.o
    0x08004624   0x08004624   0x0000000c   Code   RO         3156    i.FLASH_SetLatency  stm32f4xx_flash.o
    0x08004630   0x08004630   0x00000024   Code   RO         3157    i.FLASH_Unlock      stm32f4xx_flash.o
    0x08004654   0x08004654   0x00000022   Code   RO         3158    i.FLASH_WaitForLastOperation  stm32f4xx_flash.o
    0x08004676   0x08004676   0x00000002   PAD
    0x08004678   0x08004678   0x00000138   Code   RO         3431    i.GPIO_DeInit       stm32f4xx_gpio.o
    0x080047b0   0x080047b0   0x00000090   Code   RO         3432    i.GPIO_Init         stm32f4xx_gpio.o
    0x08004840   0x08004840   0x00000046   Code   RO         3433    i.GPIO_PinAFConfig  stm32f4xx_gpio.o
    0x08004886   0x08004886   0x00000022   Code   RO         3434    i.GPIO_PinLockConfig  stm32f4xx_gpio.o
    0x080048a8   0x080048a8   0x00000008   Code   RO         3435    i.GPIO_ReadInputData  stm32f4xx_gpio.o
    0x080048b0   0x080048b0   0x00000012   Code   RO         3436    i.GPIO_ReadInputDataBit  stm32f4xx_gpio.o
    0x080048c2   0x080048c2   0x00000008   Code   RO         3437    i.GPIO_ReadOutputData  stm32f4xx_gpio.o
    0x080048ca   0x080048ca   0x00000012   Code   RO         3438    i.GPIO_ReadOutputDataBit  stm32f4xx_gpio.o
    0x080048dc   0x080048dc   0x00000004   Code   RO         3439    i.GPIO_ResetBits    stm32f4xx_gpio.o
    0x080048e0   0x080048e0   0x00000004   Code   RO         3440    i.GPIO_SetBits      stm32f4xx_gpio.o
    0x080048e4   0x080048e4   0x00000012   Code   RO         3441    i.GPIO_StructInit   stm32f4xx_gpio.o
    0x080048f6   0x080048f6   0x00000008   Code   RO         3442    i.GPIO_ToggleBits   stm32f4xx_gpio.o
    0x080048fe   0x080048fe   0x00000004   Code   RO         3443    i.GPIO_Write        stm32f4xx_gpio.o
    0x08004902   0x08004902   0x0000000a   Code   RO         3444    i.GPIO_WriteBit     stm32f4xx_gpio.o
    0x0800490c   0x0800490c   0x00000040   Code   RO         1295    i.GY86_GPIO_Config  gy86.o
    0x0800494c   0x0800494c   0x00000010   Code   RO         1296    i.GY86_Init         gy86.o
    0x0800495c   0x0800495c   0x00000022   Code   RO         1297    i.GY86_MS5611_SendCMD  gy86.o
    0x0800497e   0x0800497e   0x00000042   Code   RO         1298    i.GY86_ReadReg      gy86.o
    0x080049c0   0x080049c0   0x000001e0   Code   RO         1225    i.GY86_Show         final.o
    0x08004ba0   0x08004ba0   0x00000030   Code   RO         1299    i.GY86_WriteReg     gy86.o
    0x08004bd0   0x08004bd0   0x00000024   Code   RO         3533    i.HASH_AutoStartDigest  stm32f4xx_hash.o
    0x08004bf4   0x08004bf4   0x0000000c   Code   RO         3534    i.HASH_ClearFlag    stm32f4xx_hash.o
    0x08004c00   0x08004c00   0x0000000c   Code   RO         3535    i.HASH_ClearITPendingBit  stm32f4xx_hash.o
    0x08004c0c   0x08004c0c   0x00000024   Code   RO         3536    i.HASH_DMACmd       stm32f4xx_hash.o
    0x08004c30   0x08004c30   0x0000000c   Code   RO         3537    i.HASH_DataIn       stm32f4xx_hash.o
    0x08004c3c   0x08004c3c   0x00000014   Code   RO         3538    i.HASH_DeInit       stm32f4xx_hash.o
    0x08004c50   0x08004c50   0x00000048   Code   RO         3539    i.HASH_GetDigest    stm32f4xx_hash.o
    0x08004c98   0x08004c98   0x0000002c   Code   RO         3540    i.HASH_GetFlagStatus  stm32f4xx_hash.o
    0x08004cc4   0x08004cc4   0x00000020   Code   RO         3541    i.HASH_GetITStatus  stm32f4xx_hash.o
    0x08004ce4   0x08004ce4   0x00000010   Code   RO         3542    i.HASH_GetInFIFOWordsNbr  stm32f4xx_hash.o
    0x08004cf4   0x08004cf4   0x00000020   Code   RO         3543    i.HASH_ITConfig     stm32f4xx_hash.o
    0x08004d14   0x08004d14   0x00000054   Code   RO         3544    i.HASH_Init         stm32f4xx_hash.o
    0x08004d68   0x08004d68   0x000000b4   Code   RO         3662    i.HASH_MD5          stm32f4xx_hash_md5.o
    0x08004e1c   0x08004e1c   0x00000014   Code   RO         3545    i.HASH_Reset        stm32f4xx_hash.o
    0x08004e30   0x08004e30   0x00000044   Code   RO         3546    i.HASH_RestoreContext  stm32f4xx_hash.o
    0x08004e74   0x08004e74   0x000000ba   Code   RO         3692    i.HASH_SHA1         stm32f4xx_hash_sha1.o
    0x08004f2e   0x08004f2e   0x00000002   PAD
    0x08004f30   0x08004f30   0x0000003c   Code   RO         3547    i.HASH_SaveContext  stm32f4xx_hash.o
    0x08004f6c   0x08004f6c   0x0000001c   Code   RO         3548    i.HASH_SetLastWordValidBitsNbr  stm32f4xx_hash.o
    0x08004f88   0x08004f88   0x00000014   Code   RO         3549    i.HASH_StartDigest  stm32f4xx_hash.o
    0x08004f9c   0x08004f9c   0x0000000c   Code   RO         3550    i.HASH_StructInit   stm32f4xx_hash.o
    0x08004fa8   0x08004fa8   0x00000162   Code   RO         3663    i.HMAC_MD5          stm32f4xx_hash_md5.o
    0x0800510a   0x0800510a   0x0000016a   Code   RO         3693    i.HMAC_SHA1         stm32f4xx_hash_sha1.o
    0x08005274   0x08005274   0x00000054   Code   RO         1300    i.HMC5883L_GetData  gy86.o
    0x080052c8   0x080052c8   0x00000036   Code   RO         1301    i.HMC5883L_Init     gy86.o
    0x080052fe   0x080052fe   0x00000018   Code   RO         3722    i.I2C_ARPCmd        stm32f4xx_i2c.o
    0x08005316   0x08005316   0x00000018   Code   RO         3723    i.I2C_AcknowledgeConfig  stm32f4xx_i2c.o
    0x0800532e   0x0800532e   0x00000018   Code   RO         3724    i.I2C_AnalogFilterCmd  stm32f4xx_i2c.o
    0x08005346   0x08005346   0x00000018   Code   RO         3725    i.I2C_CalculatePEC  stm32f4xx_i2c.o
    0x0800535e   0x0800535e   0x0000002a   Code   RO         3726    i.I2C_CheckEvent    stm32f4xx_i2c.o
    0x08005388   0x08005388   0x0000000c   Code   RO         3727    i.I2C_ClearFlag     stm32f4xx_i2c.o
    0x08005394   0x08005394   0x0000000c   Code   RO         3728    i.I2C_ClearITPendingBit  stm32f4xx_i2c.o
    0x080053a0   0x080053a0   0x00000018   Code   RO         3729    i.I2C_Cmd           stm32f4xx_i2c.o
    0x080053b8   0x080053b8   0x00000018   Code   RO         3730    i.I2C_DMACmd        stm32f4xx_i2c.o
    0x080053d0   0x080053d0   0x00000018   Code   RO         3731    i.I2C_DMALastTransferCmd  stm32f4xx_i2c.o
    0x080053e8   0x080053e8   0x00000060   Code   RO         3732    i.I2C_DeInit        stm32f4xx_i2c.o
    0x08005448   0x08005448   0x00000016   Code   RO         3733    i.I2C_DigitalFilterConfig  stm32f4xx_i2c.o
    0x0800545e   0x0800545e   0x00000018   Code   RO         3734    i.I2C_DualAddressCmd  stm32f4xx_i2c.o
    0x08005476   0x08005476   0x0000001c   Code   RO         3735    i.I2C_FastModeDutyCycleConfig  stm32f4xx_i2c.o
    0x08005492   0x08005492   0x00000018   Code   RO         3736    i.I2C_GeneralCallCmd  stm32f4xx_i2c.o
    0x080054aa   0x080054aa   0x00000018   Code   RO         3737    i.I2C_GenerateSTART  stm32f4xx_i2c.o
    0x080054c2   0x080054c2   0x00000018   Code   RO         3738    i.I2C_GenerateSTOP  stm32f4xx_i2c.o
    0x080054da   0x080054da   0x0000003a   Code   RO         3739    i.I2C_GetFlagStatus  stm32f4xx_i2c.o
    0x08005514   0x08005514   0x00000026   Code   RO         3740    i.I2C_GetITStatus   stm32f4xx_i2c.o
    0x0800553a   0x0800553a   0x0000001a   Code   RO         3741    i.I2C_GetLastEvent  stm32f4xx_i2c.o
    0x08005554   0x08005554   0x00000008   Code   RO         3742    i.I2C_GetPEC        stm32f4xx_i2c.o
    0x0800555c   0x0800555c   0x00000012   Code   RO         3743    i.I2C_ITConfig      stm32f4xx_i2c.o
    0x0800556e   0x0800556e   0x00000002   PAD
    0x08005570   0x08005570   0x000000e8   Code   RO         3744    i.I2C_Init          stm32f4xx_i2c.o
    0x08005658   0x08005658   0x0000001c   Code   RO         3745    i.I2C_NACKPositionConfig  stm32f4xx_i2c.o
    0x08005674   0x08005674   0x00000016   Code   RO         3746    i.I2C_OwnAddress2Config  stm32f4xx_i2c.o
    0x0800568a   0x0800568a   0x0000001c   Code   RO         3747    i.I2C_PECPositionConfig  stm32f4xx_i2c.o
    0x080056a6   0x080056a6   0x00000016   Code   RO         3748    i.I2C_ReadRegister  stm32f4xx_i2c.o
    0x080056bc   0x080056bc   0x00000008   Code   RO         3749    i.I2C_ReceiveData   stm32f4xx_i2c.o
    0x080056c4   0x080056c4   0x0000001c   Code   RO         3750    i.I2C_SMBusAlertConfig  stm32f4xx_i2c.o
    0x080056e0   0x080056e0   0x00000010   Code   RO         3751    i.I2C_Send7bitAddress  stm32f4xx_i2c.o
    0x080056f0   0x080056f0   0x00000004   Code   RO         3752    i.I2C_SendData      stm32f4xx_i2c.o
    0x080056f4   0x080056f4   0x00000016   Code   RO         3753    i.I2C_SoftwareResetCmd  stm32f4xx_i2c.o
    0x0800570a   0x0800570a   0x00000018   Code   RO         3754    i.I2C_StretchClockCmd  stm32f4xx_i2c.o
    0x08005722   0x08005722   0x0000001e   Code   RO         3755    i.I2C_StructInit    stm32f4xx_i2c.o
    0x08005740   0x08005740   0x00000018   Code   RO         3756    i.I2C_TransmitPEC   stm32f4xx_i2c.o
    0x08005758   0x08005758   0x00000018   Code   RO         5450    i.I2S_Cmd           stm32f4xx_spi.o
    0x08005770   0x08005770   0x00000050   Code   RO         5451    i.I2S_FullDuplexConfig  stm32f4xx_spi.o
    0x080057c0   0x080057c0   0x00000198   Code   RO         5452    i.I2S_Init          stm32f4xx_spi.o
    0x08005958   0x08005958   0x00000014   Code   RO         5453    i.I2S_StructInit    stm32f4xx_spi.o
    0x0800596c   0x0800596c   0x00000010   Code   RO         3950    i.IWDG_Enable       stm32f4xx_iwdg.o
    0x0800597c   0x0800597c   0x00000018   Code   RO         3951    i.IWDG_GetFlagStatus  stm32f4xx_iwdg.o
    0x08005994   0x08005994   0x00000010   Code   RO         3952    i.IWDG_ReloadCounter  stm32f4xx_iwdg.o
    0x080059a4   0x080059a4   0x0000000c   Code   RO         3953    i.IWDG_SetPrescaler  stm32f4xx_iwdg.o
    0x080059b0   0x080059b0   0x0000000c   Code   RO         3954    i.IWDG_SetReload    stm32f4xx_iwdg.o
    0x080059bc   0x080059bc   0x0000000c   Code   RO         3955    i.IWDG_WriteAccessCmd  stm32f4xx_iwdg.o
    0x080059c8   0x080059c8   0x00000020   Code   RO         4025    i.LTDC_CLUTCmd      stm32f4xx_ltdc.o
    0x080059e8   0x080059e8   0x00000020   Code   RO         4026    i.LTDC_CLUTInit     stm32f4xx_ltdc.o
    0x08005a08   0x08005a08   0x0000000c   Code   RO         4027    i.LTDC_CLUTStructInit  stm32f4xx_ltdc.o
    0x08005a14   0x08005a14   0x0000000c   Code   RO         4028    i.LTDC_ClearFlag    stm32f4xx_ltdc.o
    0x08005a20   0x08005a20   0x0000000c   Code   RO         4029    i.LTDC_ClearITPendingBit  stm32f4xx_ltdc.o
    0x08005a2c   0x08005a2c   0x00000024   Code   RO         4030    i.LTDC_Cmd          stm32f4xx_ltdc.o
    0x08005a50   0x08005a50   0x00000044   Code   RO         4031    i.LTDC_ColorKeyingConfig  stm32f4xx_ltdc.o
    0x08005a94   0x08005a94   0x0000000a   Code   RO         4032    i.LTDC_ColorKeyingStructInit  stm32f4xx_ltdc.o
    0x08005a9e   0x08005a9e   0x00000016   Code   RO         4033    i.LTDC_DeInit       stm32f4xx_ltdc.o
    0x08005ab4   0x08005ab4   0x00000024   Code   RO         4034    i.LTDC_DitherCmd    stm32f4xx_ltdc.o
    0x08005ad8   0x08005ad8   0x00000018   Code   RO         4035    i.LTDC_GetCDStatus  stm32f4xx_ltdc.o
    0x08005af0   0x08005af0   0x00000018   Code   RO         4036    i.LTDC_GetFlagStatus  stm32f4xx_ltdc.o
    0x08005b08   0x08005b08   0x0000002c   Code   RO         4037    i.LTDC_GetITStatus  stm32f4xx_ltdc.o
    0x08005b34   0x08005b34   0x0000002c   Code   RO         4038    i.LTDC_GetPosStatus  stm32f4xx_ltdc.o
    0x08005b60   0x08005b60   0x00000040   Code   RO         4039    i.LTDC_GetRGBWidth  stm32f4xx_ltdc.o
    0x08005ba0   0x08005ba0   0x00000020   Code   RO         4040    i.LTDC_ITConfig     stm32f4xx_ltdc.o
    0x08005bc0   0x08005bc0   0x00000188   Code   RO         4041    i.LTDC_Init         stm32f4xx_ltdc.o
    0x08005d48   0x08005d48   0x0000000c   Code   RO         4042    i.LTDC_LIPConfig    stm32f4xx_ltdc.o
    0x08005d54   0x08005d54   0x00000004   Code   RO         4043    i.LTDC_LayerAddress  stm32f4xx_ltdc.o
    0x08005d58   0x08005d58   0x00000004   Code   RO         4044    i.LTDC_LayerAlpha   stm32f4xx_ltdc.o
    0x08005d5c   0x08005d5c   0x00000016   Code   RO         4045    i.LTDC_LayerCmd     stm32f4xx_ltdc.o
    0x08005d72   0x08005d72   0x00000114   Code   RO         4046    i.LTDC_LayerInit    stm32f4xx_ltdc.o
    0x08005e86   0x08005e86   0x0000006a   Code   RO         4047    i.LTDC_LayerPixelFormat  stm32f4xx_ltdc.o
    0x08005ef0   0x08005ef0   0x000000a0   Code   RO         4048    i.LTDC_LayerPosition  stm32f4xx_ltdc.o
    0x08005f90   0x08005f90   0x00000074   Code   RO         4049    i.LTDC_LayerSize    stm32f4xx_ltdc.o
    0x08006004   0x08006004   0x00000030   Code   RO         4050    i.LTDC_LayerStructInit  stm32f4xx_ltdc.o
    0x08006034   0x08006034   0x00000008   Code   RO         4051    i.LTDC_PosStructInit  stm32f4xx_ltdc.o
    0x0800603c   0x0800603c   0x0000000a   Code   RO         4052    i.LTDC_RGBStructInit  stm32f4xx_ltdc.o
    0x08006046   0x08006046   0x00000002   PAD
    0x08006048   0x08006048   0x0000000c   Code   RO         4053    i.LTDC_ReloadConfig  stm32f4xx_ltdc.o
    0x08006054   0x08006054   0x00000022   Code   RO         4054    i.LTDC_StructInit   stm32f4xx_ltdc.o
    0x08006076   0x08006076   0x00000002   PAD
    0x08006078   0x08006078   0x00000064   Code   RO         1451    i.MOTOR_GPIO_Config  motor.o
    0x080060dc   0x080060dc   0x0000000c   Code   RO         1452    i.MOTOR_Init        motor.o
    0x080060e8   0x080060e8   0x0000002a   Code   RO         1453    i.MOTOR_SetSpeed    motor.o
    0x08006112   0x08006112   0x000000a2   Code   RO         1302    i.MPU6050_GetData   gy86.o
    0x080061b4   0x080061b4   0x00000040   Code   RO         1303    i.MPU6050_Init      gy86.o
    0x080061f4   0x080061f4   0x0000011c   Code   RO         1304    i.MS5611_Calculate  gy86.o
    0x08006310   0x08006310   0x000000c0   Code   RO         1305    i.MS5611_ReadProm   gy86.o
    0x080063d0   0x080063d0   0x0000004e   Code   RO         1306    i.MS5611_ReadTempPress  gy86.o
    0x0800641e   0x0800641e   0x0000000a   Code   RO         1307    i.MS5611_Reset      gy86.o
    0x08006428   0x08006428   0x0000001e   Code   RO         1308    i.MyI2C_ReceiveAck  gy86.o
    0x08006446   0x08006446   0x00000034   Code   RO         1309    i.MyI2C_ReceiveByte  gy86.o
    0x0800647a   0x0800647a   0x00000018   Code   RO         1310    i.MyI2C_SendAck     gy86.o
    0x08006492   0x08006492   0x0000002a   Code   RO         1311    i.MyI2C_SendByte    gy86.o
    0x080064bc   0x080064bc   0x0000001c   Code   RO         1312    i.MyI2C_Start       gy86.o
    0x080064d8   0x080064d8   0x00000016   Code   RO         1313    i.MyI2C_Stop        gy86.o
    0x080064ee   0x080064ee   0x00000002   PAD
    0x080064f0   0x080064f0   0x00000078   Code   RO         1680    i.NVIC_Init         misc.o
    0x08006568   0x08006568   0x00000014   Code   RO         1681    i.NVIC_PriorityGroupConfig  misc.o
    0x0800657c   0x0800657c   0x00000014   Code   RO         1682    i.NVIC_SetVectorTable  misc.o
    0x08006590   0x08006590   0x00000020   Code   RO         1683    i.NVIC_SystemLPConfig  misc.o
    0x080065b0   0x080065b0   0x0000002a   Code   RO         1511    i.OLED_Clear        oled.o
    0x080065da   0x080065da   0x00000002   PAD
    0x080065dc   0x080065dc   0x00000050   Code   RO         1512    i.OLED_I2C_Init     oled.o
    0x0800662c   0x0800662c   0x00000036   Code   RO         1513    i.OLED_I2C_SendByte  oled.o
    0x08006662   0x08006662   0x0000001c   Code   RO         1514    i.OLED_I2C_Start    oled.o
    0x0800667e   0x0800667e   0x00000016   Code   RO         1515    i.OLED_I2C_Stop     oled.o
    0x08006694   0x08006694   0x000000ae   Code   RO         1516    i.OLED_Init         oled.o
    0x08006742   0x08006742   0x00000014   Code   RO         1517    i.OLED_Pow          oled.o
    0x08006756   0x08006756   0x00000022   Code   RO         1518    i.OLED_SetCursor    oled.o
    0x08006778   0x08006778   0x0000003e   Code   RO         1519    i.OLED_ShowBinNum   oled.o
    0x080067b6   0x080067b6   0x00000002   PAD
    0x080067b8   0x080067b8   0x00000074   Code   RO         1520    i.OLED_ShowChar     oled.o
    0x0800682c   0x0800682c   0x00000054   Code   RO         1521    i.OLED_ShowHexNum   oled.o
    0x08006880   0x08006880   0x00000044   Code   RO         1522    i.OLED_ShowNum      oled.o
    0x080068c4   0x080068c4   0x00000066   Code   RO         1523    i.OLED_ShowSignedNum  oled.o
    0x0800692a   0x0800692a   0x00000028   Code   RO         1524    i.OLED_ShowString   oled.o
    0x08006952   0x08006952   0x00000002   PAD
    0x08006954   0x08006954   0x0000001c   Code   RO         1525    i.OLED_W_SCL        oled.o
    0x08006970   0x08006970   0x0000001c   Code   RO         1526    i.OLED_W_SDA        oled.o
    0x0800698c   0x0800698c   0x00000020   Code   RO         1527    i.OLED_WriteCommand  oled.o
    0x080069ac   0x080069ac   0x00000020   Code   RO         1528    i.OLED_WriteData    oled.o
    0x080069cc   0x080069cc   0x0000015c   Code   RO          529    i.OSDebugInit       os_dbg_r.o
    0x08006b28   0x08006b28   0x00000084   Code   RO          318    i.OSEventNameGet    os_core.o
    0x08006bac   0x08006bac   0x00000070   Code   RO          319    i.OSEventNameSet    os_core.o
    0x08006c1c   0x08006c1c   0x000002e4   Code   RO          320    i.OSEventPendMulti  os_core.o
    0x08006f00   0x08006f00   0x0000011e   Code   RO          544    i.OSFlagAccept      os_flag.o
    0x0800701e   0x0800701e   0x00000002   PAD
    0x08007020   0x08007020   0x00000070   Code   RO          545    i.OSFlagCreate      os_flag.o
    0x08007090   0x08007090   0x00000104   Code   RO          546    i.OSFlagDel         os_flag.o
    0x08007194   0x08007194   0x00000074   Code   RO          547    i.OSFlagNameGet     os_flag.o
    0x08007208   0x08007208   0x00000064   Code   RO          548    i.OSFlagNameSet     os_flag.o
    0x0800726c   0x0800726c   0x00000298   Code   RO          549    i.OSFlagPend        os_flag.o
    0x08007504   0x08007504   0x00000028   Code   RO          550    i.OSFlagPendGetFlagsRdy  os_flag.o
    0x0800752c   0x0800752c   0x00000162   Code   RO          551    i.OSFlagPost        os_flag.o
    0x0800768e   0x0800768e   0x00000042   Code   RO          552    i.OSFlagQuery       os_flag.o
    0x080076d0   0x080076d0   0x00000038   Code   RO          321    i.OSInit            os_core.o
    0x08007708   0x08007708   0x00000002   Code   RO          246    i.OSInitHookBegin   os_cpu_c.o
    0x0800770a   0x0800770a   0x00000002   Code   RO          247    i.OSInitHookEnd     os_cpu_c.o
    0x0800770c   0x0800770c   0x00000024   Code   RO          322    i.OSIntEnter        os_core.o
    0x08007730   0x08007730   0x00000098   Code   RO          323    i.OSIntExit         os_core.o
    0x080077c8   0x080077c8   0x00000034   Code   RO          626    i.OSMboxAccept      os_mbox.o
    0x080077fc   0x080077fc   0x0000005c   Code   RO          627    i.OSMboxCreate      os_mbox.o
    0x08007858   0x08007858   0x000000fc   Code   RO          628    i.OSMboxDel         os_mbox.o
    0x08007954   0x08007954   0x0000012c   Code   RO          629    i.OSMboxPend        os_mbox.o
    0x08007a80   0x08007a80   0x00000096   Code   RO          630    i.OSMboxPendAbort   os_mbox.o
    0x08007b16   0x08007b16   0x0000006c   Code   RO          631    i.OSMboxPost        os_mbox.o
    0x08007b82   0x08007b82   0x00000094   Code   RO          632    i.OSMboxPostOpt     os_mbox.o
    0x08007c16   0x08007c16   0x00000060   Code   RO          633    i.OSMboxQuery       os_mbox.o
    0x08007c76   0x08007c76   0x00000002   PAD
    0x08007c78   0x08007c78   0x000000b0   Code   RO          680    i.OSMemCreate       os_mem.o
    0x08007d28   0x08007d28   0x00000054   Code   RO          681    i.OSMemGet          os_mem.o
    0x08007d7c   0x08007d7c   0x0000005c   Code   RO          682    i.OSMemNameGet      os_mem.o
    0x08007dd8   0x08007dd8   0x0000004c   Code   RO          683    i.OSMemNameSet      os_mem.o
    0x08007e24   0x08007e24   0x0000004e   Code   RO          684    i.OSMemPut          os_mem.o
    0x08007e72   0x08007e72   0x00000048   Code   RO          685    i.OSMemQuery        os_mem.o
    0x08007eba   0x08007eba   0x00000002   PAD
    0x08007ebc   0x08007ebc   0x000000b0   Code   RO          728    i.OSMutexAccept     os_mutex.o
    0x08007f6c   0x08007f6c   0x000000c4   Code   RO          729    i.OSMutexCreate     os_mutex.o
    0x08008030   0x08008030   0x00000150   Code   RO          730    i.OSMutexDel        os_mutex.o
    0x08008180   0x08008180   0x00000274   Code   RO          731    i.OSMutexPend       os_mutex.o
    0x080083f4   0x080083f4   0x000000e8   Code   RO          732    i.OSMutexPost       os_mutex.o
    0x080084dc   0x080084dc   0x00000084   Code   RO          733    i.OSMutexQuery      os_mutex.o
    0x08008560   0x08008560   0x00000084   Code   RO          734    i.OSMutex_RdyAtPrio  os_mutex.o
    0x080085e4   0x080085e4   0x0000006a   Code   RO          775    i.OSQAccept         os_q.o
    0x0800864e   0x0800864e   0x00000002   PAD
    0x08008650   0x08008650   0x000000b8   Code   RO          776    i.OSQCreate         os_q.o
    0x08008708   0x08008708   0x00000124   Code   RO          777    i.OSQDel            os_q.o
    0x0800882c   0x0800882c   0x0000003c   Code   RO          778    i.OSQFlush          os_q.o
    0x08008868   0x08008868   0x00000148   Code   RO          779    i.OSQPend           os_q.o
    0x080089b0   0x080089b0   0x00000096   Code   RO          780    i.OSQPendAbort      os_q.o
    0x08008a46   0x08008a46   0x00000088   Code   RO          781    i.OSQPost           os_q.o
    0x08008ace   0x08008ace   0x0000008a   Code   RO          782    i.OSQPostFront      os_q.o
    0x08008b58   0x08008b58   0x000000cc   Code   RO          783    i.OSQPostOpt        os_q.o
    0x08008c24   0x08008c24   0x00000076   Code   RO          784    i.OSQQuery          os_q.o
    0x08008c9a   0x08008c9a   0x00000002   PAD
    0x08008c9c   0x08008c9c   0x00000048   Code   RO          324    i.OSSchedLock       os_core.o
    0x08008ce4   0x08008ce4   0x00000070   Code   RO          325    i.OSSchedUnlock     os_core.o
    0x08008d54   0x08008d54   0x00000038   Code   RO          847    i.OSSemAccept       os_sem.o
    0x08008d8c   0x08008d8c   0x0000005c   Code   RO          848    i.OSSemCreate       os_sem.o
    0x08008de8   0x08008de8   0x000000fc   Code   RO          849    i.OSSemDel          os_sem.o
    0x08008ee4   0x08008ee4   0x00000114   Code   RO          850    i.OSSemPend         os_sem.o
    0x08008ff8   0x08008ff8   0x00000096   Code   RO          851    i.OSSemPendAbort    os_sem.o
    0x0800908e   0x0800908e   0x0000006e   Code   RO          852    i.OSSemPost         os_sem.o
    0x080090fc   0x080090fc   0x00000060   Code   RO          853    i.OSSemQuery        os_sem.o
    0x0800915c   0x0800915c   0x00000052   Code   RO          854    i.OSSemSet          os_sem.o
    0x080091ae   0x080091ae   0x00000002   PAD
    0x080091b0   0x080091b0   0x00000048   Code   RO          326    i.OSStart           os_core.o
    0x080091f8   0x080091f8   0x0000005c   Code   RO          327    i.OSStatInit        os_core.o
    0x08009254   0x08009254   0x00000002   Code   RO          248    i.OSTCBInitHook     os_cpu_c.o
    0x08009256   0x08009256   0x00000002   PAD
    0x08009258   0x08009258   0x000001cc   Code   RO          901    i.OSTaskChangePrio  os_task.o
    0x08009424   0x08009424   0x000000c4   Code   RO          902    i.OSTaskCreate      os_task.o
    0x080094e8   0x080094e8   0x000000d8   Code   RO          903    i.OSTaskCreateExt   os_task.o
    0x080095c0   0x080095c0   0x00000002   Code   RO          249    i.OSTaskCreateHook  os_cpu_c.o
    0x080095c2   0x080095c2   0x00000002   PAD
    0x080095c4   0x080095c4   0x00000184   Code   RO          904    i.OSTaskDel         os_task.o
    0x08009748   0x08009748   0x00000002   Code   RO          250    i.OSTaskDelHook     os_cpu_c.o
    0x0800974a   0x0800974a   0x00000002   PAD
    0x0800974c   0x0800974c   0x00000090   Code   RO          905    i.OSTaskDelReq      os_task.o
    0x080097dc   0x080097dc   0x00000002   Code   RO          251    i.OSTaskIdleHook    os_cpu_c.o
    0x080097de   0x080097de   0x00000002   PAD
    0x080097e0   0x080097e0   0x000000a8   Code   RO          906    i.OSTaskNameGet     os_task.o
    0x08009888   0x08009888   0x00000094   Code   RO          907    i.OSTaskNameSet     os_task.o
    0x0800991c   0x0800991c   0x0000007c   Code   RO          908    i.OSTaskQuery       os_task.o
    0x08009998   0x08009998   0x00000068   Code   RO          909    i.OSTaskRegGet      os_task.o
    0x08009a00   0x08009a00   0x0000004c   Code   RO          910    i.OSTaskRegGetID    os_task.o
    0x08009a4c   0x08009a4c   0x00000064   Code   RO          911    i.OSTaskRegSet      os_task.o
    0x08009ab0   0x08009ab0   0x000000d4   Code   RO          912    i.OSTaskResume      os_task.o
    0x08009b84   0x08009b84   0x00000002   Code   RO          252    i.OSTaskReturnHook  os_cpu_c.o
    0x08009b86   0x08009b86   0x00000002   Code   RO          253    i.OSTaskStatHook    os_cpu_c.o
    0x08009b88   0x08009b88   0x000000b0   Code   RO          913    i.OSTaskStkChk      os_task.o
    0x08009c38   0x08009c38   0x000000b0   Code   RO          254    i.OSTaskStkInit     os_cpu_c.o
    0x08009ce8   0x08009ce8   0x000000cc   Code   RO          914    i.OSTaskSuspend     os_task.o
    0x08009db4   0x08009db4   0x00000080   Code   RO         1003    i.OSTimeDly         os_time.o
    0x08009e34   0x08009e34   0x00000084   Code   RO         1004    i.OSTimeDlyHMSM     os_time.o
    0x08009eb8   0x08009eb8   0x000000cc   Code   RO         1005    i.OSTimeDlyResume   os_time.o
    0x08009f84   0x08009f84   0x00000024   Code   RO         1006    i.OSTimeGet         os_time.o
    0x08009fa8   0x08009fa8   0x00000024   Code   RO         1007    i.OSTimeSet         os_time.o
    0x08009fcc   0x08009fcc   0x000000fc   Code   RO          328    i.OSTimeTick        os_core.o
    0x0800a0c8   0x0800a0c8   0x00000002   Code   RO          255    i.OSTimeTickHook    os_cpu_c.o
    0x0800a0ca   0x0800a0ca   0x00000002   PAD
    0x0800a0cc   0x0800a0cc   0x000000a4   Code   RO         1039    i.OSTmrCreate       os_tmr.o
    0x0800a170   0x0800a170   0x0000008c   Code   RO         1040    i.OSTmrDel          os_tmr.o
    0x0800a1fc   0x0800a1fc   0x0000008c   Code   RO         1041    i.OSTmrNameGet      os_tmr.o
    0x0800a288   0x0800a288   0x000000b4   Code   RO         1042    i.OSTmrRemainGet    os_tmr.o
    0x0800a33c   0x0800a33c   0x00000014   Code   RO         1043    i.OSTmrSignal       os_tmr.o
    0x0800a350   0x0800a350   0x00000090   Code   RO         1044    i.OSTmrStart        os_tmr.o
    0x0800a3e0   0x0800a3e0   0x00000064   Code   RO         1045    i.OSTmrStateGet     os_tmr.o
    0x0800a444   0x0800a444   0x000000c4   Code   RO         1046    i.OSTmrStop         os_tmr.o
    0x0800a508   0x0800a508   0x00000040   Code   RO         1047    i.OSTmr_Alloc       os_tmr.o
    0x0800a548   0x0800a548   0x0000004c   Code   RO         1048    i.OSTmr_Free        os_tmr.o
    0x0800a594   0x0800a594   0x000000f4   Code   RO         1049    i.OSTmr_Init        os_tmr.o
    0x0800a688   0x0800a688   0x00000050   Code   RO         1050    i.OSTmr_InitTask    os_tmr.o
    0x0800a6d8   0x0800a6d8   0x00000074   Code   RO         1051    i.OSTmr_Link        os_tmr.o
    0x0800a74c   0x0800a74c   0x00000084   Code   RO         1052    i.OSTmr_Task        os_tmr.o
    0x0800a7d0   0x0800a7d0   0x00000048   Code   RO         1053    i.OSTmr_Unlink      os_tmr.o
    0x0800a818   0x0800a818   0x00000006   Code   RO          329    i.OSVersion         os_core.o
    0x0800a81e   0x0800a81e   0x00000002   Code   RO          330    i.OS_Dummy          os_core.o
    0x0800a820   0x0800a820   0x00000094   Code   RO          331    i.OS_EventTaskRdy   os_core.o
    0x0800a8b4   0x0800a8b4   0x0000002e   Code   RO          332    i.OS_EventTaskRemove  os_core.o
    0x0800a8e2   0x0800a8e2   0x0000003a   Code   RO          333    i.OS_EventTaskRemoveMulti  os_core.o
    0x0800a91c   0x0800a91c   0x0000007c   Code   RO          334    i.OS_EventTaskWait  os_core.o
    0x0800a998   0x0800a998   0x00000094   Code   RO          335    i.OS_EventTaskWaitMulti  os_core.o
    0x0800aa2c   0x0800aa2c   0x0000001c   Code   RO          336    i.OS_EventWaitListInit  os_core.o
    0x0800aa48   0x0800aa48   0x000000a4   Code   RO          553    i.OS_FlagBlock      os_flag.o
    0x0800aaec   0x0800aaec   0x00000058   Code   RO          554    i.OS_FlagInit       os_flag.o
    0x0800ab44   0x0800ab44   0x00000060   Code   RO          555    i.OS_FlagTaskRdy    os_flag.o
    0x0800aba4   0x0800aba4   0x00000024   Code   RO          556    i.OS_FlagUnlink     os_flag.o
    0x0800abc8   0x0800abc8   0x00000060   Code   RO          337    i.OS_InitEventList  os_core.o
    0x0800ac28   0x0800ac28   0x0000005c   Code   RO          338    i.OS_InitMisc       os_core.o
    0x0800ac84   0x0800ac84   0x00000044   Code   RO          339    i.OS_InitRdyList    os_core.o
    0x0800acc8   0x0800acc8   0x00000080   Code   RO          340    i.OS_InitTCBList    os_core.o
    0x0800ad48   0x0800ad48   0x00000050   Code   RO          341    i.OS_InitTaskIdle   os_core.o
    0x0800ad98   0x0800ad98   0x00000050   Code   RO          342    i.OS_InitTaskStat   os_core.o
    0x0800ade8   0x0800ade8   0x00000012   Code   RO          343    i.OS_MemClr         os_core.o
    0x0800adfa   0x0800adfa   0x00000014   Code   RO          344    i.OS_MemCopy        os_core.o
    0x0800ae0e   0x0800ae0e   0x00000002   PAD
    0x0800ae10   0x0800ae10   0x00000058   Code   RO          686    i.OS_MemInit        os_mem.o
    0x0800ae68   0x0800ae68   0x00000050   Code   RO          785    i.OS_QInit          os_q.o
    0x0800aeb8   0x0800aeb8   0x0000007c   Code   RO          345    i.OS_Sched          os_core.o
    0x0800af34   0x0800af34   0x0000002c   Code   RO          346    i.OS_SchedNew       os_core.o
    0x0800af60   0x0800af60   0x0000001c   Code   RO          347    i.OS_StrLen         os_core.o
    0x0800af7c   0x0800af7c   0x00000160   Code   RO          348    i.OS_TCBInit        os_core.o
    0x0800b0dc   0x0800b0dc   0x0000002c   Code   RO          349    i.OS_TaskIdle       os_core.o
    0x0800b108   0x0800b108   0x00000018   Code   RO          915    i.OS_TaskReturn     os_task.o
    0x0800b120   0x0800b120   0x000000e8   Code   RO          350    i.OS_TaskStat       os_core.o
    0x0800b208   0x0800b208   0x0000003c   Code   RO          351    i.OS_TaskStatStkChk  os_core.o
    0x0800b244   0x0800b244   0x0000001a   Code   RO          916    i.OS_TaskStkClr     os_task.o
    0x0800b25e   0x0800b25e   0x00000002   PAD
    0x0800b260   0x0800b260   0x000000d8   Code   RO         1643    i.PPM_Init          ppm.o
    0x0800b338   0x0800b338   0x00000034   Code   RO         1454    i.PWM_SetCompare    motor.o
    0x0800b36c   0x0800b36c   0x00000030   Code   RO         1226    i.PWM_TEST          final.o
    0x0800b39c   0x0800b39c   0x0000000c   Code   RO         4226    i.PWR_BackupAccessCmd  stm32f4xx_pwr.o
    0x0800b3a8   0x0800b3a8   0x0000000c   Code   RO         4227    i.PWR_BackupRegulatorCmd  stm32f4xx_pwr.o
    0x0800b3b4   0x0800b3b4   0x00000014   Code   RO         4228    i.PWR_ClearFlag     stm32f4xx_pwr.o
    0x0800b3c8   0x0800b3c8   0x00000016   Code   RO         4229    i.PWR_DeInit        stm32f4xx_pwr.o
    0x0800b3de   0x0800b3de   0x00000002   PAD
    0x0800b3e0   0x0800b3e0   0x00000028   Code   RO         4230    i.PWR_EnterSTANDBYMode  stm32f4xx_pwr.o
    0x0800b408   0x0800b408   0x00000044   Code   RO         4231    i.PWR_EnterSTOPMode  stm32f4xx_pwr.o
    0x0800b44c   0x0800b44c   0x00000044   Code   RO         4232    i.PWR_EnterUnderDriveSTOPMode  stm32f4xx_pwr.o
    0x0800b490   0x0800b490   0x0000000c   Code   RO         4233    i.PWR_FlashPowerDownCmd  stm32f4xx_pwr.o
    0x0800b49c   0x0800b49c   0x00000018   Code   RO         4234    i.PWR_GetFlagStatus  stm32f4xx_pwr.o
    0x0800b4b4   0x0800b4b4   0x00000018   Code   RO         4235    i.PWR_LowRegulatorLowVoltageCmd  stm32f4xx_pwr.o
    0x0800b4cc   0x0800b4cc   0x00000018   Code   RO         4236    i.PWR_MainRegulatorLowVoltageCmd  stm32f4xx_pwr.o
    0x0800b4e4   0x0800b4e4   0x00000018   Code   RO         4237    i.PWR_MainRegulatorModeConfig  stm32f4xx_pwr.o
    0x0800b4fc   0x0800b4fc   0x0000000c   Code   RO         4238    i.PWR_OverDriveCmd  stm32f4xx_pwr.o
    0x0800b508   0x0800b508   0x0000000c   Code   RO         4239    i.PWR_OverDriveSWCmd  stm32f4xx_pwr.o
    0x0800b514   0x0800b514   0x0000000c   Code   RO         4240    i.PWR_PVDCmd        stm32f4xx_pwr.o
    0x0800b520   0x0800b520   0x00000018   Code   RO         4241    i.PWR_PVDLevelConfig  stm32f4xx_pwr.o
    0x0800b538   0x0800b538   0x00000024   Code   RO         4242    i.PWR_UnderDriveCmd  stm32f4xx_pwr.o
    0x0800b55c   0x0800b55c   0x0000000c   Code   RO         4243    i.PWR_WakeUpPinCmd  stm32f4xx_pwr.o
    0x0800b568   0x0800b568   0x00000020   Code   RO         4373    i.RCC_AHB1PeriphClockCmd  stm32f4xx_rcc.o
    0x0800b588   0x0800b588   0x00000020   Code   RO         4374    i.RCC_AHB1PeriphClockLPModeCmd  stm32f4xx_rcc.o
    0x0800b5a8   0x0800b5a8   0x00000020   Code   RO         4375    i.RCC_AHB1PeriphResetCmd  stm32f4xx_rcc.o
    0x0800b5c8   0x0800b5c8   0x00000020   Code   RO         4376    i.RCC_AHB2PeriphClockCmd  stm32f4xx_rcc.o
    0x0800b5e8   0x0800b5e8   0x00000020   Code   RO         4377    i.RCC_AHB2PeriphClockLPModeCmd  stm32f4xx_rcc.o
    0x0800b608   0x0800b608   0x00000020   Code   RO         4378    i.RCC_AHB2PeriphResetCmd  stm32f4xx_rcc.o
    0x0800b628   0x0800b628   0x00000020   Code   RO         4379    i.RCC_APB1PeriphClockCmd  stm32f4xx_rcc.o
    0x0800b648   0x0800b648   0x00000020   Code   RO         4380    i.RCC_APB1PeriphClockLPModeCmd  stm32f4xx_rcc.o
    0x0800b668   0x0800b668   0x00000020   Code   RO         4381    i.RCC_APB1PeriphResetCmd  stm32f4xx_rcc.o
    0x0800b688   0x0800b688   0x00000020   Code   RO         4382    i.RCC_APB2PeriphClockCmd  stm32f4xx_rcc.o
    0x0800b6a8   0x0800b6a8   0x00000020   Code   RO         4383    i.RCC_APB2PeriphClockLPModeCmd  stm32f4xx_rcc.o
    0x0800b6c8   0x0800b6c8   0x00000020   Code   RO         4384    i.RCC_APB2PeriphResetCmd  stm32f4xx_rcc.o
    0x0800b6e8   0x0800b6e8   0x00000018   Code   RO         4385    i.RCC_AdjustHSICalibrationValue  stm32f4xx_rcc.o
    0x0800b700   0x0800b700   0x0000000c   Code   RO         4386    i.RCC_BackupResetCmd  stm32f4xx_rcc.o
    0x0800b70c   0x0800b70c   0x00000014   Code   RO         4387    i.RCC_ClearFlag     stm32f4xx_rcc.o
    0x0800b720   0x0800b720   0x0000000c   Code   RO         4388    i.RCC_ClearITPendingBit  stm32f4xx_rcc.o
    0x0800b72c   0x0800b72c   0x0000000c   Code   RO         4389    i.RCC_ClockSecuritySystemCmd  stm32f4xx_rcc.o
    0x0800b738   0x0800b738   0x0000005c   Code   RO         4390    i.RCC_DeInit        stm32f4xx_rcc.o
    0x0800b794   0x0800b794   0x000000e8   Code   RO         4391    i.RCC_GetClocksFreq  stm32f4xx_rcc.o
    0x0800b87c   0x0800b87c   0x00000040   Code   RO         4392    i.RCC_GetFlagStatus  stm32f4xx_rcc.o
    0x0800b8bc   0x0800b8bc   0x00000018   Code   RO         4393    i.RCC_GetITStatus   stm32f4xx_rcc.o
    0x0800b8d4   0x0800b8d4   0x00000010   Code   RO         4394    i.RCC_GetSYSCLKSource  stm32f4xx_rcc.o
    0x0800b8e4   0x0800b8e4   0x00000018   Code   RO         4395    i.RCC_HCLKConfig    stm32f4xx_rcc.o
    0x0800b8fc   0x0800b8fc   0x00000010   Code   RO         4396    i.RCC_HSEConfig     stm32f4xx_rcc.o
    0x0800b90c   0x0800b90c   0x0000000c   Code   RO         4397    i.RCC_HSICmd        stm32f4xx_rcc.o
    0x0800b918   0x0800b918   0x0000000c   Code   RO         4398    i.RCC_I2SCLKConfig  stm32f4xx_rcc.o
    0x0800b924   0x0800b924   0x00000020   Code   RO         4399    i.RCC_ITConfig      stm32f4xx_rcc.o
    0x0800b944   0x0800b944   0x0000002c   Code   RO         4400    i.RCC_LSEConfig     stm32f4xx_rcc.o
    0x0800b970   0x0800b970   0x00000024   Code   RO         4401    i.RCC_LSEModeConfig  stm32f4xx_rcc.o
    0x0800b994   0x0800b994   0x0000000c   Code   RO         4402    i.RCC_LSICmd        stm32f4xx_rcc.o
    0x0800b9a0   0x0800b9a0   0x00000018   Code   RO         4403    i.RCC_LTDCCLKDivConfig  stm32f4xx_rcc.o
    0x0800b9b8   0x0800b9b8   0x0000001c   Code   RO         4404    i.RCC_MCO1Config    stm32f4xx_rcc.o
    0x0800b9d4   0x0800b9d4   0x0000001c   Code   RO         4405    i.RCC_MCO2Config    stm32f4xx_rcc.o
    0x0800b9f0   0x0800b9f0   0x00000018   Code   RO         4406    i.RCC_PCLK1Config   stm32f4xx_rcc.o
    0x0800ba08   0x0800ba08   0x00000018   Code   RO         4407    i.RCC_PCLK2Config   stm32f4xx_rcc.o
    0x0800ba20   0x0800ba20   0x0000000c   Code   RO         4408    i.RCC_PLLCmd        stm32f4xx_rcc.o
    0x0800ba2c   0x0800ba2c   0x00000024   Code   RO         4409    i.RCC_PLLConfig     stm32f4xx_rcc.o
    0x0800ba50   0x0800ba50   0x0000000c   Code   RO         4410    i.RCC_PLLI2SCmd     stm32f4xx_rcc.o
    0x0800ba5c   0x0800ba5c   0x00000010   Code   RO         4411    i.RCC_PLLI2SConfig  stm32f4xx_rcc.o
    0x0800ba6c   0x0800ba6c   0x0000000c   Code   RO         4412    i.RCC_PLLSAICmd     stm32f4xx_rcc.o
    0x0800ba78   0x0800ba78   0x00000018   Code   RO         4413    i.RCC_PLLSAIConfig  stm32f4xx_rcc.o
    0x0800ba90   0x0800ba90   0x0000000c   Code   RO         4414    i.RCC_RTCCLKCmd     stm32f4xx_rcc.o
    0x0800ba9c   0x0800ba9c   0x0000003c   Code   RO         4415    i.RCC_RTCCLKConfig  stm32f4xx_rcc.o
    0x0800bad8   0x0800bad8   0x0000001c   Code   RO         4416    i.RCC_SAIPLLI2SClkDivConfig  stm32f4xx_rcc.o
    0x0800baf4   0x0800baf4   0x0000001c   Code   RO         4417    i.RCC_SAIPLLSAIClkDivConfig  stm32f4xx_rcc.o
    0x0800bb10   0x0800bb10   0x00000018   Code   RO         4418    i.RCC_SYSCLKConfig  stm32f4xx_rcc.o
    0x0800bb28   0x0800bb28   0x0000000c   Code   RO         4419    i.RCC_TIMCLKPresConfig  stm32f4xx_rcc.o
    0x0800bb34   0x0800bb34   0x00000038   Code   RO         4420    i.RCC_WaitForHSEStartUp  stm32f4xx_rcc.o
    0x0800bb6c   0x0800bb6c   0x00000074   Code   RO         4702    i.RTC_AlarmCmd      stm32f4xx_rtc.o
    0x0800bbe0   0x0800bbe0   0x00000016   Code   RO         4703    i.RTC_AlarmStructInit  stm32f4xx_rtc.o
    0x0800bbf6   0x0800bbf6   0x00000002   PAD
    0x0800bbf8   0x0800bbf8   0x00000034   Code   RO         4704    i.RTC_AlarmSubSecondConfig  stm32f4xx_rtc.o
    0x0800bc2c   0x0800bc2c   0x00000016   Code   RO         4705    i.RTC_Bcd2ToByte    stm32f4xx_rtc.o
    0x0800bc42   0x0800bc42   0x00000002   PAD
    0x0800bc44   0x0800bc44   0x0000003c   Code   RO         4706    i.RTC_BypassShadowCmd  stm32f4xx_rtc.o
    0x0800bc80   0x0800bc80   0x0000001c   Code   RO         4707    i.RTC_ByteToBcd2    stm32f4xx_rtc.o
    0x0800bc9c   0x0800bc9c   0x0000003c   Code   RO         4708    i.RTC_CalibOutputCmd  stm32f4xx_rtc.o
    0x0800bcd8   0x0800bcd8   0x00000030   Code   RO         4709    i.RTC_CalibOutputConfig  stm32f4xx_rtc.o
    0x0800bd08   0x0800bd08   0x0000001c   Code   RO         4710    i.RTC_ClearFlag     stm32f4xx_rtc.o
    0x0800bd24   0x0800bd24   0x00000020   Code   RO         4711    i.RTC_ClearITPendingBit  stm32f4xx_rtc.o
    0x0800bd44   0x0800bd44   0x00000050   Code   RO         4712    i.RTC_CoarseCalibCmd  stm32f4xx_rtc.o
    0x0800bd94   0x0800bd94   0x00000038   Code   RO         4713    i.RTC_CoarseCalibConfig  stm32f4xx_rtc.o
    0x0800bdcc   0x0800bdcc   0x0000000e   Code   RO         4714    i.RTC_DateStructInit  stm32f4xx_rtc.o
    0x0800bdda   0x0800bdda   0x00000002   PAD
    0x0800bddc   0x0800bddc   0x00000038   Code   RO         4715    i.RTC_DayLightSavingConfig  stm32f4xx_rtc.o
    0x0800be14   0x0800be14   0x000000d4   Code   RO         4716    i.RTC_DeInit        stm32f4xx_rtc.o
    0x0800bee8   0x0800bee8   0x00000050   Code   RO         4717    i.RTC_EnterInitMode  stm32f4xx_rtc.o
    0x0800bf38   0x0800bf38   0x00000014   Code   RO         4718    i.RTC_ExitInitMode  stm32f4xx_rtc.o
    0x0800bf4c   0x0800bf4c   0x00000074   Code   RO         4719    i.RTC_GetAlarm      stm32f4xx_rtc.o
    0x0800bfc0   0x0800bfc0   0x00000024   Code   RO         4720    i.RTC_GetAlarmSubSecond  stm32f4xx_rtc.o
    0x0800bfe4   0x0800bfe4   0x0000004c   Code   RO         4721    i.RTC_GetDate       stm32f4xx_rtc.o
    0x0800c030   0x0800c030   0x00000028   Code   RO         4722    i.RTC_GetFlagStatus  stm32f4xx_rtc.o
    0x0800c058   0x0800c058   0x00000044   Code   RO         4723    i.RTC_GetITStatus   stm32f4xx_rtc.o
    0x0800c09c   0x0800c09c   0x00000010   Code   RO         4724    i.RTC_GetStoreOperation  stm32f4xx_rtc.o
    0x0800c0ac   0x0800c0ac   0x00000014   Code   RO         4725    i.RTC_GetSubSecond  stm32f4xx_rtc.o
    0x0800c0c0   0x0800c0c0   0x00000050   Code   RO         4726    i.RTC_GetTime       stm32f4xx_rtc.o
    0x0800c110   0x0800c110   0x0000009c   Code   RO         4727    i.RTC_GetTimeStamp  stm32f4xx_rtc.o
    0x0800c1ac   0x0800c1ac   0x0000000c   Code   RO         4728    i.RTC_GetTimeStampSubSecond  stm32f4xx_rtc.o
    0x0800c1b8   0x0800c1b8   0x0000000c   Code   RO         4729    i.RTC_GetWakeUpCounter  stm32f4xx_rtc.o
    0x0800c1c4   0x0800c1c4   0x00000064   Code   RO         4730    i.RTC_ITConfig      stm32f4xx_rtc.o
    0x0800c228   0x0800c228   0x00000064   Code   RO         4731    i.RTC_Init          stm32f4xx_rtc.o
    0x0800c28c   0x0800c28c   0x00000038   Code   RO         4732    i.RTC_OutputConfig  stm32f4xx_rtc.o
    0x0800c2c4   0x0800c2c4   0x0000001c   Code   RO         4733    i.RTC_OutputTypeConfig  stm32f4xx_rtc.o
    0x0800c2e0   0x0800c2e0   0x00000020   Code   RO         4734    i.RTC_ReadBackupRegister  stm32f4xx_rtc.o
    0x0800c300   0x0800c300   0x00000050   Code   RO         4735    i.RTC_RefClockCmd   stm32f4xx_rtc.o
    0x0800c350   0x0800c350   0x000000ec   Code   RO         4736    i.RTC_SetAlarm      stm32f4xx_rtc.o
    0x0800c43c   0x0800c43c   0x000000c8   Code   RO         4737    i.RTC_SetDate       stm32f4xx_rtc.o
    0x0800c504   0x0800c504   0x000000d0   Code   RO         4738    i.RTC_SetTime       stm32f4xx_rtc.o
    0x0800c5d4   0x0800c5d4   0x0000001c   Code   RO         4739    i.RTC_SetWakeUpCounter  stm32f4xx_rtc.o
    0x0800c5f0   0x0800c5f0   0x00000060   Code   RO         4740    i.RTC_SmoothCalibConfig  stm32f4xx_rtc.o
    0x0800c650   0x0800c650   0x0000000e   Code   RO         4741    i.RTC_StructInit    stm32f4xx_rtc.o
    0x0800c65e   0x0800c65e   0x00000002   PAD
    0x0800c660   0x0800c660   0x0000007c   Code   RO         4742    i.RTC_SynchroShiftConfig  stm32f4xx_rtc.o
    0x0800c6dc   0x0800c6dc   0x00000020   Code   RO         4743    i.RTC_TamperCmd     stm32f4xx_rtc.o
    0x0800c6fc   0x0800c6fc   0x0000001c   Code   RO         4744    i.RTC_TamperFilterConfig  stm32f4xx_rtc.o
    0x0800c718   0x0800c718   0x0000001c   Code   RO         4745    i.RTC_TamperPinSelection  stm32f4xx_rtc.o
    0x0800c734   0x0800c734   0x0000001c   Code   RO         4746    i.RTC_TamperPinsPrechargeDuration  stm32f4xx_rtc.o
    0x0800c750   0x0800c750   0x00000024   Code   RO         4747    i.RTC_TamperPullUpCmd  stm32f4xx_rtc.o
    0x0800c774   0x0800c774   0x0000001c   Code   RO         4748    i.RTC_TamperSamplingFreqConfig  stm32f4xx_rtc.o
    0x0800c790   0x0800c790   0x00000024   Code   RO         4749    i.RTC_TamperTriggerConfig  stm32f4xx_rtc.o
    0x0800c7b4   0x0800c7b4   0x00000038   Code   RO         4750    i.RTC_TimeStampCmd  stm32f4xx_rtc.o
    0x0800c7ec   0x0800c7ec   0x00000024   Code   RO         4751    i.RTC_TimeStampOnTamperDetectionCmd  stm32f4xx_rtc.o
    0x0800c810   0x0800c810   0x0000001c   Code   RO         4752    i.RTC_TimeStampPinSelection  stm32f4xx_rtc.o
    0x0800c82c   0x0800c82c   0x0000000c   Code   RO         4753    i.RTC_TimeStructInit  stm32f4xx_rtc.o
    0x0800c838   0x0800c838   0x00000060   Code   RO         4754    i.RTC_WaitForSynchro  stm32f4xx_rtc.o
    0x0800c898   0x0800c898   0x00000030   Code   RO         4755    i.RTC_WakeUpClockConfig  stm32f4xx_rtc.o
    0x0800c8c8   0x0800c8c8   0x00000078   Code   RO         4756    i.RTC_WakeUpCmd     stm32f4xx_rtc.o
    0x0800c940   0x0800c940   0x0000001c   Code   RO         4757    i.RTC_WriteBackupRegister  stm32f4xx_rtc.o
    0x0800c95c   0x0800c95c   0x0000001c   Code   RO         4758    i.RTC_WriteProtectionCmd  stm32f4xx_rtc.o
    0x0800c978   0x0800c978   0x00000008   Code   RO         5060    i.SAI_ClearFlag     stm32f4xx_sai.o
    0x0800c980   0x0800c980   0x00000008   Code   RO         5061    i.SAI_ClearITPendingBit  stm32f4xx_sai.o
    0x0800c988   0x0800c988   0x00000016   Code   RO         5062    i.SAI_Cmd           stm32f4xx_sai.o
    0x0800c99e   0x0800c99e   0x00000010   Code   RO         5063    i.SAI_CompandingModeConfig  stm32f4xx_sai.o
    0x0800c9ae   0x0800c9ae   0x00000016   Code   RO         5064    i.SAI_DMACmd        stm32f4xx_sai.o
    0x0800c9c4   0x0800c9c4   0x00000024   Code   RO         5065    i.SAI_DeInit        stm32f4xx_sai.o
    0x0800c9e8   0x0800c9e8   0x0000000a   Code   RO         5066    i.SAI_FlushFIFO     stm32f4xx_sai.o
    0x0800c9f2   0x0800c9f2   0x00000002   PAD
    0x0800c9f4   0x0800c9f4   0x0000002c   Code   RO         5067    i.SAI_FrameInit     stm32f4xx_sai.o
    0x0800ca20   0x0800ca20   0x00000012   Code   RO         5068    i.SAI_FrameStructInit  stm32f4xx_sai.o
    0x0800ca32   0x0800ca32   0x00000014   Code   RO         5069    i.SAI_GetCmdStatus  stm32f4xx_sai.o
    0x0800ca46   0x0800ca46   0x0000000c   Code   RO         5070    i.SAI_GetFIFOStatus  stm32f4xx_sai.o
    0x0800ca52   0x0800ca52   0x00000012   Code   RO         5071    i.SAI_GetFlagStatus  stm32f4xx_sai.o
    0x0800ca64   0x0800ca64   0x0000001e   Code   RO         5072    i.SAI_GetITStatus   stm32f4xx_sai.o
    0x0800ca82   0x0800ca82   0x00000012   Code   RO         5073    i.SAI_ITConfig      stm32f4xx_sai.o
    0x0800ca94   0x0800ca94   0x0000004c   Code   RO         5074    i.SAI_Init          stm32f4xx_sai.o
    0x0800cae0   0x0800cae0   0x00000012   Code   RO         5075    i.SAI_MonoModeConfig  stm32f4xx_sai.o
    0x0800caf2   0x0800caf2   0x00000012   Code   RO         5076    i.SAI_MuteFrameCounterConfig  stm32f4xx_sai.o
    0x0800cb04   0x0800cb04   0x00000016   Code   RO         5077    i.SAI_MuteModeCmd   stm32f4xx_sai.o
    0x0800cb1a   0x0800cb1a   0x00000010   Code   RO         5078    i.SAI_MuteValueConfig  stm32f4xx_sai.o
    0x0800cb2a   0x0800cb2a   0x00000006   Code   RO         5079    i.SAI_ReceiveData   stm32f4xx_sai.o
    0x0800cb30   0x0800cb30   0x00000004   Code   RO         5080    i.SAI_SendData      stm32f4xx_sai.o
    0x0800cb34   0x0800cb34   0x00000024   Code   RO         5081    i.SAI_SlotInit      stm32f4xx_sai.o
    0x0800cb58   0x0800cb58   0x00000010   Code   RO         5082    i.SAI_SlotStructInit  stm32f4xx_sai.o
    0x0800cb68   0x0800cb68   0x0000001e   Code   RO         5083    i.SAI_StructInit    stm32f4xx_sai.o
    0x0800cb86   0x0800cb86   0x00000012   Code   RO         5084    i.SAI_TRIStateConfig  stm32f4xx_sai.o
    0x0800cb98   0x0800cb98   0x0000001c   Code   RO         1314    i.SCL_W             gy86.o
    0x0800cbb4   0x0800cbb4   0x0000001c   Code   RO         1315    i.SDA_R             gy86.o
    0x0800cbd0   0x0800cbd0   0x0000001c   Code   RO         1316    i.SDA_W             gy86.o
    0x0800cbec   0x0800cbec   0x00000010   Code   RO         5231    i.SDIO_CEATAITCmd   stm32f4xx_sdio.o
    0x0800cbfc   0x0800cbfc   0x0000000c   Code   RO         5232    i.SDIO_ClearFlag    stm32f4xx_sdio.o
    0x0800cc08   0x0800cc08   0x0000000c   Code   RO         5233    i.SDIO_ClearITPendingBit  stm32f4xx_sdio.o
    0x0800cc14   0x0800cc14   0x0000000c   Code   RO         5234    i.SDIO_ClockCmd     stm32f4xx_sdio.o
    0x0800cc20   0x0800cc20   0x0000000e   Code   RO         5235    i.SDIO_CmdStructInit  stm32f4xx_sdio.o
    0x0800cc2e   0x0800cc2e   0x00000002   PAD
    0x0800cc30   0x0800cc30   0x0000000c   Code   RO         5236    i.SDIO_CommandCompletionCmd  stm32f4xx_sdio.o
    0x0800cc3c   0x0800cc3c   0x0000000c   Code   RO         5237    i.SDIO_DMACmd       stm32f4xx_sdio.o
    0x0800cc48   0x0800cc48   0x00000034   Code   RO         5238    i.SDIO_DataConfig   stm32f4xx_sdio.o
    0x0800cc7c   0x0800cc7c   0x00000014   Code   RO         5239    i.SDIO_DataStructInit  stm32f4xx_sdio.o
    0x0800cc90   0x0800cc90   0x00000016   Code   RO         5240    i.SDIO_DeInit       stm32f4xx_sdio.o
    0x0800cca6   0x0800cca6   0x00000002   PAD
    0x0800cca8   0x0800cca8   0x0000000c   Code   RO         5241    i.SDIO_GetCommandResponse  stm32f4xx_sdio.o
    0x0800ccb4   0x0800ccb4   0x0000000c   Code   RO         5242    i.SDIO_GetDataCounter  stm32f4xx_sdio.o
    0x0800ccc0   0x0800ccc0   0x0000000c   Code   RO         5243    i.SDIO_GetFIFOCount  stm32f4xx_sdio.o
    0x0800cccc   0x0800cccc   0x00000018   Code   RO         5244    i.SDIO_GetFlagStatus  stm32f4xx_sdio.o
    0x0800cce4   0x0800cce4   0x00000018   Code   RO         5245    i.SDIO_GetITStatus  stm32f4xx_sdio.o
    0x0800ccfc   0x0800ccfc   0x00000010   Code   RO         5246    i.SDIO_GetPowerState  stm32f4xx_sdio.o
    0x0800cd0c   0x0800cd0c   0x00000018   Code   RO         5247    i.SDIO_GetResponse  stm32f4xx_sdio.o
    0x0800cd24   0x0800cd24   0x00000020   Code   RO         5248    i.SDIO_ITConfig     stm32f4xx_sdio.o
    0x0800cd44   0x0800cd44   0x00000030   Code   RO         5249    i.SDIO_Init         stm32f4xx_sdio.o
    0x0800cd74   0x0800cd74   0x0000000c   Code   RO         5250    i.SDIO_ReadData     stm32f4xx_sdio.o
    0x0800cd80   0x0800cd80   0x0000000c   Code   RO         5251    i.SDIO_SendCEATACmd  stm32f4xx_sdio.o
    0x0800cd8c   0x0800cd8c   0x0000002c   Code   RO         5252    i.SDIO_SendCommand  stm32f4xx_sdio.o
    0x0800cdb8   0x0800cdb8   0x0000000c   Code   RO         5253    i.SDIO_SendSDIOSuspendCmd  stm32f4xx_sdio.o
    0x0800cdc4   0x0800cdc4   0x0000000c   Code   RO         5254    i.SDIO_SetPowerState  stm32f4xx_sdio.o
    0x0800cdd0   0x0800cdd0   0x0000000c   Code   RO         5255    i.SDIO_SetSDIOOperation  stm32f4xx_sdio.o
    0x0800cddc   0x0800cddc   0x0000000c   Code   RO         5256    i.SDIO_SetSDIOReadWaitMode  stm32f4xx_sdio.o
    0x0800cde8   0x0800cde8   0x0000000c   Code   RO         5257    i.SDIO_StartSDIOReadWait  stm32f4xx_sdio.o
    0x0800cdf4   0x0800cdf4   0x0000000c   Code   RO         5258    i.SDIO_StopSDIOReadWait  stm32f4xx_sdio.o
    0x0800ce00   0x0800ce00   0x00000010   Code   RO         5259    i.SDIO_StructInit   stm32f4xx_sdio.o
    0x0800ce10   0x0800ce10   0x0000000c   Code   RO         5260    i.SDIO_WriteData    stm32f4xx_sdio.o
    0x0800ce1c   0x0800ce1c   0x0000001c   Code   RO         5454    i.SPI_BiDirectionalLineConfig  stm32f4xx_spi.o
    0x0800ce38   0x0800ce38   0x00000018   Code   RO         5455    i.SPI_CalculateCRC  stm32f4xx_spi.o
    0x0800ce50   0x0800ce50   0x00000018   Code   RO         5456    i.SPI_Cmd           stm32f4xx_spi.o
    0x0800ce68   0x0800ce68   0x00000012   Code   RO         5457    i.SPI_DataSizeConfig  stm32f4xx_spi.o
    0x0800ce7a   0x0800ce7a   0x00000010   Code   RO         5458    i.SPI_GetCRC        stm32f4xx_spi.o
    0x0800ce8a   0x0800ce8a   0x00000006   Code   RO         5459    i.SPI_GetCRCPolynomial  stm32f4xx_spi.o
    0x0800ce90   0x0800ce90   0x00000006   Code   RO         5460    i.SPI_I2S_ClearFlag  stm32f4xx_spi.o
    0x0800ce96   0x0800ce96   0x00000014   Code   RO         5461    i.SPI_I2S_ClearITPendingBit  stm32f4xx_spi.o
    0x0800ceaa   0x0800ceaa   0x00000012   Code   RO         5462    i.SPI_I2S_DMACmd    stm32f4xx_spi.o
    0x0800cebc   0x0800cebc   0x000000b0   Code   RO         5463    i.SPI_I2S_DeInit    stm32f4xx_spi.o
    0x0800cf6c   0x0800cf6c   0x00000012   Code   RO         5464    i.SPI_I2S_GetFlagStatus  stm32f4xx_spi.o
    0x0800cf7e   0x0800cf7e   0x00000034   Code   RO         5465    i.SPI_I2S_GetITStatus  stm32f4xx_spi.o
    0x0800cfb2   0x0800cfb2   0x00000020   Code   RO         5466    i.SPI_I2S_ITConfig  stm32f4xx_spi.o
    0x0800cfd2   0x0800cfd2   0x00000006   Code   RO         5467    i.SPI_I2S_ReceiveData  stm32f4xx_spi.o
    0x0800cfd8   0x0800cfd8   0x00000004   Code   RO         5468    i.SPI_I2S_SendData  stm32f4xx_spi.o
    0x0800cfdc   0x0800cfdc   0x0000003c   Code   RO         5469    i.SPI_Init          stm32f4xx_spi.o
    0x0800d018   0x0800d018   0x0000001e   Code   RO         5470    i.SPI_NSSInternalSoftwareConfig  stm32f4xx_spi.o
    0x0800d036   0x0800d036   0x00000018   Code   RO         5471    i.SPI_SSOutputCmd   stm32f4xx_spi.o
    0x0800d04e   0x0800d04e   0x00000018   Code   RO         5472    i.SPI_StructInit    stm32f4xx_spi.o
    0x0800d066   0x0800d066   0x00000018   Code   RO         5473    i.SPI_TIModeCmd     stm32f4xx_spi.o
    0x0800d07e   0x0800d07e   0x0000000a   Code   RO         5474    i.SPI_TransmitCRC   stm32f4xx_spi.o
    0x0800d088   0x0800d088   0x0000000c   Code   RO         5618    i.SYSCFG_CompensationCellCmd  stm32f4xx_syscfg.o
    0x0800d094   0x0800d094   0x00000016   Code   RO         5619    i.SYSCFG_DeInit     stm32f4xx_syscfg.o
    0x0800d0aa   0x0800d0aa   0x00000002   PAD
    0x0800d0ac   0x0800d0ac   0x0000000c   Code   RO         5620    i.SYSCFG_ETH_MediaInterfaceConfig  stm32f4xx_syscfg.o
    0x0800d0b8   0x0800d0b8   0x00000040   Code   RO         5621    i.SYSCFG_EXTILineConfig  stm32f4xx_syscfg.o
    0x0800d0f8   0x0800d0f8   0x00000018   Code   RO         5622    i.SYSCFG_GetCompensationCellStatus  stm32f4xx_syscfg.o
    0x0800d110   0x0800d110   0x0000000c   Code   RO         5623    i.SYSCFG_MemoryRemapConfig  stm32f4xx_syscfg.o
    0x0800d11c   0x0800d11c   0x0000000c   Code   RO         5624    i.SYSCFG_MemorySwappingBank  stm32f4xx_syscfg.o
    0x0800d128   0x0800d128   0x00000028   Code   RO         1684    i.SysTick_CLKSourceConfig  misc.o
    0x0800d150   0x0800d150   0x00000024   Code   RO          256    i.SysTick_Handler   os_cpu_c.o
    0x0800d174   0x0800d174   0x0000003a   Code   RO         5678    i.TI1_Config        stm32f4xx_tim.o
    0x0800d1ae   0x0800d1ae   0x00000050   Code   RO         5679    i.TI2_Config        stm32f4xx_tim.o
    0x0800d1fe   0x0800d1fe   0x00000048   Code   RO         5680    i.TI3_Config        stm32f4xx_tim.o
    0x0800d246   0x0800d246   0x00000050   Code   RO         5681    i.TI4_Config        stm32f4xx_tim.o
    0x0800d296   0x0800d296   0x00000002   PAD
    0x0800d298   0x0800d298   0x00000130   Code   RO         1455    i.TIM1_Config       motor.o
    0x0800d3c8   0x0800d3c8   0x00000070   Code   RO         1644    i.TIM3_IRQHandler   ppm.o
    0x0800d438   0x0800d438   0x00000018   Code   RO         5682    i.TIM_ARRPreloadConfig  stm32f4xx_tim.o
    0x0800d450   0x0800d450   0x00000020   Code   RO         5683    i.TIM_BDTRConfig    stm32f4xx_tim.o
    0x0800d470   0x0800d470   0x00000012   Code   RO         5684    i.TIM_BDTRStructInit  stm32f4xx_tim.o
    0x0800d482   0x0800d482   0x00000018   Code   RO         5685    i.TIM_CCPreloadControl  stm32f4xx_tim.o
    0x0800d49a   0x0800d49a   0x0000001e   Code   RO         5686    i.TIM_CCxCmd        stm32f4xx_tim.o
    0x0800d4b8   0x0800d4b8   0x0000001e   Code   RO         5687    i.TIM_CCxNCmd       stm32f4xx_tim.o
    0x0800d4d6   0x0800d4d6   0x00000006   Code   RO         5688    i.TIM_ClearFlag     stm32f4xx_tim.o
    0x0800d4dc   0x0800d4dc   0x00000006   Code   RO         5689    i.TIM_ClearITPendingBit  stm32f4xx_tim.o
    0x0800d4e2   0x0800d4e2   0x00000012   Code   RO         5690    i.TIM_ClearOC1Ref   stm32f4xx_tim.o
    0x0800d4f4   0x0800d4f4   0x00000018   Code   RO         5691    i.TIM_ClearOC2Ref   stm32f4xx_tim.o
    0x0800d50c   0x0800d50c   0x00000012   Code   RO         5692    i.TIM_ClearOC3Ref   stm32f4xx_tim.o
    0x0800d51e   0x0800d51e   0x00000018   Code   RO         5693    i.TIM_ClearOC4Ref   stm32f4xx_tim.o
    0x0800d536   0x0800d536   0x00000018   Code   RO         5694    i.TIM_Cmd           stm32f4xx_tim.o
    0x0800d54e   0x0800d54e   0x00000012   Code   RO         5695    i.TIM_CounterModeConfig  stm32f4xx_tim.o
    0x0800d560   0x0800d560   0x0000001e   Code   RO         5696    i.TIM_CtrlPWMOutputs  stm32f4xx_tim.o
    0x0800d57e   0x0800d57e   0x0000003a   Code   RO          207    i.TIM_DELAY_INIT    delay.o
    0x0800d5b8   0x0800d5b8   0x00000012   Code   RO         5697    i.TIM_DMACmd        stm32f4xx_tim.o
    0x0800d5ca   0x0800d5ca   0x0000000a   Code   RO         5698    i.TIM_DMAConfig     stm32f4xx_tim.o
    0x0800d5d4   0x0800d5d4   0x00000190   Code   RO         5699    i.TIM_DeInit        stm32f4xx_tim.o
    0x0800d764   0x0800d764   0x00000036   Code   RO         5700    i.TIM_ETRClockMode1Config  stm32f4xx_tim.o
    0x0800d79a   0x0800d79a   0x00000020   Code   RO         5701    i.TIM_ETRClockMode2Config  stm32f4xx_tim.o
    0x0800d7ba   0x0800d7ba   0x0000001c   Code   RO         5702    i.TIM_ETRConfig     stm32f4xx_tim.o
    0x0800d7d6   0x0800d7d6   0x00000042   Code   RO         5703    i.TIM_EncoderInterfaceConfig  stm32f4xx_tim.o
    0x0800d818   0x0800d818   0x00000012   Code   RO         5704    i.TIM_ForcedOC1Config  stm32f4xx_tim.o
    0x0800d82a   0x0800d82a   0x0000001a   Code   RO         5705    i.TIM_ForcedOC2Config  stm32f4xx_tim.o
    0x0800d844   0x0800d844   0x00000012   Code   RO         5706    i.TIM_ForcedOC3Config  stm32f4xx_tim.o
    0x0800d856   0x0800d856   0x0000001a   Code   RO         5707    i.TIM_ForcedOC4Config  stm32f4xx_tim.o
    0x0800d870   0x0800d870   0x00000004   Code   RO         5708    i.TIM_GenerateEvent  stm32f4xx_tim.o
    0x0800d874   0x0800d874   0x00000006   Code   RO         5709    i.TIM_GetCapture1   stm32f4xx_tim.o
    0x0800d87a   0x0800d87a   0x00000006   Code   RO         5710    i.TIM_GetCapture2   stm32f4xx_tim.o
    0x0800d880   0x0800d880   0x00000006   Code   RO         5711    i.TIM_GetCapture3   stm32f4xx_tim.o
    0x0800d886   0x0800d886   0x00000006   Code   RO         5712    i.TIM_GetCapture4   stm32f4xx_tim.o
    0x0800d88c   0x0800d88c   0x00000006   Code   RO         5713    i.TIM_GetCounter    stm32f4xx_tim.o
    0x0800d892   0x0800d892   0x00000012   Code   RO         5714    i.TIM_GetFlagStatus  stm32f4xx_tim.o
    0x0800d8a4   0x0800d8a4   0x00000022   Code   RO         5715    i.TIM_GetITStatus   stm32f4xx_tim.o
    0x0800d8c6   0x0800d8c6   0x00000006   Code   RO         5716    i.TIM_GetPrescaler  stm32f4xx_tim.o
    0x0800d8cc   0x0800d8cc   0x0000006e   Code   RO         5717    i.TIM_ICInit        stm32f4xx_tim.o
    0x0800d93a   0x0800d93a   0x00000012   Code   RO         5718    i.TIM_ICStructInit  stm32f4xx_tim.o
    0x0800d94c   0x0800d94c   0x00000012   Code   RO         5719    i.TIM_ITConfig      stm32f4xx_tim.o
    0x0800d95e   0x0800d95e   0x00000018   Code   RO         5720    i.TIM_ITRxExternalClockConfig  stm32f4xx_tim.o
    0x0800d976   0x0800d976   0x0000000c   Code   RO         5721    i.TIM_InternalClockConfig  stm32f4xx_tim.o
    0x0800d982   0x0800d982   0x00000012   Code   RO         5722    i.TIM_OC1FastConfig  stm32f4xx_tim.o
    0x0800d994   0x0800d994   0x0000007c   Code   RO         5723    i.TIM_OC1Init       stm32f4xx_tim.o
    0x0800da10   0x0800da10   0x00000012   Code   RO         5724    i.TIM_OC1NPolarityConfig  stm32f4xx_tim.o
    0x0800da22   0x0800da22   0x00000012   Code   RO         5725    i.TIM_OC1PolarityConfig  stm32f4xx_tim.o
    0x0800da34   0x0800da34   0x00000012   Code   RO         5726    i.TIM_OC1PreloadConfig  stm32f4xx_tim.o
    0x0800da46   0x0800da46   0x0000001a   Code   RO         5727    i.TIM_OC2FastConfig  stm32f4xx_tim.o
    0x0800da60   0x0800da60   0x000000a4   Code   RO         5728    i.TIM_OC2Init       stm32f4xx_tim.o
    0x0800db04   0x0800db04   0x0000001a   Code   RO         5729    i.TIM_OC2NPolarityConfig  stm32f4xx_tim.o
    0x0800db1e   0x0800db1e   0x0000001a   Code   RO         5730    i.TIM_OC2PolarityConfig  stm32f4xx_tim.o
    0x0800db38   0x0800db38   0x0000001a   Code   RO         5731    i.TIM_OC2PreloadConfig  stm32f4xx_tim.o
    0x0800db52   0x0800db52   0x00000012   Code   RO         5732    i.TIM_OC3FastConfig  stm32f4xx_tim.o
    0x0800db64   0x0800db64   0x000000a0   Code   RO         5733    i.TIM_OC3Init       stm32f4xx_tim.o
    0x0800dc04   0x0800dc04   0x0000001a   Code   RO         5734    i.TIM_OC3NPolarityConfig  stm32f4xx_tim.o
    0x0800dc1e   0x0800dc1e   0x0000001a   Code   RO         5735    i.TIM_OC3PolarityConfig  stm32f4xx_tim.o
    0x0800dc38   0x0800dc38   0x00000012   Code   RO         5736    i.TIM_OC3PreloadConfig  stm32f4xx_tim.o
    0x0800dc4a   0x0800dc4a   0x0000001a   Code   RO         5737    i.TIM_OC4FastConfig  stm32f4xx_tim.o
    0x0800dc64   0x0800dc64   0x00000078   Code   RO         5738    i.TIM_OC4Init       stm32f4xx_tim.o
    0x0800dcdc   0x0800dcdc   0x0000001a   Code   RO         5739    i.TIM_OC4PolarityConfig  stm32f4xx_tim.o
    0x0800dcf6   0x0800dcf6   0x0000001a   Code   RO         5740    i.TIM_OC4PreloadConfig  stm32f4xx_tim.o
    0x0800dd10   0x0800dd10   0x00000014   Code   RO         5741    i.TIM_OCStructInit  stm32f4xx_tim.o
    0x0800dd24   0x0800dd24   0x0000007c   Code   RO         5742    i.TIM_PWMIConfig    stm32f4xx_tim.o
    0x0800dda0   0x0800dda0   0x00000006   Code   RO         5743    i.TIM_PrescalerConfig  stm32f4xx_tim.o
    0x0800dda6   0x0800dda6   0x00000006   Code   RO         5744    i.TIM_RemapConfig   stm32f4xx_tim.o
    0x0800ddac   0x0800ddac   0x00000018   Code   RO         5745    i.TIM_SelectCCDMA   stm32f4xx_tim.o
    0x0800ddc4   0x0800ddc4   0x00000018   Code   RO         5746    i.TIM_SelectCOM     stm32f4xx_tim.o
    0x0800dddc   0x0800dddc   0x00000018   Code   RO         5747    i.TIM_SelectHallSensor  stm32f4xx_tim.o
    0x0800ddf4   0x0800ddf4   0x00000012   Code   RO         5748    i.TIM_SelectInputTrigger  stm32f4xx_tim.o
    0x0800de06   0x0800de06   0x00000012   Code   RO         5749    i.TIM_SelectMasterSlaveMode  stm32f4xx_tim.o
    0x0800de18   0x0800de18   0x00000056   Code   RO         5750    i.TIM_SelectOCxM    stm32f4xx_tim.o
    0x0800de6e   0x0800de6e   0x00000012   Code   RO         5751    i.TIM_SelectOnePulseMode  stm32f4xx_tim.o
    0x0800de80   0x0800de80   0x00000012   Code   RO         5752    i.TIM_SelectOutputTrigger  stm32f4xx_tim.o
    0x0800de92   0x0800de92   0x00000012   Code   RO         5753    i.TIM_SelectSlaveMode  stm32f4xx_tim.o
    0x0800dea4   0x0800dea4   0x00000004   Code   RO         5754    i.TIM_SetAutoreload  stm32f4xx_tim.o
    0x0800dea8   0x0800dea8   0x00000012   Code   RO         5755    i.TIM_SetClockDivision  stm32f4xx_tim.o
    0x0800deba   0x0800deba   0x00000004   Code   RO         5756    i.TIM_SetCompare1   stm32f4xx_tim.o
    0x0800debe   0x0800debe   0x00000004   Code   RO         5757    i.TIM_SetCompare2   stm32f4xx_tim.o
    0x0800dec2   0x0800dec2   0x00000004   Code   RO         5758    i.TIM_SetCompare3   stm32f4xx_tim.o
    0x0800dec6   0x0800dec6   0x00000004   Code   RO         5759    i.TIM_SetCompare4   stm32f4xx_tim.o
    0x0800deca   0x0800deca   0x00000004   Code   RO         5760    i.TIM_SetCounter    stm32f4xx_tim.o
    0x0800dece   0x0800dece   0x00000012   Code   RO         5761    i.TIM_SetIC1Prescaler  stm32f4xx_tim.o
    0x0800dee0   0x0800dee0   0x0000001a   Code   RO         5762    i.TIM_SetIC2Prescaler  stm32f4xx_tim.o
    0x0800defa   0x0800defa   0x00000012   Code   RO         5763    i.TIM_SetIC3Prescaler  stm32f4xx_tim.o
    0x0800df0c   0x0800df0c   0x0000001a   Code   RO         5764    i.TIM_SetIC4Prescaler  stm32f4xx_tim.o
    0x0800df26   0x0800df26   0x0000003e   Code   RO         5765    i.TIM_TIxExternalClockConfig  stm32f4xx_tim.o
    0x0800df64   0x0800df64   0x00000084   Code   RO         5766    i.TIM_TimeBaseInit  stm32f4xx_tim.o
    0x0800dfe8   0x0800dfe8   0x00000012   Code   RO         5767    i.TIM_TimeBaseStructInit  stm32f4xx_tim.o
    0x0800dffa   0x0800dffa   0x00000018   Code   RO         5768    i.TIM_UpdateDisableConfig  stm32f4xx_tim.o
    0x0800e012   0x0800e012   0x00000018   Code   RO         5769    i.TIM_UpdateRequestConfig  stm32f4xx_tim.o
    0x0800e02a   0x0800e02a   0x00000010   Code   RO           58    i.Task1             mytask.o
    0x0800e03a   0x0800e03a   0x00000010   Code   RO           59    i.Task2             mytask.o
    0x0800e04a   0x0800e04a   0x00000004   Code   RO           60    i.Task_Comm         mytask.o
    0x0800e04e   0x0800e04e   0x0000000e   Code   RO           61    i.Task_Display      mytask.o
    0x0800e05c   0x0800e05c   0x0000000e   Code   RO           62    i.Task_RCControl    mytask.o
    0x0800e06a   0x0800e06a   0x00000004   Code   RO           63    i.Task_Sensor       mytask.o
    0x0800e06e   0x0800e06e   0x00000002   PAD
    0x0800e070   0x0800e070   0x00000034   Code   RO         1171    i.USART1_IRQHandler  bluetooth.o
    0x0800e0a4   0x0800e0a4   0x00000012   Code   RO         6244    i.USART_ClearFlag   stm32f4xx_usart.o
    0x0800e0b6   0x0800e0b6   0x0000001e   Code   RO         6245    i.USART_ClearITPendingBit  stm32f4xx_usart.o
    0x0800e0d4   0x0800e0d4   0x00000020   Code   RO         6246    i.USART_ClockInit   stm32f4xx_usart.o
    0x0800e0f4   0x0800e0f4   0x0000000c   Code   RO         6247    i.USART_ClockStructInit  stm32f4xx_usart.o
    0x0800e100   0x0800e100   0x00000018   Code   RO         6248    i.USART_Cmd         stm32f4xx_usart.o
    0x0800e118   0x0800e118   0x00000160   Code   RO         1172    i.USART_Config      bluetooth.o
    0x0800e278   0x0800e278   0x00000012   Code   RO         6249    i.USART_DMACmd      stm32f4xx_usart.o
    0x0800e28a   0x0800e28a   0x00000002   PAD
    0x0800e28c   0x0800e28c   0x000000f0   Code   RO         6250    i.USART_DeInit      stm32f4xx_usart.o
    0x0800e37c   0x0800e37c   0x00000064   Code   RO         1173    i.USART_GPIO_Init   bluetooth.o
    0x0800e3e0   0x0800e3e0   0x0000001a   Code   RO         6251    i.USART_GetFlagStatus  stm32f4xx_usart.o
    0x0800e3fa   0x0800e3fa   0x00000054   Code   RO         6252    i.USART_GetITStatus  stm32f4xx_usart.o
    0x0800e44e   0x0800e44e   0x00000018   Code   RO         6253    i.USART_HalfDuplexCmd  stm32f4xx_usart.o
    0x0800e466   0x0800e466   0x0000004a   Code   RO         6254    i.USART_ITConfig    stm32f4xx_usart.o
    0x0800e4b0   0x0800e4b0   0x000000d4   Code   RO         6255    i.USART_Init        stm32f4xx_usart.o
    0x0800e584   0x0800e584   0x00000018   Code   RO         6256    i.USART_IrDACmd     stm32f4xx_usart.o
    0x0800e59c   0x0800e59c   0x00000012   Code   RO         6257    i.USART_IrDAConfig  stm32f4xx_usart.o
    0x0800e5ae   0x0800e5ae   0x00000012   Code   RO         6258    i.USART_LINBreakDetectLengthConfig  stm32f4xx_usart.o
    0x0800e5c0   0x0800e5c0   0x00000018   Code   RO         6259    i.USART_LINCmd      stm32f4xx_usart.o
    0x0800e5d8   0x0800e5d8   0x00000018   Code   RO         6260    i.USART_OneBitMethodCmd  stm32f4xx_usart.o
    0x0800e5f0   0x0800e5f0   0x00000016   Code   RO         6261    i.USART_OverSampling8Cmd  stm32f4xx_usart.o
    0x0800e606   0x0800e606   0x0000000a   Code   RO         6262    i.USART_ReceiveData  stm32f4xx_usart.o
    0x0800e610   0x0800e610   0x00000018   Code   RO         6263    i.USART_ReceiverWakeUpCmd  stm32f4xx_usart.o
    0x0800e628   0x0800e628   0x0000000a   Code   RO         6264    i.USART_SendBreak   stm32f4xx_usart.o
    0x0800e632   0x0800e632   0x00000002   PAD
    0x0800e634   0x0800e634   0x00000018   Code   RO         1174    i.USART_SendByte    bluetooth.o
    0x0800e64c   0x0800e64c   0x00000008   Code   RO         6265    i.USART_SendData    stm32f4xx_usart.o
    0x0800e654   0x0800e654   0x00000012   Code   RO         6266    i.USART_SetAddress  stm32f4xx_usart.o
    0x0800e666   0x0800e666   0x00000010   Code   RO         6267    i.USART_SetGuardTime  stm32f4xx_usart.o
    0x0800e676   0x0800e676   0x00000010   Code   RO         6268    i.USART_SetPrescaler  stm32f4xx_usart.o
    0x0800e686   0x0800e686   0x00000018   Code   RO         6269    i.USART_SmartCardCmd  stm32f4xx_usart.o
    0x0800e69e   0x0800e69e   0x00000018   Code   RO         6270    i.USART_SmartCardNACKCmd  stm32f4xx_usart.o
    0x0800e6b6   0x0800e6b6   0x00000018   Code   RO         6271    i.USART_StructInit  stm32f4xx_usart.o
    0x0800e6ce   0x0800e6ce   0x00000012   Code   RO         6272    i.USART_WakeUpConfig  stm32f4xx_usart.o
    0x0800e6e0   0x0800e6e0   0x00000060   Code   RO         1456    i.Unlock_ALL_ESC    motor.o
    0x0800e740   0x0800e740   0x00000026   Code   RO         1457    i.Unlock_ESC        motor.o
    0x0800e766   0x0800e766   0x00000002   PAD
    0x0800e768   0x0800e768   0x0000000c   Code   RO         6436    i.WWDG_ClearFlag    stm32f4xx_wwdg.o
    0x0800e774   0x0800e774   0x00000016   Code   RO         6437    i.WWDG_DeInit       stm32f4xx_wwdg.o
    0x0800e78a   0x0800e78a   0x00000002   PAD
    0x0800e78c   0x0800e78c   0x00000010   Code   RO         6438    i.WWDG_Enable       stm32f4xx_wwdg.o
    0x0800e79c   0x0800e79c   0x0000000c   Code   RO         6439    i.WWDG_EnableIT     stm32f4xx_wwdg.o
    0x0800e7a8   0x0800e7a8   0x00000014   Code   RO         6440    i.WWDG_GetFlagStatus  stm32f4xx_wwdg.o
    0x0800e7bc   0x0800e7bc   0x00000010   Code   RO         6441    i.WWDG_SetCounter   stm32f4xx_wwdg.o
    0x0800e7cc   0x0800e7cc   0x00000018   Code   RO         6442    i.WWDG_SetPrescaler  stm32f4xx_wwdg.o
    0x0800e7e4   0x0800e7e4   0x00000028   Code   RO         6443    i.WWDG_SetWindowValue  stm32f4xx_wwdg.o
    0x0800e80c   0x0800e80c   0x00000010   Code   RO         1175    i.bluetooth_Init    bluetooth.o
    0x0800e81c   0x0800e81c   0x00000038   Code   RO         1132    i.led_init          led.o
    0x0800e854   0x0800e854   0x00000014   Code   RO         1133    i.led_off           led.o
    0x0800e868   0x0800e868   0x00000014   Code   RO         1134    i.led_on            led.o
    0x0800e87c   0x0800e87c   0x00000064   Code   RO           14    i.mymain            main.o
    0x0800e8e0   0x0800e8e0   0x00000034   Code   RO         1227    i.test              final.o
    0x0800e914   0x0800e914   0x00000062   Code   RO         6533    x$fpl$d2f           fz_ws.l(d2f.o)
    0x0800e976   0x0800e976   0x00000002   PAD
    0x0800e978   0x0800e978   0x000002b0   Code   RO         6536    x$fpl$ddiv          fz_ws.l(ddiv.o)
    0x0800ec28   0x0800ec28   0x00000026   Code   RO         6539    x$fpl$dfltu         fz_ws.l(dflt_clz.o)
    0x0800ec4e   0x0800ec4e   0x0000009c   Code   RO         6570    x$fpl$dnaninf       fz_ws.l(dnaninf.o)
    0x0800ecea   0x0800ecea   0x0000000c   Code   RO         6572    x$fpl$dretinf       fz_ws.l(dretinf.o)
    0x0800ecf6   0x0800ecf6   0x00000002   PAD
    0x0800ecf8   0x0800ecf8   0x000000c4   Code   RO         6545    x$fpl$fadd          fz_ws.l(faddsub_clz.o)
    0x0800edbc   0x0800edbc   0x0000003e   Code   RO         6551    x$fpl$ffixu         fz_ws.l(ffixu.o)
    0x0800edfa   0x0800edfa   0x00000002   PAD
    0x0800edfc   0x0800edfc   0x00000026   Code   RO         6555    x$fpl$ffltu         fz_ws.l(fflt_clz.o)
    0x0800ee22   0x0800ee22   0x00000002   PAD
    0x0800ee24   0x0800ee24   0x00000102   Code   RO         6561    x$fpl$fmul          fz_ws.l(fmul.o)
    0x0800ef26   0x0800ef26   0x0000008c   Code   RO         6574    x$fpl$fnaninf       fz_ws.l(fnaninf.o)
    0x0800efb2   0x0800efb2   0x0000000a   Code   RO         6576    x$fpl$fretinf       fz_ws.l(fretinf.o)
    0x0800efbc   0x0800efbc   0x00000014   Code   RO         6546    x$fpl$frsb          fz_ws.l(faddsub_clz.o)
    0x0800efd0   0x0800efd0   0x000000ea   Code   RO         6547    x$fpl$fsub          fz_ws.l(faddsub_clz.o)
    0x0800f0ba   0x0800f0ba   0x00000000   Code   RO         6578    x$fpl$usenofp       fz_ws.l(usenofp.o)
    0x0800f0ba   0x0800f0ba   0x00000100   Data   RO          353    .constdata          os_core.o
    0x0800f1ba   0x0800f1ba   0x00000002   PAD
    0x0800f1bc   0x0800f1bc   0x00000076   Data   RO          530    .constdata          os_dbg_r.o
    0x0800f232   0x0800f232   0x000005f0   Data   RO         1529    .constdata          oled.o


    Execution Region RW_IRAM1 (Exec base: 0x20000000, Load base: 0x0800f824, Size: 0x00002258, Max: 0x00018000, ABSOLUTE)

    Exec Addr    Load Addr    Size         Type   Attr      Idx    E Section Name        Object

    0x20000000   0x0800f824   0x00000064   Data   RW          354    .data               os_core.o
    0x20000064   0x0800f888   0x00000002   Data   RW         1176    .data               bluetooth.o
    0x20000066   0x0800f88a   0x00000008   Data   RW         1229    .data               final.o
    0x2000006e   0x0800f892   0x00000003   Data   RW         1645    .data               ppm.o
    0x20000071   0x0800f895   0x00000010   Data   RW         4421    .data               stm32f4xx_rcc.o
    0x20000081   0x0800f8a5   0x00000003   PAD
    0x20000084        -       0x00000800   Zero   RW           15    .bss                main.o
    0x20000884        -       0x000013b8   Zero   RW          352    .bss                os_core.o
    0x20001c3c        -       0x0000001c   Zero   RW         1228    .bss                final.o
    0x20001c58        -       0x00000200   Zero   RW            2    HEAP                startup.o
    0x20001e58        -       0x00000400   Zero   RW            1    STACK               startup.o


==============================================================================

Image component sizes


      Code (inc. data)   RO Data    RW Data    ZI Data      Debug   Object Name

       558         52          0          2          0       3323   bluetooth.o
       150          0          0          0          0       3113   delay.o
       630        134          0          8         28       4212   final.o
      1452         28          0          0          0      12558   gy86.o
       110         22          0          0          0       2018   led.o
       100         32          0          0       2048      12046   main.o
       246         38          0          0          0       3837   misc.o
       658         24          0          0          0       4139   motor.o
        82          0          0          0          0     340242   mytask.o
      1060         18       1520          0          0      10704   oled.o
      3854        482        256        100       5048      28428   os_core.o
       420         62          0          0          0        348   os_cpu_a.o
       230          6          0          0          0       4985   os_cpu_c.o
       348        230        118          0          0       3421   os_dbg_r.o
      2382         90          0          0          0      10636   os_flag.o
      1198         36          0          0          0       6460   os_mbox.o
       666         26          0          0          0       5184   os_mem.o
      1832        104          0          0          0       6532   os_mutex.o
      1796         58          0          0          0       8777   os_q.o
      1114         38          0          0          0       6120   os_sem.o
      2766        210          0          0          0      12934   os_task.o
       536         48          0          0          0       2962   os_time.o
      1868        214          0          0          0       9637   os_tmr.o
       342         26          0          3          0       2240   ppm.o
        72         28        392          0       1536        772   startup.o
      1176         64          0          0          0      22352   stm32f4xx_adc.o
      2570         52          0          0          0      24218   stm32f4xx_can.o
        14          0          0          0          0       1008   stm32f4xx_cec.o
       114         32          0          0          0       4152   stm32f4xx_crc.o
       942         84          0          0          0      14793   stm32f4xx_cryp.o
      4600          0          0          0          0      11843   stm32f4xx_cryp_aes.o
       490          0          0          0          0       3826   stm32f4xx_cryp_des.o
       554          0          0          0          0       3888   stm32f4xx_cryp_tdes.o
       592         78          0          0          0      15297   stm32f4xx_dac.o
       138         28          0          0          0       3432   stm32f4xx_dbgmcu.o
       484         78          0          0          0      12338   stm32f4xx_dcmi.o
        14          0          0          0          0       1020   stm32f4xx_dfsdm.o
       996         86          0          0          0      12621   stm32f4xx_dma.o
      1048         98          0          0          0      17047   stm32f4xx_dma2d.o
        14          0          0          0          0       1008   stm32f4xx_dsi.o
       302         38          0          0          0       5245   stm32f4xx_exti.o
      1752        234          0          0          0      21836   stm32f4xx_flash.o
        86         12          0          0          0       2056   stm32f4xx_flash_ramfunc.o
        14          0          0          0          0       1028   stm32f4xx_fmpi2c.o
       674         44          0          0          0       8827   stm32f4xx_gpio.o
       630         96          0          0          0      12143   stm32f4xx_hash.o
       548          0          0          0          0       3754   stm32f4xx_hash_md5.o
       562          0          0          0          0       3788   stm32f4xx_hash_sha1.o
      1126         28          0          0          0      19555   stm32f4xx_i2c.o
       106         34          0          0          0       3691   stm32f4xx_iwdg.o
        14          0          0          0          0       1020   stm32f4xx_lptim.o
      1722        104          0          0          0      23718   stm32f4xx_ltdc.o
       472        110          0          0          0       9489   stm32f4xx_pwr.o
        14          0          0          0          0       1016   stm32f4xx_qspi.o
      1554        288          0         16          0      26721   stm32f4xx_rcc.o
        14          0          0          0          0       1008   stm32f4xx_rng.o
      3602        300          0          0          0      32528   stm32f4xx_rtc.o
       556         16          0          0          0      23401   stm32f4xx_sai.o
       570        146          0          0          0      16614   stm32f4xx_sdio.o
        14          0          0          0          0       1032   stm32f4xx_spdifrx.o
      1166         36          0          0          0      14805   stm32f4xx_spi.o
       172         32          0          0          0       4437   stm32f4xx_syscfg.o
      3304        120          0          0          0      50818   stm32f4xx_tim.o
      1130         42          0          0          0      17064   stm32f4xx_usart.o
       176         36          0          0          0       5242   stm32f4xx_wwdg.o
        60         22          0          0          0        304   system.o

    ----------------------------------------------------------------------
     58756       4344       2290        132       8660     965611   Object Totals
         0          0          0          0          0          0   (incl. Generated)
       200          0          4          3          0          0   (incl. Padding)

    ----------------------------------------------------------------------

      Code (inc. data)   RO Data    RW Data    ZI Data      Debug   Library Member Name

       104          0          0          0          0         84   __printf.o
        48          6          0          0          0         96   _printf_char_common.o
         6          0          0          0          0          0   _printf_d.o
       120         16          0          0          0         92   _printf_dec.o
       178          0          0          0          0         88   _printf_intcommon.o
         0          0          0          0          0          0   _printf_percent.o
         4          0          0          0          0          0   _printf_percent_end.o
        10          0          0          0          0         68   _sputc.o
         6          0          0          0          0        152   heapauxi.o
        40          6          0          0          0         84   noretval__2sprintf.o
        98          4          0          0          0         92   d2f.o
       688        140          0          0          0        208   ddiv.o
        38          0          0          0          0         68   dflt_clz.o
       156          4          0          0          0         92   dnaninf.o
        12          0          0          0          0         68   dretinf.o
       450          8          0          0          0        236   faddsub_clz.o
        62          4          0          0          0         84   ffixu.o
        38          0          0          0          0         68   fflt_clz.o
       258          4          0          0          0         84   fmul.o
       140          4          0          0          0         84   fnaninf.o
        10          0          0          0          0         68   fretinf.o
         0          0          0          0          0          0   usenofp.o

    ----------------------------------------------------------------------
      2478        196          0          0          0       1816   Library Totals
        12          0          0          0          0          0   (incl. Padding)

    ----------------------------------------------------------------------

      Code (inc. data)   RO Data    RW Data    ZI Data      Debug   Library Name

       516         28          0          0          0        664   c_w.l
      1950        168          0          0          0       1152   fz_ws.l

    ----------------------------------------------------------------------
      2478        196          0          0          0       1816   Library Totals

    ----------------------------------------------------------------------

==============================================================================


      Code (inc. data)   RO Data    RW Data    ZI Data      Debug   

     61234       4540       2290        132       8660     913035   Grand Totals
     61234       4540       2290        132       8660     913035   ELF Image Totals
     61234       4540       2290        132          0          0   ROM Totals

==============================================================================

    Total RO  Size (Code + RO Data)                63524 (  62.04kB)
    Total RW  Size (RW Data + ZI Data)              8792 (   8.59kB)
    Total ROM Size (Code + RO Data + RW Data)      63656 (  62.16kB)

==============================================================================

