Component: ARM Compiler 5.06 update 5 (build 528) Tool: armlink [4d35e2]

==============================================================================

Section Cross References

    startup.o(RESET) refers to startup.o(STACK) for __initial_sp
    startup.o(RESET) refers to startup.o(.text) for Reset_Handler
    startup.o(RESET) refers to os_cpu_a.o(.text) for PendSV_Handler
    startup.o(RESET) refers to os_cpu_c.o(i.SysTick_Handler) for SysTick_Handler
    startup.o(RESET) refers to ppm.o(i.TIM3_IRQHandler) for TIM3_IRQHandler
    startup.o(RESET) refers to bluetooth.o(i.USART1_IRQHandler) for USART1_IRQHandler
    startup.o(.text) refers to main.o(i.mymain) for mymain
    startup.o(.text) refers to os_cpu_a.o(.text) for mySystemInit
    startup.o(.text) refers to system.o(.text) for myScaterload
    main.o(i.mymain) refers to led.o(i.led_init) for led_init
    main.o(i.mymain) refers to final.o(i.ALL_Init) for ALL_Init
    main.o(i.mymain) refers to os_core.o(i.OSInit) for OSInit
    main.o(i.mymain) refers to os_task.o(i.OSTaskCreate) for OSTaskCreate
    main.o(i.mymain) refers to os_core.o(i.OSStart) for OSStart
    main.o(i.mymain) refers to main.o(.bss) for led1stk
    main.o(i.mymain) refers to mytask.o(i.Task1) for Task1
    main.o(i.mymain) refers to mytask.o(i.Task2) for Task2
    main.o(i.mymain) refers to mytask.o(i.Task_RCControl) for Task_RCControl
    main.o(i.mymain) refers to mytask.o(i.Task_Display) for Task_Display
    mytask.o(i.Task1) refers to led.o(i.led_on) for led_on
    mytask.o(i.Task1) refers to os_time.o(i.OSTimeDly) for OSTimeDly
    mytask.o(i.Task2) refers to led.o(i.led_off) for led_off
    mytask.o(i.Task2) refers to os_time.o(i.OSTimeDly) for OSTimeDly
    mytask.o(i.Task_Display) refers to final.o(i.GY86_Show) for GY86_Show
    mytask.o(i.Task_Display) refers to os_time.o(i.OSTimeDly) for OSTimeDly
    mytask.o(i.Task_RCControl) refers to final.o(i.PWM_TEST) for PWM_TEST
    mytask.o(i.Task_RCControl) refers to os_time.o(i.OSTimeDly) for OSTimeDly
    delay.o(i.Delay_ms) refers to delay.o(i.Delay_us) for Delay_us
    delay.o(i.Delay_s) refers to delay.o(i.Delay_ms) for Delay_ms
    delay.o(i.TIM_DELAY_INIT) refers to stm32f4xx_rcc.o(i.RCC_APB1PeriphClockCmd) for RCC_APB1PeriphClockCmd
    delay.o(i.TIM_DELAY_INIT) refers to stm32f4xx_tim.o(i.TIM_TimeBaseInit) for TIM_TimeBaseInit
    delay.o(i.TIM_DELAY_INIT) refers to stm32f4xx_tim.o(i.TIM_Cmd) for TIM_Cmd
    os_cpu_a.o(.text) refers to os_core.o(.data) for OSTCBCur
    os_cpu_c.o(i.OSTaskStkInit) refers to os_task.o(i.OS_TaskReturn) for OS_TaskReturn
    os_cpu_c.o(i.SysTick_Handler) refers to os_cpu_a.o(.text) for OS_CPU_SR_Save
    os_cpu_c.o(i.SysTick_Handler) refers to os_core.o(i.OSIntEnter) for OSIntEnter
    os_cpu_c.o(i.SysTick_Handler) refers to os_core.o(i.OSTimeTick) for OSTimeTick
    os_cpu_c.o(i.SysTick_Handler) refers to os_core.o(i.OSIntExit) for OSIntExit
    os_core.o(i.OSEventNameGet) refers to os_cpu_a.o(.text) for OS_CPU_SR_Save
    os_core.o(i.OSEventNameGet) refers to os_core.o(i.OS_StrLen) for OS_StrLen
    os_core.o(i.OSEventNameGet) refers to os_core.o(.data) for OSIntNesting
    os_core.o(i.OSEventNameSet) refers to os_cpu_a.o(.text) for OS_CPU_SR_Save
    os_core.o(i.OSEventNameSet) refers to os_core.o(.data) for OSIntNesting
    os_core.o(i.OSEventPendMulti) refers to os_cpu_a.o(.text) for OS_CPU_SR_Save
    os_core.o(i.OSEventPendMulti) refers to os_core.o(i.OS_EventTaskWaitMulti) for OS_EventTaskWaitMulti
    os_core.o(i.OSEventPendMulti) refers to os_core.o(i.OS_Sched) for OS_Sched
    os_core.o(i.OSEventPendMulti) refers to os_core.o(i.OS_EventTaskRemoveMulti) for OS_EventTaskRemoveMulti
    os_core.o(i.OSEventPendMulti) refers to os_core.o(.data) for OSIntNesting
    os_core.o(i.OSInit) refers to os_cpu_c.o(i.OSInitHookBegin) for OSInitHookBegin
    os_core.o(i.OSInit) refers to os_core.o(i.OS_InitMisc) for OS_InitMisc
    os_core.o(i.OSInit) refers to os_core.o(i.OS_InitRdyList) for OS_InitRdyList
    os_core.o(i.OSInit) refers to os_core.o(i.OS_InitTCBList) for OS_InitTCBList
    os_core.o(i.OSInit) refers to os_core.o(i.OS_InitEventList) for OS_InitEventList
    os_core.o(i.OSInit) refers to os_flag.o(i.OS_FlagInit) for OS_FlagInit
    os_core.o(i.OSInit) refers to os_mem.o(i.OS_MemInit) for OS_MemInit
    os_core.o(i.OSInit) refers to os_q.o(i.OS_QInit) for OS_QInit
    os_core.o(i.OSInit) refers to os_core.o(i.OS_InitTaskIdle) for OS_InitTaskIdle
    os_core.o(i.OSInit) refers to os_core.o(i.OS_InitTaskStat) for OS_InitTaskStat
    os_core.o(i.OSInit) refers to os_tmr.o(i.OSTmr_Init) for OSTmr_Init
    os_core.o(i.OSInit) refers to os_cpu_c.o(i.OSInitHookEnd) for OSInitHookEnd
    os_core.o(i.OSInit) refers to os_dbg_r.o(i.OSDebugInit) for OSDebugInit
    os_core.o(i.OSIntEnter) refers to os_core.o(.data) for OSRunning
    os_core.o(i.OSIntExit) refers to os_cpu_a.o(.text) for OS_CPU_SR_Save
    os_core.o(i.OSIntExit) refers to os_core.o(i.OS_SchedNew) for OS_SchedNew
[...]
    0x080036e4   0x080036e4   0x00000020   Code   RO         2469    i.DAC_GetFlagStatus  stm32f4xx_dac.o
    0x08003704   0x08003704   0x00000030   Code   RO         2470    i.DAC_GetITStatus   stm32f4xx_dac.o
    0x08003734   0x08003734   0x00000028   Code   RO         2471    i.DAC_ITConfig      stm32f4xx_dac.o
    0x0800375c   0x0800375c   0x00000034   Code   RO         2472    i.DAC_Init          stm32f4xx_dac.o
    0x08003790   0x08003790   0x00000020   Code   RO         2473    i.DAC_SetChannel1Data  stm32f4xx_dac.o
    0x080037b0   0x080037b0   0x00000020   Code   RO         2474    i.DAC_SetChannel2Data  stm32f4xx_dac.o
    0x080037d0   0x080037d0   0x00000024   Code   RO         2475    i.DAC_SetDualChannelData  stm32f4xx_dac.o
    0x080037f4   0x080037f4   0x0000002c   Code   RO         2476    i.DAC_SoftwareTriggerCmd  stm32f4xx_dac.o
    0x08003820   0x08003820   0x0000000c   Code   RO         2477    i.DAC_StructInit    stm32f4xx_dac.o
    0x0800382c   0x0800382c   0x00000028   Code   RO         2478    i.DAC_WaveGenerationCmd  stm32f4xx_dac.o
    0x08003854   0x08003854   0x00000020   Code   RO         2585    i.DBGMCU_APB1PeriphConfig  stm32f4xx_dbgmcu.o
    0x08003874   0x08003874   0x00000020   Code   RO         2586    i.DBGMCU_APB2PeriphConfig  stm32f4xx_dbgmcu.o
    0x08003894   0x08003894   0x00000020   Code   RO         2587    i.DBGMCU_Config     stm32f4xx_dbgmcu.o
    0x080038b4   0x080038b4   0x00000010   Code   RO         2588    i.DBGMCU_GetDEVID   stm32f4xx_dbgmcu.o
    0x080038c4   0x080038c4   0x0000000c   Code   RO         2589    i.DBGMCU_GetREVID   stm32f4xx_dbgmcu.o
    0x080038d0   0x080038d0   0x00000024   Code   RO         2633    i.DCMI_CROPCmd      stm32f4xx_dcmi.o
    0x080038f4   0x080038f4   0x00000020   Code   RO         2634    i.DCMI_CROPConfig   stm32f4xx_dcmi.o
    0x08003914   0x08003914   0x00000024   Code   RO         2635    i.DCMI_CaptureCmd   stm32f4xx_dcmi.o
    0x08003938   0x08003938   0x0000000c   Code   RO         2636    i.DCMI_ClearFlag    stm32f4xx_dcmi.o
    0x08003944   0x08003944   0x0000000c   Code   RO         2637    i.DCMI_ClearITPendingBit  stm32f4xx_dcmi.o
    0x08003950   0x08003950   0x00000024   Code   RO         2638    i.DCMI_Cmd          stm32f4xx_dcmi.o
    0x08003974   0x08003974   0x0000001c   Code   RO         2639    i.DCMI_DeInit       stm32f4xx_dcmi.o
    0x08003990   0x08003990   0x00000034   Code   RO         2640    i.DCMI_GetFlagStatus  stm32f4xx_dcmi.o
    0x080039c4   0x080039c4   0x0000001c   Code   RO         2641    i.DCMI_GetITStatus  stm32f4xx_dcmi.o
    0x080039e0   0x080039e0   0x00000024   Code   RO         2642    i.DCMI_ITConfig     stm32f4xx_dcmi.o
    0x08003a04   0x08003a04   0x00000040   Code   RO         2643    i.DCMI_Init         stm32f4xx_dcmi.o
    0x08003a44   0x08003a44   0x00000024   Code   RO         2644    i.DCMI_JPEGCmd      stm32f4xx_dcmi.o
    0x08003a68   0x08003a68   0x0000000c   Code   RO         2645    i.DCMI_ReadData     stm32f4xx_dcmi.o
    0x08003a74   0x08003a74   0x00000020   Code   RO         2646    i.DCMI_SetEmbeddedSynchroCodes  stm32f4xx_dcmi.o
    0x08003a94   0x08003a94   0x00000012   Code   RO         2647    i.DCMI_StructInit   stm32f4xx_dcmi.o
    0x08003aa6   0x08003aa6   0x00000002   PAD
    0x08003aa8   0x08003aa8   0x00000014   Code   RO         2897    i.DMA2D_AbortTransfer  stm32f4xx_dma2d.o
    0x08003abc   0x08003abc   0x000000b8   Code   RO         2898    i.DMA2D_BGConfig    stm32f4xx_dma2d.o
    0x08003b74   0x08003b74   0x00000024   Code   RO         2899    i.DMA2D_BGStart     stm32f4xx_dma2d.o
    0x08003b98   0x08003b98   0x0000001a   Code   RO         2900    i.DMA2D_BG_StructInit  stm32f4xx_dma2d.o
    0x08003bb2   0x08003bb2   0x00000002   PAD
    0x08003bb4   0x08003bb4   0x0000000c   Code   RO         2901    i.DMA2D_ClearFlag   stm32f4xx_dma2d.o
    0x08003bc0   0x08003bc0   0x0000000c   Code   RO         2902    i.DMA2D_ClearITPendingBit  stm32f4xx_dma2d.o
    0x08003bcc   0x08003bcc   0x00000016   Code   RO         2903    i.DMA2D_DeInit      stm32f4xx_dma2d.o
    0x08003be2   0x08003be2   0x00000002   PAD
    0x08003be4   0x08003be4   0x00000038   Code   RO         2904    i.DMA2D_DeadTimeConfig  stm32f4xx_dma2d.o
    0x08003c1c   0x08003c1c   0x000000b8   Code   RO         2905    i.DMA2D_FGConfig    stm32f4xx_dma2d.o
    0x08003cd4   0x08003cd4   0x00000024   Code   RO         2906    i.DMA2D_FGStart     stm32f4xx_dma2d.o
    0x08003cf8   0x08003cf8   0x0000001a   Code   RO         2907    i.DMA2D_FG_StructInit  stm32f4xx_dma2d.o
    0x08003d12   0x08003d12   0x00000002   PAD
    0x08003d14   0x08003d14   0x00000018   Code   RO         2908    i.DMA2D_GetFlagStatus  stm32f4xx_dma2d.o
    0x08003d2c   0x08003d2c   0x0000002c   Code   RO         2909    i.DMA2D_GetITStatus  stm32f4xx_dma2d.o
    0x08003d58   0x08003d58   0x00000020   Code   RO         2910    i.DMA2D_ITConfig    stm32f4xx_dma2d.o
    0x08003d78   0x08003d78   0x000000e4   Code   RO         2911    i.DMA2D_Init        stm32f4xx_dma2d.o
    0x08003e5c   0x08003e5c   0x0000000c   Code   RO         2912    i.DMA2D_LineWatermarkConfig  stm32f4xx_dma2d.o
    0x08003e68   0x08003e68   0x00000014   Code   RO         2913    i.DMA2D_StartTransfer  stm32f4xx_dma2d.o
    0x08003e7c   0x08003e7c   0x00000018   Code   RO         2914    i.DMA2D_StructInit  stm32f4xx_dma2d.o
    0x08003e94   0x08003e94   0x00000024   Code   RO         2915    i.DMA2D_Suspend     stm32f4xx_dma2d.o
    0x08003eb8   0x08003eb8   0x00000034   Code   RO         2765    i.DMA_ClearFlag     stm32f4xx_dma.o
    0x08003eec   0x08003eec   0x00000034   Code   RO         2766    i.DMA_ClearITPendingBit  stm32f4xx_dma.o
    0x08003f20   0x08003f20   0x00000016   Code   RO         2767    i.DMA_Cmd           stm32f4xx_dma.o
    0x08003f36   0x08003f36   0x00000002   PAD
    0x08003f38   0x08003f38   0x00000158   Code   RO         2768    i.DMA_DeInit        stm32f4xx_dma.o
    0x08004090   0x08004090   0x00000016   Code   RO         2769    i.DMA_DoubleBufferModeCmd  stm32f4xx_dma.o
    0x080040a6   0x080040a6   0x00000018   Code   RO         2770    i.DMA_DoubleBufferModeConfig  stm32f4xx_dma.o
    0x080040be   0x080040be   0x00000016   Code   RO         2771    i.DMA_FlowControllerConfig  stm32f4xx_dma.o
    0x080040d4   0x080040d4   0x00000014   Code   RO         2772    i.DMA_GetCmdStatus  stm32f4xx_dma.o
    0x080040e8   0x080040e8   0x00000008   Code   RO         2773    i.DMA_GetCurrDataCounter  stm32f4xx_dma.o
    0x080040f0   0x080040f0   0x00000014   Code   RO         2774    i.DMA_GetCurrentMemoryTarget  stm32f4xx_dma.o
    0x08004104   0x08004104   0x0000000c   Code   RO         2775    i.DMA_GetFIFOStatus  stm32f4xx_dma.o
    0x08004110   0x08004110   0x00000044   Code   RO         2776    i.DMA_GetFlagStatus  stm32f4xx_dma.o
    0x08004154   0x08004154   0x00000064   Code   RO         2777    i.DMA_GetITStatus   stm32f4xx_dma.o
    0x080041b8   0x080041b8   0x0000003a   Code   RO         2778    i.DMA_ITConfig      stm32f4xx_dma.o
    0x080041f2   0x080041f2   0x00000002   PAD
    0x080041f4   0x080041f4   0x00000058   Code   RO         2779    i.DMA_Init          stm32f4xx_dma.o
    0x0800424c   0x0800424c   0x0000000a   Code   RO         2780    i.DMA_MemoryTargetConfig  stm32f4xx_dma.o
    0x08004256   0x08004256   0x00000016   Code   RO         2781    i.DMA_PeriphIncOffsetSizeConfig  stm32f4xx_dma.o
    0x0800426c   0x0800426c   0x00000004   Code   RO         2782    i.DMA_SetCurrDataCounter  stm32f4xx_dma.o
    0x08004270   0x08004270   0x00000022   Code   RO         2783    i.DMA_StructInit    stm32f4xx_dma.o
    0x08004292   0x08004292   0x00000018   Code   RO          204    i.Delay_ms          delay.o
    0x080042aa   0x080042aa   0x00000018   Code   RO          205    i.Delay_s           delay.o
    0x080042c2   0x080042c2   0x0000001e   Code   RO          206    i.Delay_us          delay.o
    0x080042e0   0x080042e0   0x0000000c   Code   RO         3053    i.EXTI_ClearFlag    stm32f4xx_exti.o
    0x080042ec   0x080042ec   0x0000000c   Code   RO         3054    i.EXTI_ClearITPendingBit  stm32f4xx_exti.o
    0x080042f8   0x080042f8   0x00000024   Code   RO         3055    i.EXTI_DeInit       stm32f4xx_exti.o
    0x0800431c   0x0800431c   0x00000010   Code   RO         3056    i.EXTI_GenerateSWInterrupt  stm32f4xx_exti.o
    0x0800432c   0x0800432c   0x00000018   Code   RO         3057    i.EXTI_GetFlagStatus  stm32f4xx_exti.o
    0x08004344   0x08004344   0x00000018   Code   RO         3058    i.EXTI_GetITStatus  stm32f4xx_exti.o
    0x0800435c   0x0800435c   0x00000094   Code   RO         3059    i.EXTI_Init         stm32f4xx_exti.o
    0x080043f0   0x080043f0   0x00000010   Code   RO         3060    i.EXTI_StructInit   stm32f4xx_exti.o
    0x08004400   0x08004400   0x0000000c   Code   RO         3119    i.FLASH_ClearFlag   stm32f4xx_flash.o
    0x0800440c   0x0800440c   0x00000024   Code   RO         3120    i.FLASH_DataCacheCmd  stm32f4xx_flash.o
    0x08004430   0x08004430   0x00000014   Code   RO         3121    i.FLASH_DataCacheReset  stm32f4xx_flash.o
    0x08004444   0x08004444   0x0000006c   Code   RO         3122    i.FLASH_EraseAllBank1Sectors  stm32f4xx_flash.o
    0x080044b0   0x080044b0   0x0000006c   Code   RO         3123    i.FLASH_EraseAllBank2Sectors  stm32f4xx_flash.o
    0x0800451c   0x0800451c   0x0000006c   Code   RO         3124    i.FLASH_EraseAllSectors  stm32f4xx_flash.o
    0x08004588   0x08004588   0x00000088   Code   RO         3125    i.FLASH_EraseSector  stm32f4xx_flash.o
    0x08004610   0x08004610   0x00000024   Code   RO         3377    i.FLASH_FlashInterfaceCmd  stm32f4xx_flash_ramfunc.o
    0x08004634   0x08004634   0x00000024   Code   RO         3378    i.FLASH_FlashSleepModeCmd  stm32f4xx_flash_ramfunc.o
    0x08004658   0x08004658   0x00000018   Code   RO         3126    i.FLASH_GetFlagStatus  stm32f4xx_flash.o
    0x08004670   0x08004670   0x00000054   Code   RO         3127    i.FLASH_GetStatus   stm32f4xx_flash.o
    0x080046c4   0x080046c4   0x00000020   Code   RO         3128    i.FLASH_ITConfig    stm32f4xx_flash.o
    0x080046e4   0x080046e4   0x00000024   Code   RO         3129    i.FLASH_InstructionCacheCmd  stm32f4xx_flash.o
    0x08004708   0x08004708   0x00000014   Code   RO         3130    i.FLASH_InstructionCacheReset  stm32f4xx_flash.o
    0x0800471c   0x0800471c   0x00000014   Code   RO         3131    i.FLASH_Lock        stm32f4xx_flash.o
    0x08004730   0x08004730   0x0000001c   Code   RO         3132    i.FLASH_OB_BORConfig  stm32f4xx_flash.o
    0x0800474c   0x0800474c   0x0000001c   Code   RO         3133    i.FLASH_OB_BootConfig  stm32f4xx_flash.o
    0x08004768   0x08004768   0x00000010   Code   RO         3134    i.FLASH_OB_GetBOR   stm32f4xx_flash.o
    0x08004778   0x08004778   0x0000000c   Code   RO         3135    i.FLASH_OB_GetPCROP  stm32f4xx_flash.o
    0x08004784   0x08004784   0x0000000c   Code   RO         3136    i.FLASH_OB_GetPCROP1  stm32f4xx_flash.o
    0x08004790   0x08004790   0x00000018   Code   RO         3137    i.FLASH_OB_GetRDP   stm32f4xx_flash.o
    0x080047a8   0x080047a8   0x00000010   Code   RO         3138    i.FLASH_OB_GetUser  stm32f4xx_flash.o
    0x080047b8   0x080047b8   0x0000000c   Code   RO         3139    i.FLASH_OB_GetWRP   stm32f4xx_flash.o
    0x080047c4   0x080047c4   0x0000000c   Code   RO         3140    i.FLASH_OB_GetWRP1  stm32f4xx_flash.o
    0x080047d0   0x080047d0   0x00000020   Code   RO         3141    i.FLASH_OB_Launch   stm32f4xx_flash.o
    0x080047f0   0x080047f0   0x00000014   Code   RO         3142    i.FLASH_OB_Lock     stm32f4xx_flash.o
    0x08004804   0x08004804   0x00000034   Code   RO         3143    i.FLASH_OB_PCROP1Config  stm32f4xx_flash.o
    0x08004838   0x08004838   0x00000034   Code   RO         3144    i.FLASH_OB_PCROPConfig  stm32f4xx_flash.o
    0x0800486c   0x0800486c   0x00000018   Code   RO         3145    i.FLASH_OB_PCROPSelectionConfig  stm32f4xx_flash.o
    0x08004884   0x08004884   0x0000001c   Code   RO         3146    i.FLASH_OB_RDPConfig  stm32f4xx_flash.o
    0x080048a0   0x080048a0   0x00000024   Code   RO         3147    i.FLASH_OB_Unlock   stm32f4xx_flash.o
    0x080048c4   0x080048c4   0x00000030   Code   RO         3148    i.FLASH_OB_UserConfig  stm32f4xx_flash.o
    0x080048f4   0x080048f4   0x00000034   Code   RO         3149    i.FLASH_OB_WRP1Config  stm32f4xx_flash.o
    0x08004928   0x08004928   0x00000034   Code   RO         3150    i.FLASH_OB_WRPConfig  stm32f4xx_flash.o
    0x0800495c   0x0800495c   0x00000024   Code   RO         3151    i.FLASH_PrefetchBufferCmd  stm32f4xx_flash.o
    0x08004980   0x08004980   0x0000004c   Code   RO         3152    i.FLASH_ProgramByte  stm32f4xx_flash.o
    0x080049cc   0x080049cc   0x00000054   Code   RO         3153    i.FLASH_ProgramDoubleWord  stm32f4xx_flash.o
    0x08004a20   0x08004a20   0x00000050   Code   RO         3154    i.FLASH_ProgramHalfWord  stm32f4xx_flash.o
    0x08004a70   0x08004a70   0x00000050   Code   RO         3155    i.FLASH_ProgramWord  stm32f4xx_flash.o
    0x08004ac0   0x08004ac0   0x0000000c   Code   RO         3156    i.FLASH_SetLatency  stm32f4xx_flash.o
    0x08004acc   0x08004acc   0x00000024   Code   RO         3157    i.FLASH_Unlock      stm32f4xx_flash.o
    0x08004af0   0x08004af0   0x00000022   Code   RO         3158    i.FLASH_WaitForLastOperation  stm32f4xx_flash.o
    0x08004b12   0x08004b12   0x00000002   PAD
    0x08004b14   0x08004b14   0x00000138   Code   RO         3431    i.GPIO_DeInit       stm32f4xx_gpio.o
    0x08004c4c   0x08004c4c   0x00000090   Code   RO         3432    i.GPIO_Init         stm32f4xx_gpio.o
    0x08004cdc   0x08004cdc   0x00000046   Code   RO         3433    i.GPIO_PinAFConfig  stm32f4xx_gpio.o
    0x08004d22   0x08004d22   0x00000022   Code   RO         3434    i.GPIO_PinLockConfig  stm32f4xx_gpio.o
    0x08004d44   0x08004d44   0x00000008   Code   RO         3435    i.GPIO_ReadInputData  stm32f4xx_gpio.o
    0x08004d4c   0x08004d4c   0x00000012   Code   RO         3436    i.GPIO_ReadInputDataBit  stm32f4xx_gpio.o
    0x08004d5e   0x08004d5e   0x00000008   Code   RO         3437    i.GPIO_ReadOutputData  stm32f4xx_gpio.o
    0x08004d66   0x08004d66   0x00000012   Code   RO         3438    i.GPIO_ReadOutputDataBit  stm32f4xx_gpio.o
    0x08004d78   0x08004d78   0x00000004   Code   RO         3439    i.GPIO_ResetBits    stm32f4xx_gpio.o
    0x08004d7c   0x08004d7c   0x00000004   Code   RO         3440    i.GPIO_SetBits      stm32f4xx_gpio.o
    0x08004d80   0x08004d80   0x00000012   Code   RO         3441    i.GPIO_StructInit   stm32f4xx_gpio.o
    0x08004d92   0x08004d92   0x00000008   Code   RO         3442    i.GPIO_ToggleBits   stm32f4xx_gpio.o
    0x08004d9a   0x08004d9a   0x00000004   Code   RO         3443    i.GPIO_Write        stm32f4xx_gpio.o
    0x08004d9e   0x08004d9e   0x0000000a   Code   RO         3444    i.GPIO_WriteBit     stm32f4xx_gpio.o
    0x08004da8   0x08004da8   0x00000040   Code   RO         1295    i.GY86_GPIO_Config  gy86.o
    0x08004de8   0x08004de8   0x00000010   Code   RO         1296    i.GY86_Init         gy86.o
    0x08004df8   0x08004df8   0x00000022   Code   RO         1297    i.GY86_MS5611_SendCMD  gy86.o
    0x08004e1a   0x08004e1a   0x00000042   Code   RO         1298    i.GY86_ReadReg      gy86.o
    0x08004e5c   0x08004e5c   0x000001e0   Code   RO         1225    i.GY86_Show         final.o
    0x0800503c   0x0800503c   0x00000030   Code   RO         1299    i.GY86_WriteReg     gy86.o
    0x0800506c   0x0800506c   0x00000024   Code   RO         3533    i.HASH_AutoStartDigest  stm32f4xx_hash.o
    0x08005090   0x08005090   0x0000000c   Code   RO         3534    i.HASH_ClearFlag    stm32f4xx_hash.o
    0x0800509c   0x0800509c   0x0000000c   Code   RO         3535    i.HASH_ClearITPendingBit  stm32f4xx_hash.o
    0x080050a8   0x080050a8   0x00000024   Code   RO         3536    i.HASH_DMACmd       stm32f4xx_hash.o
    0x080050cc   0x080050cc   0x0000000c   Code   RO         3537    i.HASH_DataIn       stm32f4xx_hash.o
    0x080050d8   0x080050d8   0x00000014   Code   RO         3538    i.HASH_DeInit       stm32f4xx_hash.o
    0x080050ec   0x080050ec   0x00000048   Code   RO         3539    i.HASH_GetDigest    stm32f4xx_hash.o
    0x08005134   0x08005134   0x0000002c   Code   RO         3540    i.HASH_GetFlagStatus  stm32f4xx_hash.o
    0x08005160   0x08005160   0x00000020   Code   RO         3541    i.HASH_GetITStatus  stm32f4xx_hash.o
    0x08005180   0x08005180   0x00000010   Code   RO         3542    i.HASH_GetInFIFOWordsNbr  stm32f4xx_hash.o
    0x08005190   0x08005190   0x00000020   Code   RO         3543    i.HASH_ITConfig     stm32f4xx_hash.o
    0x080051b0   0x080051b0   0x00000054   Code   RO         3544    i.HASH_Init         stm32f4xx_hash.o
    0x08005204   0x08005204   0x000000b4   Code   RO         3662    i.HASH_MD5          stm32f4xx_hash_md5.o
    0x080052b8   0x080052b8   0x00000014   Code   RO         3545    i.HASH_Reset        stm32f4xx_hash.o
    0x080052cc   0x080052cc   0x00000044   Code   RO         3546    i.HASH_RestoreContext  stm32f4xx_hash.o
    0x08005310   0x08005310   0x000000ba   Code   RO         3692    i.HASH_SHA1         stm32f4xx_hash_sha1.o
    0x080053ca   0x080053ca   0x00000002   PAD
    0x080053cc   0x080053cc   0x0000003c   Code   RO         3547    i.HASH_SaveContext  stm32f4xx_hash.o
    0x08005408   0x08005408   0x0000001c   Code   RO         3548    i.HASH_SetLastWordValidBitsNbr  stm32f4xx_hash.o
    0x08005424   0x08005424   0x00000014   Code   RO         3549    i.HASH_StartDigest  stm32f4xx_hash.o
    0x08005438   0x08005438   0x0000000c   Code   RO         3550    i.HASH_StructInit   stm32f4xx_hash.o
    0x08005444   0x08005444   0x00000162   Code   RO         3663    i.HMAC_MD5          stm32f4xx_hash_md5.o
    0x080055a6   0x080055a6   0x0000016a   Code   RO         3693    i.HMAC_SHA1         stm32f4xx_hash_sha1.o
    0x08005710   0x08005710   0x00000054   Code   RO         1300    i.HMC5883L_GetData  gy86.o
    0x08005764   0x08005764   0x00000036   Code   RO         1301    i.HMC5883L_Init     gy86.o
    0x0800579a   0x0800579a   0x00000018   Code   RO         3722    i.I2C_ARPCmd        stm32f4xx_i2c.o
    0x080057b2   0x080057b2   0x00000018   Code   RO         3723    i.I2C_AcknowledgeConfig  stm32f4xx_i2c.o
    0x080057ca   0x080057ca   0x00000018   Code   RO         3724    i.I2C_AnalogFilterCmd  stm32f4xx_i2c.o
    0x080057e2   0x080057e2   0x00000018   Code   RO         3725    i.I2C_CalculatePEC  stm32f4xx_i2c.o
    0x080057fa   0x080057fa   0x0000002a   Code   RO         3726    i.I2C_CheckEvent    stm32f4xx_i2c.o
    0x08005824   0x08005824   0x0000000c   Code   RO         3727    i.I2C_ClearFlag     stm32f4xx_i2c.o
    0x08005830   0x08005830   0x0000000c   Code   RO         3728    i.I2C_ClearITPendingBit  stm32f4xx_i2c.o
    0x0800583c   0x0800583c   0x00000018   Code   RO         3729    i.I2C_Cmd           stm32f4xx_i2c.o
    0x08005854   0x08005854   0x00000018   Code   RO         3730    i.I2C_DMACmd        stm32f4xx_i2c.o
    0x0800586c   0x0800586c   0x00000018   Code   RO         3731    i.I2C_DMALastTransferCmd  stm32f4xx_i2c.o
    0x08005884   0x08005884   0x00000060   Code   RO         3732    i.I2C_DeInit        stm32f4xx_i2c.o
    0x080058e4   0x080058e4   0x00000016   Code   RO         3733    i.I2C_DigitalFilterConfig  stm32f4xx_i2c.o
    0x080058fa   0x080058fa   0x00000018   Code   RO         3734    i.I2C_DualAddressCmd  stm32f4xx_i2c.o
    0x08005912   0x08005912   0x0000001c   Code   RO         3735    i.I2C_FastModeDutyCycleConfig  stm32f4xx_i2c.o
    0x0800592e   0x0800592e   0x00000018   Code   RO         3736    i.I2C_GeneralCallCmd  stm32f4xx_i2c.o
    0x08005946   0x08005946   0x00000018   Code   RO         3737    i.I2C_GenerateSTART  stm32f4xx_i2c.o
    0x0800595e   0x0800595e   0x00000018   Code   RO         3738    i.I2C_GenerateSTOP  stm32f4xx_i2c.o
    0x08005976   0x08005976   0x0000003a   Code   RO         3739    i.I2C_GetFlagStatus  stm32f4xx_i2c.o
    0x080059b0   0x080059b0   0x00000026   Code   RO         3740    i.I2C_GetITStatus   stm32f4xx_i2c.o
    0x080059d6   0x080059d6   0x0000001a   Code   RO         3741    i.I2C_GetLastEvent  stm32f4xx_i2c.o
    0x080059f0   0x080059f0   0x00000008   Code   RO         3742    i.I2C_GetPEC        stm32f4xx_i2c.o
    0x080059f8   0x080059f8   0x00000012   Code   RO         3743    i.I2C_ITConfig      stm32f4xx_i2c.o
    0x08005a0a   0x08005a0a   0x00000002   PAD
    0x08005a0c   0x08005a0c   0x000000e8   Code   RO         3744    i.I2C_Init          stm32f4xx_i2c.o
    0x08005af4   0x08005af4   0x0000001c   Code   RO         3745    i.I2C_NACKPositionConfig  stm32f4xx_i2c.o
    0x08005b10   0x08005b10   0x00000016   Code   RO         3746    i.I2C_OwnAddress2Config  stm32f4xx_i2c.o
    0x08005b26   0x08005b26   0x0000001c   Code   RO         3747    i.I2C_PECPositionConfig  stm32f4xx_i2c.o
    0x08005b42   0x08005b42   0x00000016   Code   RO         3748    i.I2C_ReadRegister  stm32f4xx_i2c.o
    0x08005b58   0x08005b58   0x00000008   Code   RO         3749    i.I2C_ReceiveData   stm32f4xx_i2c.o
    0x08005b60   0x08005b60   0x0000001c   Code   RO         3750    i.I2C_SMBusAlertConfig  stm32f4xx_i2c.o
    0x08005b7c   0x08005b7c   0x00000010   Code   RO         3751    i.I2C_Send7bitAddress  stm32f4xx_i2c.o
    0x08005b8c   0x08005b8c   0x00000004   Code   RO         3752    i.I2C_SendData      stm32f4xx_i2c.o
    0x08005b90   0x08005b90   0x00000016   Code   RO         3753    i.I2C_SoftwareResetCmd  stm32f4xx_i2c.o
    0x08005ba6   0x08005ba6   0x00000018   Code   RO         3754    i.I2C_StretchClockCmd  stm32f4xx_i2c.o
    0x08005bbe   0x08005bbe   0x0000001e   Code   RO         3755    i.I2C_StructInit    stm32f4xx_i2c.o
    0x08005bdc   0x08005bdc   0x00000018   Code   RO         3756    i.I2C_TransmitPEC   stm32f4xx_i2c.o
    0x08005bf4   0x08005bf4   0x00000018   Code   RO         5450    i.I2S_Cmd           stm32f4xx_spi.o
    0x08005c0c   0x08005c0c   0x00000050   Code   RO         5451    i.I2S_FullDuplexConfig  stm32f4xx_spi.o
    0x08005c5c   0x08005c5c   0x00000198   Code   RO         5452    i.I2S_Init          stm32f4xx_spi.o
    0x08005df4   0x08005df4   0x00000014   Code   RO         5453    i.I2S_StructInit    stm32f4xx_spi.o
    0x08005e08   0x08005e08   0x00000010   Code   RO         3950    i.IWDG_Enable       stm32f4xx_iwdg.o
    0x08005e18   0x08005e18   0x00000018   Code   RO         3951    i.IWDG_GetFlagStatus  stm32f4xx_iwdg.o
    0x08005e30   0x08005e30   0x00000010   Code   RO         3952    i.IWDG_ReloadCounter  stm32f4xx_iwdg.o
    0x08005e40   0x08005e40   0x0000000c   Code   RO         3953    i.IWDG_SetPrescaler  stm32f4xx_iwdg.o
    0x08005e4c   0x08005e4c   0x0000000c   Code   RO         3954    i.IWDG_SetReload    stm32f4xx_iwdg.o
    0x08005e58   0x08005e58   0x0000000c   Code   RO         3955    i.IWDG_WriteAccessCmd  stm32f4xx_iwdg.o
    0x08005e64   0x08005e64   0x00000020   Code   RO         4025    i.LTDC_CLUTCmd      stm32f4xx_ltdc.o
    0x08005e84   0x08005e84   0x00000020   Code   RO         4026    i.LTDC_CLUTInit     stm32f4xx_ltdc.o
    0x08005ea4   0x08005ea4   0x0000000c   Code   RO         4027    i.LTDC_CLUTStructInit  stm32f4xx_ltdc.o
    0x08005eb0   0x08005eb0   0x0000000c   Code   RO         4028    i.LTDC_ClearFlag    stm32f4xx_ltdc.o
    0x08005ebc   0x08005ebc   0x0000000c   Code   RO         4029    i.LTDC_ClearITPendingBit  stm32f4xx_ltdc.o
    0x08005ec8   0x08005ec8   0x00000024   Code   RO         4030    i.LTDC_Cmd          stm32f4xx_ltdc.o
    0x08005eec   0x08005eec   0x00000044   Code   RO         4031    i.LTDC_ColorKeyingConfig  stm32f4xx_ltdc.o
    0x08005f30   0x08005f30   0x0000000a   Code   RO         4032    i.LTDC_ColorKeyingStructInit  stm32f4xx_ltdc.o
    0x08005f3a   0x08005f3a   0x00000016   Code   RO         4033    i.LTDC_DeInit       stm32f4xx_ltdc.o
    0x08005f50   0x08005f50   0x00000024   Code   RO         4034    i.LTDC_DitherCmd    stm32f4xx_ltdc.o
    0x08005f74   0x08005f74   0x00000018   Code   RO         4035    i.LTDC_GetCDStatus  stm32f4xx_ltdc.o
    0x08005f8c   0x08005f8c   0x00000018   Code   RO         4036    i.LTDC_GetFlagStatus  stm32f4xx_ltdc.o
    0x08005fa4   0x08005fa4   0x0000002c   Code   RO         4037    i.LTDC_GetITStatus  stm32f4xx_ltdc.o
    0x08005fd0   0x08005fd0   0x0000002c   Code   RO         4038    i.LTDC_GetPosStatus  stm32f4xx_ltdc.o
    0x08005ffc   0x08005ffc   0x00000040   Code   RO         4039    i.LTDC_GetRGBWidth  stm32f4xx_ltdc.o
    0x0800603c   0x0800603c   0x00000020   Code   RO         4040    i.LTDC_ITConfig     stm32f4xx_ltdc.o
    0x0800605c   0x0800605c   0x00000188   Code   RO         4041    i.LTDC_Init         stm32f4xx_ltdc.o
    0x080061e4   0x080061e4   0x0000000c   Code   RO         4042    i.LTDC_LIPConfig    stm32f4xx_ltdc.o
    0x080061f0   0x080061f0   0x00000004   Code   RO         4043    i.LTDC_LayerAddress  stm32f4xx_ltdc.o
    0x080061f4   0x080061f4   0x00000004   Code   RO         4044    i.LTDC_LayerAlpha   stm32f4xx_ltdc.o
    0x080061f8   0x080061f8   0x00000016   Code   RO         4045    i.LTDC_LayerCmd     stm32f4xx_ltdc.o
    0x0800620e   0x0800620e   0x00000114   Code   RO         4046    i.LTDC_LayerInit    stm32f4xx_ltdc.o
    0x08006322   0x08006322   0x0000006a   Code   RO         4047    i.LTDC_LayerPixelFormat  stm32f4xx_ltdc.o
    0x0800638c   0x0800638c   0x000000a0   Code   RO         4048    i.LTDC_LayerPosition  stm32f4xx_ltdc.o
    0x0800642c   0x0800642c   0x00000074   Code   RO         4049    i.LTDC_LayerSize    stm32f4xx_ltdc.o
    0x080064a0   0x080064a0   0x00000030   Code   RO         4050    i.LTDC_LayerStructInit  stm32f4xx_ltdc.o
    0x080064d0   0x080064d0   0x00000008   Code   RO         4051    i.LTDC_PosStructInit  stm32f4xx_ltdc.o
    0x080064d8   0x080064d8   0x0000000a   Code   RO         4052    i.LTDC_RGBStructInit  stm32f4xx_ltdc.o
    0x080064e2   0x080064e2   0x00000002   PAD
    0x080064e4   0x080064e4   0x0000000c   Code   RO         4053    i.LTDC_ReloadConfig  stm32f4xx_ltdc.o
    0x080064f0   0x080064f0   0x00000022   Code   RO         4054    i.LTDC_StructInit   stm32f4xx_ltdc.o
    0x08006512   0x08006512   0x00000002   PAD
    0x08006514   0x08006514   0x00000064   Code   RO         1451    i.MOTOR_GPIO_Config  motor.o
    0x08006578   0x08006578   0x0000000c   Code   RO         1452    i.MOTOR_Init        motor.o
    0x08006584   0x08006584   0x0000002a   Code   RO         1453    i.MOTOR_SetSpeed    motor.o
    0x080065ae   0x080065ae   0x000000a2   Code   RO         1302    i.MPU6050_GetData   gy86.o
    0x08006650   0x08006650   0x00000040   Code   RO         1303    i.MPU6050_Init      gy86.o
    0x08006690   0x08006690   0x0000011c   Code   RO         1304    i.MS5611_Calculate  gy86.o
    0x080067ac   0x080067ac   0x000000c0   Code   RO         1305    i.MS5611_ReadProm   gy86.o
    0x0800686c   0x0800686c   0x0000004e   Code   RO         1306    i.MS5611_ReadTempPress  gy86.o
    0x080068ba   0x080068ba   0x0000000a   Code   RO         1307    i.MS5611_Reset      gy86.o
    0x080068c4   0x080068c4   0x0000001e   Code   RO         1308    i.MyI2C_ReceiveAck  gy86.o
    0x080068e2   0x080068e2   0x00000034   Code   RO         1309    i.MyI2C_ReceiveByte  gy86.o
    0x08006916   0x08006916   0x00000018   Code   RO         1310    i.MyI2C_SendAck     gy86.o
    0x0800692e   0x0800692e   0x0000002a   Code   RO         1311    i.MyI2C_SendByte    gy86.o
    0x08006958   0x08006958   0x0000001c   Code   RO         1312    i.MyI2C_Start       gy86.o
    0x08006974   0x08006974   0x00000016   Code   RO         1313    i.MyI2C_Stop        gy86.o
    0x0800698a   0x0800698a   0x00000002   PAD
    0x0800698c   0x0800698c   0x00000078   Code   RO         1680    i.NVIC_Init         misc.o
    0x08006a04   0x08006a04   0x00000014   Code   RO         1681    i.NVIC_PriorityGroupConfig  misc.o
    0x08006a18   0x08006a18   0x00000014   Code   RO         1682    i.NVIC_SetVectorTable  misc.o
    0x08006a2c   0x08006a2c   0x00000020   Code   RO         1683    i.NVIC_SystemLPConfig  misc.o
    0x08006a4c   0x08006a4c   0x0000002a   Code   RO         1511    i.OLED_Clear        oled.o
    0x08006a76   0x08006a76   0x00000002   PAD
    0x08006a78   0x08006a78   0x00000050   Code   RO         1512    i.OLED_I2C_Init     oled.o
    0x08006ac8   0x08006ac8   0x00000036   Code   RO         1513    i.OLED_I2C_SendByte  oled.o
    0x08006afe   0x08006afe   0x0000001c   Code   RO         1514    i.OLED_I2C_Start    oled.o
    0x08006b1a   0x08006b1a   0x00000016   Code   RO         1515    i.OLED_I2C_Stop     oled.o
    0x08006b30   0x08006b30   0x000000ae   Code   RO         1516    i.OLED_Init         oled.o
    0x08006bde   0x08006bde   0x00000014   Code   RO         1517    i.OLED_Pow          oled.o
    0x08006bf2   0x08006bf2   0x00000022   Code   RO         1518    i.OLED_SetCursor    oled.o
    0x08006c14   0x08006c14   0x0000003e   Code   RO         1519    i.OLED_ShowBinNum   oled.o
    0x08006c52   0x08006c52   0x00000002   PAD
    0x08006c54   0x08006c54   0x00000074   Code   RO         1520    i.OLED_ShowChar     oled.o
    0x08006cc8   0x08006cc8   0x00000054   Code   RO         1521    i.OLED_ShowHexNum   oled.o
    0x08006d1c   0x08006d1c   0x00000044   Code   RO         1522    i.OLED_ShowNum      oled.o
    0x08006d60   0x08006d60   0x00000066   Code   RO         1523    i.OLED_ShowSignedNum  oled.o
    0x08006dc6   0x08006dc6   0x00000028   Code   RO         1524    i.OLED_ShowString   oled.o
    0x08006dee   0x08006dee   0x00000002   PAD
    0x08006df0   0x08006df0   0x0000001c   Code   RO         1525    i.OLED_W_SCL        oled.o
    0x08006e0c   0x08006e0c   0x0000001c   Code   RO         1526    i.OLED_W_SDA        oled.o
    0x08006e28   0x08006e28   0x00000020   Code   RO         1527    i.OLED_WriteCommand  oled.o
    0x08006e48   0x08006e48   0x00000020   Code   RO         1528    i.OLED_WriteData    oled.o
    0x08006e68   0x08006e68   0x0000015c   Code   RO          529    i.OSDebugInit       os_dbg_r.o
    0x08006fc4   0x08006fc4   0x00000084   Code   RO          318    i.OSEventNameGet    os_core.o
    0x08007048   0x08007048   0x00000070   Code   RO          319    i.OSEventNameSet    os_core.o
    0x080070b8   0x080070b8   0x000002e4   Code   RO          320    i.OSEventPendMulti  os_core.o
    0x0800739c   0x0800739c   0x0000011e   Code   RO          544    i.OSFlagAccept      os_flag.o
    0x080074ba   0x080074ba   0x00000002   PAD
    0x080074bc   0x080074bc   0x00000070   Code   RO          545    i.OSFlagCreate      os_flag.o
    0x0800752c   0x0800752c   0x00000104   Code   RO          546    i.OSFlagDel         os_flag.o
    0x08007630   0x08007630   0x00000074   Code   RO          547    i.OSFlagNameGet     os_flag.o
    0x080076a4   0x080076a4   0x00000064   Code   RO          548    i.OSFlagNameSet     os_flag.o
    0x08007708   0x08007708   0x00000298   Code   RO          549    i.OSFlagPend        os_flag.o
    0x080079a0   0x080079a0   0x00000028   Code   RO          550    i.OSFlagPendGetFlagsRdy  os_flag.o
    0x080079c8   0x080079c8   0x00000162   Code   RO          551    i.OSFlagPost        os_flag.o
    0x08007b2a   0x08007b2a   0x00000042   Code   RO          552    i.OSFlagQuery       os_flag.o
    0x08007b6c   0x08007b6c   0x00000038   Code   RO          321    i.OSInit            os_core.o
    0x08007ba4   0x08007ba4   0x00000002   Code   RO          246    i.OSInitHookBegin   os_cpu_c.o
    0x08007ba6   0x08007ba6   0x00000002   Code   RO          247    i.OSInitHookEnd     os_cpu_c.o
    0x08007ba8   0x08007ba8   0x00000024   Code   RO          322    i.OSIntEnter        os_core.o
    0x08007bcc   0x08007bcc   0x00000098   Code   RO          323    i.OSIntExit         os_core.o
    0x08007c64   0x08007c64   0x00000034   Code   RO          626    i.OSMboxAccept      os_mbox.o
    0x08007c98   0x08007c98   0x0000005c   Code   RO          627    i.OSMboxCreate      os_mbox.o
    0x08007cf4   0x08007cf4   0x000000fc   Code   RO          628    i.OSMboxDel         os_mbox.o
    0x08007df0   0x08007df0   0x0000012c   Code   RO          629    i.OSMboxPend        os_mbox.o
    0x08007f1c   0x08007f1c   0x00000096   Code   RO          630    i.OSMboxPendAbort   os_mbox.o
    0x08007fb2   0x08007fb2   0x0000006c   Code   RO          631    i.OSMboxPost        os_mbox.o
    0x0800801e   0x0800801e   0x00000094   Code   RO          632    i.OSMboxPostOpt     os_mbox.o
    0x080080b2   0x080080b2   0x00000060   Code   RO          633    i.OSMboxQuery       os_mbox.o
    0x08008112   0x08008112   0x00000002   PAD
    0x08008114   0x08008114   0x000000b0   Code   RO          680    i.OSMemCreate       os_mem.o
    0x080081c4   0x080081c4   0x00000054   Code   RO          681    i.OSMemGet          os_mem.o
    0x08008218   0x08008218   0x0000005c   Code   RO          682    i.OSMemNameGet      os_mem.o
    0x08008274   0x08008274   0x0000004c   Code   RO          683    i.OSMemNameSet      os_mem.o
    0x080082c0   0x080082c0   0x0000004e   Code   RO          684    i.OSMemPut          os_mem.o
    0x0800830e   0x0800830e   0x00000048   Code   RO          685    i.OSMemQuery        os_mem.o
    0x08008356   0x08008356   0x00000002   PAD
    0x08008358   0x08008358   0x000000b0   Code   RO          728    i.OSMutexAccept     os_mutex.o
    0x08008408   0x08008408   0x000000c4   Code   RO          729    i.OSMutexCreate     os_mutex.o
    0x080084cc   0x080084cc   0x00000150   Code   RO          730    i.OSMutexDel        os_mutex.o
    0x0800861c   0x0800861c   0x00000274   Code   RO          731    i.OSMutexPend       os_mutex.o
    0x08008890   0x08008890   0x000000e8   Code   RO          732    i.OSMutexPost       os_mutex.o
    0x08008978   0x08008978   0x00000084   Code   RO          733    i.OSMutexQuery      os_mutex.o
    0x080089fc   0x080089fc   0x00000084   Code   RO          734    i.OSMutex_RdyAtPrio  os_mutex.o
    0x08008a80   0x08008a80   0x0000006a   Code   RO          775    i.OSQAccept         os_q.o
    0x08008aea   0x08008aea   0x00000002   PAD
    0x08008aec   0x08008aec   0x000000b8   Code   RO          776    i.OSQCreate         os_q.o
    0x08008ba4   0x08008ba4   0x00000124   Code   RO          777    i.OSQDel            os_q.o
    0x08008cc8   0x08008cc8   0x0000003c   Code   RO          778    i.OSQFlush          os_q.o
    0x08008d04   0x08008d04   0x00000148   Code   RO          779    i.OSQPend           os_q.o
    0x08008e4c   0x08008e4c   0x00000096   Code   RO          780    i.OSQPendAbort      os_q.o
    0x08008ee2   0x08008ee2   0x00000088   Code   RO          781    i.OSQPost           os_q.o
    0x08008f6a   0x08008f6a   0x0000008a   Code   RO          782    i.OSQPostFront      os_q.o
    0x08008ff4   0x08008ff4   0x000000cc   Code   RO          783    i.OSQPostOpt        os_q.o
    0x080090c0   0x080090c0   0x00000076   Code   RO          784    i.OSQQuery          os_q.o
    0x08009136   0x08009136   0x00000002   PAD
    0x08009138   0x08009138   0x00000048   Code   RO          324    i.OSSchedLock       os_core.o
    0x08009180   0x08009180   0x00000070   Code   RO          325    i.OSSchedUnlock     os_core.o
    0x080091f0   0x080091f0   0x00000038   Code   RO          847    i.OSSemAccept       os_sem.o
    0x08009228   0x08009228   0x0000005c   Code   RO          848    i.OSSemCreate       os_sem.o
    0x08009284   0x08009284   0x000000fc   Code   RO          849    i.OSSemDel          os_sem.o
    0x08009380   0x08009380   0x00000114   Code   RO          850    i.OSSemPend         os_sem.o
    0x08009494   0x08009494   0x00000096   Code   RO          851    i.OSSemPendAbort    os_sem.o
    0x0800952a   0x0800952a   0x0000006e   Code   RO          852    i.OSSemPost         os_sem.o
    0x08009598   0x08009598   0x00000060   Code   RO          853    i.OSSemQuery        os_sem.o
    0x080095f8   0x080095f8   0x00000052   Code   RO          854    i.OSSemSet          os_sem.o
    0x0800964a   0x0800964a   0x00000002   PAD
    0x0800964c   0x0800964c   0x00000048   Code   RO          326    i.OSStart           os_core.o
    0x08009694   0x08009694   0x0000005c   Code   RO          327    i.OSStatInit        os_core.o
    0x080096f0   0x080096f0   0x00000002   Code   RO          248    i.OSTCBInitHook     os_cpu_c.o
    0x080096f2   0x080096f2   0x00000002   PAD
    0x080096f4   0x080096f4   0x000001cc   Code   RO          901    i.OSTaskChangePrio  os_task.o
    0x080098c0   0x080098c0   0x000000c4   Code   RO          902    i.OSTaskCreate      os_task.o
    0x08009984   0x08009984   0x000000d8   Code   RO          903    i.OSTaskCreateExt   os_task.o
    0x08009a5c   0x08009a5c   0x00000002   Code   RO          249    i.OSTaskCreateHook  os_cpu_c.o
    0x08009a5e   0x08009a5e   0x00000002   PAD
    0x08009a60   0x08009a60   0x00000184   Code   RO          904    i.OSTaskDel         os_task.o
    0x08009be4   0x08009be4   0x00000002   Code   RO          250    i.OSTaskDelHook     os_cpu_c.o
    0x08009be6   0x08009be6   0x00000002   PAD
    0x08009be8   0x08009be8   0x00000090   Code   RO          905    i.OSTaskDelReq      os_task.o
    0x08009c78   0x08009c78   0x00000002   Code   RO          251    i.OSTaskIdleHook    os_cpu_c.o
    0x08009c7a   0x08009c7a   0x00000002   PAD
    0x08009c7c   0x08009c7c   0x000000a8   Code   RO          906    i.OSTaskNameGet     os_task.o
    0x08009d24   0x08009d24   0x00000094   Code   RO          907    i.OSTaskNameSet     os_task.o
    0x08009db8   0x08009db8   0x0000007c   Code   RO          908    i.OSTaskQuery       os_task.o
    0x08009e34   0x08009e34   0x00000068   Code   RO          909    i.OSTaskRegGet      os_task.o
    0x08009e9c   0x08009e9c   0x0000004c   Code   RO          910    i.OSTaskRegGetID    os_task.o
    0x08009ee8   0x08009ee8   0x00000064   Code   RO          911    i.OSTaskRegSet      os_task.o
    0x08009f4c   0x08009f4c   0x000000d4   Code   RO          912    i.OSTaskResume      os_task.o
    0x0800a020   0x0800a020   0x00000002   Code   RO          252    i.OSTaskReturnHook  os_cpu_c.o
    0x0800a022   0x0800a022   0x00000002   Code   RO          253    i.OSTaskStatHook    os_cpu_c.o
    0x0800a024   0x0800a024   0x000000b0   Code   RO          913    i.OSTaskStkChk      os_task.o
    0x0800a0d4   0x0800a0d4   0x000000b0   Code   RO          254    i.OSTaskStkInit     os_cpu_c.o
    0x0800a184   0x0800a184   0x000000cc   Code   RO          914    i.OSTaskSuspend     os_task.o
    0x0800a250   0x0800a250   0x00000080   Code   RO         1003    i.OSTimeDly         os_time.o
    0x0800a2d0   0x0800a2d0   0x00000084   Code   RO         1004    i.OSTimeDlyHMSM     os_time.o
    0x0800a354   0x0800a354   0x000000cc   Code   RO         1005    i.OSTimeDlyResume   os_time.o
    0x0800a420   0x0800a420   0x00000024   Code   RO         1006    i.OSTimeGet         os_time.o
    0x0800a444   0x0800a444   0x00000024   Code   RO         1007    i.OSTimeSet         os_time.o
    0x0800a468   0x0800a468   0x000000fc   Code   RO          328    i.OSTimeTick        os_core.o
    0x0800a564   0x0800a564   0x00000002   Code   RO          255    i.OSTimeTickHook    os_cpu_c.o
    0x0800a566   0x0800a566   0x00000002   PAD
    0x0800a568   0x0800a568   0x000000a4   Code   RO         1039    i.OSTmrCreate       os_tmr.o
    0x0800a60c   0x0800a60c   0x0000008c   Code   RO         1040    i.OSTmrDel          os_tmr.o
    0x0800a698   0x0800a698   0x0000008c   Code   RO         1041    i.OSTmrNameGet      os_tmr.o
    0x0800a724   0x0800a724   0x000000b4   Code   RO         1042    i.OSTmrRemainGet    os_tmr.o
    0x0800a7d8   0x0800a7d8   0x00000014   Code   RO         1043    i.OSTmrSignal       os_tmr.o
    0x0800a7ec   0x0800a7ec   0x00000090   Code   RO         1044    i.OSTmrStart        os_tmr.o
    0x0800a87c   0x0800a87c   0x00000064   Code   RO         1045    i.OSTmrStateGet     os_tmr.o
    0x0800a8e0   0x0800a8e0   0x000000c4   Code   RO         1046    i.OSTmrStop         os_tmr.o
    0x0800a9a4   0x0800a9a4   0x00000040   Code   RO         1047    i.OSTmr_Alloc       os_tmr.o
    0x0800a9e4   0x0800a9e4   0x0000004c   Code   RO         1048    i.OSTmr_Free        os_tmr.o
    0x0800aa30   0x0800aa30   0x000000f4   Code   RO         1049    i.OSTmr_Init        os_tmr.o
    0x0800ab24   0x0800ab24   0x00000050   Code   RO         1050    i.OSTmr_InitTask    os_tmr.o
    0x0800ab74   0x0800ab74   0x00000074   Code   RO         1051    i.OSTmr_Link        os_tmr.o
    0x0800abe8   0x0800abe8   0x00000084   Code   RO         1052    i.OSTmr_Task        os_tmr.o
    0x0800ac6c   0x0800ac6c   0x00000048   Code   RO         1053    i.OSTmr_Unlink      os_tmr.o
    0x0800acb4   0x0800acb4   0x00000006   Code   RO          329    i.OSVersion         os_core.o
    0x0800acba   0x0800acba   0x00000002   Code   RO          330    i.OS_Dummy          os_core.o
    0x0800acbc   0x0800acbc   0x00000094   Code   RO          331    i.OS_EventTaskRdy   os_core.o
    0x0800ad50   0x0800ad50   0x0000002e   Code   RO          332    i.OS_EventTaskRemove  os_core.o
    0x0800ad7e   0x0800ad7e   0x0000003a   Code   RO          333    i.OS_EventTaskRemoveMulti  os_core.o
    0x0800adb8   0x0800adb8   0x0000007c   Code   RO          334    i.OS_EventTaskWait  os_core.o
    0x0800ae34   0x0800ae34   0x00000094   Code   RO          335    i.OS_EventTaskWaitMulti  os_core.o
    0x0800aec8   0x0800aec8   0x0000001c   Code   RO          336    i.OS_EventWaitListInit  os_core.o
    0x0800aee4   0x0800aee4   0x000000a4   Code   RO          553    i.OS_FlagBlock      os_flag.o
    0x0800af88   0x0800af88   0x00000058   Code   RO          554    i.OS_FlagInit       os_flag.o
    0x0800afe0   0x0800afe0   0x00000060   Code   RO          555    i.OS_FlagTaskRdy    os_flag.o
    0x0800b040   0x0800b040   0x00000024   Code   RO          556    i.OS_FlagUnlink     os_flag.o
    0x0800b064   0x0800b064   0x00000060   Code   RO          337    i.OS_InitEventList  os_core.o
    0x0800b0c4   0x0800b0c4   0x0000005c   Code   RO          338    i.OS_InitMisc       os_core.o
    0x0800b120   0x0800b120   0x00000044   Code   RO          339    i.OS_InitRdyList    os_core.o
    0x0800b164   0x0800b164   0x00000080   Code   RO          340    i.OS_InitTCBList    os_core.o
    0x0800b1e4   0x0800b1e4   0x00000050   Code   RO          341    i.OS_InitTaskIdle   os_core.o
    0x0800b234   0x0800b234   0x00000050   Code   RO          342    i.OS_InitTaskStat   os_core.o
    0x0800b284   0x0800b284   0x00000012   Code   RO          343    i.OS_MemClr         os_core.o
    0x0800b296   0x0800b296   0x00000014   Code   RO          344    i.OS_MemCopy        os_core.o
    0x0800b2aa   0x0800b2aa   0x00000002   PAD
    0x0800b2ac   0x0800b2ac   0x00000058   Code   RO          686    i.OS_MemInit        os_mem.o
    0x0800b304   0x0800b304   0x00000050   Code   RO          785    i.OS_QInit          os_q.o
    0x0800b354   0x0800b354   0x0000007c   Code   RO          345    i.OS_Sched          os_core.o
    0x0800b3d0   0x0800b3d0   0x0000002c   Code   RO          346    i.OS_SchedNew       os_core.o
    0x0800b3fc   0x0800b3fc   0x0000001c   Code   RO          347    i.OS_StrLen         os_core.o
    0x0800b418   0x0800b418   0x00000160   Code   RO          348    i.OS_TCBInit        os_core.o
    0x0800b578   0x0800b578   0x0000002c   Code   RO          349    i.OS_TaskIdle       os_core.o
    0x0800b5a4   0x0800b5a4   0x00000018   Code   RO          915    i.OS_TaskReturn     os_task.o
    0x0800b5bc   0x0800b5bc   0x000000e8   Code   RO          350    i.OS_TaskStat       os_core.o
    0x0800b6a4   0x0800b6a4   0x0000003c   Code   RO          351    i.OS_TaskStatStkChk  os_core.o
    0x0800b6e0   0x0800b6e0   0x0000001a   Code   RO          916    i.OS_TaskStkClr     os_task.o
    0x0800b6fa   0x0800b6fa   0x00000002   PAD
    0x0800b6fc   0x0800b6fc   0x000000d8   Code   RO         1643    i.PPM_Init          ppm.o
    0x0800b7d4   0x0800b7d4   0x00000034   Code   RO         1454    i.PWM_SetCompare    motor.o
    0x0800b808   0x0800b808   0x00000030   Code   RO         1226    i.PWM_TEST          final.o
    0x0800b838   0x0800b838   0x0000000c   Code   RO         4226    i.PWR_BackupAccessCmd  stm32f4xx_pwr.o
    0x0800b844   0x0800b844   0x0000000c   Code   RO         4227    i.PWR_BackupRegulatorCmd  stm32f4xx_pwr.o
    0x0800b850   0x0800b850   0x00000014   Code   RO         4228    i.PWR_ClearFlag     stm32f4xx_pwr.o
    0x0800b864   0x0800b864   0x00000016   Code   RO         4229    i.PWR_DeInit        stm32f4xx_pwr.o
    0x0800b87a   0x0800b87a   0x00000002   PAD
    0x0800b87c   0x0800b87c   0x00000028   Code   RO         4230    i.PWR_EnterSTANDBYMode  stm32f4xx_pwr.o
    0x0800b8a4   0x0800b8a4   0x00000044   Code   RO         4231    i.PWR_EnterSTOPMode  stm32f4xx_pwr.o
    0x0800b8e8   0x0800b8e8   0x00000044   Code   RO         4232    i.PWR_EnterUnderDriveSTOPMode  stm32f4xx_pwr.o
    0x0800b92c   0x0800b92c   0x0000000c   Code   RO         4233    i.PWR_FlashPowerDownCmd  stm32f4xx_pwr.o
    0x0800b938   0x0800b938   0x00000018   Code   RO         4234    i.PWR_GetFlagStatus  stm32f4xx_pwr.o
    0x0800b950   0x0800b950   0x00000018   Code   RO         4235    i.PWR_LowRegulatorLowVoltageCmd  stm32f4xx_pwr.o
    0x0800b968   0x0800b968   0x00000018   Code   RO         4236    i.PWR_MainRegulatorLowVoltageCmd  stm32f4xx_pwr.o
    0x0800b980   0x0800b980   0x00000018   Code   RO         4237    i.PWR_MainRegulatorModeConfig  stm32f4xx_pwr.o
    0x0800b998   0x0800b998   0x0000000c   Code   RO         4238    i.PWR_OverDriveCmd  stm32f4xx_pwr.o
    0x0800b9a4   0x0800b9a4   0x0000000c   Code   RO         4239    i.PWR_OverDriveSWCmd  stm32f4xx_pwr.o
    0x0800b9b0   0x0800b9b0   0x0000000c   Code   RO         4240    i.PWR_PVDCmd        stm32f4xx_pwr.o
    0x0800b9bc   0x0800b9bc   0x00000018   Code   RO         4241    i.PWR_PVDLevelConfig  stm32f4xx_pwr.o
    0x0800b9d4   0x0800b9d4   0x00000024   Code   RO         4242    i.PWR_UnderDriveCmd  stm32f4xx_pwr.o
    0x0800b9f8   0x0800b9f8   0x0000000c   Code   RO         4243    i.PWR_WakeUpPinCmd  stm32f4xx_pwr.o
    0x0800ba04   0x0800ba04   0x00000020   Code   RO         4373    i.RCC_AHB1PeriphClockCmd  stm32f4xx_rcc.o
    0x0800ba24   0x0800ba24   0x00000020   Code   RO         4374    i.RCC_AHB1PeriphClockLPModeCmd  stm32f4xx_rcc.o
    0x0800ba44   0x0800ba44   0x00000020   Code   RO         4375    i.RCC_AHB1PeriphResetCmd  stm32f4xx_rcc.o
    0x0800ba64   0x0800ba64   0x00000020   Code   RO         4376    i.RCC_AHB2PeriphClockCmd  stm32f4xx_rcc.o
    0x0800ba84   0x0800ba84   0x00000020   Code   RO         4377    i.RCC_AHB2PeriphClockLPModeCmd  stm32f4xx_rcc.o
    0x0800baa4   0x0800baa4   0x00000020   Code   RO         4378    i.RCC_AHB2PeriphResetCmd  stm32f4xx_rcc.o
    0x0800bac4   0x0800bac4   0x00000020   Code   RO         4379    i.RCC_APB1PeriphClockCmd  stm32f4xx_rcc.o
    0x0800bae4   0x0800bae4   0x00000020   Code   RO         4380    i.RCC_APB1PeriphClockLPModeCmd  stm32f4xx_rcc.o
    0x0800bb04   0x0800bb04   0x00000020   Code   RO         4381    i.RCC_APB1PeriphResetCmd  stm32f4xx_rcc.o
    0x0800bb24   0x0800bb24   0x00000020   Code   RO         4382    i.RCC_APB2PeriphClockCmd  stm32f4xx_rcc.o
    0x0800bb44   0x0800bb44   0x00000020   Code   RO         4383    i.RCC_APB2PeriphClockLPModeCmd  stm32f4xx_rcc.o
    0x0800bb64   0x0800bb64   0x00000020   Code   RO         4384    i.RCC_APB2PeriphResetCmd  stm32f4xx_rcc.o
    0x0800bb84   0x0800bb84   0x00000018   Code   RO         4385    i.RCC_AdjustHSICalibrationValue  stm32f4xx_rcc.o
    0x0800bb9c   0x0800bb9c   0x0000000c   Code   RO         4386    i.RCC_BackupResetCmd  stm32f4xx_rcc.o
    0x0800bba8   0x0800bba8   0x00000014   Code   RO         4387    i.RCC_ClearFlag     stm32f4xx_rcc.o
    0x0800bbbc   0x0800bbbc   0x0000000c   Code   RO         4388    i.RCC_ClearITPendingBit  stm32f4xx_rcc.o
    0x0800bbc8   0x0800bbc8   0x0000000c   Code   RO         4389    i.RCC_ClockSecuritySystemCmd  stm32f4xx_rcc.o
    0x0800bbd4   0x0800bbd4   0x0000005c   Code   RO         4390    i.RCC_DeInit        stm32f4xx_rcc.o
    0x0800bc30   0x0800bc30   0x000000e8   Code   RO         4391    i.RCC_GetClocksFreq  stm32f4xx_rcc.o
    0x0800bd18   0x0800bd18   0x00000040   Code   RO         4392    i.RCC_GetFlagStatus  stm32f4xx_rcc.o
    0x0800bd58   0x0800bd58   0x00000018   Code   RO         4393    i.RCC_GetITStatus   stm32f4xx_rcc.o
    0x0800bd70   0x0800bd70   0x00000010   Code   RO         4394    i.RCC_GetSYSCLKSource  stm32f4xx_rcc.o
    0x0800bd80   0x0800bd80   0x00000018   Code   RO         4395    i.RCC_HCLKConfig    stm32f4xx_rcc.o
    0x0800bd98   0x0800bd98   0x00000010   Code   RO         4396    i.RCC_HSEConfig     stm32f4xx_rcc.o
    0x0800bda8   0x0800bda8   0x0000000c   Code   RO         4397    i.RCC_HSICmd        stm32f4xx_rcc.o
    0x0800bdb4   0x0800bdb4   0x0000000c   Code   RO         4398    i.RCC_I2SCLKConfig  stm32f4xx_rcc.o
    0x0800bdc0   0x0800bdc0   0x00000020   Code   RO         4399    i.RCC_ITConfig      stm32f4xx_rcc.o
    0x0800bde0   0x0800bde0   0x0000002c   Code   RO         4400    i.RCC_LSEConfig     stm32f4xx_rcc.o
    0x0800be0c   0x0800be0c   0x00000024   Code   RO         4401    i.RCC_LSEModeConfig  stm32f4xx_rcc.o
    0x0800be30   0x0800be30   0x0000000c   Code   RO         4402    i.RCC_LSICmd        stm32f4xx_rcc.o
    0x0800be3c   0x0800be3c   0x00000018   Code   RO         4403    i.RCC_LTDCCLKDivConfig  stm32f4xx_rcc.o
    0x0800be54   0x0800be54   0x0000001c   Code   RO         4404    i.RCC_MCO1Config    stm32f4xx_rcc.o
    0x0800be70   0x0800be70   0x0000001c   Code   RO         4405    i.RCC_MCO2Config    stm32f4xx_rcc.o
    0x0800be8c   0x0800be8c   0x00000018   Code   RO         4406    i.RCC_PCLK1Config   stm32f4xx_rcc.o
    0x0800bea4   0x0800bea4   0x00000018   Code   RO         4407    i.RCC_PCLK2Config   stm32f4xx_rcc.o
    0x0800bebc   0x0800bebc   0x0000000c   Code   RO         4408    i.RCC_PLLCmd        stm32f4xx_rcc.o
    0x0800bec8   0x0800bec8   0x00000024   Code   RO         4409    i.RCC_PLLConfig     stm32f4xx_rcc.o
    0x0800beec   0x0800beec   0x0000000c   Code   RO         4410    i.RCC_PLLI2SCmd     stm32f4xx_rcc.o
    0x0800bef8   0x0800bef8   0x00000010   Code   RO         4411    i.RCC_PLLI2SConfig  stm32f4xx_rcc.o
    0x0800bf08   0x0800bf08   0x0000000c   Code   RO         4412    i.RCC_PLLSAICmd     stm32f4xx_rcc.o
    0x0800bf14   0x0800bf14   0x00000018   Code   RO         4413    i.RCC_PLLSAIConfig  stm32f4xx_rcc.o
    0x0800bf2c   0x0800bf2c   0x0000000c   Code   RO         4414    i.RCC_RTCCLKCmd     stm32f4xx_rcc.o
    0x0800bf38   0x0800bf38   0x0000003c   Code   RO         4415    i.RCC_RTCCLKConfig  stm32f4xx_rcc.o
    0x0800bf74   0x0800bf74   0x0000001c   Code   RO         4416    i.RCC_SAIPLLI2SClkDivConfig  stm32f4xx_rcc.o
    0x0800bf90   0x0800bf90   0x0000001c   Code   RO         4417    i.RCC_SAIPLLSAIClkDivConfig  stm32f4xx_rcc.o
    0x0800bfac   0x0800bfac   0x00000018   Code   RO         4418    i.RCC_SYSCLKConfig  stm32f4xx_rcc.o
    0x0800bfc4   0x0800bfc4   0x0000000c   Code   RO         4419    i.RCC_TIMCLKPresConfig  stm32f4xx_rcc.o
    0x0800bfd0   0x0800bfd0   0x00000038   Code   RO         4420    i.RCC_WaitForHSEStartUp  stm32f4xx_rcc.o
    0x0800c008   0x0800c008   0x00000074   Code   RO         4702    i.RTC_AlarmCmd      stm32f4xx_rtc.o
    0x0800c07c   0x0800c07c   0x00000016   Code   RO         4703    i.RTC_AlarmStructInit  stm32f4xx_rtc.o
    0x0800c092   0x0800c092   0x00000002   PAD
    0x0800c094   0x0800c094   0x00000034   Code   RO         4704    i.RTC_AlarmSubSecondConfig  stm32f4xx_rtc.o
    0x0800c0c8   0x0800c0c8   0x00000016   Code   RO         4705    i.RTC_Bcd2ToByte    stm32f4xx_rtc.o
    0x0800c0de   0x0800c0de   0x00000002   PAD
    0x0800c0e0   0x0800c0e0   0x0000003c   Code   RO         4706    i.RTC_BypassShadowCmd  stm32f4xx_rtc.o
    0x0800c11c   0x0800c11c   0x0000001c   Code   RO         4707    i.RTC_ByteToBcd2    stm32f4xx_rtc.o
    0x0800c138   0x0800c138   0x0000003c   Code   RO         4708    i.RTC_CalibOutputCmd  stm32f4xx_rtc.o
    0x0800c174   0x0800c174   0x00000030   Code   RO         4709    i.RTC_CalibOutputConfig  stm32f4xx_rtc.o
    0x0800c1a4   0x0800c1a4   0x0000001c   Code   RO         4710    i.RTC_ClearFlag     stm32f4xx_rtc.o
    0x0800c1c0   0x0800c1c0   0x00000020   Code   RO         4711    i.RTC_ClearITPendingBit  stm32f4xx_rtc.o
    0x0800c1e0   0x0800c1e0   0x00000050   Code   RO         4712    i.RTC_CoarseCalibCmd  stm32f4xx_rtc.o
    0x0800c230   0x0800c230   0x00000038   Code   RO         4713    i.RTC_CoarseCalibConfig  stm32f4xx_rtc.o
    0x0800c268   0x0800c268   0x0000000e   Code   RO         4714    i.RTC_DateStructInit  stm32f4xx_rtc.o
    0x0800c276   0x0800c276   0x00000002   PAD
    0x0800c278   0x0800c278   0x00000038   Code   RO         4715    i.RTC_DayLightSavingConfig  stm32f4xx_rtc.o
    0x0800c2b0   0x0800c2b0   0x000000d4   Code   RO         4716    i.RTC_DeInit        stm32f4xx_rtc.o
    0x0800c384   0x0800c384   0x00000050   Code   RO         4717    i.RTC_EnterInitMode  stm32f4xx_rtc.o
    0x0800c3d4   0x0800c3d4   0x00000014   Code   RO         4718    i.RTC_ExitInitMode  stm32f4xx_rtc.o
    0x0800c3e8   0x0800c3e8   0x00000074   Code   RO         4719    i.RTC_GetAlarm      stm32f4xx_rtc.o
    0x0800c45c   0x0800c45c   0x00000024   Code   RO         4720    i.RTC_GetAlarmSubSecond  stm32f4xx_rtc.o
    0x0800c480   0x0800c480   0x0000004c   Code   RO         4721    i.RTC_GetDate       stm32f4xx_rtc.o
    0x0800c4cc   0x0800c4cc   0x00000028   Code   RO         4722    i.RTC_GetFlagStatus  stm32f4xx_rtc.o
    0x0800c4f4   0x0800c4f4   0x00000044   Code   RO         4723    i.RTC_GetITStatus   stm32f4xx_rtc.o
    0x0800c538   0x0800c538   0x00000010   Code   RO         4724    i.RTC_GetStoreOperation  stm32f4xx_rtc.o
    0x0800c548   0x0800c548   0x00000014   Code   RO         4725    i.RTC_GetSubSecond  stm32f4xx_rtc.o
    0x0800c55c   0x0800c55c   0x00000050   Code   RO         4726    i.RTC_GetTime       stm32f4xx_rtc.o
    0x0800c5ac   0x0800c5ac   0x0000009c   Code   RO         4727    i.RTC_GetTimeStamp  stm32f4xx_rtc.o
    0x0800c648   0x0800c648   0x0000000c   Code   RO         4728    i.RTC_GetTimeStampSubSecond  stm32f4xx_rtc.o
    0x0800c654   0x0800c654   0x0000000c   Code   RO         4729    i.RTC_GetWakeUpCounter  stm32f4xx_rtc.o
    0x0800c660   0x0800c660   0x00000064   Code   RO         4730    i.RTC_ITConfig      stm32f4xx_rtc.o
    0x0800c6c4   0x0800c6c4   0x00000064   Code   RO         4731    i.RTC_Init          stm32f4xx_rtc.o
    0x0800c728   0x0800c728   0x00000038   Code   RO         4732    i.RTC_OutputConfig  stm32f4xx_rtc.o
    0x0800c760   0x0800c760   0x0000001c   Code   RO         4733    i.RTC_OutputTypeConfig  stm32f4xx_rtc.o
    0x0800c77c   0x0800c77c   0x00000020   Code   RO         4734    i.RTC_ReadBackupRegister  stm32f4xx_rtc.o
    0x0800c79c   0x0800c79c   0x00000050   Code   RO         4735    i.RTC_RefClockCmd   stm32f4xx_rtc.o
    0x0800c7ec   0x0800c7ec   0x000000ec   Code   RO         4736    i.RTC_SetAlarm      stm32f4xx_rtc.o
    0x0800c8d8   0x0800c8d8   0x000000c8   Code   RO         4737    i.RTC_SetDate       stm32f4xx_rtc.o
    0x0800c9a0   0x0800c9a0   0x000000d0   Code   RO         4738    i.RTC_SetTime       stm32f4xx_rtc.o
    0x0800ca70   0x0800ca70   0x0000001c   Code   RO         4739    i.RTC_SetWakeUpCounter  stm32f4xx_rtc.o
    0x0800ca8c   0x0800ca8c   0x00000060   Code   RO         4740    i.RTC_SmoothCalibConfig  stm32f4xx_rtc.o
    0x0800caec   0x0800caec   0x0000000e   Code   RO         4741    i.RTC_StructInit    stm32f4xx_rtc.o
    0x0800cafa   0x0800cafa   0x00000002   PAD
    0x0800cafc   0x0800cafc   0x0000007c   Code   RO         4742    i.RTC_SynchroShiftConfig  stm32f4xx_rtc.o
    0x0800cb78   0x0800cb78   0x00000020   Code   RO         4743    i.RTC_TamperCmd     stm32f4xx_rtc.o
    0x0800cb98   0x0800cb98   0x0000001c   Code   RO         4744    i.RTC_TamperFilterConfig  stm32f4xx_rtc.o
    0x0800cbb4   0x0800cbb4   0x0000001c   Code   RO         4745    i.RTC_TamperPinSelection  stm32f4xx_rtc.o
    0x0800cbd0   0x0800cbd0   0x0000001c   Code   RO         4746    i.RTC_TamperPinsPrechargeDuration  stm32f4xx_rtc.o
    0x0800cbec   0x0800cbec   0x00000024   Code   RO         4747    i.RTC_TamperPullUpCmd  stm32f4xx_rtc.o
    0x0800cc10   0x0800cc10   0x0000001c   Code   RO         4748    i.RTC_TamperSamplingFreqConfig  stm32f4xx_rtc.o
    0x0800cc2c   0x0800cc2c   0x00000024   Code   RO         4749    i.RTC_TamperTriggerConfig  stm32f4xx_rtc.o
    0x0800cc50   0x0800cc50   0x00000038   Code   RO         4750    i.RTC_TimeStampCmd  stm32f4xx_rtc.o
    0x0800cc88   0x0800cc88   0x00000024   Code   RO         4751    i.RTC_TimeStampOnTamperDetectionCmd  stm32f4xx_rtc.o
    0x0800ccac   0x0800ccac   0x0000001c   Code   RO         4752    i.RTC_TimeStampPinSelection  stm32f4xx_rtc.o
    0x0800ccc8   0x0800ccc8   0x0000000c   Code   RO         4753    i.RTC_TimeStructInit  stm32f4xx_rtc.o
    0x0800ccd4   0x0800ccd4   0x00000060   Code   RO         4754    i.RTC_WaitForSynchro  stm32f4xx_rtc.o
    0x0800cd34   0x0800cd34   0x00000030   Code   RO         4755    i.RTC_WakeUpClockConfig  stm32f4xx_rtc.o
    0x0800cd64   0x0800cd64   0x00000078   Code   RO         4756    i.RTC_WakeUpCmd     stm32f4xx_rtc.o
    0x0800cddc   0x0800cddc   0x0000001c   Code   RO         4757    i.RTC_WriteBackupRegister  stm32f4xx_rtc.o
    0x0800cdf8   0x0800cdf8   0x0000001c   Code   RO         4758    i.RTC_WriteProtectionCmd  stm32f4xx_rtc.o
    0x0800ce14   0x0800ce14   0x00000008   Code   RO         5060    i.SAI_ClearFlag     stm32f4xx_sai.o
    0x0800ce1c   0x0800ce1c   0x00000008   Code   RO         5061    i.SAI_ClearITPendingBit  stm32f4xx_sai.o
    0x0800ce24   0x0800ce24   0x00000016   Code   RO         5062    i.SAI_Cmd           stm32f4xx_sai.o
    0x0800ce3a   0x0800ce3a   0x00000010   Code   RO         5063    i.SAI_CompandingModeConfig  stm32f4xx_sai.o
    0x0800ce4a   0x0800ce4a   0x00000016   Code   RO         5064    i.SAI_DMACmd        stm32f4xx_sai.o
    0x0800ce60   0x0800ce60   0x00000024   Code   RO         5065    i.SAI_DeInit        stm32f4xx_sai.o
    0x0800ce84   0x0800ce84   0x0000000a   Code   RO         5066    i.SAI_FlushFIFO     stm32f4xx_sai.o
    0x0800ce8e   0x0800ce8e   0x00000002   PAD
    0x0800ce90   0x0800ce90   0x0000002c   Code   RO         5067    i.SAI_FrameInit     stm32f4xx_sai.o
    0x0800cebc   0x0800cebc   0x00000012   Code   RO         5068    i.SAI_FrameStructInit  stm32f4xx_sai.o
    0x0800cece   0x0800cece   0x00000014   Code   RO         5069    i.SAI_GetCmdStatus  stm32f4xx_sai.o
    0x0800cee2   0x0800cee2   0x0000000c   Code   RO         5070    i.SAI_GetFIFOStatus  stm32f4xx_sai.o
    0x0800ceee   0x0800ceee   0x00000012   Code   RO         5071    i.SAI_GetFlagStatus  stm32f4xx_sai.o
    0x0800cf00   0x0800cf00   0x0000001e   Code   RO         5072    i.SAI_GetITStatus   stm32f4xx_sai.o
    0x0800cf1e   0x0800cf1e   0x00000012   Code   RO         5073    i.SAI_ITConfig      stm32f4xx_sai.o
    0x0800cf30   0x0800cf30   0x0000004c   Code   RO         5074    i.SAI_Init          stm32f4xx_sai.o
    0x0800cf7c   0x0800cf7c   0x00000012   Code   RO         5075    i.SAI_MonoModeConfig  stm32f4xx_sai.o
    0x0800cf8e   0x0800cf8e   0x00000012   Code   RO         5076    i.SAI_MuteFrameCounterConfig  stm32f4xx_sai.o
    0x0800cfa0   0x0800cfa0   0x00000016   Code   RO         5077    i.SAI_MuteModeCmd   stm32f4xx_sai.o
    0x0800cfb6   0x0800cfb6   0x00000010   Code   RO         5078    i.SAI_MuteValueConfig  stm32f4xx_sai.o
    0x0800cfc6   0x0800cfc6   0x00000006   Code   RO         5079    i.SAI_ReceiveData   stm32f4xx_sai.o
    0x0800cfcc   0x0800cfcc   0x00000004   Code   RO         5080    i.SAI_SendData      stm32f4xx_sai.o
    0x0800cfd0   0x0800cfd0   0x00000024   Code   RO         5081    i.SAI_SlotInit      stm32f4xx_sai.o
    0x0800cff4   0x0800cff4   0x00000010   Code   RO         5082    i.SAI_SlotStructInit  stm32f4xx_sai.o
    0x0800d004   0x0800d004   0x0000001e   Code   RO         5083    i.SAI_StructInit    stm32f4xx_sai.o
    0x0800d022   0x0800d022   0x00000012   Code   RO         5084    i.SAI_TRIStateConfig  stm32f4xx_sai.o
    0x0800d034   0x0800d034   0x0000001c   Code   RO         1314    i.SCL_W             gy86.o
    0x0800d050   0x0800d050   0x0000001c   Code   RO         1315    i.SDA_R             gy86.o
    0x0800d06c   0x0800d06c   0x0000001c   Code   RO         1316    i.SDA_W             gy86.o
    0x0800d088   0x0800d088   0x00000010   Code   RO         5231    i.SDIO_CEATAITCmd   stm32f4xx_sdio.o
    0x0800d098   0x0800d098   0x0000000c   Code   RO         5232    i.SDIO_ClearFlag    stm32f4xx_sdio.o
    0x0800d0a4   0x0800d0a4   0x0000000c   Code   RO         5233    i.SDIO_ClearITPendingBit  stm32f4xx_sdio.o
    0x0800d0b0   0x0800d0b0   0x0000000c   Code   RO         5234    i.SDIO_ClockCmd     stm32f4xx_sdio.o
    0x0800d0bc   0x0800d0bc   0x0000000e   Code   RO         5235    i.SDIO_CmdStructInit  stm32f4xx_sdio.o
    0x0800d0ca   0x0800d0ca   0x00000002   PAD
    0x0800d0cc   0x0800d0cc   0x0000000c   Code   RO         5236    i.SDIO_CommandCompletionCmd  stm32f4xx_sdio.o
    0x0800d0d8   0x0800d0d8   0x0000000c   Code   RO         5237    i.SDIO_DMACmd       stm32f4xx_sdio.o
    0x0800d0e4   0x0800d0e4   0x00000034   Code   RO         5238    i.SDIO_DataConfig   stm32f4xx_sdio.o
    0x0800d118   0x0800d118   0x00000014   Code   RO         5239    i.SDIO_DataStructInit  stm32f4xx_sdio.o
    0x0800d12c   0x0800d12c   0x00000016   Code   RO         5240    i.SDIO_DeInit       stm32f4xx_sdio.o
    0x0800d142   0x0800d142   0x00000002   PAD
    0x0800d144   0x0800d144   0x0000000c   Code   RO         5241    i.SDIO_GetCommandResponse  stm32f4xx_sdio.o
    0x0800d150   0x0800d150   0x0000000c   Code   RO         5242    i.SDIO_GetDataCounter  stm32f4xx_sdio.o
    0x0800d15c   0x0800d15c   0x0000000c   Code   RO         5243    i.SDIO_GetFIFOCount  stm32f4xx_sdio.o
    0x0800d168   0x0800d168   0x00000018   Code   RO         5244    i.SDIO_GetFlagStatus  stm32f4xx_sdio.o
    0x0800d180   0x0800d180   0x00000018   Code   RO         5245    i.SDIO_GetITStatus  stm32f4xx_sdio.o
    0x0800d198   0x0800d198   0x00000010   Code   RO         5246    i.SDIO_GetPowerState  stm32f4xx_sdio.o
    0x0800d1a8   0x0800d1a8   0x00000018   Code   RO         5247    i.SDIO_GetResponse  stm32f4xx_sdio.o
    0x0800d1c0   0x0800d1c0   0x00000020   Code   RO         5248    i.SDIO_ITConfig     stm32f4xx_sdio.o
    0x0800d1e0   0x0800d1e0   0x00000030   Code   RO         5249    i.SDIO_Init         stm32f4xx_sdio.o
    0x0800d210   0x0800d210   0x0000000c   Code   RO         5250    i.SDIO_ReadData     stm32f4xx_sdio.o
    0x0800d21c   0x0800d21c   0x0000000c   Code   RO         5251    i.SDIO_SendCEATACmd  stm32f4xx_sdio.o
    0x0800d228   0x0800d228   0x0000002c   Code   RO         5252    i.SDIO_SendCommand  stm32f4xx_sdio.o
    0x0800d254   0x0800d254   0x0000000c   Code   RO         5253    i.SDIO_SendSDIOSuspendCmd  stm32f4xx_sdio.o
    0x0800d260   0x0800d260   0x0000000c   Code   RO         5254    i.SDIO_SetPowerState  stm32f4xx_sdio.o
    0x0800d26c   0x0800d26c   0x0000000c   Code   RO         5255    i.SDIO_SetSDIOOperation  stm32f4xx_sdio.o
    0x0800d278   0x0800d278   0x0000000c   Code   RO         5256    i.SDIO_SetSDIOReadWaitMode  stm32f4xx_sdio.o
    0x0800d284   0x0800d284   0x0000000c   Code   RO         5257    i.SDIO_StartSDIOReadWait  stm32f4xx_sdio.o
    0x0800d290   0x0800d290   0x0000000c   Code   RO         5258    i.SDIO_StopSDIOReadWait  stm32f4xx_sdio.o
    0x0800d29c   0x0800d29c   0x00000010   Code   RO         5259    i.SDIO_StructInit   stm32f4xx_sdio.o
    0x0800d2ac   0x0800d2ac   0x0000000c   Code   RO         5260    i.SDIO_WriteData    stm32f4xx_sdio.o
    0x0800d2b8   0x0800d2b8   0x0000001c   Code   RO         5454    i.SPI_BiDirectionalLineConfig  stm32f4xx_spi.o
    0x0800d2d4   0x0800d2d4   0x00000018   Code   RO         5455    i.SPI_CalculateCRC  stm32f4xx_spi.o
    0x0800d2ec   0x0800d2ec   0x00000018   Code   RO         5456    i.SPI_Cmd           stm32f4xx_spi.o
    0x0800d304   0x0800d304   0x00000012   Code   RO         5457    i.SPI_DataSizeConfig  stm32f4xx_spi.o
    0x0800d316   0x0800d316   0x00000010   Code   RO         5458    i.SPI_GetCRC        stm32f4xx_spi.o
    0x0800d326   0x0800d326   0x00000006   Code   RO         5459    i.SPI_GetCRCPolynomial  stm32f4xx_spi.o
    0x0800d32c   0x0800d32c   0x00000006   Code   RO         5460    i.SPI_I2S_ClearFlag  stm32f4xx_spi.o
    0x0800d332   0x0800d332   0x00000014   Code   RO         5461    i.SPI_I2S_ClearITPendingBit  stm32f4xx_spi.o
    0x0800d346   0x0800d346   0x00000012   Code   RO         5462    i.SPI_I2S_DMACmd    stm32f4xx_spi.o
    0x0800d358   0x0800d358   0x000000b0   Code   RO         5463    i.SPI_I2S_DeInit    stm32f4xx_spi.o
    0x0800d408   0x0800d408   0x00000012   Code   RO         5464    i.SPI_I2S_GetFlagStatus  stm32f4xx_spi.o
    0x0800d41a   0x0800d41a   0x00000034   Code   RO         5465    i.SPI_I2S_GetITStatus  stm32f4xx_spi.o
    0x0800d44e   0x0800d44e   0x00000020   Code   RO         5466    i.SPI_I2S_ITConfig  stm32f4xx_spi.o
    0x0800d46e   0x0800d46e   0x00000006   Code   RO         5467    i.SPI_I2S_ReceiveData  stm32f4xx_spi.o
    0x0800d474   0x0800d474   0x00000004   Code   RO         5468    i.SPI_I2S_SendData  stm32f4xx_spi.o
    0x0800d478   0x0800d478   0x0000003c   Code   RO         5469    i.SPI_Init          stm32f4xx_spi.o
    0x0800d4b4   0x0800d4b4   0x0000001e   Code   RO         5470    i.SPI_NSSInternalSoftwareConfig  stm32f4xx_spi.o
    0x0800d4d2   0x0800d4d2   0x00000018   Code   RO         5471    i.SPI_SSOutputCmd   stm32f4xx_spi.o
    0x0800d4ea   0x0800d4ea   0x00000018   Code   RO         5472    i.SPI_StructInit    stm32f4xx_spi.o
    0x0800d502   0x0800d502   0x00000018   Code   RO         5473    i.SPI_TIModeCmd     stm32f4xx_spi.o
    0x0800d51a   0x0800d51a   0x0000000a   Code   RO         5474    i.SPI_TransmitCRC   stm32f4xx_spi.o
    0x0800d524   0x0800d524   0x0000000c   Code   RO         5618    i.SYSCFG_CompensationCellCmd  stm32f4xx_syscfg.o
    0x0800d530   0x0800d530   0x00000016   Code   RO         5619    i.SYSCFG_DeInit     stm32f4xx_syscfg.o
    0x0800d546   0x0800d546   0x00000002   PAD
    0x0800d548   0x0800d548   0x0000000c   Code   RO         5620    i.SYSCFG_ETH_MediaInterfaceConfig  stm32f4xx_syscfg.o
    0x0800d554   0x0800d554   0x00000040   Code   RO         5621    i.SYSCFG_EXTILineConfig  stm32f4xx_syscfg.o
    0x0800d594   0x0800d594   0x00000018   Code   RO         5622    i.SYSCFG_GetCompensationCellStatus  stm32f4xx_syscfg.o
    0x0800d5ac   0x0800d5ac   0x0000000c   Code   RO         5623    i.SYSCFG_MemoryRemapConfig  stm32f4xx_syscfg.o
    0x0800d5b8   0x0800d5b8   0x0000000c   Code   RO         5624    i.SYSCFG_MemorySwappingBank  stm32f4xx_syscfg.o
    0x0800d5c4   0x0800d5c4   0x00000028   Code   RO         1684    i.SysTick_CLKSourceConfig  misc.o
    0x0800d5ec   0x0800d5ec   0x00000024   Code   RO          256    i.SysTick_Handler   os_cpu_c.o
    0x0800d610   0x0800d610   0x0000003a   Code   RO         5678    i.TI1_Config        stm32f4xx_tim.o
    0x0800d64a   0x0800d64a   0x00000050   Code   RO         5679    i.TI2_Config        stm32f4xx_tim.o
    0x0800d69a   0x0800d69a   0x00000048   Code   RO         5680    i.TI3_Config        stm32f4xx_tim.o
    0x0800d6e2   0x0800d6e2   0x00000050   Code   RO         5681    i.TI4_Config        stm32f4xx_tim.o
    0x0800d732   0x0800d732   0x00000002   PAD
    0x0800d734   0x0800d734   0x00000130   Code   RO         1455    i.TIM1_Config       motor.o
    0x0800d864   0x0800d864   0x00000070   Code   RO         1644    i.TIM3_IRQHandler   ppm.o
    0x0800d8d4   0x0800d8d4   0x00000018   Code   RO         5682    i.TIM_ARRPreloadConfig  stm32f4xx_tim.o
    0x0800d8ec   0x0800d8ec   0x00000020   Code   RO         5683    i.TIM_BDTRConfig    stm32f4xx_tim.o
    0x0800d90c   0x0800d90c   0x00000012   Code   RO         5684    i.TIM_BDTRStructInit  stm32f4xx_tim.o
    0x0800d91e   0x0800d91e   0x00000018   Code   RO         5685    i.TIM_CCPreloadControl  stm32f4xx_tim.o
    0x0800d936   0x0800d936   0x0000001e   Code   RO         5686    i.TIM_CCxCmd        stm32f4xx_tim.o
    0x0800d954   0x0800d954   0x0000001e   Code   RO         5687    i.TIM_CCxNCmd       stm32f4xx_tim.o
    0x0800d972   0x0800d972   0x00000006   Code   RO         5688    i.TIM_ClearFlag     stm32f4xx_tim.o
    0x0800d978   0x0800d978   0x00000006   Code   RO         5689    i.TIM_ClearITPendingBit  stm32f4xx_tim.o
    0x0800d97e   0x0800d97e   0x00000012   Code   RO         5690    i.TIM_ClearOC1Ref   stm32f4xx_tim.o
    0x0800d990   0x0800d990   0x00000018   Code   RO         5691    i.TIM_ClearOC2Ref   stm32f4xx_tim.o
    0x0800d9a8   0x0800d9a8   0x00000012   Code   RO         5692    i.TIM_ClearOC3Ref   stm32f4xx_tim.o
    0x0800d9ba   0x0800d9ba   0x00000018   Code   RO         5693    i.TIM_ClearOC4Ref   stm32f4xx_tim.o
    0x0800d9d2   0x0800d9d2   0x00000018   Code   RO         5694    i.TIM_Cmd           stm32f4xx_tim.o
    0x0800d9ea   0x0800d9ea   0x00000012   Code   RO         5695    i.TIM_CounterModeConfig  stm32f4xx_tim.o
    0x0800d9fc   0x0800d9fc   0x0000001e   Code   RO         5696    i.TIM_CtrlPWMOutputs  stm32f4xx_tim.o
    0x0800da1a   0x0800da1a   0x0000003a   Code   RO          207    i.TIM_DELAY_INIT    delay.o
    0x0800da54   0x0800da54   0x00000012   Code   RO         5697    i.TIM_DMACmd        stm32f4xx_tim.o
    0x0800da66   0x0800da66   0x0000000a   Code   RO         5698    i.TIM_DMAConfig     stm32f4xx_tim.o
    0x0800da70   0x0800da70   0x00000190   Code   RO         5699    i.TIM_DeInit        stm32f4xx_tim.o
    0x0800dc00   0x0800dc00   0x00000036   Code   RO         5700    i.TIM_ETRClockMode1Config  stm32f4xx_tim.o
    0x0800dc36   0x0800dc36   0x00000020   Code   RO         5701    i.TIM_ETRClockMode2Config  stm32f4xx_tim.o
    0x0800dc56   0x0800dc56   0x0000001c   Code   RO         5702    i.TIM_ETRConfig     stm32f4xx_tim.o
    0x0800dc72   0x0800dc72   0x00000042   Code   RO         5703    i.TIM_EncoderInterfaceConfig  stm32f4xx_tim.o
    0x0800dcb4   0x0800dcb4   0x00000012   Code   RO         5704    i.TIM_ForcedOC1Config  stm32f4xx_tim.o
    0x0800dcc6   0x0800dcc6   0x0000001a   Code   RO         5705    i.TIM_ForcedOC2Config  stm32f4xx_tim.o
    0x0800dce0   0x0800dce0   0x00000012   Code   RO         5706    i.TIM_ForcedOC3Config  stm32f4xx_tim.o
    0x0800dcf2   0x0800dcf2   0x0000001a   Code   RO         5707    i.TIM_ForcedOC4Config  stm32f4xx_tim.o
    0x0800dd0c   0x0800dd0c   0x00000004   Code   RO         5708    i.TIM_GenerateEvent  stm32f4xx_tim.o
    0x0800dd10   0x0800dd10   0x00000006   Code   RO         5709    i.TIM_GetCapture1   stm32f4xx_tim.o
    0x0800dd16   0x0800dd16   0x00000006   Code   RO         5710    i.TIM_GetCapture2   stm32f4xx_tim.o
    0x0800dd1c   0x0800dd1c   0x00000006   Code   RO         5711    i.TIM_GetCapture3   stm32f4xx_tim.o
    0x0800dd22   0x0800dd22   0x00000006   Code   RO         5712    i.TIM_GetCapture4   stm32f4xx_tim.o
    0x0800dd28   0x0800dd28   0x00000006   Code   RO         5713    i.TIM_GetCounter    stm32f4xx_tim.o
    0x0800dd2e   0x0800dd2e   0x00000012   Code   RO         5714    i.TIM_GetFlagStatus  stm32f4xx_tim.o
    0x0800dd40   0x0800dd40   0x00000022   Code   RO         5715    i.TIM_GetITStatus   stm32f4xx_tim.o
    0x0800dd62   0x0800dd62   0x00000006   Code   RO         5716    i.TIM_GetPrescaler  stm32f4xx_tim.o
    0x0800dd68   0x0800dd68   0x0000006e   Code   RO         5717    i.TIM_ICInit        stm32f4xx_tim.o
    0x0800ddd6   0x0800ddd6   0x00000012   Code   RO         5718    i.TIM_ICStructInit  stm32f4xx_tim.o
    0x0800dde8   0x0800dde8   0x00000012   Code   RO         5719    i.TIM_ITConfig      stm32f4xx_tim.o
    0x0800ddfa   0x0800ddfa   0x00000018   Code   RO         5720    i.TIM_ITRxExternalClockConfig  stm32f4xx_tim.o
    0x0800de12   0x0800de12   0x0000000c   Code   RO         5721    i.TIM_InternalClockConfig  stm32f4xx_tim.o
    0x0800de1e   0x0800de1e   0x00000012   Code   RO         5722    i.TIM_OC1FastConfig  stm32f4xx_tim.o
    0x0800de30   0x0800de30   0x0000007c   Code   RO         5723    i.TIM_OC1Init       stm32f4xx_tim.o
    0x0800deac   0x0800deac   0x00000012   Code   RO         5724    i.TIM_OC1NPolarityConfig  stm32f4xx_tim.o
    0x0800debe   0x0800debe   0x00000012   Code   RO         5725    i.TIM_OC1PolarityConfig  stm32f4xx_tim.o
    0x0800ded0   0x0800ded0   0x00000012   Code   RO         5726    i.TIM_OC1PreloadConfig  stm32f4xx_tim.o
    0x0800dee2   0x0800dee2   0x0000001a   Code   RO         5727    i.TIM_OC2FastConfig  stm32f4xx_tim.o
    0x0800defc   0x0800defc   0x000000a4   Code   RO         5728    i.TIM_OC2Init       stm32f4xx_tim.o
    0x0800dfa0   0x0800dfa0   0x0000001a   Code   RO         5729    i.TIM_OC2NPolarityConfig  stm32f4xx_tim.o
    0x0800dfba   0x0800dfba   0x0000001a   Code   RO         5730    i.TIM_OC2PolarityConfig  stm32f4xx_tim.o
    0x0800dfd4   0x0800dfd4   0x0000001a   Code   RO         5731    i.TIM_OC2PreloadConfig  stm32f4xx_tim.o
    0x0800dfee   0x0800dfee   0x00000012   Code   RO         5732    i.TIM_OC3FastConfig  stm32f4xx_tim.o
    0x0800e000   0x0800e000   0x000000a0   Code   RO         5733    i.TIM_OC3Init       stm32f4xx_tim.o
    0x0800e0a0   0x0800e0a0   0x0000001a   Code   RO         5734    i.TIM_OC3NPolarityConfig  stm32f4xx_tim.o
    0x0800e0ba   0x0800e0ba   0x0000001a   Code   RO         5735    i.TIM_OC3PolarityConfig  stm32f4xx_tim.o
    0x0800e0d4   0x0800e0d4   0x00000012   Code   RO         5736    i.TIM_OC3PreloadConfig  stm32f4xx_tim.o
    0x0800e0e6   0x0800e0e6   0x0000001a   Code   RO         5737    i.TIM_OC4FastConfig  stm32f4xx_tim.o
    0x0800e100   0x0800e100   0x00000078   Code   RO         5738    i.TIM_OC4Init       stm32f4xx_tim.o
    0x0800e178   0x0800e178   0x0000001a   Code   RO         5739    i.TIM_OC4PolarityConfig  stm32f4xx_tim.o
    0x0800e192   0x0800e192   0x0000001a   Code   RO         5740    i.TIM_OC4PreloadConfig  stm32f4xx_tim.o
    0x0800e1ac   0x0800e1ac   0x00000014   Code   RO         5741    i.TIM_OCStructInit  stm32f4xx_tim.o
    0x0800e1c0   0x0800e1c0   0x0000007c   Code   RO         5742    i.TIM_PWMIConfig    stm32f4xx_tim.o
    0x0800e23c   0x0800e23c   0x00000006   Code   RO         5743    i.TIM_PrescalerConfig  stm32f4xx_tim.o
    0x0800e242   0x0800e242   0x00000006   Code   RO         5744    i.TIM_RemapConfig   stm32f4xx_tim.o
    0x0800e248   0x0800e248   0x00000018   Code   RO         5745    i.TIM_SelectCCDMA   stm32f4xx_tim.o
    0x0800e260   0x0800e260   0x00000018   Code   RO         5746    i.TIM_SelectCOM     stm32f4xx_tim.o
    0x0800e278   0x0800e278   0x00000018   Code   RO         5747    i.TIM_SelectHallSensor  stm32f4xx_tim.o
    0x0800e290   0x0800e290   0x00000012   Code   RO         5748    i.TIM_SelectInputTrigger  stm32f4xx_tim.o
    0x0800e2a2   0x0800e2a2   0x00000012   Code   RO         5749    i.TIM_SelectMasterSlaveMode  stm32f4xx_tim.o
    0x0800e2b4   0x0800e2b4   0x00000056   Code   RO         5750    i.TIM_SelectOCxM    stm32f4xx_tim.o
    0x0800e30a   0x0800e30a   0x00000012   Code   RO         5751    i.TIM_SelectOnePulseMode  stm32f4xx_tim.o
    0x0800e31c   0x0800e31c   0x00000012   Code   RO         5752    i.TIM_SelectOutputTrigger  stm32f4xx_tim.o
    0x0800e32e   0x0800e32e   0x00000012   Code   RO         5753    i.TIM_SelectSlaveMode  stm32f4xx_tim.o
    0x0800e340   0x0800e340   0x00000004   Code   RO         5754    i.TIM_SetAutoreload  stm32f4xx_tim.o
    0x0800e344   0x0800e344   0x00000012   Code   RO         5755    i.TIM_SetClockDivision  stm32f4xx_tim.o
    0x0800e356   0x0800e356   0x00000004   Code   RO         5756    i.TIM_SetCompare1   stm32f4xx_tim.o
    0x0800e35a   0x0800e35a   0x00000004   Code   RO         5757    i.TIM_SetCompare2   stm32f4xx_tim.o
    0x0800e35e   0x0800e35e   0x00000004   Code   RO         5758    i.TIM_SetCompare3   stm32f4xx_tim.o
    0x0800e362   0x0800e362   0x00000004   Code   RO         5759    i.TIM_SetCompare4   stm32f4xx_tim.o
    0x0800e366   0x0800e366   0x00000004   Code   RO         5760    i.TIM_SetCounter    stm32f4xx_tim.o
    0x0800e36a   0x0800e36a   0x00000012   Code   RO         5761    i.TIM_SetIC1Prescaler  stm32f4xx_tim.o
    0x0800e37c   0x0800e37c   0x0000001a   Code   RO         5762    i.TIM_SetIC2Prescaler  stm32f4xx_tim.o
    0x0800e396   0x0800e396   0x00000012   Code   RO         5763    i.TIM_SetIC3Prescaler  stm32f4xx_tim.o
    0x0800e3a8   0x0800e3a8   0x0000001a   Code   RO         5764    i.TIM_SetIC4Prescaler  stm32f4xx_tim.o
    0x0800e3c2   0x0800e3c2   0x0000003e   Code   RO         5765    i.TIM_TIxExternalClockConfig  stm32f4xx_tim.o
    0x0800e400   0x0800e400   0x00000084   Code   RO         5766    i.TIM_TimeBaseInit  stm32f4xx_tim.o
    0x0800e484   0x0800e484   0x00000012   Code   RO         5767    i.TIM_TimeBaseStructInit  stm32f4xx_tim.o
    0x0800e496   0x0800e496   0x00000018   Code   RO         5768    i.TIM_UpdateDisableConfig  stm32f4xx_tim.o
    0x0800e4ae   0x0800e4ae   0x00000018   Code   RO         5769    i.TIM_UpdateRequestConfig  stm32f4xx_tim.o
    0x0800e4c6   0x0800e4c6   0x00000010   Code   RO           58    i.Task1             mytask.o
    0x0800e4d6   0x0800e4d6   0x00000010   Code   RO           59    i.Task2             mytask.o
    0x0800e4e6   0x0800e4e6   0x00000004   Code   RO           60    i.Task_Comm         mytask.o
    0x0800e4ea   0x0800e4ea   0x0000000e   Code   RO           61    i.Task_Display      mytask.o
    0x0800e4f8   0x0800e4f8   0x0000000e   Code   RO           62    i.Task_RCControl    mytask.o
    0x0800e506   0x0800e506   0x00000004   Code   RO           63    i.Task_Sensor       mytask.o
    0x0800e50a   0x0800e50a   0x00000002   PAD
    0x0800e50c   0x0800e50c   0x00000034   Code   RO         1171    i.USART1_IRQHandler  bluetooth.o
    0x0800e540   0x0800e540   0x00000012   Code   RO         6244    i.USART_ClearFlag   stm32f4xx_usart.o
    0x0800e552   0x0800e552   0x0000001e   Code   RO         6245    i.USART_ClearITPendingBit  stm32f4xx_usart.o
    0x0800e570   0x0800e570   0x00000020   Code   RO         6246    i.USART_ClockInit   stm32f4xx_usart.o
    0x0800e590   0x0800e590   0x0000000c   Code   RO         6247    i.USART_ClockStructInit  stm32f4xx_usart.o
    0x0800e59c   0x0800e59c   0x00000018   Code   RO         6248    i.USART_Cmd         stm32f4xx_usart.o
    0x0800e5b4   0x0800e5b4   0x00000160   Code   RO         1172    i.USART_Config      bluetooth.o
    0x0800e714   0x0800e714   0x00000012   Code   RO         6249    i.USART_DMACmd      stm32f4xx_usart.o
    0x0800e726   0x0800e726   0x00000002   PAD
    0x0800e728   0x0800e728   0x000000f0   Code   RO         6250    i.USART_DeInit      stm32f4xx_usart.o
    0x0800e818   0x0800e818   0x00000064   Code   RO         1173    i.USART_GPIO_Init   bluetooth.o
    0x0800e87c   0x0800e87c   0x0000001a   Code   RO         6251    i.USART_GetFlagStatus  stm32f4xx_usart.o
    0x0800e896   0x0800e896   0x00000054   Code   RO         6252    i.USART_GetITStatus  stm32f4xx_usart.o
    0x0800e8ea   0x0800e8ea   0x00000018   Code   RO         6253    i.USART_HalfDuplexCmd  stm32f4xx_usart.o
    0x0800e902   0x0800e902   0x0000004a   Code   RO         6254    i.USART_ITConfig    stm32f4xx_usart.o
    0x0800e94c   0x0800e94c   0x000000d4   Code   RO         6255    i.USART_Init        stm32f4xx_usart.o
    0x0800ea20   0x0800ea20   0x00000018   Code   RO         6256    i.USART_IrDACmd     stm32f4xx_usart.o
    0x0800ea38   0x0800ea38   0x00000012   Code   RO         6257    i.USART_IrDAConfig  stm32f4xx_usart.o
    0x0800ea4a   0x0800ea4a   0x00000012   Code   RO         6258    i.USART_LINBreakDetectLengthConfig  stm32f4xx_usart.o
    0x0800ea5c   0x0800ea5c   0x00000018   Code   RO         6259    i.USART_LINCmd      stm32f4xx_usart.o
    0x0800ea74   0x0800ea74   0x00000018   Code   RO         6260    i.USART_OneBitMethodCmd  stm32f4xx_usart.o
    0x0800ea8c   0x0800ea8c   0x00000016   Code   RO         6261    i.USART_OverSampling8Cmd  stm32f4xx_usart.o
    0x0800eaa2   0x0800eaa2   0x0000000a   Code   RO         6262    i.USART_ReceiveData  stm32f4xx_usart.o
    0x0800eaac   0x0800eaac   0x00000018   Code   RO         6263    i.USART_ReceiverWakeUpCmd  stm32f4xx_usart.o
    0x0800eac4   0x0800eac4   0x0000000a   Code   RO         6264    i.USART_SendBreak   stm32f4xx_usart.o
    0x0800eace   0x0800eace   0x00000002   PAD
    0x0800ead0   0x0800ead0   0x00000018   Code   RO         1174    i.USART_SendByte    bluetooth.o
    0x0800eae8   0x0800eae8   0x00000008   Code   RO         6265    i.USART_SendData    stm32f4xx_usart.o
    0x0800eaf0   0x0800eaf0   0x00000012   Code   RO         6266    i.USART_SetAddress  stm32f4xx_usart.o
    0x0800eb02   0x0800eb02   0x00000010   Code   RO         6267    i.USART_SetGuardTime  stm32f4xx_usart.o
    0x0800eb12   0x0800eb12   0x00000010   Code   RO         6268    i.USART_SetPrescaler  stm32f4xx_usart.o
    0x0800eb22   0x0800eb22   0x00000018   Code   RO         6269    i.USART_SmartCardCmd  stm32f4xx_usart.o
    0x0800eb3a   0x0800eb3a   0x00000018   Code   RO         6270    i.USART_SmartCardNACKCmd  stm32f4xx_usart.o
    0x0800eb52   0x0800eb52   0x00000018   Code   RO         6271    i.USART_StructInit  stm32f4xx_usart.o
    0x0800eb6a   0x0800eb6a   0x00000012   Code   RO         6272    i.USART_WakeUpConfig  stm32f4xx_usart.o
    0x0800eb7c   0x0800eb7c   0x00000060   Code   RO         1456    i.Unlock_ALL_ESC    motor.o
    0x0800ebdc   0x0800ebdc   0x00000026   Code   RO         1457    i.Unlock_ESC        motor.o
    0x0800ec02   0x0800ec02   0x00000002   PAD
    0x0800ec04   0x0800ec04   0x0000000c   Code   RO         6436    i.WWDG_ClearFlag    stm32f4xx_wwdg.o
    0x0800ec10   0x0800ec10   0x00000016   Code   RO         6437    i.WWDG_DeInit       stm32f4xx_wwdg.o
    0x0800ec26   0x0800ec26   0x00000002   PAD
    0x0800ec28   0x0800ec28   0x00000010   Code   RO         6438    i.WWDG_Enable       stm32f4xx_wwdg.o
    0x0800ec38   0x0800ec38   0x0000000c   Code   RO         6439    i.WWDG_EnableIT     stm32f4xx_wwdg.o
    0x0800ec44   0x0800ec44   0x00000014   Code   RO         6440    i.WWDG_GetFlagStatus  stm32f4xx_wwdg.o
    0x0800ec58   0x0800ec58   0x00000010   Code   RO         6441    i.WWDG_SetCounter   stm32f4xx_wwdg.o
    0x0800ec68   0x0800ec68   0x00000018   Code   RO         6442    i.WWDG_SetPrescaler  stm32f4xx_wwdg.o
    0x0800ec80   0x0800ec80   0x00000028   Code   RO         6443    i.WWDG_SetWindowValue  stm32f4xx_wwdg.o
    0x0800eca8   0x0800eca8   0x00000028   Code   RO         6548    i.__0sprintf$1      mc_w.l(printf1.o)
    0x0800ecd0   0x0800ecd0   0x00000154   Code   RO         6553    i._printf_core      mc_w.l(printf1.o)
    0x0800ee24   0x0800ee24   0x0000000a   Code   RO         6555    i._sputc            mc_w.l(printf1.o)
    0x0800ee2e   0x0800ee2e   0x00000010   Code   RO         1175    i.bluetooth_Init    bluetooth.o
    0x0800ee3e   0x0800ee3e   0x00000002   PAD
    0x0800ee40   0x0800ee40   0x00000038   Code   RO         1132    i.led_init          led.o
    0x0800ee78   0x0800ee78   0x00000014   Code   RO         1133    i.led_off           led.o
    0x0800ee8c   0x0800ee8c   0x00000014   Code   RO         1134    i.led_on            led.o
    0x0800eea0   0x0800eea0   0x00000064   Code   RO           14    i.mymain            main.o
    0x0800ef04   0x0800ef04   0x00000034   Code   RO         1227    i.test              final.o
    0x0800ef38   0x0800ef38   0x00000100   Data   RO          353    .constdata          os_core.o
    0x0800f038   0x0800f038   0x00000076   Data   RO          530    .constdata          os_dbg_r.o
    0x0800f0ae   0x0800f0ae   0x000005f0   Data   RO         1529    .constdata          oled.o


    Execution Region RW_IRAM1 (Exec base: 0x20000000, Load base: 0x0800f6a0, Size: 0x00002258, Max: 0x00018000, ABSOLUTE)

    Exec Addr    Load Addr    Size         Type   Attr      Idx    E Section Name        Object

    0x20000000   0x0800f6a0   0x00000064   Data   RW          354    .data               os_core.o
    0x20000064   0x0800f704   0x00000002   Data   RW         1176    .data               bluetooth.o
    0x20000066   0x0800f706   0x00000008   Data   RW         1229    .data               final.o
    0x2000006e   0x0800f70e   0x00000003   Data   RW         1645    .data               ppm.o
    0x20000071   0x0800f711   0x00000010   Data   RW         4421    .data               stm32f4xx_rcc.o
    0x20000081   0x0800f721   0x00000003   PAD
    0x20000084        -       0x00000800   Zero   RW           15    .bss                main.o
    0x20000884        -       0x000013b8   Zero   RW          352    .bss                os_core.o
    0x20001c3c        -       0x0000001c   Zero   RW         1228    .bss                final.o
    0x20001c58        -       0x00000200   Zero   RW            2    HEAP                startup.o
    0x20001e58        -       0x00000400   Zero   RW            1    STACK               startup.o


==============================================================================

Image component sizes


      Code (inc. data)   RO Data    RW Data    ZI Data      Debug   Object Name

       558         52          0          2          0       3479   bluetooth.o
       150          0          0          0          0       3145   delay.o
       630        134          0          8         28       4276   final.o
      1452         28          0          0          0      12946   gy86.o
       110         22          0          0          0       2130   led.o
       100         32          0          0       2048      12022   main.o
       246         38          0          0          0       3885   misc.o
       658         24          0          0          0       4331   motor.o
        82          0          0          0          0     340682   mytask.o
      1060         18       1520          0          0      11160   oled.o
      3854        482        256        100       5048      29056   os_core.o
       420         62          0          0          0        368   os_cpu_a.o
       230          6          0          0          0       5113   os_cpu_c.o
       348        230        118          0          0       3365   os_dbg_r.o
      2382         90          0          0          0      10792   os_flag.o
      1198         36          0          0          0       6524   os_mbox.o
       666         26          0          0          0       5232   os_mem.o
      1832        104          0          0          0       6568   os_mutex.o
      1796         58          0          0          0       8905   os_q.o
      1114         38          0          0          0       6180   os_sem.o
      2766        210          0          0          0      13158   os_task.o
       536         48          0          0          0       3062   os_time.o
      1868        214          0          0          0       9845   os_tmr.o
       342         26          0          3          0       2352   ppm.o
        44         10        392          0       1536        768   startup.o
      1176         64          0          0          0      23060   stm32f4xx_adc.o
      2570         52          0          0          0      24686   stm32f4xx_can.o
        14          0          0          0          0       1064   stm32f4xx_cec.o
       114         32          0          0          0       4220   stm32f4xx_crc.o
       942         84          0          0          0      15149   stm32f4xx_cryp.o
      4600          0          0          0          0      11895   stm32f4xx_cryp_aes.o
       490          0          0          0          0       3818   stm32f4xx_cryp_des.o
       554          0          0          0          0       3876   stm32f4xx_cryp_tdes.o
       592         78          0          0          0      15605   stm32f4xx_dac.o
       138         28          0          0          0       3588   stm32f4xx_dbgmcu.o
       484         78          0          0          0      12614   stm32f4xx_dcmi.o
        14          0          0          0          0       1076   stm32f4xx_dfsdm.o
       996         86          0          0          0      12949   stm32f4xx_dma.o
      1048         98          0          0          0      17395   stm32f4xx_dma2d.o
        14          0          0          0          0       1064   stm32f4xx_dsi.o
       302         38          0          0          0       5361   stm32f4xx_exti.o
      1752        234          0          0          0      22584   stm32f4xx_flash.o
        86         12          0          0          0       2148   stm32f4xx_flash_ramfunc.o
        14          0          0          0          0       1080   stm32f4xx_fmpi2c.o
       674         44          0          0          0       9063   stm32f4xx_gpio.o
       630         96          0          0          0      12479   stm32f4xx_hash.o
       548          0          0          0          0       3750   stm32f4xx_hash_md5.o
       562          0          0          0          0       3776   stm32f4xx_hash_sha1.o
      1126         28          0          0          0      20203   stm32f4xx_i2c.o
       106         34          0          0          0       3867   stm32f4xx_iwdg.o
        14          0          0          0          0       1076   stm32f4xx_lptim.o
      1722        104          0          0          0      24294   stm32f4xx_ltdc.o
       472        110          0          0          0       9901   stm32f4xx_pwr.o
        14          0          0          0          0       1068   stm32f4xx_qspi.o
      1554        288          0         16          0      27653   stm32f4xx_rcc.o
        14          0          0          0          0       1064   stm32f4xx_rng.o
      3602        300          0          0          0      33616   stm32f4xx_rtc.o
       556         16          0          0          0      23869   stm32f4xx_sai.o
       570        146          0          0          0      17166   stm32f4xx_sdio.o
        14          0          0          0          0       1088   stm32f4xx_spdifrx.o
      1166         36          0          0          0      15253   stm32f4xx_spi.o
       172         32          0          0          0       4633   stm32f4xx_syscfg.o
      3304        120          0          0          0      52606   stm32f4xx_tim.o
      1130         42          0          0          0      17592   stm32f4xx_usart.o
       176         36          0          0          0       5358   stm32f4xx_wwdg.o
        60         22          0          0          0        320   system.o

    ----------------------------------------------------------------------
     58730       4326       2288        132       8660     982271   Object Totals
         0          0          0          0          0          0   (incl. Generated)
       202          0          2          3          0          0   (incl. Padding)

    ----------------------------------------------------------------------

      Code (inc. data)   RO Data    RW Data    ZI Data      Debug   Library Member Name

         0          0          0          0          0          0   iusefp.o
        30          0          0          0          0         68   llshl.o
        36          0          0          0          0         68   llsshr.o
        32          0          0          0          0         68   llushr.o
       390         10          0          0          0        252   printf1.o
        44          0          0          0          0         80   uidiv.o
        48          0          0          0          0         68   cdrcmple.o
        56          0          0          0          0         88   d2f.o
       334          0          0          0          0        148   dadd.o
       222          0          0          0          0        100   ddiv.o
       186          0          0          0          0        176   depilogue.o
        48          0          0          0          0         68   dfixul.o
        26          0          0          0          0         76   dfltui.o
       228          0          0          0          0         96   dmul.o
       176          0          0          0          0        140   fadd.o
       110          0          0          0          0        168   fepilogue.o
        40          0          0          0          0         68   ffixui.o
        10          0          0          0          0         68   ffltui.o
       100          0          0          0          0         76   fmul.o

    ----------------------------------------------------------------------
      2118         10          0          0          0       1876   Library Totals
         2          0          0          0          0          0   (incl. Padding)

    ----------------------------------------------------------------------

      Code (inc. data)   RO Data    RW Data    ZI Data      Debug   Library Name

       532         10          0          0          0        536   mc_w.l
      1584          0          0          0          0       1340   mf_w.l

    ----------------------------------------------------------------------
      2118         10          0          0          0       1876   Library Totals

    ----------------------------------------------------------------------

==============================================================================


      Code (inc. data)   RO Data    RW Data    ZI Data      Debug   

     60848       4336       2288        132       8660     929755   Grand Totals
     60848       4336       2288        132       8660     929755   ELF Image Totals
     60848       4336       2288        132          0          0   ROM Totals

==============================================================================

    Total RO  Size (Code + RO Data)                63136 (  61.66kB)
    Total RW  Size (RW Data + ZI Data)              8792 (   8.59kB)
    Total ROM Size (Code + RO Data + RW Data)      63268 (  61.79kB)

==============================================================================

